[2025-11-24 14:50:29] ======================================================================
[2025-11-24 14:50:29] BRUTE FORCE HYPERPARAMETER SEARCH WITH AUTO-SUBMISSION (EXHAUSTIVE MODE)
[2025-11-24 14:50:29] ======================================================================
[2025-11-24 14:50:29] Started at: 2025-11-24 14:50:29
[2025-11-24 14:50:29] Mode: FULL
[2025-11-24 14:50:29] Best R² to beat: 0.340000
[2025-11-24 14:50:29] Log file: logs/bruteforce_20251124_145029.log
[2025-11-24 14:50:29] 
[2025-11-24 14:50:29] Device Detection:
[2025-11-24 14:50:29]   PyTorch version: 2.7.1
[2025-11-24 14:50:29]   Requested: auto
[2025-11-24 14:50:29]   MPS available: ✓
[2025-11-24 14:50:29]   CUDA available: ✗
[2025-11-24 14:50:29]   Using: MPS
[2025-11-24 14:50:29] 
[2025-11-24 14:50:29] Loading data...
[2025-11-24 14:50:29] Train: 465,000 rows, 465 sequences
[2025-11-24 14:50:29] Val:   52,000 rows, 52 sequences
[2025-11-24 14:50:29] Features: 32
[2025-11-24 14:50:29] 
[2025-11-24 14:50:29] Total possible combinations (Cartesian product): 1
[2025-11-24 14:50:29] Configurations to run (cap): 1
[2025-11-24 14:50:29] Starting exhaustive brute force search...
[2025-11-24 14:50:29] 
[2025-11-24 14:50:29] 
======================================================================
[2025-11-24 14:50:29] Config 1/1 - Starting Training:
[2025-11-24 14:50:29]   Architecture:
[2025-11-24 14:50:29]     Lookback: 200, Hidden: 128, Layers: 1, Dropout: 0.1
[2025-11-24 14:50:29]     Bidirectional: True, GRU: True
[2025-11-24 14:50:29]   Output Head:
[2025-11-24 14:50:29]     FC Layers: 2, FC Hidden: 256, Activation: relu
[2025-11-24 14:50:29]     FC Dropout: 0.2, Batch Norm: True
[2025-11-24 14:50:29]   Training:
[2025-11-24 14:50:29]     Batch Size: 256, LR: 0.001, Weight Decay: 0.0001
[2025-11-24 14:50:29]     Optimizer: adam, Grad Clip: 5.0, LR Patience: 3
[2025-11-24 15:01:31]     Epoch  1/60: Val R²=0.3501 Train R²=0.3412 Gap=-0.0089 ✓
[2025-11-24 15:12:20]     Epoch  2/60: Val R²=0.3601 Train R²=0.3664 Gap=0.0063 ✓
[2025-11-24 15:23:07]     Epoch  3/60: Val R²=0.3606 Train R²=0.3715 Gap=0.0108 ✓
[2025-11-24 15:33:54]     Epoch  4/60: Val R²=0.3632 Train R²=0.3743 Gap=0.0112 ✓
[2025-11-24 15:44:40]     Epoch  5/60: Val R²=0.3637 Train R²=0.3761 Gap=0.0124 ✓
[2025-11-24 15:55:27]     Epoch  6/60: Val R²=0.3648 Train R²=0.3777 Gap=0.0129 ✓
[2025-11-24 16:06:16]     Epoch  7/60: Val R²=0.3662 Train R²=0.3789 Gap=0.0127 ✓
[2025-11-24 16:17:04]     Epoch  8/60: Val R²=0.3664 Train R²=0.3797 Gap=0.0133 ✓
[2025-11-24 16:27:54]     Epoch  9/60: Val R²=0.3648 Train R²=0.3804 Gap=0.0156  
[2025-11-24 16:38:38]     Epoch 10/60: Val R²=0.3622 Train R²=0.3811 Gap=0.0190  
[2025-11-24 16:49:22]     Epoch 11/60: Val R²=0.3658 Train R²=0.3816 Gap=0.0158  
[2025-11-24 17:00:07]     Epoch 12/60: Val R²=0.3649 Train R²=0.3821 Gap=0.0172  
[2025-11-24 17:10:52]     Epoch 13/60: Val R²=0.3707 Train R²=0.3867 Gap=0.0160 ✓
[2025-11-24 17:21:54]     Epoch 14/60: Val R²=0.3721 Train R²=0.3874 Gap=0.0153 ✓
[2025-11-24 17:32:57]     Epoch 15/60: Val R²=0.3710 Train R²=0.3877 Gap=0.0167  
[2025-11-24 17:43:59]     Epoch 16/60: Val R²=0.3714 Train R²=0.3883 Gap=0.0168  
[2025-11-24 17:55:00]     Epoch 17/60: Val R²=0.3712 Train R²=0.3884 Gap=0.0172  
[2025-11-24 18:05:56]     Epoch 18/60: Val R²=0.3722 Train R²=0.3889 Gap=0.0167 ✓
[2025-11-24 18:16:43]     Epoch 19/60: Val R²=0.3709 Train R²=0.3888 Gap=0.0179  
[2025-11-24 18:27:53]     Epoch 20/60: Val R²=0.3712 Train R²=0.3892 Gap=0.0180  
[2025-11-24 18:39:02]     Epoch 21/60: Val R²=0.3726 Train R²=0.3895 Gap=0.0169 ✓
[2025-11-24 18:50:09]     Epoch 22/60: Val R²=0.3711 Train R²=0.3896 Gap=0.0185  
[2025-11-24 19:01:16]     Epoch 23/60: Val R²=0.3696 Train R²=0.3898 Gap=0.0202  
[2025-11-24 19:12:23]     Epoch 24/60: Val R²=0.3706 Train R²=0.3901 Gap=0.0195  
[2025-11-24 19:23:32]     Epoch 25/60: Val R²=0.3678 Train R²=0.3905 Gap=0.0227  
[2025-11-24 19:34:38]     Epoch 26/60: Val R²=0.3749 Train R²=0.3933 Gap=0.0183 ✓
[2025-11-24 19:45:43]     Epoch 27/60: Val R²=0.3735 Train R²=0.3936 Gap=0.0201  
[2025-11-24 19:56:47]     Epoch 28/60: Val R²=0.3747 Train R²=0.3943 Gap=0.0195  
[2025-11-24 20:07:50]     Epoch 29/60: Val R²=0.3745 Train R²=0.3946 Gap=0.0201  
[2025-11-24 20:18:56]     Epoch 30/60: Val R²=0.3754 Train R²=0.3948 Gap=0.0194 ✓
[2025-11-24 20:29:58]     Epoch 31/60: Val R²=0.3755 Train R²=0.3950 Gap=0.0195 ✓
[2025-11-24 20:41:03]     Epoch 32/60: Val R²=0.3751 Train R²=0.3950 Gap=0.0199  
[2025-11-24 20:52:08]     Epoch 33/60: Val R²=0.3747 Train R²=0.3951 Gap=0.0204  
[2025-11-24 21:03:10]     Epoch 34/60: Val R²=0.3745 Train R²=0.3955 Gap=0.0210  
[2025-11-24 21:14:12]     Epoch 35/60: Val R²=0.3758 Train R²=0.3955 Gap=0.0197 ✓
[2025-11-24 21:24:59]     Epoch 36/60: Val R²=0.3734 Train R²=0.3956 Gap=0.0222  
[2025-11-24 21:35:20]     Epoch 37/60: Val R²=0.3736 Train R²=0.3957 Gap=0.0221  
[2025-11-24 21:45:38]     Epoch 38/60: Val R²=0.3734 Train R²=0.3959 Gap=0.0225  
[2025-11-24 21:55:58]     Epoch 39/60: Val R²=0.3748 Train R²=0.3962 Gap=0.0214  
[2025-11-24 22:06:20]     Epoch 40/60: Val R²=0.3756 Train R²=0.3983 Gap=0.0227  
[2025-11-24 22:17:24]     Epoch 41/60: Val R²=0.3754 Train R²=0.3989 Gap=0.0235  
[2025-11-24 22:28:25]     Epoch 42/60: Val R²=0.3739 Train R²=0.3989 Gap=0.0250  
[2025-11-24 22:39:25]     Epoch 43/60: Val R²=0.3765 Train R²=0.3993 Gap=0.0228 ✓
[2025-11-24 22:50:16]     Epoch 44/60: Val R²=0.3759 Train R²=0.3994 Gap=0.0235  
[2025-11-24 23:01:01]     Epoch 45/60: Val R²=0.3758 Train R²=0.3996 Gap=0.0239  
[2025-11-24 23:11:45]     Epoch 46/60: Val R²=0.3758 Train R²=0.3995 Gap=0.0237  
[2025-11-24 23:22:40]     Epoch 47/60: Val R²=0.3761 Train R²=0.3997 Gap=0.0235  
[2025-11-24 23:33:37]     Epoch 48/60: Val R²=0.3762 Train R²=0.4010 Gap=0.0248  
[2025-11-24 23:44:37]     Epoch 49/60: Val R²=0.3759 Train R²=0.4013 Gap=0.0254  
[2025-11-24 23:55:39]     Epoch 50/60: Val R²=0.3759 Train R²=0.4019 Gap=0.0260  
[2025-11-25 00:06:41]     Epoch 51/60: Val R²=0.3761 Train R²=0.4018 Gap=0.0257  
[2025-11-25 00:17:43]     Epoch 52/60: Val R²=0.3765 Train R²=0.4024 Gap=0.0259  
[2025-11-25 00:28:47]     Epoch 53/60: Val R²=0.3767 Train R²=0.4027 Gap=0.0260 ✓
[2025-11-25 00:39:49]     Epoch 54/60: Val R²=0.3766 Train R²=0.4027 Gap=0.0260  
[2025-11-25 00:50:40]     Epoch 55/60: Val R²=0.3760 Train R²=0.4025 Gap=0.0266  
[2025-11-25 01:01:25]     Epoch 56/60: Val R²=0.3754 Train R²=0.4028 Gap=0.0275  
[2025-11-25 01:12:08]     Epoch 57/60: Val R²=0.3762 Train R²=0.4031 Gap=0.0269  
[2025-11-25 01:23:09]     Epoch 58/60: Val R²=0.3762 Train R²=0.4031 Gap=0.0269  
[2025-11-25 01:36:18]     Epoch 59/60: Val R²=0.3760 Train R²=0.4035 Gap=0.0275  
[2025-11-25 01:49:14]     Epoch 60/60: Val R²=0.3760 Train R²=0.4033 Gap=0.0273  
[2025-11-25 01:49:15] 
======================================================================
[2025-11-25 01:49:15] Config 1/1 Complete:
[2025-11-25 01:49:15]   Best Val R²: 0.376704 (epoch 53)
[2025-11-25 01:49:15]   Best Global R²: 0.340000
[2025-11-25 01:49:15]   Overfitting Gap: 0.025978
[2025-11-25 01:49:15]   Parameters: 198,944
[2025-11-25 01:49:15]   Training Time: 39525.4s
[2025-11-25 01:49:15] 
🎉🎉🎉 NEW GLOBAL BEST! R² improved from 0.340000 to 0.376704
[2025-11-25 01:49:15] 
======================================================================
[2025-11-25 01:49:15] 🏆 CREATING SUBMISSION - NEW BEST MODEL!
[2025-11-25 01:49:15] ======================================================================
[2025-11-25 01:49:15]   Val R²: 0.376704
[2025-11-25 01:49:15]   Directory: ../submissions/bruteforce_r2_03767_20251124_145029_cfg1
[2025-11-25 01:49:15]   Saved model: model_best.pt
[2025-11-25 01:49:15]   Generated: solution.py
[2025-11-25 01:49:15]   Copied: utils.py
[2025-11-25 01:49:15]   Saved: metadata.json
[2025-11-25 01:49:15] ======================================================================

[2025-11-25 01:49:15]   Results saved to models/bruteforce_search_results_20251124_145029.csv
[2025-11-25 01:49:15] 
======================================================================
[2025-11-25 01:49:15] SEARCH COMPLETE
[2025-11-25 01:49:15] ======================================================================
[2025-11-25 01:49:15] Total time: 658.8 minutes
[2025-11-25 01:49:15] Successful configs: 1/1
[2025-11-25 01:49:15] Final best R²: 0.376704
[2025-11-25 01:49:15] Submissions created: 1
[2025-11-25 01:49:15] Results saved: models/bruteforce_search_results_20251124_145029.csv
[2025-11-25 01:49:15] 
[2025-11-25 01:49:15] Top 5 configurations:
[2025-11-25 01:49:15] 
 config_id  best_val_r2  overfitting_gap  lookback  hidden_size  num_layers  dropout  n_parameters
         1     0.376704         0.025978       200          128           1      0.1        198944
[2025-11-25 01:49:15] 
Submissions log saved: models/bruteforce_submissions_log.csv
[2025-11-25 01:49:15] 
Submissions created:
[2025-11-25 01:49:15]   ../submissions/bruteforce_r2_03767_20251124_145029_cfg1 (R²=0.376704)
