[2025-11-22 10:12:43] ======================================================================
[2025-11-22 10:12:43] BRUTE FORCE HYPERPARAMETER SEARCH WITH BIAS CORRECTION (EXHAUSTIVE MODE)
[2025-11-22 10:12:43] ======================================================================
[2025-11-22 10:12:43] Started at: 2025-11-22 10:12:43
[2025-11-22 10:12:43] Mode: FULL
[2025-11-22 10:12:43] Best R² to beat: 0.340000
[2025-11-22 10:12:43] Log file: logs/bruteforce_bias_20251122_101243.log
[2025-11-22 10:12:43] 
[2025-11-22 10:12:43] Device Detection:
[2025-11-22 10:12:43]   PyTorch version: 2.7.1
[2025-11-22 10:12:43]   Requested: auto
[2025-11-22 10:12:43]   MPS available: ✓
[2025-11-22 10:12:43]   CUDA available: ✗
[2025-11-22 10:12:43]   Using: MPS
[2025-11-22 10:12:43] 
[2025-11-22 10:12:43] Loading data...
[2025-11-22 10:12:44] Train: 465,000 rows, 465 sequences
[2025-11-22 10:12:44] Val:   52,000 rows, 52 sequences
[2025-11-22 10:12:44] Features: 32
[2025-11-22 10:12:44] 
[2025-11-22 10:12:44] Total possible combinations (Cartesian product): 1
[2025-11-22 10:12:44] Configurations to run (cap): 1
[2025-11-22 10:12:44] Starting exhaustive brute force search with bias correction...
[2025-11-22 10:12:44] 
[2025-11-22 10:12:44] 
======================================================================
[2025-11-22 10:12:44] Config 1/1 - Starting Training:
[2025-11-22 10:12:44]   Architecture:
[2025-11-22 10:12:44]     Lookback: 50, Hidden: 128, Layers: 1, Dropout: 0.1
[2025-11-22 10:12:44]     Bidirectional: True, GRU: True
[2025-11-22 10:12:44]   Output Head:
[2025-11-22 10:12:44]     FC Layers: 2, FC Hidden: 256, Activation: relu
[2025-11-22 10:12:44]     FC Dropout: 0.2, Batch Norm: True
[2025-11-22 10:12:44]   Training:
[2025-11-22 10:12:44]     Batch Size: 256, LR: 0.001, Weight Decay: 0.0001
[2025-11-22 10:12:44]     Optimizer: adam, Grad Clip: 5.0, LR Patience: 3
[2025-11-22 10:22:48]     Epoch  1/50: Val R²=0.3490 Train R²=0.3430 Gap=-0.0059 ✓
[2025-11-22 10:30:56]     Epoch  2/50: Val R²=0.3554 Train R²=0.3662 Gap=0.0108 ✓
[2025-11-22 10:34:04]     Epoch  3/50: Val R²=0.3561 Train R²=0.3710 Gap=0.0149 ✓
[2025-11-22 10:37:17]     Epoch  4/50: Val R²=0.3582 Train R²=0.3739 Gap=0.0157 ✓
[2025-11-22 10:40:39]     Epoch  5/50: Val R²=0.3634 Train R²=0.3755 Gap=0.0121 ✓
[2025-11-22 10:44:12]     Epoch  6/50: Val R²=0.3632 Train R²=0.3770 Gap=0.0138  
[2025-11-22 10:47:44]     Epoch  7/50: Val R²=0.3650 Train R²=0.3779 Gap=0.0128 ✓
[2025-11-22 10:51:16]     Epoch  8/50: Val R²=0.3662 Train R²=0.3788 Gap=0.0126 ✓
[2025-11-22 10:54:47]     Epoch  9/50: Val R²=0.3656 Train R²=0.3795 Gap=0.0139  
[2025-11-22 10:58:17]     Epoch 10/50: Val R²=0.3649 Train R²=0.3800 Gap=0.0151  
[2025-11-22 11:01:22]     Epoch 11/50: Val R²=0.3669 Train R²=0.3806 Gap=0.0137 ✓
[2025-11-22 11:04:27]     Epoch 12/50: Val R²=0.3633 Train R²=0.3809 Gap=0.0176  
[2025-11-22 11:07:32]     Epoch 13/50: Val R²=0.3644 Train R²=0.3816 Gap=0.0172  
[2025-11-22 11:10:37]     Epoch 14/50: Val R²=0.3672 Train R²=0.3814 Gap=0.0142 ✓
[2025-11-22 11:13:37]     Epoch 15/50: Val R²=0.3654 Train R²=0.3819 Gap=0.0164  
[2025-11-22 11:16:35]     Epoch 16/50: Val R²=0.3629 Train R²=0.3820 Gap=0.0191  
[2025-11-22 11:19:31]     Epoch 17/50: Val R²=0.3666 Train R²=0.3823 Gap=0.0158  
[2025-11-22 11:22:25]     Epoch 18/50: Val R²=0.3641 Train R²=0.3823 Gap=0.0182  
[2025-11-22 11:25:20]     Epoch 19/50: Val R²=0.3714 Train R²=0.3866 Gap=0.0152 ✓
[2025-11-22 11:28:40]     Epoch 20/50: Val R²=0.3693 Train R²=0.3873 Gap=0.0179  
[2025-11-22 11:32:13]     Epoch 21/50: Val R²=0.3695 Train R²=0.3878 Gap=0.0183  
[2025-11-22 11:35:47]     Epoch 22/50: Val R²=0.3701 Train R²=0.3879 Gap=0.0178  
[2025-11-22 11:39:10]     Epoch 23/50: Val R²=0.3690 Train R²=0.3880 Gap=0.0190  
[2025-11-22 11:42:44]     Epoch 24/50: Val R²=0.3724 Train R²=0.3911 Gap=0.0187 ✓
[2025-11-22 11:46:16]     Epoch 25/50: Val R²=0.3733 Train R²=0.3915 Gap=0.0182 ✓
[2025-11-22 11:49:37]     Epoch 26/50: Val R²=0.3728 Train R²=0.3915 Gap=0.0187  
[2025-11-22 11:52:53]     Epoch 27/50: Val R²=0.3730 Train R²=0.3919 Gap=0.0189  
[2025-11-22 11:56:28]     Epoch 28/50: Val R²=0.3729 Train R²=0.3919 Gap=0.0190  
[2025-11-22 11:59:58]     Epoch 29/50: Val R²=0.3731 Train R²=0.3921 Gap=0.0191  
[2025-11-22 12:03:19]     Epoch 30/50: Val R²=0.3735 Train R²=0.3941 Gap=0.0205 ✓
[2025-11-22 12:06:31]     Epoch 31/50: Val R²=0.3748 Train R²=0.3944 Gap=0.0196 ✓
[2025-11-22 12:09:38]     Epoch 32/50: Val R²=0.3735 Train R²=0.3947 Gap=0.0212  
[2025-11-22 12:12:45]     Epoch 33/50: Val R²=0.3739 Train R²=0.3948 Gap=0.0209  
[2025-11-22 12:15:53]     Epoch 34/50: Val R²=0.3747 Train R²=0.3948 Gap=0.0201  
[2025-11-22 12:19:00]     Epoch 35/50: Val R²=0.3738 Train R²=0.3951 Gap=0.0213  
[2025-11-22 12:22:07]     Epoch 36/50: Val R²=0.3746 Train R²=0.3961 Gap=0.0215  
[2025-11-22 12:25:15]     Epoch 37/50: Val R²=0.3749 Train R²=0.3965 Gap=0.0216 ✓
[2025-11-22 12:28:22]     Epoch 38/50: Val R²=0.3748 Train R²=0.3968 Gap=0.0220  
[2025-11-22 12:31:29]     Epoch 39/50: Val R²=0.3746 Train R²=0.3966 Gap=0.0220  
[2025-11-22 12:34:36]     Epoch 40/50: Val R²=0.3747 Train R²=0.3968 Gap=0.0221  
[2025-11-22 12:37:44]     Epoch 41/50: Val R²=0.3749 Train R²=0.3969 Gap=0.0220  
[2025-11-22 12:40:51]     Epoch 42/50: Val R²=0.3749 Train R²=0.3975 Gap=0.0227  
[2025-11-22 12:43:58]     Epoch 43/50: Val R²=0.3744 Train R²=0.3977 Gap=0.0233  
[2025-11-22 12:47:05]     Epoch 44/50: Val R²=0.3746 Train R²=0.3979 Gap=0.0232  
[2025-11-22 12:50:13]     Epoch 45/50: Val R²=0.3747 Train R²=0.3978 Gap=0.0231  
[2025-11-22 12:53:22]     Epoch 46/50: Val R²=0.3750 Train R²=0.3982 Gap=0.0232 ✓
[2025-11-22 12:56:30]     Epoch 47/50: Val R²=0.3752 Train R²=0.3983 Gap=0.0230 ✓
[2025-11-22 12:59:38]     Epoch 48/50: Val R²=0.3751 Train R²=0.3985 Gap=0.0234  
[2025-11-22 13:02:46]     Epoch 49/50: Val R²=0.3751 Train R²=0.3985 Gap=0.0234  
[2025-11-22 13:05:53]     Epoch 50/50: Val R²=0.3749 Train R²=0.3984 Gap=0.0235  
[2025-11-22 13:05:53]     Training bias correction FFNN...
[2025-11-22 13:07:00]       BC Epoch 1: Loss=0.582518
[2025-11-22 13:08:05]       BC Epoch 2: Loss=0.569734
[2025-11-22 13:09:11]       BC Epoch 3: Loss=0.568363
[2025-11-22 13:10:17]       BC Epoch 4: Loss=0.567650
[2025-11-22 13:11:22]       BC Epoch 5: Loss=0.567112
[2025-11-22 13:12:27]       BC Epoch 6: Loss=0.566753
[2025-11-22 13:13:33]       BC Epoch 7: Loss=0.566428
[2025-11-22 13:14:38]       BC Epoch 8: Loss=0.566146
[2025-11-22 13:15:43]       BC Epoch 9: Loss=0.565847
[2025-11-22 13:16:48]       BC Epoch 10: Loss=0.565599
[2025-11-22 13:17:53]       BC Epoch 11: Loss=0.565324
[2025-11-22 13:18:58]       BC Epoch 12: Loss=0.565127
[2025-11-22 13:20:03]       BC Epoch 13: Loss=0.564957
[2025-11-22 13:21:08]       BC Epoch 14: Loss=0.564831
[2025-11-22 13:22:13]       BC Epoch 15: Loss=0.564706
[2025-11-22 13:23:18]       BC Epoch 16: Loss=0.564595
[2025-11-22 13:24:23]       BC Epoch 17: Loss=0.564456
[2025-11-22 13:25:27]       BC Epoch 18: Loss=0.564413
[2025-11-22 13:26:32]       BC Epoch 19: Loss=0.564326
[2025-11-22 13:27:39]       BC Epoch 20: Loss=0.564248
[2025-11-22 13:28:46]       BC Epoch 21: Loss=0.564180
[2025-11-22 13:29:52]       BC Epoch 22: Loss=0.564131
[2025-11-22 13:30:56]       BC Epoch 23: Loss=0.564093
[2025-11-22 13:32:03]       BC Epoch 24: Loss=0.564042
[2025-11-22 13:33:14]       BC Epoch 25: Loss=0.563972
[2025-11-22 13:34:25]       BC Epoch 26: Loss=0.563928
[2025-11-22 13:35:36]       BC Epoch 27: Loss=0.563929
[2025-11-22 13:36:46]       BC Epoch 28: Loss=0.563858
[2025-11-22 13:37:57]       BC Epoch 29: Loss=0.563818
[2025-11-22 13:39:09]       BC Epoch 30: Loss=0.563786
[2025-11-22 13:40:14]       BC Epoch 31: Loss=0.563761
[2025-11-22 13:41:19]       BC Epoch 32: Loss=0.563718
[2025-11-22 13:42:26]       BC Epoch 33: Loss=0.563681
[2025-11-22 13:43:37]       BC Epoch 34: Loss=0.563688
[2025-11-22 13:44:45]       BC Epoch 35: Loss=0.563611
[2025-11-22 13:45:50]       BC Epoch 36: Loss=0.563550
[2025-11-22 13:46:55]       BC Epoch 37: Loss=0.563550
[2025-11-22 13:48:04]       BC Epoch 38: Loss=0.563537
[2025-11-22 13:49:15]       BC Epoch 39: Loss=0.563464
[2025-11-22 13:50:25]       BC Epoch 40: Loss=0.563457
[2025-11-22 13:51:30]       BC Epoch 41: Loss=0.563444
[2025-11-22 13:52:33]       BC Epoch 42: Loss=0.563389
[2025-11-22 13:53:37]       BC Epoch 43: Loss=0.563401
[2025-11-22 13:54:41]       BC Epoch 44: Loss=0.563349
[2025-11-22 13:55:45]       BC Epoch 45: Loss=0.563310
[2025-11-22 13:56:55]       BC Epoch 46: Loss=0.563322
[2025-11-22 13:58:06]       BC Epoch 47: Loss=0.563276
[2025-11-22 13:59:18]       BC Epoch 48: Loss=0.563264
[2025-11-22 14:00:31]       BC Epoch 49: Loss=0.563209
[2025-11-22 14:01:43]       BC Epoch 50: Loss=0.563189
[2025-11-22 14:02:55]       BC Epoch 51: Loss=0.563181
[2025-11-22 14:04:08]       BC Epoch 52: Loss=0.563155
[2025-11-22 14:05:20]       BC Epoch 53: Loss=0.563123
[2025-11-22 14:06:32]       BC Epoch 54: Loss=0.563129
[2025-11-22 14:07:44]       BC Epoch 55: Loss=0.563098
[2025-11-22 14:08:57]       BC Epoch 56: Loss=0.563050
[2025-11-22 14:10:09]       BC Epoch 57: Loss=0.563034
[2025-11-22 14:11:21]       BC Epoch 58: Loss=0.562991
[2025-11-22 14:12:33]       BC Epoch 59: Loss=0.562988
[2025-11-22 14:13:45]       BC Epoch 60: Loss=0.562951
[2025-11-22 14:14:52]       BC Epoch 61: Loss=0.562936
[2025-11-22 14:16:02]       BC Epoch 62: Loss=0.562924
[2025-11-22 14:17:12]       BC Epoch 63: Loss=0.562894
[2025-11-22 14:18:24]       BC Epoch 64: Loss=0.562898
[2025-11-22 14:19:37]       BC Epoch 65: Loss=0.562855
[2025-11-22 14:20:49]       BC Epoch 66: Loss=0.562819
[2025-11-22 14:22:02]       BC Epoch 67: Loss=0.562783
[2025-11-22 14:23:15]       BC Epoch 68: Loss=0.562770
[2025-11-22 14:24:27]       BC Epoch 69: Loss=0.562757
[2025-11-22 14:25:40]       BC Epoch 70: Loss=0.562744
[2025-11-22 14:26:53]       BC Epoch 71: Loss=0.562725
[2025-11-22 14:28:05]       BC Epoch 72: Loss=0.562688
[2025-11-22 14:29:18]       BC Epoch 73: Loss=0.562719
[2025-11-22 14:30:25]       BC Epoch 74: Loss=0.562622
[2025-11-22 14:31:30]       BC Epoch 75: Loss=0.562651
[2025-11-22 14:32:35]       BC Epoch 76: Loss=0.562611
[2025-11-22 14:33:39]       BC Epoch 77: Loss=0.562637
[2025-11-22 14:34:43]       BC Epoch 78: Loss=0.562559
[2025-11-22 14:35:48]       BC Epoch 79: Loss=0.562568
[2025-11-22 14:36:52]       BC Epoch 80: Loss=0.562578
[2025-11-22 14:37:58]       BC Epoch 81: Loss=0.562541
[2025-11-22 14:39:03]       BC Epoch 82: Loss=0.562518
[2025-11-22 14:40:07]       BC Epoch 83: Loss=0.562540
[2025-11-22 14:41:12]       BC Epoch 84: Loss=0.562495
[2025-11-22 14:42:17]       BC Epoch 85: Loss=0.562471
[2025-11-22 14:43:21]       BC Epoch 86: Loss=0.562495
[2025-11-22 14:44:26]       BC Epoch 87: Loss=0.562470
[2025-11-22 14:45:30]       BC Epoch 88: Loss=0.562494
[2025-11-22 14:46:34]       BC Epoch 89: Loss=0.562484
[2025-11-22 14:47:39]       BC Epoch 90: Loss=0.562440
[2025-11-22 14:48:43]       BC Epoch 91: Loss=0.562427
[2025-11-22 14:49:48]       BC Epoch 92: Loss=0.562435
[2025-11-22 14:50:53]       BC Epoch 93: Loss=0.562416
[2025-11-22 14:51:57]       BC Epoch 94: Loss=0.562431
[2025-11-22 14:53:01]       BC Epoch 95: Loss=0.562385
[2025-11-22 14:54:06]       BC Epoch 96: Loss=0.562415
[2025-11-22 14:55:10]       BC Epoch 97: Loss=0.562384
[2025-11-22 14:56:14]       BC Epoch 98: Loss=0.562371
[2025-11-22 14:57:18]       BC Epoch 99: Loss=0.562334
[2025-11-22 14:58:23]       BC Epoch 100: Loss=0.562340
[2025-11-22 14:58:23] 
======================================================================
[2025-11-22 14:58:23] Config 1/1 Complete:
[2025-11-22 14:58:23]   Best Val R²: 0.375229 (epoch 47)
[2025-11-22 14:58:23]   Best Global R²: 0.340000
[2025-11-22 14:58:23]   Overfitting Gap: 0.023032
[2025-11-22 14:58:23]   Parameters: 198,944
[2025-11-22 14:58:23]   Training Time: 17139.0s
[2025-11-22 14:58:23] 
🎉🎉🎉 NEW GLOBAL BEST! R² improved from 0.340000 to 0.375229
[2025-11-22 14:58:23] 
======================================================================
[2025-11-22 14:58:23] 🏆 CREATING SUBMISSION - NEW BEST MODEL WITH BIAS CORRECTION!
[2025-11-22 14:58:23] ======================================================================
[2025-11-22 14:58:23]   Val R²: 0.375229
[2025-11-22 14:58:23]   Directory: ../submissions/bruteforce_bias_r2_03752_20251122_101243_cfg1
[2025-11-22 14:58:23]   Saved model: model_best.pt
[2025-11-22 14:58:23]   Generated: solution.py
[2025-11-22 14:58:23]   Copied: utils.py
[2025-11-22 14:58:23]   Saved: metadata.json
[2025-11-22 14:58:23] ======================================================================

[2025-11-22 14:58:23]   Results saved to models/bruteforce_bias_search_results_20251122_101244.csv
[2025-11-22 14:58:23] 
======================================================================
[2025-11-22 14:58:23] SEARCH COMPLETE
[2025-11-22 14:58:23] ======================================================================
[2025-11-22 14:58:23] Total time: 285.7 minutes
[2025-11-22 14:58:23] Successful configs: 1/1
[2025-11-22 14:58:23] Final best R²: 0.375229
[2025-11-22 14:58:23] Submissions created: 1
[2025-11-22 14:58:23] Results saved: models/bruteforce_bias_search_results_20251122_101244.csv
[2025-11-22 14:58:23] 
[2025-11-22 14:58:23] Top 5 configurations:
[2025-11-22 14:58:23] 
 config_id  best_val_r2  overfitting_gap  lookback  hidden_size  num_layers  dropout  n_parameters
         1     0.375229         0.023032        50          128           1      0.1        198944
[2025-11-22 14:58:23] Submissions created:
[2025-11-22 14:58:23]   ../submissions/bruteforce_bias_r2_03752_20251122_101243_cfg1 - R²: 0.375229
[2025-11-22 14:58:23] 
