[2025-10-26 21:44:23] ======================================================================
[2025-10-26 21:44:23] BRUTE FORCE HYPERPARAMETER SEARCH WITH AUTO-SUBMISSION (EXHAUSTIVE MODE)
[2025-10-26 21:44:23] ======================================================================
[2025-10-26 21:44:23] Started at: 2025-10-26 21:44:23
[2025-10-26 21:44:23] Mode: FULL
[2025-10-26 21:44:23] Best R² to beat: 0.340000
[2025-10-26 21:44:23] Log file: logs/bruteforce_20251026_214423.log
[2025-10-26 21:44:23] 
[2025-10-26 21:44:23] Device Detection:
[2025-10-26 21:44:23]   PyTorch version: 2.7.1
[2025-10-26 21:44:23]   Requested: auto
[2025-10-26 21:44:23]   MPS available: ✓
[2025-10-26 21:44:23]   CUDA available: ✗
[2025-10-26 21:44:23]   Using: MPS
[2025-10-26 21:44:23] 
[2025-10-26 21:44:23] Loading data...
[2025-10-26 21:44:23] Train: 413,000 rows, 413 sequences
[2025-10-26 21:44:23] Val:   104,000 rows, 104 sequences
[2025-10-26 21:44:23] Features: 32
[2025-10-26 21:44:23] 
[2025-10-26 21:44:23] Total possible combinations (Cartesian product): 1
[2025-10-26 21:44:23] Configurations to run (cap): 1
[2025-10-26 21:44:23] Starting exhaustive brute force search...
[2025-10-26 21:44:23] 
[2025-10-26 21:44:23] 
======================================================================
[2025-10-26 21:44:23] Config 1/1 - Starting Training:
[2025-10-26 21:44:23]   Architecture:
[2025-10-26 21:44:23]     Lookback: 50, Hidden: 192, Layers: 2, Dropout: 0.3
[2025-10-26 21:44:23]     Bidirectional: True, GRU: True
[2025-10-26 21:44:23]   Output Head:
[2025-10-26 21:44:23]     FC Layers: 2, FC Hidden: 256, Activation: relu
[2025-10-26 21:44:23]     FC Dropout: 0.3, Batch Norm: True
[2025-10-26 21:44:23]   Training:
[2025-10-26 21:44:23]     Batch Size: 256, LR: 0.0001, Weight Decay: 0.01
[2025-10-26 21:44:23]     Optimizer: adamw, Grad Clip: 1.0, LR Patience: 3
[2025-10-26 21:54:00]     Epoch  1/19: Val R²=0.3172 Train R²=0.2840 Gap=-0.0333 ✓
[2025-10-26 22:03:46]     Epoch  2/19: Val R²=0.3317 Train R²=0.3445 Gap=0.0128 ✓
[2025-10-26 22:13:35]     Epoch  3/19: Val R²=0.3361 Train R²=0.3588 Gap=0.0228 ✓
[2025-10-26 22:23:15]     Epoch  4/19: Val R²=0.3403 Train R²=0.3654 Gap=0.0251 ✓
[2025-10-26 22:33:00]     Epoch  5/19: Val R²=0.3439 Train R²=0.3692 Gap=0.0254 ✓
[2025-10-26 22:42:16]     Epoch  6/19: Val R²=0.3460 Train R²=0.3728 Gap=0.0268 ✓
[2025-10-26 22:51:32]     Epoch  7/19: Val R²=0.3485 Train R²=0.3752 Gap=0.0267 ✓
[2025-10-26 23:00:45]     Epoch  8/19: Val R²=0.3498 Train R²=0.3772 Gap=0.0273 ✓
[2025-10-26 23:09:57]     Epoch  9/19: Val R²=0.3506 Train R²=0.3789 Gap=0.0283 ✓
[2025-10-26 23:18:57]     Epoch 10/19: Val R²=0.3511 Train R²=0.3805 Gap=0.0294 ✓
[2025-10-26 23:27:48]     Epoch 11/19: Val R²=0.3524 Train R²=0.3820 Gap=0.0297 ✓
[2025-10-26 23:36:38]     Epoch 12/19: Val R²=0.3527 Train R²=0.3835 Gap=0.0308 ✓
[2025-10-26 23:45:26]     Epoch 13/19: Val R²=0.3537 Train R²=0.3845 Gap=0.0308 ✓
[2025-10-26 23:54:14]     Epoch 14/19: Val R²=0.3539 Train R²=0.3857 Gap=0.0318 ✓
[2025-10-27 00:02:56]     Epoch 15/19: Val R²=0.3552 Train R²=0.3864 Gap=0.0312 ✓
[2025-10-27 00:11:46]     Epoch 16/19: Val R²=0.3560 Train R²=0.3878 Gap=0.0318 ✓
[2025-10-27 00:20:39]     Epoch 17/19: Val R²=0.3552 Train R²=0.3888 Gap=0.0336  
[2025-10-27 00:29:28]     Epoch 18/19: Val R²=0.3554 Train R²=0.3900 Gap=0.0346  
[2025-10-27 00:37:57]     Epoch 19/19: Val R²=0.3569 Train R²=0.3905 Gap=0.0336 ✓
[2025-10-27 00:37:57] 
======================================================================
[2025-10-27 00:37:57] Config 1/1 Complete:
[2025-10-27 00:37:57]   Best Val R²: 0.356907 (epoch 19)
[2025-10-27 00:37:57]   Best Global R²: 0.340000
[2025-10-27 00:37:57]   Overfitting Gap: 0.033627
[2025-10-27 00:37:57]   Parameters: 1,033,504
[2025-10-27 00:37:57]   Training Time: 10414.0s
[2025-10-27 00:37:57] 
🎉🎉🎉 NEW GLOBAL BEST! R² improved from 0.340000 to 0.356907
[2025-10-27 00:37:57] 
======================================================================
[2025-10-27 00:37:57] 🏆 CREATING SUBMISSION - NEW BEST MODEL!
[2025-10-27 00:37:57] ======================================================================
[2025-10-27 00:37:57]   Val R²: 0.356907
[2025-10-27 00:37:57]   Directory: ../submissions/bruteforce_r2_03569_20251026_214423_cfg1
[2025-10-27 00:37:57]   Saved model: model_best.pt
[2025-10-27 00:37:57]   Generated: solution.py
[2025-10-27 00:37:57]   Copied: utils.py
[2025-10-27 00:37:57]   Saved: metadata.json
[2025-10-27 00:37:57] ======================================================================

[2025-10-27 00:37:57]   Results saved to models/bruteforce_search_results_20251026_214423.csv
[2025-10-27 00:37:57] 
======================================================================
[2025-10-27 00:37:57] SEARCH COMPLETE
[2025-10-27 00:37:57] ======================================================================
[2025-10-27 00:37:57] Total time: 173.6 minutes
[2025-10-27 00:37:57] Successful configs: 1/1
[2025-10-27 00:37:57] Final best R²: 0.356907
[2025-10-27 00:37:57] Submissions created: 1
[2025-10-27 00:37:57] Results saved: models/bruteforce_search_results_20251026_214423.csv
[2025-10-27 00:37:57] 
[2025-10-27 00:37:57] Top 5 configurations:
[2025-10-27 00:37:57] 
 config_id  best_val_r2  overfitting_gap  lookback  hidden_size  num_layers  dropout  n_parameters
         1     0.356907         0.033627        50          192           2      0.3       1033504
[2025-10-27 00:37:57] 
Submissions log saved: models/bruteforce_submissions_log.csv
[2025-10-27 00:37:57] 
Submissions created:
[2025-10-27 00:37:57]   ../submissions/bruteforce_r2_03569_20251026_214423_cfg1 (R²=0.356907)
