[2025-11-23 22:35:48] ======================================================================
[2025-11-23 22:35:48] BRUTE FORCE HYPERPARAMETER SEARCH WITH AUTO-SUBMISSION (EXHAUSTIVE MODE)
[2025-11-23 22:35:48] ======================================================================
[2025-11-23 22:35:48] Started at: 2025-11-23 22:35:48
[2025-11-23 22:35:48] Mode: FULL
[2025-11-23 22:35:48] Best R² to beat: 0.370000
[2025-11-23 22:35:48] Log file: logs/bruteforce_20251123_223548.log
[2025-11-23 22:35:48] 
[2025-11-23 22:35:48] Device Detection:
[2025-11-23 22:35:48]   PyTorch version: 2.7.1
[2025-11-23 22:35:48]   Requested: auto
[2025-11-23 22:35:48]   MPS available: ✓
[2025-11-23 22:35:48]   CUDA available: ✗
[2025-11-23 22:35:48]   Using: MPS
[2025-11-23 22:35:48] 
[2025-11-23 22:35:48] Loading data...
[2025-11-23 22:35:49] Train: 465,000 rows, 465 sequences
[2025-11-23 22:35:49] Val:   52,000 rows, 52 sequences
[2025-11-23 22:35:49] Features: 32
[2025-11-23 22:35:49] 
[2025-11-23 22:35:49] Total possible combinations (Cartesian product): 1,024
[2025-11-23 22:35:49] Configurations to run (cap): 100
[2025-11-23 22:35:49] Starting exhaustive brute force search...
[2025-11-23 22:35:49] 
[2025-11-23 22:35:49] 
======================================================================
[2025-11-23 22:35:49] Config 1/100 - Starting Training:
[2025-11-23 22:35:49]   Architecture (Encoder-Decoder):
[2025-11-23 22:35:49]     Lookback: 100, GRU: True, Bidirectional: True
[2025-11-23 22:35:49]     Encoder: 1 layers, 128 hidden
[2025-11-23 22:35:49]     Decoder: 1 layers, 64 hidden
[2025-11-23 22:35:49]     Attention Dim: 64
[2025-11-23 22:35:49]     Dropout: 0.2, DropConnect: 0.1, BatchNorm: True
[2025-11-23 22:35:49]   Training:
[2025-11-23 22:35:49]     Batch Size: 256, LR: 0.0005, Weight Decay: 0.0
[2025-11-23 22:35:49]     Optimizer: adamw, Grad Clip: 1.0, LR Patience: 5
