[2025-11-22 02:08:45] ======================================================================
[2025-11-22 02:08:45] BRUTE FORCE HYPERPARAMETER SEARCH WITH BIAS CORRECTION (EXHAUSTIVE MODE)
[2025-11-22 02:08:45] ======================================================================
[2025-11-22 02:08:45] Started at: 2025-11-22 02:08:45
[2025-11-22 02:08:45] Mode: FULL
[2025-11-22 02:08:45] Best R² to beat: 0.340000
[2025-11-22 02:08:45] Log file: logs/bruteforce_bias_20251122_020845.log
[2025-11-22 02:08:45] 
[2025-11-22 02:08:45] Device Detection:
[2025-11-22 02:08:45]   PyTorch version: 2.7.1
[2025-11-22 02:08:45]   Requested: auto
[2025-11-22 02:08:45]   MPS available: ✓
[2025-11-22 02:08:45]   CUDA available: ✗
[2025-11-22 02:08:45]   Using: MPS
[2025-11-22 02:08:45] 
[2025-11-22 02:08:45] Loading data...
[2025-11-22 02:08:46] Train: 465,000 rows, 465 sequences
[2025-11-22 02:08:46] Val:   52,000 rows, 52 sequences
[2025-11-22 02:08:46] Features: 32
[2025-11-22 02:08:46] 
[2025-11-22 02:08:46] Total possible combinations (Cartesian product): 1
[2025-11-22 02:08:46] Configurations to run (cap): 1
[2025-11-22 02:08:46] Starting exhaustive brute force search with bias correction...
[2025-11-22 02:08:46] 
[2025-11-22 02:08:46] 
======================================================================
[2025-11-22 02:08:46] Config 1/1 - Starting Training:
[2025-11-22 02:08:46]   Architecture:
[2025-11-22 02:08:46]     Lookback: 50, Hidden: 128, Layers: 1, Dropout: 0.1
[2025-11-22 02:08:46]     Bidirectional: True, GRU: True
[2025-11-22 02:08:46]   Output Head:
[2025-11-22 02:08:46]     FC Layers: 2, FC Hidden: 256, Activation: relu
[2025-11-22 02:08:46]     FC Dropout: 0.2, Batch Norm: True
[2025-11-22 02:08:46]   Training:
[2025-11-22 02:08:46]     Batch Size: 256, LR: 0.001, Weight Decay: 0.0001
[2025-11-22 02:08:46]     Optimizer: adam, Grad Clip: 5.0, LR Patience: 3
[2025-11-22 02:11:45]     Epoch  1/65: Val R²=0.3490 Train R²=0.3430 Gap=-0.0059 ✓
[2025-11-22 02:14:44]     Epoch  2/65: Val R²=0.3554 Train R²=0.3662 Gap=0.0108 ✓
[2025-11-22 02:17:44]     Epoch  3/65: Val R²=0.3561 Train R²=0.3710 Gap=0.0149 ✓
[2025-11-22 02:20:43]     Epoch  4/65: Val R²=0.3582 Train R²=0.3739 Gap=0.0157 ✓
[2025-11-22 02:23:43]     Epoch  5/65: Val R²=0.3634 Train R²=0.3755 Gap=0.0121 ✓
[2025-11-22 02:26:42]     Epoch  6/65: Val R²=0.3632 Train R²=0.3770 Gap=0.0138  
[2025-11-22 02:29:41]     Epoch  7/65: Val R²=0.3650 Train R²=0.3779 Gap=0.0128 ✓
[2025-11-22 02:32:41]     Epoch  8/65: Val R²=0.3662 Train R²=0.3788 Gap=0.0126 ✓
[2025-11-22 02:35:40]     Epoch  9/65: Val R²=0.3656 Train R²=0.3795 Gap=0.0139  
[2025-11-22 02:38:39]     Epoch 10/65: Val R²=0.3649 Train R²=0.3800 Gap=0.0151  
[2025-11-22 02:41:39]     Epoch 11/65: Val R²=0.3669 Train R²=0.3806 Gap=0.0137 ✓
[2025-11-22 02:44:37]     Epoch 12/65: Val R²=0.3633 Train R²=0.3809 Gap=0.0176  
[2025-11-22 02:47:36]     Epoch 13/65: Val R²=0.3644 Train R²=0.3816 Gap=0.0172  
[2025-11-22 02:50:35]     Epoch 14/65: Val R²=0.3672 Train R²=0.3814 Gap=0.0142 ✓
[2025-11-22 02:53:34]     Epoch 15/65: Val R²=0.3654 Train R²=0.3819 Gap=0.0164  
[2025-11-22 02:56:38]     Epoch 16/65: Val R²=0.3629 Train R²=0.3820 Gap=0.0191  
[2025-11-22 02:59:37]     Epoch 17/65: Val R²=0.3666 Train R²=0.3823 Gap=0.0158  
[2025-11-22 03:02:36]     Epoch 18/65: Val R²=0.3641 Train R²=0.3823 Gap=0.0182  
[2025-11-22 03:05:34]     Epoch 19/65: Val R²=0.3714 Train R²=0.3866 Gap=0.0152 ✓
[2025-11-22 03:08:33]     Epoch 20/65: Val R²=0.3693 Train R²=0.3873 Gap=0.0179  
[2025-11-22 03:11:32]     Epoch 21/65: Val R²=0.3695 Train R²=0.3878 Gap=0.0183  
[2025-11-22 03:14:31]     Epoch 22/65: Val R²=0.3701 Train R²=0.3879 Gap=0.0178  
[2025-11-22 03:17:30]     Epoch 23/65: Val R²=0.3690 Train R²=0.3880 Gap=0.0190  
[2025-11-22 03:20:29]     Epoch 24/65: Val R²=0.3724 Train R²=0.3911 Gap=0.0187 ✓
[2025-11-22 03:23:28]     Epoch 25/65: Val R²=0.3733 Train R²=0.3915 Gap=0.0182 ✓
[2025-11-22 03:26:27]     Epoch 26/65: Val R²=0.3728 Train R²=0.3915 Gap=0.0187  
[2025-11-22 03:29:26]     Epoch 27/65: Val R²=0.3730 Train R²=0.3919 Gap=0.0189  
[2025-11-22 03:32:25]     Epoch 28/65: Val R²=0.3729 Train R²=0.3919 Gap=0.0190  
[2025-11-22 03:35:24]     Epoch 29/65: Val R²=0.3731 Train R²=0.3921 Gap=0.0191  
[2025-11-22 03:38:23]     Epoch 30/65: Val R²=0.3735 Train R²=0.3941 Gap=0.0205 ✓
[2025-11-22 03:41:21]     Epoch 31/65: Val R²=0.3748 Train R²=0.3944 Gap=0.0196 ✓
[2025-11-22 03:44:20]     Epoch 32/65: Val R²=0.3735 Train R²=0.3947 Gap=0.0212  
[2025-11-22 03:47:19]     Epoch 33/65: Val R²=0.3739 Train R²=0.3948 Gap=0.0209  
[2025-11-22 03:50:18]     Epoch 34/65: Val R²=0.3747 Train R²=0.3948 Gap=0.0201  
[2025-11-22 03:53:16]     Epoch 35/65: Val R²=0.3738 Train R²=0.3951 Gap=0.0213  
[2025-11-22 03:56:15]     Epoch 36/65: Val R²=0.3746 Train R²=0.3961 Gap=0.0215  
[2025-11-22 03:59:20]     Epoch 37/65: Val R²=0.3749 Train R²=0.3965 Gap=0.0216 ✓
[2025-11-22 04:02:18]     Epoch 38/65: Val R²=0.3748 Train R²=0.3968 Gap=0.0220  
[2025-11-22 04:05:17]     Epoch 39/65: Val R²=0.3746 Train R²=0.3966 Gap=0.0220  
[2025-11-22 04:08:16]     Epoch 40/65: Val R²=0.3747 Train R²=0.3968 Gap=0.0221  
[2025-11-22 04:11:15]     Epoch 41/65: Val R²=0.3749 Train R²=0.3969 Gap=0.0220  
[2025-11-22 04:14:13]     Epoch 42/65: Val R²=0.3749 Train R²=0.3975 Gap=0.0227  
[2025-11-22 04:17:13]     Epoch 43/65: Val R²=0.3744 Train R²=0.3977 Gap=0.0233  
[2025-11-22 04:20:12]     Epoch 44/65: Val R²=0.3746 Train R²=0.3979 Gap=0.0232  
[2025-11-22 04:23:11]     Epoch 45/65: Val R²=0.3747 Train R²=0.3978 Gap=0.0231  
[2025-11-22 04:26:09]     Epoch 46/65: Val R²=0.3750 Train R²=0.3982 Gap=0.0232 ✓
[2025-11-22 04:29:08]     Epoch 47/65: Val R²=0.3752 Train R²=0.3983 Gap=0.0230 ✓
[2025-11-22 04:32:07]     Epoch 48/65: Val R²=0.3751 Train R²=0.3985 Gap=0.0234  
[2025-11-22 04:35:05]     Epoch 49/65: Val R²=0.3751 Train R²=0.3985 Gap=0.0234  
[2025-11-22 04:38:04]     Epoch 50/65: Val R²=0.3749 Train R²=0.3984 Gap=0.0235  
[2025-11-22 04:41:03]     Epoch 51/65: Val R²=0.3749 Train R²=0.3983 Gap=0.0234  
[2025-11-22 04:44:02]     Epoch 52/65: Val R²=0.3747 Train R²=0.3986 Gap=0.0240  
[2025-11-22 04:47:00]     Epoch 53/65: Val R²=0.3749 Train R²=0.3984 Gap=0.0235  
[2025-11-22 04:49:59]     Epoch 54/65: Val R²=0.3749 Train R²=0.3985 Gap=0.0236  
[2025-11-22 04:52:58]     Epoch 55/65: Val R²=0.3750 Train R²=0.3986 Gap=0.0236  
[2025-11-22 04:55:56]     Epoch 56/65: Val R²=0.3750 Train R²=0.3989 Gap=0.0239  
[2025-11-22 04:58:55]     Epoch 57/65: Val R²=0.3749 Train R²=0.3987 Gap=0.0239  
[2025-11-22 05:02:01]     Epoch 58/65: Val R²=0.3751 Train R²=0.3990 Gap=0.0239  
[2025-11-22 05:05:00]     Epoch 59/65: Val R²=0.3749 Train R²=0.3990 Gap=0.0241  
[2025-11-22 05:07:58]     Epoch 60/65: Val R²=0.3749 Train R²=0.3991 Gap=0.0242  
[2025-11-22 05:10:57]     Epoch 61/65: Val R²=0.3748 Train R²=0.3990 Gap=0.0242  
[2025-11-22 05:13:56]     Epoch 62/65: Val R²=0.3750 Train R²=0.3988 Gap=0.0239  
[2025-11-22 05:13:56]     Early stopped at epoch 62
[2025-11-22 05:13:56]     Training bias correction FFNN...
[2025-11-22 05:14:58]       BC Epoch 1: Loss=0.603321
[2025-11-22 05:16:01]       BC Epoch 2: Loss=0.587033
[2025-11-22 05:17:03]       BC Epoch 3: Loss=0.585962
[2025-11-22 05:18:06]       BC Epoch 4: Loss=0.585552
[2025-11-22 05:19:08]       BC Epoch 5: Loss=0.585286
[2025-11-22 05:20:11]       BC Epoch 6: Loss=0.585142
[2025-11-22 05:21:13]       BC Epoch 7: Loss=0.585027
[2025-11-22 05:22:16]       BC Epoch 8: Loss=0.584911
[2025-11-22 05:23:18]       BC Epoch 9: Loss=0.584880
[2025-11-22 05:24:20]       BC Epoch 10: Loss=0.584748
[2025-11-22 05:24:21] 
======================================================================
[2025-11-22 05:24:21] Config 1/1 Complete:
[2025-11-22 05:24:21]   Best Val R²: 0.375229 (epoch 47)
[2025-11-22 05:24:21]   Best Global R²: 0.340000
[2025-11-22 05:24:21]   Overfitting Gap: 0.023032
[2025-11-22 05:24:21]   Parameters: 198,944
[2025-11-22 05:24:21]   Training Time: 11735.0s
[2025-11-22 05:24:21] 
🎉🎉🎉 NEW GLOBAL BEST! R² improved from 0.340000 to 0.375229
[2025-11-22 05:24:21] 
======================================================================
[2025-11-22 05:24:21] 🏆 CREATING SUBMISSION - NEW BEST MODEL WITH BIAS CORRECTION!
[2025-11-22 05:24:21] ======================================================================
[2025-11-22 05:24:21]   Val R²: 0.375229
[2025-11-22 05:24:21]   Directory: ../submissions/bruteforce_bias_r2_03752_20251122_020845_cfg1
[2025-11-22 05:24:21]   Saved model: model_best.pt
[2025-11-22 05:24:21]   Generated: solution.py
[2025-11-22 05:24:21]   Copied: utils.py
[2025-11-22 05:24:21]   Saved: metadata.json
[2025-11-22 05:24:21] ======================================================================

[2025-11-22 05:24:21]   Results saved to models/bruteforce_bias_search_results_20251122_020846.csv
[2025-11-22 05:24:21] 
======================================================================
[2025-11-22 05:24:21] SEARCH COMPLETE
[2025-11-22 05:24:21] ======================================================================
[2025-11-22 05:24:21] Total time: 195.6 minutes
[2025-11-22 05:24:21] Successful configs: 1/1
[2025-11-22 05:24:21] Final best R²: 0.375229
[2025-11-22 05:24:21] Submissions created: 1
[2025-11-22 05:24:21] Results saved: models/bruteforce_bias_search_results_20251122_020846.csv
[2025-11-22 05:24:21] 
[2025-11-22 05:24:21] Top 5 configurations:
[2025-11-22 05:24:21] 
 config_id  best_val_r2  overfitting_gap  lookback  hidden_size  num_layers  dropout  n_parameters
         1     0.375229         0.023032        50          128           1      0.1        198944
[2025-11-22 05:24:21] Submissions created:
[2025-11-22 05:24:21]   ../submissions/bruteforce_bias_r2_03752_20251122_020845_cfg1 - R²: 0.375229
[2025-11-22 05:24:21] 
