[2025-11-23 14:59:26] ======================================================================
[2025-11-23 14:59:26] BRUTE FORCE HYPERPARAMETER SEARCH WITH AUTO-SUBMISSION (EXHAUSTIVE MODE)
[2025-11-23 14:59:26] ======================================================================
[2025-11-23 14:59:26] Started at: 2025-11-23 14:59:26
[2025-11-23 14:59:26] Mode: FULL
[2025-11-23 14:59:26] Best R² to beat: 0.375200
[2025-11-23 14:59:26] Log file: logs/bruteforce_20251123_145926.log
[2025-11-23 14:59:26] 
[2025-11-23 14:59:26] Device Detection:
[2025-11-23 14:59:26]   PyTorch version: 2.7.1
[2025-11-23 14:59:26]   Requested: auto
[2025-11-23 14:59:26]   MPS available: ✓
[2025-11-23 14:59:26]   CUDA available: ✗
[2025-11-23 14:59:26]   Using: MPS
[2025-11-23 14:59:26] 
[2025-11-23 14:59:26] Loading data...
[2025-11-23 14:59:26] Train: 465,000 rows, 465 sequences
[2025-11-23 14:59:26] Val:   52,000 rows, 52 sequences
[2025-11-23 14:59:26] Features: 32
[2025-11-23 14:59:26] 
[2025-11-23 14:59:26] Total possible combinations (Cartesian product): 497,664
[2025-11-23 14:59:26] Configurations to run (cap): 100
[2025-11-23 14:59:26] Starting exhaustive brute force search...
[2025-11-23 14:59:26] 
[2025-11-23 14:59:26] 
======================================================================
[2025-11-23 14:59:26] Config 1/100 - Starting Training:
[2025-11-23 14:59:26]   Architecture:
[2025-11-23 14:59:26]     Lookback: 50, Hidden: 64, Layers: 1, Dropout: 0.1
[2025-11-23 14:59:26]     Bidirectional: True, GRU: True
[2025-11-23 14:59:26]   Output Head:
[2025-11-23 14:59:26]     FC Layers: 2, FC Hidden: 64, Activation: relu
[2025-11-23 14:59:26]     FC Dropout: 0.0, Batch Norm: True
[2025-11-23 14:59:26]   Training:
[2025-11-23 14:59:26]     Batch Size: 128, LR: 0.0001, Weight Decay: 0.0
[2025-11-23 14:59:26]     Optimizer: adam, Grad Clip: None, LR Patience: 3
