[2025-11-29 12:01:26] ======================================================================
[2025-11-29 12:01:26] BRUTE FORCE HYPERPARAMETER SEARCH WITH AUTO-SUBMISSION (EXHAUSTIVE MODE)
[2025-11-29 12:01:26] ======================================================================
[2025-11-29 12:01:26] Started at: 2025-11-29 12:01:26
[2025-11-29 12:01:26] Mode: FULL
[2025-11-29 12:01:26] Best R² to beat: 0.340000
[2025-11-29 12:01:26] Log file: logs/bruteforce_20251129_120126.log
[2025-11-29 12:01:26] 
[2025-11-29 12:01:26] Device Detection:
[2025-11-29 12:01:26]   PyTorch version: 2.7.1
[2025-11-29 12:01:26]   Requested: auto
[2025-11-29 12:01:26]   MPS available: ✓
[2025-11-29 12:01:26]   CUDA available: ✗
[2025-11-29 12:01:26]   Using: MPS
[2025-11-29 12:01:26] 
[2025-11-29 12:01:26] Loading data...
[2025-11-29 12:01:26] Train: 465,000 rows, 465 sequences
[2025-11-29 12:01:26] Val:   52,000 rows, 52 sequences
[2025-11-29 12:01:26] Features: 32
[2025-11-29 12:01:26] 
[2025-11-29 12:01:26] Total possible combinations (Cartesian product): 1
[2025-11-29 12:01:26] Configurations to run (cap): 1
[2025-11-29 12:01:26] Starting exhaustive brute force search...
[2025-11-29 12:01:26] 
[2025-11-29 12:01:26] 
======================================================================
[2025-11-29 12:01:26] Config 1/1 - Starting Training:
[2025-11-29 12:01:26]   Architecture:
[2025-11-29 12:01:26]     Lookback: 100, Hidden: 256, Layers: 1, Dropout: 0.1
[2025-11-29 12:01:26]     Bidirectional: True, GRU: True
[2025-11-29 12:01:26]   Output Head:
[2025-11-29 12:01:26]     FC Layers: 3, FC Hidden: 512, Activation: relu
[2025-11-29 12:01:26]     FC Dropout: 0.2, Batch Norm: True
[2025-11-29 12:01:26]   Training:
[2025-11-29 12:01:26]     Batch Size: 64, LR: 0.001, Weight Decay: 0.0001
[2025-11-29 12:01:26]     Optimizer: adam, Grad Clip: 5.0, LR Patience: 3
[2025-11-29 12:56:05]     Epoch  1/100: Val R²=0.3458 Train R²=0.3365 Gap=-0.0094 ✓
[2025-11-29 13:51:02]     Epoch  2/100: Val R²=0.3523 Train R²=0.3544 Gap=0.0020 ✓
[2025-11-29 14:42:20]     Epoch  3/100: Val R²=0.3548 Train R²=0.3586 Gap=0.0038 ✓
[2025-11-29 15:31:40]     Epoch  4/100: Val R²=0.3532 Train R²=0.3606 Gap=0.0074  
[2025-11-29 16:13:43]     Epoch  5/100: Val R²=0.3596 Train R²=0.3615 Gap=0.0019 ✓
[2025-11-29 16:47:47]     Epoch  6/100: Val R²=0.3565 Train R²=0.3625 Gap=0.0060  
[2025-11-29 17:18:48]     Epoch  7/100: Val R²=0.3569 Train R²=0.3629 Gap=0.0059  
[2025-11-29 17:45:39]     Epoch  8/100: Val R²=0.3563 Train R²=0.3632 Gap=0.0069  
[2025-11-29 18:17:51]     Epoch  9/100: Val R²=0.3551 Train R²=0.3634 Gap=0.0083  
[2025-11-29 18:52:39]     Epoch 10/100: Val R²=0.3604 Train R²=0.3715 Gap=0.0111 ✓
[2025-11-29 19:21:53]     Epoch 11/100: Val R²=0.3644 Train R²=0.3725 Gap=0.0081 ✓
[2025-11-29 19:50:30]     Epoch 12/100: Val R²=0.3630 Train R²=0.3732 Gap=0.0102  
[2025-11-29 20:17:40]     Epoch 13/100: Val R²=0.3635 Train R²=0.3733 Gap=0.0098  
[2025-11-29 20:42:18]     Epoch 14/100: Val R²=0.3649 Train R²=0.3738 Gap=0.0089 ✓
[2025-11-29 21:06:37]     Epoch 15/100: Val R²=0.3622 Train R²=0.3740 Gap=0.0118  
[2025-11-29 21:30:32]     Epoch 16/100: Val R²=0.3602 Train R²=0.3740 Gap=0.0138  
[2025-11-29 21:54:38]     Epoch 17/100: Val R²=0.3640 Train R²=0.3743 Gap=0.0103  
[2025-11-29 22:20:11]     Epoch 18/100: Val R²=0.3649 Train R²=0.3746 Gap=0.0097 ✓
[2025-11-29 22:44:12]     Epoch 19/100: Val R²=0.3687 Train R²=0.3804 Gap=0.0117 ✓
[2025-11-29 23:08:11]     Epoch 20/100: Val R²=0.3672 Train R²=0.3813 Gap=0.0141  
[2025-11-29 23:32:10]     Epoch 21/100: Val R²=0.3688 Train R²=0.3818 Gap=0.0130 ✓
[2025-11-29 23:56:15]     Epoch 22/100: Val R²=0.3652 Train R²=0.3815 Gap=0.0163  
[2025-11-30 00:20:14]     Epoch 23/100: Val R²=0.3680 Train R²=0.3820 Gap=0.0141  
[2025-11-30 00:44:09]     Epoch 24/100: Val R²=0.3685 Train R²=0.3824 Gap=0.0139  
[2025-11-30 01:08:05]     Epoch 25/100: Val R²=0.3696 Train R²=0.3827 Gap=0.0132 ✓
[2025-11-30 01:32:01]     Epoch 26/100: Val R²=0.3702 Train R²=0.3828 Gap=0.0126 ✓
[2025-11-30 01:55:54]     Epoch 27/100: Val R²=0.3709 Train R²=0.3829 Gap=0.0120 ✓
[2025-11-30 02:19:47]     Epoch 28/100: Val R²=0.3706 Train R²=0.3830 Gap=0.0124  
[2025-11-30 02:43:40]     Epoch 29/100: Val R²=0.3689 Train R²=0.3829 Gap=0.0140  
[2025-11-30 03:07:32]     Epoch 30/100: Val R²=0.3656 Train R²=0.3832 Gap=0.0176  
[2025-11-30 03:31:28]     Epoch 31/100: Val R²=0.3696 Train R²=0.3834 Gap=0.0138  
[2025-11-30 03:55:21]     Epoch 32/100: Val R²=0.3722 Train R²=0.3874 Gap=0.0152 ✓
[2025-11-30 04:19:16]     Epoch 33/100: Val R²=0.3697 Train R²=0.3882 Gap=0.0185  
[2025-11-30 04:43:08]     Epoch 34/100: Val R²=0.3711 Train R²=0.3886 Gap=0.0174  
[2025-11-30 05:07:03]     Epoch 35/100: Val R²=0.3724 Train R²=0.3891 Gap=0.0167 ✓
[2025-11-30 05:30:57]     Epoch 36/100: Val R²=0.3750 Train R²=0.3894 Gap=0.0145 ✓
[2025-11-30 05:54:50]     Epoch 37/100: Val R²=0.3732 Train R²=0.3897 Gap=0.0165  
[2025-11-30 06:18:47]     Epoch 38/100: Val R²=0.3723 Train R²=0.3898 Gap=0.0175  
[2025-11-30 06:42:41]     Epoch 39/100: Val R²=0.3722 Train R²=0.3900 Gap=0.0178  
[2025-11-30 07:06:36]     Epoch 40/100: Val R²=0.3715 Train R²=0.3897 Gap=0.0182  
[2025-11-30 07:30:38]     Epoch 41/100: Val R²=0.3752 Train R²=0.3925 Gap=0.0174 ✓
[2025-11-30 07:54:35]     Epoch 42/100: Val R²=0.3760 Train R²=0.3932 Gap=0.0172 ✓
[2025-11-30 08:18:39]     Epoch 43/100: Val R²=0.3735 Train R²=0.3934 Gap=0.0199  
[2025-11-30 08:42:32]     Epoch 44/100: Val R²=0.3712 Train R²=0.3938 Gap=0.0226  
[2025-11-30 09:06:17]     Epoch 45/100: Val R²=0.3727 Train R²=0.3941 Gap=0.0214  
[2025-11-30 09:32:06]     Epoch 46/100: Val R²=0.3754 Train R²=0.3940 Gap=0.0186  
[2025-11-30 09:57:53]     Epoch 47/100: Val R²=0.3754 Train R²=0.3956 Gap=0.0202  
[2025-11-30 10:23:43]     Epoch 48/100: Val R²=0.3764 Train R²=0.3963 Gap=0.0199 ✓
[2025-11-30 10:49:56]     Epoch 49/100: Val R²=0.3758 Train R²=0.3964 Gap=0.0207  
[2025-11-30 11:15:43]     Epoch 50/100: Val R²=0.3752 Train R²=0.3963 Gap=0.0211  
[2025-11-30 11:41:31]     Epoch 51/100: Val R²=0.3748 Train R²=0.3966 Gap=0.0218  
[2025-11-30 12:18:44]     Epoch 52/100: Val R²=0.3739 Train R²=0.3969 Gap=0.0230  
[2025-11-30 13:06:42]     Epoch 53/100: Val R²=0.3745 Train R²=0.3977 Gap=0.0232  
[2025-11-30 13:56:55]     Epoch 54/100: Val R²=0.3734 Train R²=0.3980 Gap=0.0246  
[2025-11-30 14:51:12]     Epoch 55/100: Val R²=0.3740 Train R²=0.3983 Gap=0.0243  
[2025-11-30 15:41:49]     Epoch 56/100: Val R²=0.3745 Train R²=0.3983 Gap=0.0238  
[2025-11-30 16:27:49]     Epoch 57/100: Val R²=0.3758 Train R²=0.3989 Gap=0.0231  
[2025-11-30 17:13:46]     Epoch 58/100: Val R²=0.3728 Train R²=0.3993 Gap=0.0265  
[2025-11-30 17:13:46]     Early stopped at epoch 58
[2025-11-30 17:13:46] 
======================================================================
[2025-11-30 17:13:46] Config 1/1 Complete:
[2025-11-30 17:13:46]   Best Val R²: 0.376391 (epoch 48)
[2025-11-30 17:13:46]   Best Global R²: 0.340000
[2025-11-30 17:13:46]   Overfitting Gap: 0.019905
[2025-11-30 17:13:46]   Parameters: 989,216
[2025-11-30 17:13:46]   Training Time: 105139.4s
[2025-11-30 17:13:46] 
🎉🎉🎉 NEW GLOBAL BEST! R² improved from 0.340000 to 0.376391
[2025-11-30 17:13:46] 
======================================================================
[2025-11-30 17:13:46] 🏆 CREATING SUBMISSION - NEW BEST MODEL!
[2025-11-30 17:13:46] ======================================================================
[2025-11-30 17:13:46]   Val R²: 0.376391
[2025-11-30 17:13:46]   Directory: ../submissions/bruteforce_r2_03764_20251129_120126_cfg1
[2025-11-30 17:13:46]   Saved model: model_best.pt
[2025-11-30 17:13:46]   Generated: solution.py
[2025-11-30 17:13:46]   Copied: utils.py
[2025-11-30 17:13:46]   Saved: metadata.json
[2025-11-30 17:13:46] ======================================================================

[2025-11-30 17:13:46]   Results saved to models/bruteforce_search_results_20251129_120126.csv
[2025-11-30 17:13:46] 
======================================================================
[2025-11-30 17:13:46] SEARCH COMPLETE
[2025-11-30 17:13:46] ======================================================================
[2025-11-30 17:13:46] Total time: 1752.3 minutes
[2025-11-30 17:13:46] Successful configs: 1/1
[2025-11-30 17:13:46] Final best R²: 0.376391
[2025-11-30 17:13:46] Submissions created: 1
[2025-11-30 17:13:46] Results saved: models/bruteforce_search_results_20251129_120126.csv
[2025-11-30 17:13:46] 
[2025-11-30 17:13:46] Top 5 configurations:
[2025-11-30 17:13:46] 
 config_id  best_val_r2  overfitting_gap  lookback  hidden_size  num_layers  dropout  n_parameters
         1     0.376391         0.019905       100          256           1      0.1        989216
[2025-11-30 17:13:46] 
Submissions log saved: models/bruteforce_submissions_log.csv
[2025-11-30 17:13:46] 
Submissions created:
[2025-11-30 17:13:46]   ../submissions/bruteforce_r2_03764_20251129_120126_cfg1 (R²=0.376391)
