[2025-11-26 16:55:06] ======================================================================
[2025-11-26 16:55:06] BRUTE FORCE HYPERPARAMETER SEARCH WITH AUTO-SUBMISSION (EXHAUSTIVE MODE)
[2025-11-26 16:55:06] ======================================================================
[2025-11-26 16:55:06] Started at: 2025-11-26 16:55:06
[2025-11-26 16:55:06] Mode: FULL
[2025-11-26 16:55:06] Best R² to beat: 0.340000
[2025-11-26 16:55:06] Log file: logs/bruteforce_20251126_165506.log
[2025-11-26 16:55:06] 
[2025-11-26 16:55:06] Device Detection:
[2025-11-26 16:55:06]   PyTorch version: 2.7.1
[2025-11-26 16:55:06]   Requested: auto
[2025-11-26 16:55:06]   MPS available: ✓
[2025-11-26 16:55:06]   CUDA available: ✗
[2025-11-26 16:55:06]   Using: MPS
[2025-11-26 16:55:06] 
[2025-11-26 16:55:06] Loading data...
[2025-11-26 16:55:06] Train: 465,000 rows, 465 sequences
[2025-11-26 16:55:06] Val:   52,000 rows, 52 sequences
[2025-11-26 16:55:06] Features: 32
[2025-11-26 16:55:06] 
[2025-11-26 16:55:06] Total possible combinations (Cartesian product): 256
[2025-11-26 16:55:06] Configurations to run (cap): 100
[2025-11-26 16:55:06] Starting exhaustive brute force search...
[2025-11-26 16:55:06] 
[2025-11-26 16:55:06] 
======================================================================
[2025-11-26 16:55:06] Config 1/100 - Starting Training:
[2025-11-26 16:55:06]   Architecture:
[2025-11-26 16:55:06]     Lookback: 100, Hidden: 192, Layers: 2, Dropout: 0.05
[2025-11-26 16:55:06]     Bidirectional: True, GRU: True
[2025-11-26 16:55:06]   Output Head:
[2025-11-26 16:55:06]     FC Layers: 2, FC Hidden: 256, Activation: gelu
[2025-11-26 16:55:06]     FC Dropout: 0.1, Batch Norm: True
[2025-11-26 16:55:06]   Training:
[2025-11-26 16:55:06]     Batch Size: 128, LR: 0.001, Weight Decay: 5e-05
[2025-11-26 16:55:06]     Optimizer: adam, Grad Clip: 5.0, LR Patience: 3
