[2025-11-23 16:26:56] ======================================================================
[2025-11-23 16:26:56] BRUTE FORCE HYPERPARAMETER SEARCH WITH AUTO-SUBMISSION (EXHAUSTIVE MODE)
[2025-11-23 16:26:56] ======================================================================
[2025-11-23 16:26:56] Started at: 2025-11-23 16:26:56
[2025-11-23 16:26:56] Mode: FULL
[2025-11-23 16:26:56] Best R² to beat: 0.375100
[2025-11-23 16:26:56] Log file: logs/bruteforce_20251123_162656.log
[2025-11-23 16:26:56] 
[2025-11-23 16:26:56] Device Detection:
[2025-11-23 16:26:56]   PyTorch version: 2.7.1
[2025-11-23 16:26:56]   Requested: auto
[2025-11-23 16:26:56]   MPS available: ✓
[2025-11-23 16:26:56]   CUDA available: ✗
[2025-11-23 16:26:56]   Using: MPS
[2025-11-23 16:26:56] 
[2025-11-23 16:26:56] Loading data...
[2025-11-23 16:26:56] Train: 465,000 rows, 465 sequences
[2025-11-23 16:26:56] Val:   52,000 rows, 52 sequences
[2025-11-23 16:26:56] Features: 32
[2025-11-23 16:26:56] 
[2025-11-23 16:26:56] Total possible combinations (Cartesian product): 1,024
[2025-11-23 16:26:56] Configurations to run (cap): 3
[2025-11-23 16:26:56] Starting exhaustive brute force search...
[2025-11-23 16:26:56] 
[2025-11-23 16:26:56] 
======================================================================
[2025-11-23 16:26:56] Config 1/3 - Starting Training:
[2025-11-23 16:26:56]   Architecture (Encoder-Decoder):
[2025-11-23 16:26:56]     Lookback: 30, GRU: True, Bidirectional: True
[2025-11-23 16:26:56]     Encoder: 1 layers, 128 hidden
[2025-11-23 16:26:56]     Decoder: 1 layers, 64 hidden
[2025-11-23 16:26:56]     Attention Dim: 64
[2025-11-23 16:26:56]     Dropout: 0.2, DropConnect: 0.1, BatchNorm: True
[2025-11-23 16:26:56]   Training:
[2025-11-23 16:26:56]     Batch Size: 256, LR: 0.0005, Weight Decay: 0.0
[2025-11-23 16:26:56]     Optimizer: adamw, Grad Clip: 1.0, LR Patience: 5
[2025-11-23 16:30:27]     Epoch  1/47: Val R²=0.3500 Train R²=0.3285 Gap=-0.0215 ✓
[2025-11-23 16:33:55]     Epoch  2/47: Val R²=0.3580 Train R²=0.3576 Gap=-0.0005 ✓
[2025-11-23 16:37:23]     Epoch  3/47: Val R²=0.3584 Train R²=0.3637 Gap=0.0053 ✓
[2025-11-23 16:40:51]     Epoch  4/47: Val R²=0.3602 Train R²=0.3676 Gap=0.0074 ✓
[2025-11-23 16:44:17]     Epoch  5/47: Val R²=0.3652 Train R²=0.3711 Gap=0.0059 ✓
[2025-11-23 16:47:41]     Epoch  6/47: Val R²=0.3666 Train R²=0.3737 Gap=0.0071 ✓
[2025-11-23 16:51:07]     Epoch  7/47: Val R²=0.3671 Train R²=0.3762 Gap=0.0091 ✓
[2025-11-23 16:54:32]     Epoch  8/47: Val R²=0.3653 Train R²=0.3785 Gap=0.0133  
[2025-11-23 16:57:54]     Epoch  9/47: Val R²=0.3665 Train R²=0.3810 Gap=0.0145  
[2025-11-23 17:01:17]     Epoch 10/47: Val R²=0.3664 Train R²=0.3833 Gap=0.0170  
[2025-11-23 17:04:37]     Epoch 11/47: Val R²=0.3691 Train R²=0.3855 Gap=0.0164 ✓
[2025-11-23 17:07:59]     Epoch 12/47: Val R²=0.3676 Train R²=0.3879 Gap=0.0202  
[2025-11-23 17:11:21]     Epoch 13/47: Val R²=0.3670 Train R²=0.3901 Gap=0.0231  
[2025-11-23 17:14:42]     Epoch 14/47: Val R²=0.3653 Train R²=0.3927 Gap=0.0275  
[2025-11-23 17:18:09]     Epoch 15/47: Val R²=0.3637 Train R²=0.3954 Gap=0.0316  
[2025-11-23 17:21:34]     Epoch 16/47: Val R²=0.3621 Train R²=0.3977 Gap=0.0356  
[2025-11-23 17:24:57]     Epoch 17/47: Val R²=0.3637 Train R²=0.4004 Gap=0.0367  
[2025-11-23 17:28:20]     Epoch 18/47: Val R²=0.3560 Train R²=0.4105 Gap=0.0545  
[2025-11-23 17:31:43]     Epoch 19/47: Val R²=0.3575 Train R²=0.4158 Gap=0.0583  
[2025-11-23 17:35:06]     Epoch 20/47: Val R²=0.3559 Train R²=0.4190 Gap=0.0631  
[2025-11-23 17:38:32]     Epoch 21/47: Val R²=0.3522 Train R²=0.4225 Gap=0.0704  
[2025-11-23 17:42:00]     Epoch 22/47: Val R²=0.3499 Train R²=0.4256 Gap=0.0757  
[2025-11-23 17:45:24]     Epoch 23/47: Val R²=0.3479 Train R²=0.4278 Gap=0.0800  
[2025-11-23 17:48:52]     Epoch 24/47: Val R²=0.3430 Train R²=0.4360 Gap=0.0930  
[2025-11-23 17:52:20]     Epoch 25/47: Val R²=0.3423 Train R²=0.4385 Gap=0.0962  
[2025-11-23 17:55:49]     Epoch 26/47: Val R²=0.3383 Train R²=0.4409 Gap=0.1026  
[2025-11-23 17:55:49]     Early stopped at epoch 26
[2025-11-23 17:55:49] 
======================================================================
[2025-11-23 17:55:49] Config 1/3 Complete:
[2025-11-23 17:55:49]   Best Val R²: 0.369138 (epoch 11)
[2025-11-23 17:55:49]   Best Global R²: 0.375100
[2025-11-23 17:55:49]   Overfitting Gap: 0.016354
[2025-11-23 17:55:49]   Parameters: 497,952
[2025-11-23 17:55:49]   Training Time: 5333.1s
[2025-11-23 17:55:49]   Not better than global best (0.375100)
[2025-11-23 17:55:49]   Results saved to models/bruteforce_search_results_20251123_162656.csv
[2025-11-23 17:55:49] 
======================================================================
[2025-11-23 17:55:49] Config 2/3 - Starting Training:
[2025-11-23 17:55:49]   Architecture (Encoder-Decoder):
[2025-11-23 17:55:49]     Lookback: 30, GRU: True, Bidirectional: True
[2025-11-23 17:55:49]     Encoder: 1 layers, 128 hidden
[2025-11-23 17:55:49]     Decoder: 1 layers, 64 hidden
[2025-11-23 17:55:49]     Attention Dim: 64
[2025-11-23 17:55:49]     Dropout: 0.2, DropConnect: 0.1, BatchNorm: True
[2025-11-23 17:55:49]   Training:
[2025-11-23 17:55:49]     Batch Size: 256, LR: 0.0005, Weight Decay: 0.0
[2025-11-23 17:55:49]     Optimizer: adamw, Grad Clip: 5.0, LR Patience: 5
[2025-11-23 17:59:10]     Epoch  1/47: Val R²=0.3514 Train R²=0.3291 Gap=-0.0222 ✓
[2025-11-23 18:02:35]     Epoch  2/47: Val R²=0.3560 Train R²=0.3572 Gap=0.0013 ✓
[2025-11-23 18:05:56]     Epoch  3/47: Val R²=0.3593 Train R²=0.3636 Gap=0.0043 ✓
[2025-11-23 18:09:25]     Epoch  4/47: Val R²=0.3617 Train R²=0.3681 Gap=0.0064 ✓
[2025-11-23 18:12:51]     Epoch  5/47: Val R²=0.3646 Train R²=0.3712 Gap=0.0067 ✓
[2025-11-23 18:16:27]     Epoch  6/47: Val R²=0.3666 Train R²=0.3739 Gap=0.0073 ✓
[2025-11-23 18:20:02]     Epoch  7/47: Val R²=0.3647 Train R²=0.3760 Gap=0.0113  
[2025-11-23 18:23:36]     Epoch  8/47: Val R²=0.3659 Train R²=0.3785 Gap=0.0126  
[2025-11-23 18:27:01]     Epoch  9/47: Val R²=0.3663 Train R²=0.3805 Gap=0.0142  
[2025-11-23 18:30:29]     Epoch 10/47: Val R²=0.3664 Train R²=0.3828 Gap=0.0165  
[2025-11-23 18:33:53]     Epoch 11/47: Val R²=0.3639 Train R²=0.3851 Gap=0.0212  
[2025-11-23 18:37:18]     Epoch 12/47: Val R²=0.3652 Train R²=0.3879 Gap=0.0227  
[2025-11-23 18:40:45]     Epoch 13/47: Val R²=0.3678 Train R²=0.3961 Gap=0.0283 ✓
[2025-11-23 18:44:13]     Epoch 14/47: Val R²=0.3635 Train R²=0.3992 Gap=0.0356  
[2025-11-23 18:47:43]     Epoch 15/47: Val R²=0.3636 Train R²=0.4023 Gap=0.0387  
[2025-11-23 18:51:07]     Epoch 16/47: Val R²=0.3630 Train R²=0.4044 Gap=0.0415  
[2025-11-23 18:54:32]     Epoch 17/47: Val R²=0.3628 Train R²=0.4076 Gap=0.0448  
[2025-11-23 18:58:01]     Epoch 18/47: Val R²=0.3595 Train R²=0.4105 Gap=0.0510  
[2025-11-23 19:01:23]     Epoch 19/47: Val R²=0.3548 Train R²=0.4130 Gap=0.0582  
[2025-11-23 19:04:43]     Epoch 20/47: Val R²=0.3577 Train R²=0.4200 Gap=0.0623  
[2025-11-23 19:08:02]     Epoch 21/47: Val R²=0.3535 Train R²=0.4229 Gap=0.0695  
[2025-11-23 19:11:21]     Epoch 22/47: Val R²=0.3518 Train R²=0.4252 Gap=0.0734  
[2025-11-23 19:14:38]     Epoch 23/47: Val R²=0.3536 Train R²=0.4268 Gap=0.0732  
[2025-11-23 19:17:58]     Epoch 24/47: Val R²=0.3499 Train R²=0.4290 Gap=0.0791  
[2025-11-23 19:21:22]     Epoch 25/47: Val R²=0.3499 Train R²=0.4309 Gap=0.0810  
[2025-11-23 19:24:47]     Epoch 26/47: Val R²=0.3461 Train R²=0.4351 Gap=0.0890  
[2025-11-23 19:28:17]     Epoch 27/47: Val R²=0.3436 Train R²=0.4363 Gap=0.0927  
[2025-11-23 19:31:46]     Epoch 28/47: Val R²=0.3449 Train R²=0.4376 Gap=0.0928  
[2025-11-23 19:31:46]     Early stopped at epoch 28
[2025-11-23 19:31:46] 
======================================================================
[2025-11-23 19:31:46] Config 2/3 Complete:
[2025-11-23 19:31:46]   Best Val R²: 0.367818 (epoch 13)
[2025-11-23 19:31:46]   Best Global R²: 0.375100
[2025-11-23 19:31:46]   Overfitting Gap: 0.028300
[2025-11-23 19:31:46]   Parameters: 497,952
[2025-11-23 19:31:46]   Training Time: 5757.0s
[2025-11-23 19:31:46]   Not better than global best (0.375100)
[2025-11-23 19:31:46]   Results saved to models/bruteforce_search_results_20251123_162656.csv
[2025-11-23 19:31:46] 
======================================================================
[2025-11-23 19:31:46] Config 3/3 - Starting Training:
[2025-11-23 19:31:46]   Architecture (Encoder-Decoder):
[2025-11-23 19:31:46]     Lookback: 30, GRU: True, Bidirectional: True
[2025-11-23 19:31:46]     Encoder: 1 layers, 128 hidden
[2025-11-23 19:31:46]     Decoder: 1 layers, 64 hidden
[2025-11-23 19:31:46]     Attention Dim: 64
[2025-11-23 19:31:46]     Dropout: 0.2, DropConnect: 0.1, BatchNorm: True
[2025-11-23 19:31:46]   Training:
[2025-11-23 19:31:46]     Batch Size: 256, LR: 0.0005, Weight Decay: 0.0001
[2025-11-23 19:31:46]     Optimizer: adamw, Grad Clip: 1.0, LR Patience: 5
[2025-11-23 19:35:12]     Epoch  1/47: Val R²=0.3504 Train R²=0.3288 Gap=-0.0215 ✓
[2025-11-23 19:38:37]     Epoch  2/47: Val R²=0.3557 Train R²=0.3574 Gap=0.0017 ✓
[2025-11-23 19:42:04]     Epoch  3/47: Val R²=0.3615 Train R²=0.3637 Gap=0.0022 ✓
[2025-11-23 19:45:31]     Epoch  4/47: Val R²=0.3605 Train R²=0.3679 Gap=0.0075  
[2025-11-23 19:49:00]     Epoch  5/47: Val R²=0.3647 Train R²=0.3712 Gap=0.0065 ✓
[2025-11-23 19:52:30]     Epoch  6/47: Val R²=0.3641 Train R²=0.3736 Gap=0.0096  
[2025-11-23 19:55:59]     Epoch  7/47: Val R²=0.3651 Train R²=0.3762 Gap=0.0111 ✓
[2025-11-23 19:59:27]     Epoch  8/47: Val R²=0.3638 Train R²=0.3787 Gap=0.0149  
[2025-11-23 20:02:47]     Epoch  9/47: Val R²=0.3678 Train R²=0.3809 Gap=0.0131 ✓
[2025-11-23 20:06:06]     Epoch 10/47: Val R²=0.3681 Train R²=0.3833 Gap=0.0152 ✓
[2025-11-23 20:09:29]     Epoch 11/47: Val R²=0.3678 Train R²=0.3849 Gap=0.0171  
[2025-11-23 20:12:53]     Epoch 12/47: Val R²=0.3670 Train R²=0.3876 Gap=0.0205  
[2025-11-23 20:16:22]     Epoch 13/47: Val R²=0.3646 Train R²=0.3899 Gap=0.0253  
[2025-11-23 20:19:48]     Epoch 14/47: Val R²=0.3650 Train R²=0.3924 Gap=0.0274  
[2025-11-23 20:23:14]     Epoch 15/47: Val R²=0.3660 Train R²=0.3951 Gap=0.0291  
[2025-11-23 20:26:41]     Epoch 16/47: Val R²=0.3649 Train R²=0.3974 Gap=0.0326  
[2025-11-23 20:30:07]     Epoch 17/47: Val R²=0.3620 Train R²=0.4073 Gap=0.0453  
[2025-11-23 20:33:34]     Epoch 18/47: Val R²=0.3610 Train R²=0.4117 Gap=0.0507  
[2025-11-23 20:36:56]     Epoch 19/47: Val R²=0.3583 Train R²=0.4148 Gap=0.0565  
[2025-11-23 20:40:23]     Epoch 20/47: Val R²=0.3546 Train R²=0.4182 Gap=0.0636  
[2025-11-23 20:43:47]     Epoch 21/47: Val R²=0.3527 Train R²=0.4208 Gap=0.0681  
[2025-11-23 20:47:10]     Epoch 22/47: Val R²=0.3503 Train R²=0.4238 Gap=0.0735  
[2025-11-23 20:50:35]     Epoch 23/47: Val R²=0.3490 Train R²=0.4312 Gap=0.0822  
[2025-11-23 20:54:03]     Epoch 24/47: Val R²=0.3464 Train R²=0.4341 Gap=0.0877  
[2025-11-23 20:57:30]     Epoch 25/47: Val R²=0.3439 Train R²=0.4362 Gap=0.0923  
[2025-11-23 20:57:30]     Early stopped at epoch 25
[2025-11-23 20:57:30] 
======================================================================
[2025-11-23 20:57:30] Config 3/3 Complete:
[2025-11-23 20:57:30]   Best Val R²: 0.368062 (epoch 10)
[2025-11-23 20:57:30]   Best Global R²: 0.375100
[2025-11-23 20:57:30]   Overfitting Gap: 0.015234
[2025-11-23 20:57:30]   Parameters: 497,952
[2025-11-23 20:57:30]   Training Time: 5144.0s
[2025-11-23 20:57:30]   Not better than global best (0.375100)
[2025-11-23 20:57:30]   Results saved to models/bruteforce_search_results_20251123_162656.csv
[2025-11-23 20:57:30] 
======================================================================
[2025-11-23 20:57:30] SEARCH COMPLETE
[2025-11-23 20:57:30] ======================================================================
[2025-11-23 20:57:30] Total time: 270.6 minutes
[2025-11-23 20:57:30] Successful configs: 3/3
[2025-11-23 20:57:30] Final best R²: 0.375100
[2025-11-23 20:57:30] Submissions created: 0
[2025-11-23 20:57:30] Results saved: models/bruteforce_search_results_20251123_162656.csv
[2025-11-23 20:57:30] 
[2025-11-23 20:57:30] Top 5 configurations:
