[2025-10-28 16:45:55] ======================================================================
[2025-10-28 16:45:55] BRUTE FORCE HYPERPARAMETER SEARCH WITH AUTO-SUBMISSION (EXHAUSTIVE MODE)
[2025-10-28 16:45:55] ======================================================================
[2025-10-28 16:45:55] Started at: 2025-10-28 16:45:55
[2025-10-28 16:45:55] Mode: FULL
[2025-10-28 16:45:55] Best R² to beat: 0.340000
[2025-10-28 16:45:55] Log file: logs/bruteforce_20251028_164555.log
[2025-10-28 16:45:55] 
[2025-10-28 16:45:55] Device Detection:
[2025-10-28 16:45:55]   PyTorch version: 2.7.1
[2025-10-28 16:45:55]   Requested: auto
[2025-10-28 16:45:55]   MPS available: ✓
[2025-10-28 16:45:55]   CUDA available: ✗
[2025-10-28 16:45:55]   Using: MPS
[2025-10-28 16:45:55] 
[2025-10-28 16:45:55] Loading data...
[2025-10-28 16:45:56] Train: 413,000 rows, 413 sequences
[2025-10-28 16:45:56] Val:   104,000 rows, 104 sequences
[2025-10-28 16:45:56] Features: 32
[2025-10-28 16:45:56] 
[2025-10-28 16:45:56] Total possible combinations (Cartesian product): 1
[2025-10-28 16:45:56] Configurations to run (cap): 1
[2025-10-28 16:45:56] Starting exhaustive brute force search...
[2025-10-28 16:45:56] 
[2025-10-28 16:45:56] 
======================================================================
[2025-10-28 16:45:56] Config 1/1 - Starting Training:
[2025-10-28 16:45:56]   Architecture:
[2025-10-28 16:45:56]     Lookback: 80, Hidden: 256, Layers: 2, Dropout: 0.15
[2025-10-28 16:45:56]     Bidirectional: True, GRU: True
[2025-10-28 16:45:56]   Output Head:
[2025-10-28 16:45:56]     FC Layers: 2, FC Hidden: 256, Activation: gelu
[2025-10-28 16:45:56]     FC Dropout: 0.1, Batch Norm: True
[2025-10-28 16:45:56]   Training:
[2025-10-28 16:45:56]     Batch Size: 64, LR: 0.0005, Weight Decay: 0.0005
[2025-10-28 16:45:56]     Optimizer: adamw, Grad Clip: 1.0, LR Patience: 5
