[2025-11-20 10:19:27] ======================================================================
[2025-11-20 10:19:27] BRUTE FORCE HYPERPARAMETER SEARCH (ENC-DEC LSTM)
[2025-11-20 10:19:27] ======================================================================
[2025-11-20 10:19:27] Started at: 2025-11-20 10:19:27
[2025-11-20 10:19:27] Mode: FULL
[2025-11-20 10:19:27] Best R² to beat: 0.340000
[2025-11-20 10:19:27] Log file: logs/bruteforce_20251120_101927.log
[2025-11-20 10:19:27] 
[2025-11-20 10:19:27] Device Detection:
[2025-11-20 10:19:27]   PyTorch version: 2.7.1
[2025-11-20 10:19:27]   Requested: auto
[2025-11-20 10:19:27]   MPS available: ✓
[2025-11-20 10:19:27]   CUDA available: ✗
[2025-11-20 10:19:27]   Using: MPS
[2025-11-20 10:19:27] 
[2025-11-20 10:19:27] Loading data...
[2025-11-20 10:19:27] Train: 413,000 rows, 413 sequences
[2025-11-20 10:19:27] Val:   104,000 rows, 104 sequences
[2025-11-20 10:19:27] Features: 32
[2025-11-20 10:19:27] 
[2025-11-20 10:19:27] Total possible combinations (Cartesian product): 82,944
[2025-11-20 10:19:27] Configurations to run (cap): 100
[2025-11-20 10:19:27] Starting exhaustive brute force search...

[2025-11-20 10:19:27] 
======================================================================
[2025-11-20 10:19:27] Config 1/100 - Starting Training:
[2025-11-20 10:19:27]   Architecture:
[2025-11-20 10:19:27]     Lookback: 50, Hidden: 64, Layers: 1, Dropout: 0.1
[2025-11-20 10:19:27]     Bidirectional: True, GRU: False
[2025-11-20 10:19:27]   Output Head:
[2025-11-20 10:19:27]     FC Layers: 2, FC Hidden: 64, Activation: relu
[2025-11-20 10:19:27]     FC Dropout: 0.1, Batch Norm: True
[2025-11-20 10:19:27]   Training:
[2025-11-20 10:19:27]     Batch Size: 128, LR: 0.0001, Weight Decay: 0.0001
[2025-11-20 10:19:27]     Optimizer: adam, Grad Clip: None, LR Patience: 3
