[2025-11-26 23:27:57] ======================================================================
[2025-11-26 23:27:57] BRUTE FORCE HYPERPARAMETER SEARCH WITH AUTO-SUBMISSION (EXHAUSTIVE MODE)
[2025-11-26 23:27:57] ======================================================================
[2025-11-26 23:27:57] Started at: 2025-11-26 23:27:57
[2025-11-26 23:27:57] Mode: FULL
[2025-11-26 23:27:57] Best R² to beat: 0.340000
[2025-11-26 23:27:57] Log file: logs/bruteforce_20251126_232757.log
[2025-11-26 23:27:57] 
[2025-11-26 23:27:57] Device Detection:
[2025-11-26 23:27:57]   PyTorch version: 2.7.1
[2025-11-26 23:27:57]   Requested: auto
[2025-11-26 23:27:57]   MPS available: ✓
[2025-11-26 23:27:57]   CUDA available: ✗
[2025-11-26 23:27:57]   Using: MPS
[2025-11-26 23:27:57] 
[2025-11-26 23:27:57] Loading data...
[2025-11-26 23:27:58] Train: 465,000 rows, 465 sequences
[2025-11-26 23:27:58] Val:   52,000 rows, 52 sequences
[2025-11-26 23:27:58] Features: 32
[2025-11-26 23:27:58] 
[2025-11-26 23:27:58] Total possible combinations (Cartesian product): 1
[2025-11-26 23:27:58] Configurations to run (cap): 1
[2025-11-26 23:27:58] Starting exhaustive brute force search...
[2025-11-26 23:27:58] 
[2025-11-26 23:27:58] 
======================================================================
[2025-11-26 23:27:58] Config 1/1 - Starting Training:
[2025-11-26 23:27:58]   Architecture:
[2025-11-26 23:27:58]     Lookback: 100, Hidden: 640, Layers: 1, Dropout: 0.1
[2025-11-26 23:27:58]     Bidirectional: True, GRU: True
[2025-11-26 23:27:58]   Output Head:
[2025-11-26 23:27:58]     FC Layers: 2, FC Hidden: 256, Activation: relu
[2025-11-26 23:27:58]     FC Dropout: 0.2, Batch Norm: True
[2025-11-26 23:27:58]   Training:
[2025-11-26 23:27:58]     Batch Size: 256, LR: 0.001, Weight Decay: 0.0001
[2025-11-26 23:27:58]     Optimizer: adam, Grad Clip: 5.0, LR Patience: 3
[2025-11-26 23:45:15]     Epoch  1/60: Val R²=0.3514 Train R²=0.3440 Gap=-0.0074 ✓
[2025-11-27 00:02:33]     Epoch  2/60: Val R²=0.3617 Train R²=0.3661 Gap=0.0044 ✓
[2025-11-27 00:19:52]     Epoch  3/60: Val R²=0.3576 Train R²=0.3707 Gap=0.0130  
[2025-11-27 00:37:17]     Epoch  4/60: Val R²=0.3587 Train R²=0.3734 Gap=0.0147  
[2025-11-27 00:54:29]     Epoch  5/60: Val R²=0.3579 Train R²=0.3752 Gap=0.0173  
[2025-11-27 01:11:36]     Epoch  6/60: Val R²=0.3322 Train R²=0.3755 Gap=0.0432  
[2025-11-27 01:28:37]     Epoch  7/60: Val R²=0.3663 Train R²=0.3759 Gap=0.0096 ✓
[2025-11-27 01:45:45]     Epoch  8/60: Val R²=0.3674 Train R²=0.3821 Gap=0.0146 ✓
[2025-11-27 02:02:46]     Epoch  9/60: Val R²=0.3690 Train R²=0.3836 Gap=0.0146 ✓
[2025-11-27 02:20:10]     Epoch 10/60: Val R²=0.3681 Train R²=0.3838 Gap=0.0158  
[2025-11-27 02:37:20]     Epoch 11/60: Val R²=0.3694 Train R²=0.3843 Gap=0.0149 ✓
[2025-11-27 02:54:25]     Epoch 12/60: Val R²=0.3704 Train R²=0.3848 Gap=0.0144 ✓
[2025-11-27 03:11:23]     Epoch 13/60: Val R²=0.3685 Train R²=0.3856 Gap=0.0171  
[2025-11-27 03:28:25]     Epoch 14/60: Val R²=0.3693 Train R²=0.3854 Gap=0.0161  
[2025-11-27 03:45:27]     Epoch 15/60: Val R²=0.3670 Train R²=0.3857 Gap=0.0187  
[2025-11-27 04:02:27]     Epoch 16/60: Val R²=0.3693 Train R²=0.3862 Gap=0.0168  
[2025-11-27 04:19:29]     Epoch 17/60: Val R²=0.3726 Train R²=0.3895 Gap=0.0170 ✓
[2025-11-27 04:36:37]     Epoch 18/60: Val R²=0.3736 Train R²=0.3902 Gap=0.0166 ✓
[2025-11-27 04:53:35]     Epoch 19/60: Val R²=0.3732 Train R²=0.3906 Gap=0.0174  
[2025-11-27 05:10:32]     Epoch 20/60: Val R²=0.3733 Train R²=0.3908 Gap=0.0175  
[2025-11-27 05:27:33]     Epoch 21/60: Val R²=0.3730 Train R²=0.3911 Gap=0.0181  
[2025-11-27 05:44:38]     Epoch 22/60: Val R²=0.3727 Train R²=0.3913 Gap=0.0186  
[2025-11-27 06:01:42]     Epoch 23/60: Val R²=0.3741 Train R²=0.3937 Gap=0.0196 ✓
[2025-11-27 06:18:36]     Epoch 24/60: Val R²=0.3741 Train R²=0.3941 Gap=0.0200 ✓
[2025-11-27 06:35:36]     Epoch 25/60: Val R²=0.3744 Train R²=0.3943 Gap=0.0199 ✓
[2025-11-27 06:52:36]     Epoch 26/60: Val R²=0.3752 Train R²=0.3945 Gap=0.0193 ✓
[2025-11-27 07:09:37]     Epoch 27/60: Val R²=0.3759 Train R²=0.3948 Gap=0.0188 ✓
[2025-11-27 07:26:30]     Epoch 28/60: Val R²=0.3751 Train R²=0.3949 Gap=0.0198  
[2025-11-27 07:43:26]     Epoch 29/60: Val R²=0.3739 Train R²=0.3953 Gap=0.0214  
[2025-11-27 07:58:48]     Epoch 30/60: Val R²=0.3753 Train R²=0.3953 Gap=0.0199  
[2025-11-27 08:14:01]     Epoch 31/60: Val R²=0.3757 Train R²=0.3954 Gap=0.0197  
[2025-11-27 08:29:17]     Epoch 32/60: Val R²=0.3758 Train R²=0.3972 Gap=0.0214  
[2025-11-27 08:44:27]     Epoch 33/60: Val R²=0.3765 Train R²=0.3973 Gap=0.0208 ✓
[2025-11-27 08:59:54]     Epoch 34/60: Val R²=0.3767 Train R²=0.3974 Gap=0.0207 ✓
[2025-11-27 09:15:13]     Epoch 35/60: Val R²=0.3759 Train R²=0.3974 Gap=0.0215  
[2025-11-27 09:30:33]     Epoch 36/60: Val R²=0.3753 Train R²=0.3978 Gap=0.0225  
[2025-11-27 09:45:48]     Epoch 37/60: Val R²=0.3758 Train R²=0.3980 Gap=0.0222  
[2025-11-27 10:00:44]     Epoch 38/60: Val R²=0.3762 Train R²=0.3981 Gap=0.0219  
[2025-11-27 10:16:06]     Epoch 39/60: Val R²=0.3771 Train R²=0.3991 Gap=0.0220 ✓
[2025-11-27 10:32:47]     Epoch 40/60: Val R²=0.3763 Train R²=0.3993 Gap=0.0229  
