[2025-10-29 23:23:02] ======================================================================
[2025-10-29 23:23:02] BRUTE FORCE TRANSFORMER SEARCH
[2025-10-29 23:23:02] ======================================================================
[2025-10-29 23:23:02] Using device: mps
[2025-10-29 23:23:02] Loading data...
[2025-10-29 23:23:02] Train: 413,000 rows, 413 sequences
[2025-10-29 23:23:02] Val:   104,000 rows, 104 sequences
[2025-10-29 23:23:02] Features: 32
[2025-10-29 23:23:02] Total possible combinations (Cartesian product): 559,872
[2025-10-29 23:23:02] Configurations to run (cap): 100
[2025-10-29 23:23:02] Starting transformer brute force search...
[2025-10-29 23:23:02] 
======================================================================
[2025-10-29 23:23:02] Config 1/100 - Starting Training:
[2025-10-29 23:23:02]   Lookback: 50, d_model: 128, nhead: 4
[2025-10-29 23:23:56]     Epoch  1/40: Val R²=0.3178 Train R²=0.2848 Gap=-0.0330 ✓
[2025-10-29 23:24:46]     Epoch  2/40: Val R²=0.3268 Train R²=0.3349 Gap=0.0081 ✓
[2025-10-29 23:25:37]     Epoch  3/40: Val R²=0.3312 Train R²=0.3463 Gap=0.0150 ✓
[2025-10-29 23:26:27]     Epoch  4/40: Val R²=0.3354 Train R²=0.3532 Gap=0.0177 ✓
[2025-10-29 23:27:17]     Epoch  5/40: Val R²=0.3368 Train R²=0.3580 Gap=0.0212 ✓
[2025-10-29 23:28:13]     Epoch  6/40: Val R²=0.3389 Train R²=0.3617 Gap=0.0228 ✓
[2025-10-29 23:29:04]     Epoch  7/40: Val R²=0.3410 Train R²=0.3645 Gap=0.0236 ✓
[2025-10-29 23:29:56]     Epoch  8/40: Val R²=0.3418 Train R²=0.3668 Gap=0.0250 ✓
[2025-10-29 23:30:45]     Epoch  9/40: Val R²=0.3425 Train R²=0.3682 Gap=0.0257 ✓
[2025-10-29 23:31:35]     Epoch 10/40: Val R²=0.3435 Train R²=0.3697 Gap=0.0261 ✓
[2025-10-29 23:32:26]     Epoch 11/40: Val R²=0.3446 Train R²=0.3708 Gap=0.0262 ✓
[2025-10-29 23:33:13]     Epoch 12/40: Val R²=0.3462 Train R²=0.3723 Gap=0.0261 ✓
[2025-10-29 23:34:01]     Epoch 13/40: Val R²=0.3471 Train R²=0.3730 Gap=0.0259 ✓
[2025-10-29 23:34:49]     Epoch 14/40: Val R²=0.3467 Train R²=0.3738 Gap=0.0270  
[2025-10-29 23:35:36]     Epoch 15/40: Val R²=0.3476 Train R²=0.3749 Gap=0.0273 ✓
[2025-10-29 23:36:25]     Epoch 16/40: Val R²=0.3478 Train R²=0.3759 Gap=0.0281 ✓
[2025-10-29 23:37:14]     Epoch 17/40: Val R²=0.3453 Train R²=0.3763 Gap=0.0310  
[2025-10-29 23:38:04]     Epoch 18/40: Val R²=0.3483 Train R²=0.3774 Gap=0.0292 ✓
[2025-10-29 23:38:54]     Epoch 19/40: Val R²=0.3488 Train R²=0.3777 Gap=0.0288 ✓
