[2025-11-26 14:50:52] ======================================================================
[2025-11-26 14:50:52] BRUTE FORCE HYPERPARAMETER SEARCH WITH AUTO-SUBMISSION (EXHAUSTIVE MODE)
[2025-11-26 14:50:52] ======================================================================
[2025-11-26 14:50:52] Started at: 2025-11-26 14:50:52
[2025-11-26 14:50:52] Mode: FULL
[2025-11-26 14:50:52] Best R² to beat: 0.340000
[2025-11-26 14:50:52] Log file: logs/bruteforce_20251126_145052.log
[2025-11-26 14:50:52] 
[2025-11-26 14:50:52] Device Detection:
[2025-11-26 14:50:52]   PyTorch version: 2.7.1
[2025-11-26 14:50:52]   Requested: auto
[2025-11-26 14:50:52]   MPS available: ✓
[2025-11-26 14:50:52]   CUDA available: ✗
[2025-11-26 14:50:52]   Using: MPS
[2025-11-26 14:50:52] 
[2025-11-26 14:50:52] Loading data...
[2025-11-26 14:50:52] Train: 465,000 rows, 465 sequences
[2025-11-26 14:50:52] Val:   52,000 rows, 52 sequences
[2025-11-26 14:50:52] Features: 32
[2025-11-26 14:50:52] 
[2025-11-26 14:50:52] Total possible combinations (Cartesian product): 1
[2025-11-26 14:50:52] Configurations to run (cap): 1
[2025-11-26 14:50:52] Starting exhaustive brute force search...
[2025-11-26 14:50:52] 
[2025-11-26 14:50:52] 
======================================================================
[2025-11-26 14:50:52] Config 1/1 - Starting Training:
[2025-11-26 14:50:52]   Architecture:
[2025-11-26 14:50:52]     Lookback: 100, Hidden: 256, Layers: 1, Dropout: 0.1
[2025-11-26 14:50:52]     Bidirectional: True, GRU: True
[2025-11-26 14:50:52]   Output Head:
[2025-11-26 14:50:52]     FC Layers: 2, FC Hidden: 256, Activation: relu
[2025-11-26 14:50:52]     FC Dropout: 0.2, Batch Norm: True
[2025-11-26 14:50:52]   Training:
[2025-11-26 14:50:52]     Batch Size: 256, LR: 0.001, Weight Decay: 0.0001
[2025-11-26 14:50:52]     Optimizer: adam, Grad Clip: 5.0, LR Patience: 3
[2025-11-26 14:57:40]     Epoch  1/100: Val R²=0.3506 Train R²=0.3436 Gap=-0.0070 ✓
[2025-11-26 15:04:32]     Epoch  2/100: Val R²=0.3579 Train R²=0.3665 Gap=0.0086 ✓
[2025-11-26 15:11:26]     Epoch  3/100: Val R²=0.3576 Train R²=0.3712 Gap=0.0136  
[2025-11-26 15:18:21]     Epoch  4/100: Val R²=0.3633 Train R²=0.3746 Gap=0.0113 ✓
[2025-11-26 15:25:18]     Epoch  5/100: Val R²=0.3636 Train R²=0.3765 Gap=0.0128 ✓
[2025-11-26 15:32:13]     Epoch  6/100: Val R²=0.3638 Train R²=0.3773 Gap=0.0135 ✓
[2025-11-26 15:39:06]     Epoch  7/100: Val R²=0.3637 Train R²=0.3786 Gap=0.0149  
[2025-11-26 15:46:01]     Epoch  8/100: Val R²=0.3660 Train R²=0.3798 Gap=0.0138 ✓
[2025-11-26 15:52:56]     Epoch  9/100: Val R²=0.3678 Train R²=0.3797 Gap=0.0120 ✓
[2025-11-26 15:59:51]     Epoch 10/100: Val R²=0.3673 Train R²=0.3807 Gap=0.0133  
[2025-11-26 16:06:44]     Epoch 11/100: Val R²=0.3670 Train R²=0.3812 Gap=0.0142  
[2025-11-26 16:13:39]     Epoch 12/100: Val R²=0.3667 Train R²=0.3816 Gap=0.0149  
[2025-11-26 16:20:36]     Epoch 13/100: Val R²=0.3668 Train R²=0.3817 Gap=0.0149  
[2025-11-26 16:27:33]     Epoch 14/100: Val R²=0.3713 Train R²=0.3863 Gap=0.0150 ✓
[2025-11-26 16:34:28]     Epoch 15/100: Val R²=0.3688 Train R²=0.3871 Gap=0.0182  
[2025-11-26 16:41:24]     Epoch 16/100: Val R²=0.3690 Train R²=0.3874 Gap=0.0184  
[2025-11-26 16:48:21]     Epoch 17/100: Val R²=0.3719 Train R²=0.3878 Gap=0.0159 ✓
[2025-11-26 16:54:47]     Epoch 18/100: Val R²=0.3692 Train R²=0.3880 Gap=0.0188  
[2025-11-26 17:01:20]     Epoch 19/100: Val R²=0.3686 Train R²=0.3880 Gap=0.0195  
[2025-11-26 17:07:44]     Epoch 20/100: Val R²=0.3706 Train R²=0.3882 Gap=0.0176  
[2025-11-26 17:14:04]     Epoch 21/100: Val R²=0.3719 Train R²=0.3887 Gap=0.0168  
[2025-11-26 17:20:23]     Epoch 22/100: Val R²=0.3729 Train R²=0.3916 Gap=0.0188 ✓
[2025-11-26 17:26:40]     Epoch 23/100: Val R²=0.3724 Train R²=0.3921 Gap=0.0198  
[2025-11-26 17:32:57]     Epoch 24/100: Val R²=0.3724 Train R²=0.3926 Gap=0.0202  
[2025-11-26 17:39:16]     Epoch 25/100: Val R²=0.3738 Train R²=0.3929 Gap=0.0191 ✓
[2025-11-26 17:45:34]     Epoch 26/100: Val R²=0.3731 Train R²=0.3931 Gap=0.0200  
[2025-11-26 17:51:51]     Epoch 27/100: Val R²=0.3727 Train R²=0.3930 Gap=0.0203  
[2025-11-26 17:58:16]     Epoch 28/100: Val R²=0.3742 Train R²=0.3932 Gap=0.0191 ✓
[2025-11-26 18:04:44]     Epoch 29/100: Val R²=0.3741 Train R²=0.3935 Gap=0.0193  
[2025-11-26 18:11:04]     Epoch 30/100: Val R²=0.3728 Train R²=0.3940 Gap=0.0212  
[2025-11-26 18:17:26]     Epoch 31/100: Val R²=0.3729 Train R²=0.3939 Gap=0.0210  
[2025-11-26 18:23:47]     Epoch 32/100: Val R²=0.3740 Train R²=0.3937 Gap=0.0197  
[2025-11-26 18:30:05]     Epoch 33/100: Val R²=0.3753 Train R²=0.3962 Gap=0.0208 ✓
[2025-11-26 18:36:23]     Epoch 34/100: Val R²=0.3747 Train R²=0.3966 Gap=0.0219  
[2025-11-26 18:42:41]     Epoch 35/100: Val R²=0.3737 Train R²=0.3971 Gap=0.0233  
[2025-11-26 18:49:05]     Epoch 36/100: Val R²=0.3754 Train R²=0.3972 Gap=0.0218 ✓
[2025-11-26 18:55:32]     Epoch 37/100: Val R²=0.3751 Train R²=0.3972 Gap=0.0221  
[2025-11-26 19:01:59]     Epoch 38/100: Val R²=0.3756 Train R²=0.3972 Gap=0.0216 ✓
[2025-11-26 19:08:20]     Epoch 39/100: Val R²=0.3744 Train R²=0.3974 Gap=0.0230  
[2025-11-26 19:14:44]     Epoch 40/100: Val R²=0.3749 Train R²=0.3976 Gap=0.0227  
[2025-11-26 19:21:09]     Epoch 41/100: Val R²=0.3740 Train R²=0.3975 Gap=0.0235  
[2025-11-26 19:27:33]     Epoch 42/100: Val R²=0.3735 Train R²=0.3979 Gap=0.0243  
[2025-11-26 19:33:57]     Epoch 43/100: Val R²=0.3757 Train R²=0.3991 Gap=0.0234 ✓
