[2025-10-26 15:17:51] ======================================================================
[2025-10-26 15:17:51] BRUTE FORCE HYPERPARAMETER SEARCH WITH AUTO-SUBMISSION (EXHAUSTIVE MODE)
[2025-10-26 15:17:51] ======================================================================
[2025-10-26 15:17:51] Started at: 2025-10-26 15:17:51
[2025-10-26 15:17:51] Mode: FULL
[2025-10-26 15:17:51] Best R² to beat: 0.340000
[2025-10-26 15:17:51] Log file: logs/bruteforce_20251026_151751.log
[2025-10-26 15:17:51] 
[2025-10-26 15:17:51] Device Detection:
[2025-10-26 15:17:51]   PyTorch version: 2.7.1
[2025-10-26 15:17:51]   Requested: auto
[2025-10-26 15:17:51]   MPS available: ✓
[2025-10-26 15:17:51]   CUDA available: ✗
[2025-10-26 15:17:51]   Using: MPS
[2025-10-26 15:17:51] 
[2025-10-26 15:17:51] Loading data...
[2025-10-26 15:17:52] Train: 413,000 rows, 413 sequences
[2025-10-26 15:17:52] Val:   104,000 rows, 104 sequences
[2025-10-26 15:17:52] Features: 32
[2025-10-26 15:17:52] 
[2025-10-26 15:17:52] Total possible combinations (Cartesian product): 1
[2025-10-26 15:17:52] Configurations to run (cap): 1
[2025-10-26 15:17:52] Starting exhaustive brute force search...
[2025-10-26 15:17:52] 
[2025-10-26 15:17:52] 
======================================================================
[2025-10-26 15:17:52] Config 1/1 - Starting Training:
[2025-10-26 15:17:52]   Architecture:
[2025-10-26 15:17:52]     Lookback: 60, Hidden: 192, Layers: 3, Dropout: 0.3
[2025-10-26 15:17:52]     Bidirectional: True, GRU: True
[2025-10-26 15:17:52]   Output Head:
[2025-10-26 15:17:52]     FC Layers: 3, FC Hidden: 256, Activation: gelu
[2025-10-26 15:17:52]     FC Dropout: 0.3, Batch Norm: True
[2025-10-26 15:17:52]   Training:
[2025-10-26 15:17:52]     Batch Size: 128, LR: 0.0001, Weight Decay: 0.01
[2025-10-26 15:17:52]     Optimizer: adamw, Grad Clip: 0.5, LR Patience: 3
