[2025-11-29 11:11:49] ======================================================================
[2025-11-29 11:11:49] BRUTE FORCE HYPERPARAMETER SEARCH WITH AUTO-SUBMISSION (EXHAUSTIVE MODE)
[2025-11-29 11:11:49] ======================================================================
[2025-11-29 11:11:49] Started at: 2025-11-29 11:11:49
[2025-11-29 11:11:49] Mode: FULL
[2025-11-29 11:11:49] Best R² to beat: 0.340000
[2025-11-29 11:11:49] Log file: logs/bruteforce_20251129_111149.log
[2025-11-29 11:11:49] 
[2025-11-29 11:11:49] Device Detection:
[2025-11-29 11:11:49]   PyTorch version: 2.7.1
[2025-11-29 11:11:49]   Requested: auto
[2025-11-29 11:11:49]   MPS available: ✓
[2025-11-29 11:11:49]   CUDA available: ✗
[2025-11-29 11:11:49]   Using: MPS
[2025-11-29 11:11:49] 
[2025-11-29 11:11:49] Loading data...
[2025-11-29 11:11:49] Train: 465,000 rows, 465 sequences
[2025-11-29 11:11:49] Val:   52,000 rows, 52 sequences
[2025-11-29 11:11:49] Features: 32
[2025-11-29 11:11:49] 
[2025-11-29 11:11:49] Total possible combinations (Cartesian product): 1
[2025-11-29 11:11:49] Configurations to run (cap): 1
[2025-11-29 11:11:49] Starting exhaustive brute force search...
[2025-11-29 11:11:49] 
[2025-11-29 11:11:49] 
======================================================================
[2025-11-29 11:11:49] Config 1/1 - Starting Training:
[2025-11-29 11:11:49]   Architecture:
[2025-11-29 11:11:49]     Lookback: 100, Hidden: 256, Layers: 1, Dropout: 0.1
[2025-11-29 11:11:49]     Bidirectional: True, GRU: True
[2025-11-29 11:11:49]   Output Head:
[2025-11-29 11:11:49]     FC Layers: 3, FC Hidden: 640, Activation: relu
[2025-11-29 11:11:49]     FC Dropout: 0.2, Batch Norm: True
[2025-11-29 11:11:49]   Training:
[2025-11-29 11:11:49]     Batch Size: 256, LR: 0.001, Weight Decay: 0.0001
[2025-11-29 11:11:49]     Optimizer: adam, Grad Clip: 5.0, LR Patience: 3
[2025-11-29 11:23:00]     Epoch  1/100: Val R²=0.3485 Train R²=0.3431 Gap=-0.0055 ✓
[2025-11-29 11:34:49]     Epoch  2/100: Val R²=0.3557 Train R²=0.3648 Gap=0.0091 ✓
[2025-11-29 11:46:53]     Epoch  3/100: Val R²=0.3579 Train R²=0.3693 Gap=0.0115 ✓
[2025-11-29 11:58:11]     Epoch  4/100: Val R²=0.3596 Train R²=0.3721 Gap=0.0126 ✓
[2025-11-29 12:10:57]     Epoch  5/100: Val R²=0.3572 Train R²=0.3741 Gap=0.0168  
[2025-11-29 12:24:11]     Epoch  6/100: Val R²=0.3614 Train R²=0.3754 Gap=0.0140 ✓
[2025-11-29 12:38:59]     Epoch  7/100: Val R²=0.3588 Train R²=0.3762 Gap=0.0174  
[2025-11-29 12:54:16]     Epoch  8/100: Val R²=0.3635 Train R²=0.3772 Gap=0.0137 ✓
[2025-11-29 13:10:28]     Epoch  9/100: Val R²=0.3605 Train R²=0.3778 Gap=0.0173  
[2025-11-29 13:24:06]     Epoch 10/100: Val R²=0.3532 Train R²=0.3785 Gap=0.0254  
[2025-11-29 13:37:14]     Epoch 11/100: Val R²=0.3665 Train R²=0.3790 Gap=0.0125 ✓
[2025-11-29 13:50:13]     Epoch 12/100: Val R²=0.3650 Train R²=0.3793 Gap=0.0144  
[2025-11-29 14:03:16]     Epoch 13/100: Val R²=0.3585 Train R²=0.3797 Gap=0.0212  
[2025-11-29 14:16:09]     Epoch 14/100: Val R²=0.3649 Train R²=0.3801 Gap=0.0152  
[2025-11-29 14:29:02]     Epoch 15/100: Val R²=0.3646 Train R²=0.3802 Gap=0.0156  
[2025-11-29 14:41:55]     Epoch 16/100: Val R²=0.3702 Train R²=0.3864 Gap=0.0162 ✓
[2025-11-29 14:54:27]     Epoch 17/100: Val R²=0.3710 Train R²=0.3874 Gap=0.0163 ✓
[2025-11-29 15:06:46]     Epoch 18/100: Val R²=0.3711 Train R²=0.3877 Gap=0.0166 ✓
[2025-11-29 15:19:09]     Epoch 19/100: Val R²=0.3699 Train R²=0.3883 Gap=0.0184  
[2025-11-29 15:31:29]     Epoch 20/100: Val R²=0.3706 Train R²=0.3885 Gap=0.0179  
[2025-11-29 15:44:12]     Epoch 21/100: Val R²=0.3694 Train R²=0.3890 Gap=0.0196  
[2025-11-29 15:56:38]     Epoch 22/100: Val R²=0.3624 Train R²=0.3894 Gap=0.0270  
[2025-11-29 16:05:20]     Epoch 23/100: Val R²=0.3761 Train R²=0.3939 Gap=0.0178 ✓
[2025-11-29 16:14:00]     Epoch 24/100: Val R²=0.3767 Train R²=0.3946 Gap=0.0179 ✓
[2025-11-29 16:22:44]     Epoch 25/100: Val R²=0.3746 Train R²=0.3953 Gap=0.0208  
[2025-11-29 16:31:27]     Epoch 26/100: Val R²=0.3751 Train R²=0.3957 Gap=0.0206  
[2025-11-29 16:40:08]     Epoch 27/100: Val R²=0.3756 Train R²=0.3958 Gap=0.0202  
[2025-11-29 16:48:46]     Epoch 28/100: Val R²=0.3762 Train R²=0.3961 Gap=0.0199  
[2025-11-29 16:57:14]     Epoch 29/100: Val R²=0.3774 Train R²=0.3996 Gap=0.0221 ✓
[2025-11-29 17:05:42]     Epoch 30/100: Val R²=0.3772 Train R²=0.4000 Gap=0.0229  
[2025-11-29 17:13:18]     Epoch 31/100: Val R²=0.3775 Train R²=0.4008 Gap=0.0233 ✓
[2025-11-29 17:20:12]     Epoch 32/100: Val R²=0.3772 Train R²=0.4010 Gap=0.0238  
[2025-11-29 17:26:59]     Epoch 33/100: Val R²=0.3771 Train R²=0.4013 Gap=0.0242  
