[2025-11-28 16:51:39] ======================================================================
[2025-11-28 16:51:39] BRUTE FORCE HYPERPARAMETER SEARCH WITH AUTO-SUBMISSION (EXHAUSTIVE MODE)
[2025-11-28 16:51:39] ======================================================================
[2025-11-28 16:51:39] Started at: 2025-11-28 16:51:39
[2025-11-28 16:51:39] Mode: FULL
[2025-11-28 16:51:39] Best R² to beat: 0.340000
[2025-11-28 16:51:39] Log file: logs/bruteforce_20251128_165139.log
[2025-11-28 16:51:39] 
[2025-11-28 16:51:39] Device Detection:
[2025-11-28 16:51:39]   PyTorch version: 2.7.1
[2025-11-28 16:51:39]   Requested: auto
[2025-11-28 16:51:39]   MPS available: ✓
[2025-11-28 16:51:39]   CUDA available: ✗
[2025-11-28 16:51:39]   Using: MPS
[2025-11-28 16:51:39] 
[2025-11-28 16:51:39] Loading data...
[2025-11-28 16:51:40] Train: 465,000 rows, 465 sequences
[2025-11-28 16:51:40] Val:   52,000 rows, 52 sequences
[2025-11-28 16:51:40] Features: 32
[2025-11-28 16:51:40] 
[2025-11-28 16:51:40] Total possible combinations (Cartesian product): 1
[2025-11-28 16:51:40] Configurations to run (cap): 1
[2025-11-28 16:51:40] Starting exhaustive brute force search...
[2025-11-28 16:51:40] 
[2025-11-28 16:51:40] 
======================================================================
[2025-11-28 16:51:40] Config 1/1 - Starting Training:
[2025-11-28 16:51:40]   Architecture:
[2025-11-28 16:51:40]     Lookback: 100, Hidden: 384, Layers: 2, Dropout: 0.1
[2025-11-28 16:51:40]     Bidirectional: True, GRU: True
[2025-11-28 16:51:40]   Output Head:
[2025-11-28 16:51:40]     FC Layers: 2, FC Hidden: 256, Activation: relu
[2025-11-28 16:51:40]     FC Dropout: 0.2, Batch Norm: True
[2025-11-28 16:51:40]   Training:
[2025-11-28 16:51:40]     Batch Size: 256, LR: 0.001, Weight Decay: 0.0001
[2025-11-28 16:51:40]     Optimizer: adam, Grad Clip: 5.0, LR Patience: 3
[2025-11-28 17:18:20]     Epoch  1/100: Val R²=0.3502 Train R²=0.3404 Gap=-0.0098 ✓
[2025-11-28 17:45:31]     Epoch  2/100: Val R²=0.3532 Train R²=0.3623 Gap=0.0091 ✓
[2025-11-28 18:12:42]     Epoch  3/100: Val R²=0.3561 Train R²=0.3670 Gap=0.0109 ✓
[2025-11-28 18:39:53]     Epoch  4/100: Val R²=0.2059 Train R²=0.3699 Gap=0.1640  
[2025-11-28 19:09:29]     Epoch  5/100: Val R²=0.3560 Train R²=0.3717 Gap=0.0157  
[2025-11-28 19:39:08]     Epoch  6/100: Val R²=0.3597 Train R²=0.3727 Gap=0.0130 ✓
[2025-11-28 20:09:14]     Epoch  7/100: Val R²=0.3527 Train R²=0.3731 Gap=0.0204  
[2025-11-28 20:38:32]     Epoch  8/100: Val R²=0.3576 Train R²=0.3748 Gap=0.0173  
[2025-11-28 21:01:08]     Epoch  9/100: Val R²=0.3426 Train R²=0.3739 Gap=0.0313  
[2025-11-28 21:24:09]     Epoch 10/100: Val R²=0.3354 Train R²=0.3751 Gap=0.0397  
[2025-11-28 21:47:27]     Epoch 11/100: Val R²=0.3480 Train R²=0.3810 Gap=0.0330  
[2025-11-28 22:10:55]     Epoch 12/100: Val R²=0.3592 Train R²=0.3813 Gap=0.0221  
[2025-11-28 22:34:09]     Epoch 13/100: Val R²=0.3539 Train R²=0.3818 Gap=0.0278  
[2025-11-28 22:57:29]     Epoch 14/100: Val R²=0.3005 Train R²=0.3823 Gap=0.0819  
[2025-11-28 23:20:52]     Epoch 15/100: Val R²=0.3620 Train R²=0.3855 Gap=0.0235 ✓
[2025-11-28 23:44:17]     Epoch 16/100: Val R²=0.3625 Train R²=0.3854 Gap=0.0229 ✓
[2025-11-29 00:07:45]     Epoch 17/100: Val R²=0.3475 Train R²=0.3860 Gap=0.0385  
[2025-11-29 00:31:00]     Epoch 18/100: Val R²=0.3171 Train R²=0.3867 Gap=0.0695  
[2025-11-29 00:54:26]     Epoch 19/100: Val R²=0.2809 Train R²=0.3865 Gap=0.1057  
[2025-11-29 01:17:53]     Epoch 20/100: Val R²=-0.6826 Train R²=0.3871 Gap=1.0697  
[2025-11-29 01:41:07]     Epoch 21/100: Val R²=0.3455 Train R²=0.3890 Gap=0.0435  
[2025-11-29 02:04:23]     Epoch 22/100: Val R²=0.3588 Train R²=0.3893 Gap=0.0305  
[2025-11-29 02:27:42]     Epoch 23/100: Val R²=0.3351 Train R²=0.3893 Gap=0.0543  
[2025-11-29 02:50:56]     Epoch 24/100: Val R²=0.3441 Train R²=0.3896 Gap=0.0455  
[2025-11-29 03:14:20]     Epoch 25/100: Val R²=0.3645 Train R²=0.3909 Gap=0.0264 ✓
[2025-11-29 03:37:37]     Epoch 26/100: Val R²=0.3507 Train R²=0.3913 Gap=0.0406  
[2025-11-29 04:01:00]     Epoch 27/100: Val R²=0.3393 Train R²=0.3912 Gap=0.0520  
[2025-11-29 04:24:10]     Epoch 28/100: Val R²=0.3545 Train R²=0.3913 Gap=0.0369  
[2025-11-29 04:39:55]     Epoch 29/100: Val R²=0.3683 Train R²=0.3914 Gap=0.0231 ✓
[2025-11-29 04:55:40]     Epoch 30/100: Val R²=0.3350 Train R²=0.3915 Gap=0.0565  
[2025-11-29 05:11:29]     Epoch 31/100: Val R²=0.3283 Train R²=0.3916 Gap=0.0634  
[2025-11-29 05:27:21]     Epoch 32/100: Val R²=0.3492 Train R²=0.3919 Gap=0.0426  
[2025-11-29 05:43:13]     Epoch 33/100: Val R²=0.3587 Train R²=0.3917 Gap=0.0330  
[2025-11-29 05:59:05]     Epoch 34/100: Val R²=0.3142 Train R²=0.3928 Gap=0.0786  
[2025-11-29 06:14:56]     Epoch 35/100: Val R²=0.3715 Train R²=0.3930 Gap=0.0215 ✓
[2025-11-29 06:29:09]     Epoch 36/100: Val R²=0.3686 Train R²=0.3926 Gap=0.0239  
[2025-11-29 06:42:58]     Epoch 37/100: Val R²=0.3729 Train R²=0.3929 Gap=0.0200 ✓
[2025-11-29 06:56:50]     Epoch 38/100: Val R²=0.3642 Train R²=0.3929 Gap=0.0287  
[2025-11-29 07:10:43]     Epoch 39/100: Val R²=0.3704 Train R²=0.3928 Gap=0.0224  
[2025-11-29 07:24:40]     Epoch 40/100: Val R²=0.3406 Train R²=0.3930 Gap=0.0524  
[2025-11-29 07:38:36]     Epoch 41/100: Val R²=0.3698 Train R²=0.3933 Gap=0.0235  
[2025-11-29 07:52:31]     Epoch 42/100: Val R²=0.3743 Train R²=0.3936 Gap=0.0192 ✓
[2025-11-29 08:06:26]     Epoch 43/100: Val R²=0.3724 Train R²=0.3937 Gap=0.0213  
[2025-11-29 08:20:24]     Epoch 44/100: Val R²=0.3735 Train R²=0.3936 Gap=0.0201  
[2025-11-29 08:34:21]     Epoch 45/100: Val R²=0.3739 Train R²=0.3937 Gap=0.0198  
[2025-11-29 08:48:20]     Epoch 46/100: Val R²=0.3719 Train R²=0.3936 Gap=0.0217  
[2025-11-29 09:02:23]     Epoch 47/100: Val R²=0.3740 Train R²=0.3941 Gap=0.0201  
[2025-11-29 09:16:22]     Epoch 48/100: Val R²=0.3752 Train R²=0.3940 Gap=0.0188 ✓
[2025-11-29 09:30:23]     Epoch 49/100: Val R²=0.3749 Train R²=0.3939 Gap=0.0190  
[2025-11-29 09:44:12]     Epoch 50/100: Val R²=0.3748 Train R²=0.3941 Gap=0.0193  
[2025-11-29 09:58:07]     Epoch 51/100: Val R²=0.3751 Train R²=0.3941 Gap=0.0190  
[2025-11-29 10:12:06]     Epoch 52/100: Val R²=0.3746 Train R²=0.3941 Gap=0.0194  
[2025-11-29 10:26:14]     Epoch 53/100: Val R²=0.3753 Train R²=0.3944 Gap=0.0191 ✓
[2025-11-29 10:40:26]     Epoch 54/100: Val R²=0.3752 Train R²=0.3941 Gap=0.0189  
[2025-11-29 10:55:01]     Epoch 55/100: Val R²=0.3751 Train R²=0.3941 Gap=0.0190  
[2025-11-29 11:10:03]     Epoch 56/100: Val R²=0.3754 Train R²=0.3942 Gap=0.0188 ✓
[2025-11-29 11:32:25]     Epoch 57/100: Val R²=0.3755 Train R²=0.3941 Gap=0.0186 ✓
[2025-11-29 11:56:18]     Epoch 58/100: Val R²=0.3753 Train R²=0.3945 Gap=0.0192  
