[2025-11-25 18:27:17] ======================================================================
[2025-11-25 18:27:17] BRUTE FORCE HYPERPARAMETER SEARCH WITH AUTO-SUBMISSION (EXHAUSTIVE MODE)
[2025-11-25 18:27:17] ======================================================================
[2025-11-25 18:27:17] Started at: 2025-11-25 18:27:17
[2025-11-25 18:27:17] Mode: FULL
[2025-11-25 18:27:17] Best R² to beat: 0.340000
[2025-11-25 18:27:17] Log file: logs/bruteforce_20251125_182717.log
[2025-11-25 18:27:17] 
[2025-11-25 18:27:17] Device Detection:
[2025-11-25 18:27:17]   PyTorch version: 2.7.1
[2025-11-25 18:27:17]   Requested: auto
[2025-11-25 18:27:17]   MPS available: ✓
[2025-11-25 18:27:17]   CUDA available: ✗
[2025-11-25 18:27:17]   Using: MPS
[2025-11-25 18:27:17] 
[2025-11-25 18:27:17] Loading data...
[2025-11-25 18:27:17] Train: 465,000 rows, 465 sequences
[2025-11-25 18:27:17] Val:   52,000 rows, 52 sequences
[2025-11-25 18:27:17] Features: 32
[2025-11-25 18:27:17] 
[2025-11-25 18:27:17] Total possible combinations (Cartesian product): 1
[2025-11-25 18:27:17] Configurations to run (cap): 1
[2025-11-25 18:27:17] Starting exhaustive brute force search...
[2025-11-25 18:27:17] 
[2025-11-25 18:27:17] 
======================================================================
[2025-11-25 18:27:17] Config 1/1 - Starting Training:
[2025-11-25 18:27:17]   Architecture:
[2025-11-25 18:27:17]     Lookback: 200, Hidden: 128, Layers: 1, Dropout: 0.1
[2025-11-25 18:27:17]     Bidirectional: True, GRU: True
[2025-11-25 18:27:17]   Output Head:
[2025-11-25 18:27:17]     FC Layers: 2, FC Hidden: 256, Activation: relu
[2025-11-25 18:27:17]     FC Dropout: 0.2, Batch Norm: True
[2025-11-25 18:27:17]   Training:
[2025-11-25 18:27:17]     Batch Size: 256, LR: 0.001, Weight Decay: 0.0001
[2025-11-25 18:27:17]     Optimizer: adam, Grad Clip: 5.0, LR Patience: 3
[2025-11-25 18:37:47]     Epoch  1/35: Val R²=0.3501 Train R²=0.3412 Gap=-0.0089 ✓
[2025-11-25 18:48:09]     Epoch  2/35: Val R²=0.3601 Train R²=0.3664 Gap=0.0063 ✓
[2025-11-25 18:58:32]     Epoch  3/35: Val R²=0.3606 Train R²=0.3715 Gap=0.0108 ✓
[2025-11-25 19:09:35]     Epoch  4/35: Val R²=0.3632 Train R²=0.3743 Gap=0.0112 ✓
[2025-11-25 19:20:39]     Epoch  5/35: Val R²=0.3637 Train R²=0.3761 Gap=0.0124 ✓
[2025-11-25 19:31:37]     Epoch  6/35: Val R²=0.3648 Train R²=0.3777 Gap=0.0129 ✓
[2025-11-25 19:42:38]     Epoch  7/35: Val R²=0.3662 Train R²=0.3789 Gap=0.0127 ✓
[2025-11-25 19:53:46]     Epoch  8/35: Val R²=0.3664 Train R²=0.3797 Gap=0.0133 ✓
[2025-11-25 20:04:47]     Epoch  9/35: Val R²=0.3648 Train R²=0.3804 Gap=0.0156  
[2025-11-25 20:15:46]     Epoch 10/35: Val R²=0.3622 Train R²=0.3811 Gap=0.0190  
[2025-11-25 20:26:45]     Epoch 11/35: Val R²=0.3658 Train R²=0.3816 Gap=0.0158  
[2025-11-25 20:37:44]     Epoch 12/35: Val R²=0.3649 Train R²=0.3821 Gap=0.0172  
[2025-11-25 20:48:42]     Epoch 13/35: Val R²=0.3707 Train R²=0.3867 Gap=0.0160 ✓
[2025-11-25 20:59:32]     Epoch 14/35: Val R²=0.3721 Train R²=0.3874 Gap=0.0153 ✓
[2025-11-25 21:10:20]     Epoch 15/35: Val R²=0.3710 Train R²=0.3877 Gap=0.0167  
[2025-11-25 21:21:10]     Epoch 16/35: Val R²=0.3714 Train R²=0.3883 Gap=0.0168  
[2025-11-25 21:32:11]     Epoch 17/35: Val R²=0.3712 Train R²=0.3884 Gap=0.0172  
[2025-11-25 21:43:19]     Epoch 18/35: Val R²=0.3722 Train R²=0.3889 Gap=0.0167 ✓
[2025-11-25 21:54:22]     Epoch 19/35: Val R²=0.3709 Train R²=0.3888 Gap=0.0179  
[2025-11-25 22:05:32]     Epoch 20/35: Val R²=0.3712 Train R²=0.3892 Gap=0.0180  
[2025-11-25 22:16:30]     Epoch 21/35: Val R²=0.3726 Train R²=0.3895 Gap=0.0169 ✓
[2025-11-25 22:27:26]     Epoch 22/35: Val R²=0.3711 Train R²=0.3896 Gap=0.0185  
[2025-11-25 22:38:14]     Epoch 23/35: Val R²=0.3696 Train R²=0.3898 Gap=0.0202  
[2025-11-25 22:49:00]     Epoch 24/35: Val R²=0.3706 Train R²=0.3901 Gap=0.0195  
[2025-11-25 22:59:47]     Epoch 25/35: Val R²=0.3678 Train R²=0.3905 Gap=0.0227  
[2025-11-25 23:10:33]     Epoch 26/35: Val R²=0.3749 Train R²=0.3933 Gap=0.0183 ✓
[2025-11-25 23:21:26]     Epoch 27/35: Val R²=0.3735 Train R²=0.3936 Gap=0.0201  
[2025-11-25 23:32:13]     Epoch 28/35: Val R²=0.3747 Train R²=0.3943 Gap=0.0195  
[2025-11-25 23:43:00]     Epoch 29/35: Val R²=0.3745 Train R²=0.3946 Gap=0.0201  
[2025-11-25 23:53:46]     Epoch 30/35: Val R²=0.3754 Train R²=0.3948 Gap=0.0194 ✓
[2025-11-26 00:04:34]     Epoch 31/35: Val R²=0.3755 Train R²=0.3950 Gap=0.0195 ✓
[2025-11-26 00:15:21]     Epoch 32/35: Val R²=0.3751 Train R²=0.3950 Gap=0.0199  
[2025-11-26 00:26:09]     Epoch 33/35: Val R²=0.3747 Train R²=0.3951 Gap=0.0204  
[2025-11-26 00:36:56]     Epoch 34/35: Val R²=0.3745 Train R²=0.3955 Gap=0.0210  
[2025-11-26 00:47:43]     Epoch 35/35: Val R²=0.3758 Train R²=0.3955 Gap=0.0197 ✓
[2025-11-26 00:47:44] 
======================================================================
[2025-11-26 00:47:44] Config 1/1 Complete:
[2025-11-26 00:47:44]   Best Val R²: 0.375804 (epoch 35)
[2025-11-26 00:47:44]   Best Global R²: 0.340000
[2025-11-26 00:47:44]   Overfitting Gap: 0.019711
[2025-11-26 00:47:44]   Parameters: 198,944
[2025-11-26 00:47:44]   Training Time: 22826.7s
[2025-11-26 00:47:44] 
🎉🎉🎉 NEW GLOBAL BEST! R² improved from 0.340000 to 0.375804
[2025-11-26 00:47:44] 
======================================================================
[2025-11-26 00:47:44] 🏆 CREATING SUBMISSION - NEW BEST MODEL!
[2025-11-26 00:47:44] ======================================================================
[2025-11-26 00:47:44]   Val R²: 0.375804
[2025-11-26 00:47:44]   Directory: ../submissions/bruteforce_r2_03758_20251125_182717_cfg1
[2025-11-26 00:47:44]   Saved model: model_best.pt
[2025-11-26 00:47:44]   Generated: solution.py
[2025-11-26 00:47:44]   Copied: utils.py
[2025-11-26 00:47:44]   Saved: metadata.json
[2025-11-26 00:47:44] ======================================================================

[2025-11-26 00:47:44]   Results saved to models/bruteforce_search_results_20251125_182717.csv
[2025-11-26 00:47:44] 
======================================================================
[2025-11-26 00:47:44] SEARCH COMPLETE
[2025-11-26 00:47:44] ======================================================================
[2025-11-26 00:47:44] Total time: 380.4 minutes
[2025-11-26 00:47:44] Successful configs: 1/1
[2025-11-26 00:47:44] Final best R²: 0.375804
[2025-11-26 00:47:44] Submissions created: 1
[2025-11-26 00:47:44] Results saved: models/bruteforce_search_results_20251125_182717.csv
[2025-11-26 00:47:44] 
[2025-11-26 00:47:44] Top 5 configurations:
[2025-11-26 00:47:44] 
 config_id  best_val_r2  overfitting_gap  lookback  hidden_size  num_layers  dropout  n_parameters
         1     0.375804         0.019711       200          128           1      0.1        198944
[2025-11-26 00:47:44] 
Submissions log saved: models/bruteforce_submissions_log.csv
[2025-11-26 00:47:44] 
Submissions created:
[2025-11-26 00:47:44]   ../submissions/bruteforce_r2_03758_20251125_182717_cfg1 (R²=0.375804)
