[2025-10-29 23:09:44] ======================================================================
[2025-10-29 23:09:44] BRUTE FORCE TRANSFORMER SEARCH
[2025-10-29 23:09:44] ======================================================================
[2025-10-29 23:09:44] Using device: mps
[2025-10-29 23:09:44] Loading data...
[2025-10-29 23:09:44] Train: 413,000 rows, 413 sequences
[2025-10-29 23:09:44] Val:   104,000 rows, 104 sequences
[2025-10-29 23:09:44] Features: 32
[2025-10-29 23:09:44] Total possible combinations (Cartesian product): 16
[2025-10-29 23:09:44] Configurations to run (cap): 16
[2025-10-29 23:09:44] Starting transformer brute force search...
[2025-10-29 23:09:44] 
======================================================================
[2025-10-29 23:09:44] Config 1/16 - Starting Training:
[2025-10-29 23:09:44]   Lookback: 50, d_model: 128, nhead: 4
[2025-10-29 23:10:20]     Epoch  1/30: Val R²=0.3212 Train R²=0.3030 Gap=-0.0181 ✓
[2025-10-29 23:10:56]     Epoch  2/30: Val R²=0.3321 Train R²=0.3464 Gap=0.0143 ✓
[2025-10-29 23:11:34]     Epoch  3/30: Val R²=0.3374 Train R²=0.3574 Gap=0.0200 ✓
[2025-10-29 23:12:13]     Epoch  4/30: Val R²=0.3410 Train R²=0.3639 Gap=0.0229 ✓
[2025-10-29 23:12:52]     Epoch  5/30: Val R²=0.3428 Train R²=0.3679 Gap=0.0251 ✓
[2025-10-29 23:13:28]     Epoch  6/30: Val R²=0.3426 Train R²=0.3713 Gap=0.0287  
