[2025-11-26 23:05:32] ======================================================================
[2025-11-26 23:05:32] BRUTE FORCE HYPERPARAMETER SEARCH WITH AUTO-SUBMISSION (EXHAUSTIVE MODE)
[2025-11-26 23:05:32] ======================================================================
[2025-11-26 23:05:32] Started at: 2025-11-26 23:05:32
[2025-11-26 23:05:32] Mode: FULL
[2025-11-26 23:05:32] Best R² to beat: 0.340000
[2025-11-26 23:05:32] Log file: logs/bruteforce_20251126_230532.log
[2025-11-26 23:05:32] 
[2025-11-26 23:05:32] Device Detection:
[2025-11-26 23:05:32]   PyTorch version: 2.7.1
[2025-11-26 23:05:32]   Requested: auto
[2025-11-26 23:05:32]   MPS available: ✓
[2025-11-26 23:05:32]   CUDA available: ✗
[2025-11-26 23:05:32]   Using: MPS
[2025-11-26 23:05:32] 
[2025-11-26 23:05:32] Loading data...
[2025-11-26 23:05:32] Train: 465,000 rows, 465 sequences
[2025-11-26 23:05:32] Val:   52,000 rows, 52 sequences
[2025-11-26 23:05:32] Features: 32
[2025-11-26 23:05:32] 
[2025-11-26 23:05:32] Total possible combinations (Cartesian product): 1
[2025-11-26 23:05:32] Configurations to run (cap): 1
[2025-11-26 23:05:32] Starting exhaustive brute force search...
[2025-11-26 23:05:32] 
[2025-11-26 23:05:32] 
======================================================================
[2025-11-26 23:05:32] Config 1/1 - Starting Training:
[2025-11-26 23:05:32]   Architecture:
[2025-11-26 23:05:32]     Lookback: 100, Hidden: 256, Layers: 2, Dropout: 0.1
[2025-11-26 23:05:32]     Bidirectional: True, GRU: True
[2025-11-26 23:05:32]   Output Head:
[2025-11-26 23:05:32]     FC Layers: 2, FC Hidden: 256, Activation: relu
[2025-11-26 23:05:32]     FC Dropout: 0.2, Batch Norm: True
[2025-11-26 23:05:32]   Training:
[2025-11-26 23:05:32]     Batch Size: 256, LR: 0.001, Weight Decay: 0.0001
[2025-11-26 23:05:32]     Optimizer: adam, Grad Clip: 5.0, LR Patience: 3
