[2025-11-20 10:20:57] ======================================================================
[2025-11-20 10:20:57] BRUTE FORCE HYPERPARAMETER SEARCH (ENC-DEC LSTM)
[2025-11-20 10:20:57] ======================================================================
[2025-11-20 10:20:57] Started at: 2025-11-20 10:20:57
[2025-11-20 10:20:57] Mode: FULL
[2025-11-20 10:20:57] Best R² to beat: 0.340000
[2025-11-20 10:20:57] Log file: logs/bruteforce_20251120_102057.log
[2025-11-20 10:20:57] 
[2025-11-20 10:20:57] Device Detection:
[2025-11-20 10:20:57]   PyTorch version: 2.7.1
[2025-11-20 10:20:57]   Requested: auto
[2025-11-20 10:20:57]   MPS available: ✓
[2025-11-20 10:20:57]   CUDA available: ✗
[2025-11-20 10:20:57]   Using: MPS
[2025-11-20 10:20:57] 
[2025-11-20 10:20:57] Loading data...
[2025-11-20 10:20:57] Train: 413,000 rows, 413 sequences
[2025-11-20 10:20:57] Val:   104,000 rows, 104 sequences
[2025-11-20 10:20:57] Features: 32
[2025-11-20 10:20:57] 
[2025-11-20 10:20:57] Total possible combinations (Cartesian product): 8,192
[2025-11-20 10:20:57] Configurations to run (cap): 100
[2025-11-20 10:20:57] Starting exhaustive brute force search...

[2025-11-20 10:20:57] 
======================================================================
[2025-11-20 10:20:57] Config 1/100 - Starting Training:
[2025-11-20 10:20:57]   Architecture:
[2025-11-20 10:20:57]     Lookback: 50, Hidden: 64, Layers: 1, Dropout: 0.1
[2025-11-20 10:20:57]     Bidirectional: True, GRU: False
[2025-11-20 10:20:57]   Output Head:
[2025-11-20 10:20:57]     FC Layers: 2, FC Hidden: 64, Activation: relu
[2025-11-20 10:20:57]     FC Dropout: 0.1, Batch Norm: True
[2025-11-20 10:20:57]   Training:
[2025-11-20 10:20:57]     Batch Size: 128, LR: 0.0001, Weight Decay: 0.0001
[2025-11-20 10:20:57]     Optimizer: adam, Grad Clip: 5.0, LR Patience: 3
