[2025-10-29 15:28:47] ======================================================================
[2025-10-29 15:28:47] BRUTE FORCE HYPERPARAMETER SEARCH WITH AUTO-SUBMISSION (EXHAUSTIVE MODE)
[2025-10-29 15:28:47] ======================================================================
[2025-10-29 15:28:47] Started at: 2025-10-29 15:28:47
[2025-10-29 15:28:47] Mode: FULL
[2025-10-29 15:28:47] Best R² to beat: 0.340000
[2025-10-29 15:28:47] Log file: logs/bruteforce_20251029_152847.log
[2025-10-29 15:28:47] 
[2025-10-29 15:28:47] Device Detection:
[2025-10-29 15:28:47]   PyTorch version: 2.7.1
[2025-10-29 15:28:47]   Requested: auto
[2025-10-29 15:28:47]   MPS available: ✓
[2025-10-29 15:28:47]   CUDA available: ✗
[2025-10-29 15:28:47]   Using: MPS
[2025-10-29 15:28:47] 
[2025-10-29 15:28:47] Loading data...
[2025-10-29 15:28:48] Train: 465,000 rows, 465 sequences
[2025-10-29 15:28:48] Val:   52,000 rows, 52 sequences
[2025-10-29 15:28:48] Features: 32
[2025-10-29 15:28:48] 
[2025-10-29 15:28:48] Total possible combinations (Cartesian product): 1
[2025-10-29 15:28:48] Configurations to run (cap): 1
[2025-10-29 15:28:48] Starting exhaustive brute force search...
[2025-10-29 15:28:48] 
[2025-10-29 15:28:48] 
======================================================================
[2025-10-29 15:28:48] Config 1/1 - Starting Training:
[2025-10-29 15:28:48]   Architecture:
[2025-10-29 15:28:48]     Lookback: 50, Hidden: 128, Layers: 1, Dropout: 0.1
[2025-10-29 15:28:48]     Bidirectional: True, GRU: True
[2025-10-29 15:28:48]   Output Head:
[2025-10-29 15:28:48]     FC Layers: 2, FC Hidden: 256, Activation: relu
[2025-10-29 15:28:48]     FC Dropout: 0.2, Batch Norm: True
[2025-10-29 15:28:48]   Training:
[2025-10-29 15:28:48]     Batch Size: 256, LR: 0.001, Weight Decay: 0.0001
[2025-10-29 15:28:48]     Optimizer: adam, Grad Clip: 5.0, LR Patience: 3
