[2025-10-19 10:46:40] ======================================================================
[2025-10-19 10:46:40] BRUTE FORCE HYPERPARAMETER SEARCH WITH AUTO-SUBMISSION
[2025-10-19 10:46:40] ======================================================================
[2025-10-19 10:46:40] Started at: 2025-10-19 10:46:40
[2025-10-19 10:46:40] Mode: FULL
[2025-10-19 10:46:40] Best R² to beat: 0.350000
[2025-10-19 10:46:40] Log file: logs/bruteforce_20251019_104640.log
[2025-10-19 10:46:40] 
[2025-10-19 10:46:40] Device Detection:
[2025-10-19 10:46:40]   PyTorch version: 2.9.0
[2025-10-19 10:46:40]   Requested: mps
[2025-10-19 10:46:40]   MPS available: ✓
[2025-10-19 10:46:40]   CUDA available: ✗
[2025-10-19 10:46:40]   Using: MPS
[2025-10-19 10:46:40] 
[2025-10-19 10:46:40] Loading data...
[2025-10-19 10:46:40] Train: 413,000 rows, 413 sequences
[2025-10-19 10:46:40] Val:   104,000 rows, 104 sequences
[2025-10-19 10:46:40] Features: 32
[2025-10-19 10:46:40] Configurations to test: 100
[2025-10-19 10:46:40] Max epochs per config: 40
[2025-10-19 10:46:40] 
[2025-10-19 10:46:40] Starting brute force search...
[2025-10-19 10:46:40] 
[2025-10-19 10:46:40] 
======================================================================
[2025-10-19 10:46:40] Config 1/100 - Starting Training:
[2025-10-19 10:46:40]   Architecture:
[2025-10-19 10:46:40]     Lookback: 50, Hidden: 128, Layers: 3, Dropout: 0.3
[2025-10-19 10:46:40]     Bidirectional: False, GRU: True
[2025-10-19 10:46:40]   Output Head:
[2025-10-19 10:46:40]     FC Layers: 2, FC Hidden: 256, Activation: relu
[2025-10-19 10:46:40]     FC Dropout: 0.0, Batch Norm: True
[2025-10-19 10:46:40]   Training:
[2025-10-19 10:46:40]     Batch Size: 256, LR: 0.0001, Weight Decay: 0
[2025-10-19 10:46:40]     Optimizer: adam, Grad Clip: 0.5, LR Patience: 3
[2025-10-19 10:49:51]     Epoch  1/40: Val R²=0.3026 Train R²=0.2928 Gap=-0.0098 ✓
[2025-10-19 10:52:38]     Epoch  2/40: Val R²=0.3156 Train R²=0.3402 Gap=0.0247 ✓
[2025-10-19 10:55:14]     Epoch  3/40: Val R²=0.3301 Train R²=0.3563 Gap=0.0262 ✓
[2025-10-19 10:57:50]     Epoch  4/40: Val R²=0.3362 Train R²=0.3665 Gap=0.0303 ✓
[2025-10-19 11:00:24]     Epoch  5/40: Val R²=0.3389 Train R²=0.3707 Gap=0.0318 ✓
[2025-10-19 11:03:01]     Epoch  6/40: Val R²=0.3416 Train R²=0.3737 Gap=0.0321 ✓
[2025-10-19 11:05:38]     Epoch  7/40: Val R²=0.3438 Train R²=0.3757 Gap=0.0319 ✓
[2025-10-19 11:08:16]     Epoch  8/40: Val R²=0.3448 Train R²=0.3779 Gap=0.0330 ✓
[2025-10-19 11:10:52]     Epoch  9/40: Val R²=0.3434 Train R²=0.3794 Gap=0.0359  
[2025-10-19 11:13:45]     Epoch 10/40: Val R²=0.3471 Train R²=0.3809 Gap=0.0338 ✓
[2025-10-19 11:16:40]     Epoch 11/40: Val R²=0.3477 Train R²=0.3825 Gap=0.0348 ✓
[2025-10-19 11:19:33]     Epoch 12/40: Val R²=0.3493 Train R²=0.3835 Gap=0.0342 ✓
[2025-10-19 11:22:09]     Epoch 13/40: Val R²=0.3499 Train R²=0.3846 Gap=0.0347 ✓
[2025-10-19 11:24:42]     Epoch 14/40: Val R²=0.3504 Train R²=0.3859 Gap=0.0355 ✓
[2025-10-19 11:27:59]     Epoch 15/40: Val R²=0.3510 Train R²=0.3867 Gap=0.0356 ✓
[2025-10-19 11:31:17]     Epoch 16/40: Val R²=0.3512 Train R²=0.3878 Gap=0.0367 ✓
[2025-10-19 11:34:37]     Epoch 17/40: Val R²=0.3513 Train R²=0.3883 Gap=0.0371 ✓
[2025-10-19 11:37:56]     Epoch 18/40: Val R²=0.3525 Train R²=0.3892 Gap=0.0367 ✓
[2025-10-19 11:41:14]     Epoch 19/40: Val R²=0.3525 Train R²=0.3900 Gap=0.0375 ✓
[2025-10-19 11:44:41]     Epoch 20/40: Val R²=0.3533 Train R²=0.3907 Gap=0.0373 ✓
[2025-10-19 11:47:58]     Epoch 21/40: Val R²=0.3531 Train R²=0.3913 Gap=0.0382  
[2025-10-19 11:50:44]     Epoch 22/40: Val R²=0.3531 Train R²=0.3920 Gap=0.0389  
[2025-10-19 11:53:32]     Epoch 23/40: Val R²=0.3532 Train R²=0.3925 Gap=0.0392  
[2025-10-19 11:56:17]     Epoch 24/40: Val R²=0.3536 Train R²=0.3931 Gap=0.0396 ✓
[2025-10-19 11:59:02]     Epoch 25/40: Val R²=0.3534 Train R²=0.3936 Gap=0.0402  
[2025-10-19 12:01:47]     Epoch 26/40: Val R²=0.3544 Train R²=0.3945 Gap=0.0401 ✓
[2025-10-19 12:04:35]     Epoch 27/40: Val R²=0.3547 Train R²=0.3953 Gap=0.0406 ✓
[2025-10-19 12:07:20]     Epoch 28/40: Val R²=0.3550 Train R²=0.3958 Gap=0.0407 ✓
[2025-10-19 12:10:03]     Epoch 29/40: Val R²=0.3548 Train R²=0.3960 Gap=0.0412  
[2025-10-19 12:12:56]     Epoch 30/40: Val R²=0.3548 Train R²=0.3966 Gap=0.0419  
[2025-10-19 12:15:48]     Epoch 31/40: Val R²=0.3550 Train R²=0.3972 Gap=0.0422  
[2025-10-19 12:18:41]     Epoch 32/40: Val R²=0.3548 Train R²=0.3978 Gap=0.0430  
[2025-10-19 12:21:35]     Epoch 33/40: Val R²=0.3559 Train R²=0.3994 Gap=0.0436 ✓
[2025-10-19 12:24:31]     Epoch 34/40: Val R²=0.3558 Train R²=0.4003 Gap=0.0445  
[2025-10-19 12:27:30]     Epoch 35/40: Val R²=0.3566 Train R²=0.4003 Gap=0.0437 ✓
[2025-10-19 12:30:29]     Epoch 36/40: Val R²=0.3562 Train R²=0.4009 Gap=0.0447  
[2025-10-19 12:33:23]     Epoch 37/40: Val R²=0.3561 Train R²=0.4013 Gap=0.0452  
[2025-10-19 12:36:16]     Epoch 38/40: Val R²=0.3557 Train R²=0.4014 Gap=0.0458  
[2025-10-19 12:39:08]     Epoch 39/40: Val R²=0.3559 Train R²=0.4016 Gap=0.0456  
[2025-10-19 12:42:03]     Epoch 40/40: Val R²=0.3562 Train R²=0.4026 Gap=0.0464  
[2025-10-19 12:42:04] 
======================================================================
[2025-10-19 12:42:04] Config 1/100 Complete:
[2025-10-19 12:42:04]   Best Val R²: 0.356624 (epoch 35)
[2025-10-19 12:42:04]   Best Global R²: 0.350000
[2025-10-19 12:42:04]   Overfitting Gap: 0.043718
[2025-10-19 12:42:04]   Parameters: 302,112
[2025-10-19 12:42:04]   Training Time: 6923.5s
[2025-10-19 12:42:04] 
🎉🎉🎉 NEW GLOBAL BEST! R² improved from 0.350000 to 0.356624
[2025-10-19 12:42:04] 
======================================================================
[2025-10-19 12:42:04] 🏆 CREATING SUBMISSION - NEW BEST MODEL!
[2025-10-19 12:42:04] ======================================================================
[2025-10-19 12:42:04]   Val R²: 0.356624
[2025-10-19 12:42:04]   Directory: ../submissions/bruteforce_r2_03566_20251019_104640_cfg1
[2025-10-19 12:42:04]   Saved model: model_best.pt
[2025-10-19 12:42:04]   Generated: solution.py
[2025-10-19 12:42:04]   Copied: utils.py
[2025-10-19 12:42:04]   Saved: metadata.json
[2025-10-19 12:42:04] ======================================================================

[2025-10-19 12:42:04]   Results saved to models/bruteforce_search_results_20251019_104640.csv
[2025-10-19 12:42:04] 
======================================================================
[2025-10-19 12:42:04] Config 2/100 - Starting Training:
[2025-10-19 12:42:04]   Architecture:
[2025-10-19 12:42:04]     Lookback: 30, Hidden: 128, Layers: 4, Dropout: 0.2
[2025-10-19 12:42:04]     Bidirectional: False, GRU: True
[2025-10-19 12:42:04]   Output Head:
[2025-10-19 12:42:04]     FC Layers: 2, FC Hidden: 64, Activation: gelu
[2025-10-19 12:42:04]     FC Dropout: 0.4, Batch Norm: True
[2025-10-19 12:42:04]   Training:
[2025-10-19 12:42:04]     Batch Size: 256, LR: 0.0005, Weight Decay: 0.0001
[2025-10-19 12:42:04]     Optimizer: adam, Grad Clip: 1.0, LR Patience: 3
[2025-10-19 12:44:31]     Epoch  1/40: Val R²=0.3148 Train R²=0.2820 Gap=-0.0328 ✓
[2025-10-19 12:46:57]     Epoch  2/40: Val R²=0.3242 Train R²=0.3320 Gap=0.0078 ✓
[2025-10-19 12:49:20]     Epoch  3/40: Val R²=0.3253 Train R²=0.3376 Gap=0.0123 ✓
[2025-10-19 12:51:44]     Epoch  4/40: Val R²=0.3316 Train R²=0.3413 Gap=0.0097 ✓
[2025-10-19 12:54:08]     Epoch  5/40: Val R²=0.3319 Train R²=0.3430 Gap=0.0112 ✓
[2025-10-19 12:56:33]     Epoch  6/40: Val R²=0.3314 Train R²=0.3454 Gap=0.0140  
[2025-10-19 12:58:58]     Epoch  7/40: Val R²=0.3357 Train R²=0.3464 Gap=0.0107 ✓
[2025-10-19 13:01:22]     Epoch  8/40: Val R²=0.3327 Train R²=0.3473 Gap=0.0146  
[2025-10-19 13:03:46]     Epoch  9/40: Val R²=0.3300 Train R²=0.3487 Gap=0.0187  
[2025-10-19 13:06:00]     Epoch 10/40: Val R²=0.3370 Train R²=0.3499 Gap=0.0130 ✓
[2025-10-19 13:08:20]     Epoch 11/40: Val R²=0.3363 Train R²=0.3499 Gap=0.0136  
[2025-10-19 13:11:17]     Epoch 12/40: Val R²=0.3359 Train R²=0.3508 Gap=0.0149  
[2025-10-19 13:14:14]     Epoch 13/40: Val R²=0.3369 Train R²=0.3511 Gap=0.0142  
[2025-10-19 13:17:12]     Epoch 14/40: Val R²=0.3392 Train R²=0.3517 Gap=0.0125 ✓
[2025-10-19 13:20:10]     Epoch 15/40: Val R²=0.3391 Train R²=0.3521 Gap=0.0129  
[2025-10-19 13:23:08]     Epoch 16/40: Val R²=0.3397 Train R²=0.3527 Gap=0.0130 ✓
[2025-10-19 13:26:04]     Epoch 17/40: Val R²=0.3376 Train R²=0.3530 Gap=0.0153  
[2025-10-19 13:28:56]     Epoch 18/40: Val R²=0.3356 Train R²=0.3532 Gap=0.0176  
[2025-10-19 13:31:38]     Epoch 19/40: Val R²=0.3409 Train R²=0.3538 Gap=0.0129 ✓
[2025-10-19 13:33:48]     Epoch 20/40: Val R²=0.3394 Train R²=0.3534 Gap=0.0140  
[2025-10-19 13:36:22]     Epoch 21/40: Val R²=0.3398 Train R²=0.3545 Gap=0.0147  
[2025-10-19 13:39:02]     Epoch 22/40: Val R²=0.3411 Train R²=0.3543 Gap=0.0132 ✓
[2025-10-19 13:41:42]     Epoch 23/40: Val R²=0.3378 Train R²=0.3548 Gap=0.0170  
[2025-10-19 13:44:12]     Epoch 24/40: Val R²=0.3389 Train R²=0.3549 Gap=0.0160  
[2025-10-19 13:46:27]     Epoch 25/40: Val R²=0.3418 Train R²=0.3552 Gap=0.0134 ✓
[2025-10-19 13:48:43]     Epoch 26/40: Val R²=0.3412 Train R²=0.3547 Gap=0.0135  
[2025-10-19 13:50:59]     Epoch 27/40: Val R²=0.3392 Train R²=0.3550 Gap=0.0158  
[2025-10-19 13:53:14]     Epoch 28/40: Val R²=0.3395 Train R²=0.3557 Gap=0.0162  
[2025-10-19 13:55:30]     Epoch 29/40: Val R²=0.3406 Train R²=0.3559 Gap=0.0153  
[2025-10-19 13:57:46]     Epoch 30/40: Val R²=0.3448 Train R²=0.3592 Gap=0.0145 ✓
[2025-10-19 14:00:03]     Epoch 31/40: Val R²=0.3446 Train R²=0.3595 Gap=0.0148  
[2025-10-19 14:02:49]     Epoch 32/40: Val R²=0.3445 Train R²=0.3598 Gap=0.0152  
[2025-10-19 14:05:33]     Epoch 33/40: Val R²=0.3453 Train R²=0.3600 Gap=0.0147 ✓
[2025-10-19 14:08:12]     Epoch 34/40: Val R²=0.3440 Train R²=0.3595 Gap=0.0155  
[2025-10-19 14:10:39]     Epoch 35/40: Val R²=0.3442 Train R²=0.3597 Gap=0.0155  
[2025-10-19 14:13:06]     Epoch 36/40: Val R²=0.3439 Train R²=0.3601 Gap=0.0162  
[2025-10-19 14:15:33]     Epoch 37/40: Val R²=0.3445 Train R²=0.3599 Gap=0.0154  
[2025-10-19 14:18:03]     Epoch 38/40: Val R²=0.3474 Train R²=0.3619 Gap=0.0145 ✓
[2025-10-19 14:20:51]     Epoch 39/40: Val R²=0.3462 Train R²=0.3625 Gap=0.0163  
[2025-10-19 14:23:44]     Epoch 40/40: Val R²=0.3472 Train R²=0.3629 Gap=0.0157  
[2025-10-19 14:23:45] 
======================================================================
[2025-10-19 14:23:45] Config 2/100 Complete:
[2025-10-19 14:23:45]   Best Val R²: 0.347412 (epoch 38)
[2025-10-19 14:23:45]   Best Global R²: 0.356624
[2025-10-19 14:23:45]   Overfitting Gap: 0.014498
[2025-10-19 14:23:45]   Parameters: 369,888
[2025-10-19 14:23:45]   Training Time: 6101.1s
[2025-10-19 14:23:45]   Not better than global best (0.356624)
[2025-10-19 14:23:45]   Results saved to models/bruteforce_search_results_20251019_104640.csv
[2025-10-19 14:23:45] 
======================================================================
[2025-10-19 14:23:45] Config 3/100 - Starting Training:
[2025-10-19 14:23:45]   Architecture:
[2025-10-19 14:23:45]     Lookback: 20, Hidden: 128, Layers: 4, Dropout: 0.3
[2025-10-19 14:23:45]     Bidirectional: False, GRU: True
[2025-10-19 14:23:45]   Output Head:
[2025-10-19 14:23:45]     FC Layers: 3, FC Hidden: 256, Activation: relu
[2025-10-19 14:23:45]     FC Dropout: 0.4, Batch Norm: True
[2025-10-19 14:23:45]   Training:
[2025-10-19 14:23:45]     Batch Size: 256, LR: 0.005, Weight Decay: 0.001
[2025-10-19 14:23:45]     Optimizer: adam, Grad Clip: 0.5, LR Patience: 3
[2025-10-19 14:25:52]     Epoch  1/40: Val R²=-0.1452 Train R²=0.2689 Gap=0.4140 ✓
[2025-10-19 14:28:00]     Epoch  2/40: Val R²=0.0625 Train R²=0.2768 Gap=0.2143 ✓
[2025-10-19 14:30:05]     Epoch  3/40: Val R²=0.2118 Train R²=0.2829 Gap=0.0711 ✓
[2025-10-19 14:32:11]     Epoch  4/40: Val R²=0.0387 Train R²=0.2862 Gap=0.2475  
[2025-10-19 14:34:15]     Epoch  5/40: Val R²=-0.2003 Train R²=0.2858 Gap=0.4861  
[2025-10-19 14:36:26]     Epoch  6/40: Val R²=-0.4811 Train R²=0.2860 Gap=0.7672  
[2025-10-19 14:38:37]     Epoch  7/40: Val R²=-1.2445 Train R²=0.2872 Gap=1.5317  
[2025-10-19 14:40:47]     Epoch  8/40: Val R²=0.1899 Train R²=0.3012 Gap=0.1112  
[2025-10-19 14:42:33]     Epoch  9/40: Val R²=0.1599 Train R²=0.3030 Gap=0.1431  
[2025-10-19 14:44:19]     Epoch 10/40: Val R²=-0.1813 Train R²=0.3027 Gap=0.4840  
[2025-10-19 14:44:19]     Early stopped at epoch 10
[2025-10-19 14:44:19] 
======================================================================
[2025-10-19 14:44:19] Config 3/100 Complete:
[2025-10-19 14:44:19]   Best Val R²: 0.211795 (epoch 3)
[2025-10-19 14:44:19]   Best Global R²: 0.356624
[2025-10-19 14:44:19]   Overfitting Gap: 0.071056
[2025-10-19 14:44:19]   Parameters: 467,488
[2025-10-19 14:44:19]   Training Time: 1234.3s
[2025-10-19 14:44:19]   Not better than global best (0.356624)
[2025-10-19 14:44:19]   Results saved to models/bruteforce_search_results_20251019_104640.csv
[2025-10-19 14:44:19] 
======================================================================
[2025-10-19 14:44:19] Config 4/100 - Starting Training:
[2025-10-19 14:44:19]   Architecture:
[2025-10-19 14:44:19]     Lookback: 50, Hidden: 128, Layers: 4, Dropout: 0.1
[2025-10-19 14:44:19]     Bidirectional: False, GRU: True
[2025-10-19 14:44:19]   Output Head:
[2025-10-19 14:44:19]     FC Layers: 3, FC Hidden: 128, Activation: tanh
[2025-10-19 14:44:19]     FC Dropout: 0.3, Batch Norm: True
[2025-10-19 14:44:19]   Training:
[2025-10-19 14:44:19]     Batch Size: 256, LR: 0.001, Weight Decay: 0.0001
[2025-10-19 14:44:19]     Optimizer: adam, Grad Clip: 1.0, LR Patience: 3
[2025-10-19 14:48:29]     Epoch  1/40: Val R²=0.3116 Train R²=0.3096 Gap=-0.0021 ✓
[2025-10-19 14:52:35]     Epoch  2/40: Val R²=0.3208 Train R²=0.3455 Gap=0.0247 ✓
[2025-10-19 14:56:46]     Epoch  3/40: Val R²=0.3252 Train R²=0.3506 Gap=0.0254 ✓
[2025-10-19 15:00:55]     Epoch  4/40: Val R²=0.3266 Train R²=0.3537 Gap=0.0271 ✓
[2025-10-19 15:05:02]     Epoch  5/40: Val R²=0.3202 Train R²=0.3559 Gap=0.0357  
[2025-10-19 15:09:10]     Epoch  6/40: Val R²=0.3108 Train R²=0.3574 Gap=0.0466  
[2025-10-19 15:13:21]     Epoch  7/40: Val R²=0.3202 Train R²=0.3578 Gap=0.0377  
[2025-10-19 15:17:28]     Epoch  8/40: Val R²=0.3276 Train R²=0.3586 Gap=0.0311 ✓
[2025-10-19 15:21:37]     Epoch  9/40: Val R²=0.3308 Train R²=0.3597 Gap=0.0289 ✓
[2025-10-19 15:25:48]     Epoch 10/40: Val R²=0.3281 Train R²=0.3606 Gap=0.0326  
[2025-10-19 15:30:00]     Epoch 11/40: Val R²=0.3274 Train R²=0.3607 Gap=0.0333  
[2025-10-19 15:34:10]     Epoch 12/40: Val R²=0.3049 Train R²=0.3611 Gap=0.0562  
[2025-10-19 15:38:18]     Epoch 13/40: Val R²=0.3383 Train R²=0.3614 Gap=0.0231 ✓
[2025-10-19 15:42:25]     Epoch 14/40: Val R²=0.3184 Train R²=0.3618 Gap=0.0434  
[2025-10-19 15:46:18]     Epoch 15/40: Val R²=0.3182 Train R²=0.3618 Gap=0.0436  
[2025-10-19 15:50:14]     Epoch 16/40: Val R²=0.3294 Train R²=0.3621 Gap=0.0327  
[2025-10-19 15:54:08]     Epoch 17/40: Val R²=0.2944 Train R²=0.3620 Gap=0.0676  
[2025-10-19 15:58:07]     Epoch 18/40: Val R²=0.3431 Train R²=0.3676 Gap=0.0246 ✓
[2025-10-19 16:02:01]     Epoch 19/40: Val R²=0.3285 Train R²=0.3680 Gap=0.0396  
[2025-10-19 16:05:52]     Epoch 20/40: Val R²=0.3321 Train R²=0.3683 Gap=0.0362  
[2025-10-19 16:09:43]     Epoch 21/40: Val R²=0.3285 Train R²=0.3687 Gap=0.0401  
[2025-10-19 16:13:35]     Epoch 22/40: Val R²=0.3278 Train R²=0.3685 Gap=0.0407  
[2025-10-19 16:17:27]     Epoch 23/40: Val R²=0.3413 Train R²=0.3719 Gap=0.0305  
[2025-10-19 16:21:30]     Epoch 24/40: Val R²=0.3396 Train R²=0.3723 Gap=0.0327  
[2025-10-19 16:25:26]     Epoch 25/40: Val R²=0.3478 Train R²=0.3724 Gap=0.0245 ✓
[2025-10-19 16:29:27]     Epoch 26/40: Val R²=0.3436 Train R²=0.3728 Gap=0.0291  
[2025-10-19 16:33:29]     Epoch 27/40: Val R²=0.3470 Train R²=0.3728 Gap=0.0258  
[2025-10-19 16:37:22]     Epoch 28/40: Val R²=0.3336 Train R²=0.3733 Gap=0.0397  
[2025-10-19 16:42:45]     Epoch 29/40: Val R²=0.3423 Train R²=0.3732 Gap=0.0309  
[2025-10-19 16:48:01]     Epoch 30/40: Val R²=0.3491 Train R²=0.3755 Gap=0.0263 ✓
[2025-10-19 16:52:28]     Epoch 31/40: Val R²=0.3437 Train R²=0.3755 Gap=0.0318  
[2025-10-19 16:56:50]     Epoch 32/40: Val R²=0.3443 Train R²=0.3757 Gap=0.0314  
[2025-10-19 17:01:17]     Epoch 33/40: Val R²=0.3451 Train R²=0.3754 Gap=0.0304  
[2025-10-19 17:06:03]     Epoch 34/40: Val R²=0.3354 Train R²=0.3757 Gap=0.0403  
[2025-10-19 17:11:01]     Epoch 35/40: Val R²=0.3511 Train R²=0.3768 Gap=0.0257 ✓
[2025-10-19 17:15:36]     Epoch 36/40: Val R²=0.3494 Train R²=0.3774 Gap=0.0280  
[2025-10-19 17:20:11]     Epoch 37/40: Val R²=0.3517 Train R²=0.3777 Gap=0.0260 ✓
[2025-10-19 17:24:40]     Epoch 38/40: Val R²=0.3512 Train R²=0.3777 Gap=0.0265  
[2025-10-19 17:29:16]     Epoch 39/40: Val R²=0.3499 Train R²=0.3768 Gap=0.0270  
[2025-10-19 17:33:46]     Epoch 40/40: Val R²=0.3517 Train R²=0.3777 Gap=0.0260  
[2025-10-19 17:33:46] 
======================================================================
[2025-10-19 17:33:46] Config 4/100 Complete:
[2025-10-19 17:33:46]   Best Val R²: 0.351693 (epoch 37)
[2025-10-19 17:33:46]   Best Global R²: 0.356624
[2025-10-19 17:33:46]   Overfitting Gap: 0.026039
[2025-10-19 17:33:46]   Parameters: 397,088
[2025-10-19 17:33:46]   Training Time: 10167.4s
[2025-10-19 17:33:46]   Not better than global best (0.356624)
[2025-10-19 17:33:46]   Results saved to models/bruteforce_search_results_20251019_104640.csv
[2025-10-19 17:33:46] 
======================================================================
[2025-10-19 17:33:46] Config 5/100 - Starting Training:
[2025-10-19 17:33:46]   Architecture:
[2025-10-19 17:33:46]     Lookback: 30, Hidden: 256, Layers: 3, Dropout: 0.2
[2025-10-19 17:33:46]     Bidirectional: False, GRU: True
[2025-10-19 17:33:46]   Output Head:
[2025-10-19 17:33:46]     FC Layers: 3, FC Hidden: 256, Activation: gelu
[2025-10-19 17:33:46]     FC Dropout: 0.2, Batch Norm: True
[2025-10-19 17:33:46]   Training:
[2025-10-19 17:33:46]     Batch Size: 256, LR: 0.0005, Weight Decay: 0
[2025-10-19 17:33:46]     Optimizer: adamw, Grad Clip: 1.0, LR Patience: 3
[2025-10-19 17:37:06]     Epoch  1/40: Val R²=0.3324 Train R²=0.3325 Gap=0.0002 ✓
[2025-10-19 17:40:19]     Epoch  2/40: Val R²=0.3422 Train R²=0.3665 Gap=0.0243 ✓
[2025-10-19 17:43:15]     Epoch  3/40: Val R²=0.3465 Train R²=0.3744 Gap=0.0278 ✓
[2025-10-19 17:46:10]     Epoch  4/40: Val R²=0.3477 Train R²=0.3805 Gap=0.0328 ✓
[2025-10-19 17:49:05]     Epoch  5/40: Val R²=0.3514 Train R²=0.3846 Gap=0.0332 ✓
[2025-10-19 17:52:00]     Epoch  6/40: Val R²=0.3505 Train R²=0.3889 Gap=0.0384  
[2025-10-19 17:54:57]     Epoch  7/40: Val R²=0.3521 Train R²=0.3931 Gap=0.0410 ✓
[2025-10-19 17:58:20]     Epoch  8/40: Val R²=0.3504 Train R²=0.3978 Gap=0.0474  
[2025-10-19 18:01:40]     Epoch  9/40: Val R²=0.3510 Train R²=0.4032 Gap=0.0523  
[2025-10-19 18:04:41]     Epoch 10/40: Val R²=0.3463 Train R²=0.4088 Gap=0.0626  
[2025-10-19 18:07:32]     Epoch 11/40: Val R²=0.3437 Train R²=0.4156 Gap=0.0719  
[2025-10-19 18:10:25]     Epoch 12/40: Val R²=0.3396 Train R²=0.4319 Gap=0.0924  
[2025-10-19 18:13:17]     Epoch 13/40: Val R²=0.3332 Train R²=0.4406 Gap=0.1074  
[2025-10-19 18:16:05]     Epoch 14/40: Val R²=0.3309 Train R²=0.4460 Gap=0.1151  
[2025-10-19 18:16:05]     Early stopped at epoch 14
[2025-10-19 18:16:05] 
======================================================================
[2025-10-19 18:16:05] Config 5/100 Complete:
[2025-10-19 18:16:05]   Best Val R²: 0.352123 (epoch 7)
[2025-10-19 18:16:05]   Best Global R²: 0.356624
[2025-10-19 18:16:05]   Overfitting Gap: 0.040953
[2025-10-19 18:16:05]   Parameters: 1,153,056
[2025-10-19 18:16:05]   Training Time: 2538.6s
[2025-10-19 18:16:05]   Not better than global best (0.356624)
[2025-10-19 18:16:05]   Results saved to models/bruteforce_search_results_20251019_104640.csv
[2025-10-19 18:16:05] 
======================================================================
[2025-10-19 18:16:05] Config 6/100 - Starting Training:
[2025-10-19 18:16:05]   Architecture:
[2025-10-19 18:16:05]     Lookback: 5, Hidden: 128, Layers: 4, Dropout: 0.2
[2025-10-19 18:16:05]     Bidirectional: False, GRU: True
[2025-10-19 18:16:05]   Output Head:
[2025-10-19 18:16:05]     FC Layers: 3, FC Hidden: 64, Activation: tanh
[2025-10-19 18:16:05]     FC Dropout: 0.2, Batch Norm: True
[2025-10-19 18:16:05]   Training:
[2025-10-19 18:16:05]     Batch Size: 256, LR: 0.005, Weight Decay: 0.01
[2025-10-19 18:16:05]     Optimizer: adamw, Grad Clip: 5.0, LR Patience: 3
[2025-10-19 18:16:45]     Epoch  1/40: Val R²=0.2906 Train R²=0.3007 Gap=0.0100 ✓
[2025-10-19 18:17:24]     Epoch  2/40: Val R²=0.2931 Train R²=0.3182 Gap=0.0251 ✓
[2025-10-19 18:18:03]     Epoch  3/40: Val R²=0.2977 Train R²=0.3173 Gap=0.0196 ✓
[2025-10-19 18:18:41]     Epoch  4/40: Val R²=0.2955 Train R²=0.3174 Gap=0.0219  
[2025-10-19 18:19:20]     Epoch  5/40: Val R²=0.2972 Train R²=0.3174 Gap=0.0202  
[2025-10-19 18:20:00]     Epoch  6/40: Val R²=0.2965 Train R²=0.3159 Gap=0.0193  
[2025-10-19 18:20:37]     Epoch  7/40: Val R²=0.2961 Train R²=0.3167 Gap=0.0206  
[2025-10-19 18:21:17]     Epoch  8/40: Val R²=0.3041 Train R²=0.3231 Gap=0.0189 ✓
[2025-10-19 18:21:55]     Epoch  9/40: Val R²=0.3072 Train R²=0.3266 Gap=0.0195 ✓
[2025-10-19 18:22:34]     Epoch 10/40: Val R²=0.3065 Train R²=0.3287 Gap=0.0223  
[2025-10-19 18:23:13]     Epoch 11/40: Val R²=0.3040 Train R²=0.3301 Gap=0.0261  
[2025-10-19 18:23:52]     Epoch 12/40: Val R²=0.3094 Train R²=0.3313 Gap=0.0219 ✓
[2025-10-19 18:24:30]     Epoch 13/40: Val R²=0.3099 Train R²=0.3318 Gap=0.0219 ✓
[2025-10-19 18:25:10]     Epoch 14/40: Val R²=0.3108 Train R²=0.3331 Gap=0.0223 ✓
[2025-10-19 18:25:48]     Epoch 15/40: Val R²=0.3098 Train R²=0.3334 Gap=0.0237  
[2025-10-19 18:26:27]     Epoch 16/40: Val R²=0.3096 Train R²=0.3338 Gap=0.0243  
[2025-10-19 18:27:07]     Epoch 17/40: Val R²=0.3112 Train R²=0.3352 Gap=0.0240 ✓
[2025-10-19 18:27:46]     Epoch 18/40: Val R²=0.3120 Train R²=0.3354 Gap=0.0234 ✓
[2025-10-19 18:28:26]     Epoch 19/40: Val R²=0.3138 Train R²=0.3355 Gap=0.0217 ✓
[2025-10-19 18:29:06]     Epoch 20/40: Val R²=0.3143 Train R²=0.3365 Gap=0.0223 ✓
[2025-10-19 18:29:46]     Epoch 21/40: Val R²=0.3142 Train R²=0.3371 Gap=0.0229  
[2025-10-19 18:30:27]     Epoch 22/40: Val R²=0.3143 Train R²=0.3367 Gap=0.0224 ✓
[2025-10-19 18:31:07]     Epoch 23/40: Val R²=0.3134 Train R²=0.3374 Gap=0.0240  
[2025-10-19 18:31:46]     Epoch 24/40: Val R²=0.3154 Train R²=0.3379 Gap=0.0225 ✓
[2025-10-19 18:32:27]     Epoch 25/40: Val R²=0.3146 Train R²=0.3376 Gap=0.0230  
[2025-10-19 18:33:07]     Epoch 26/40: Val R²=0.3159 Train R²=0.3384 Gap=0.0225 ✓
[2025-10-19 18:33:47]     Epoch 27/40: Val R²=0.3150 Train R²=0.3387 Gap=0.0237  
[2025-10-19 18:34:27]     Epoch 28/40: Val R²=0.3163 Train R²=0.3394 Gap=0.0231 ✓
[2025-10-19 18:35:08]     Epoch 29/40: Val R²=0.3116 Train R²=0.3393 Gap=0.0277  
[2025-10-19 18:35:47]     Epoch 30/40: Val R²=0.3154 Train R²=0.3399 Gap=0.0245  
[2025-10-19 18:36:27]     Epoch 31/40: Val R²=0.3166 Train R²=0.3399 Gap=0.0233 ✓
[2025-10-19 18:37:08]     Epoch 32/40: Val R²=0.3163 Train R²=0.3398 Gap=0.0235  
[2025-10-19 18:37:47]     Epoch 33/40: Val R²=0.3138 Train R²=0.3405 Gap=0.0267  
[2025-10-19 18:38:27]     Epoch 34/40: Val R²=0.3156 Train R²=0.3408 Gap=0.0252  
[2025-10-19 18:39:08]     Epoch 35/40: Val R²=0.3161 Train R²=0.3408 Gap=0.0247  
[2025-10-19 18:39:48]     Epoch 36/40: Val R²=0.3214 Train R²=0.3452 Gap=0.0238 ✓
[2025-10-19 18:40:29]     Epoch 37/40: Val R²=0.3212 Train R²=0.3475 Gap=0.0263  
[2025-10-19 18:41:09]     Epoch 38/40: Val R²=0.3203 Train R²=0.3490 Gap=0.0287  
[2025-10-19 18:41:48]     Epoch 39/40: Val R²=0.3236 Train R²=0.3493 Gap=0.0257 ✓
[2025-10-19 18:42:28]     Epoch 40/40: Val R²=0.3226 Train R²=0.3501 Gap=0.0275  
[2025-10-19 18:42:28] 
======================================================================
[2025-10-19 18:42:28] Config 6/100 Complete:
[2025-10-19 18:42:28]   Best Val R²: 0.323591 (epoch 39)
[2025-10-19 18:42:28]   Best Global R²: 0.356624
[2025-10-19 18:42:28]   Overfitting Gap: 0.025739
[2025-10-19 18:42:28]   Parameters: 374,176
[2025-10-19 18:42:28]   Training Time: 1582.7s
[2025-10-19 18:42:28]   Not better than global best (0.356624)
[2025-10-19 18:42:28]   Results saved to models/bruteforce_search_results_20251019_104640.csv
[2025-10-19 18:42:28] 
======================================================================
[2025-10-19 18:42:28] Config 7/100 - Starting Training:
[2025-10-19 18:42:28]   Architecture:
[2025-10-19 18:42:28]     Lookback: 10, Hidden: 256, Layers: 4, Dropout: 0.1
[2025-10-19 18:42:28]     Bidirectional: False, GRU: True
[2025-10-19 18:42:28]   Output Head:
[2025-10-19 18:42:28]     FC Layers: 2, FC Hidden: 256, Activation: relu
[2025-10-19 18:42:28]     FC Dropout: 0.4, Batch Norm: True
[2025-10-19 18:42:28]   Training:
[2025-10-19 18:42:28]     Batch Size: 256, LR: 0.002, Weight Decay: 0.01
[2025-10-19 18:42:28]     Optimizer: adam, Grad Clip: 1.0, LR Patience: 3
[2025-10-19 18:43:52]     Epoch  1/40: Val R²=0.2047 Train R²=0.2345 Gap=0.0298 ✓
[2025-10-19 18:45:15]     Epoch  2/40: Val R²=0.2081 Train R²=0.2336 Gap=0.0255 ✓
[2025-10-19 18:46:37]     Epoch  3/40: Val R²=0.2022 Train R²=0.2335 Gap=0.0313  
[2025-10-19 18:48:00]     Epoch  4/40: Val R²=0.2064 Train R²=0.2333 Gap=0.0269  
[2025-10-19 18:49:22]     Epoch  5/40: Val R²=0.2077 Train R²=0.2328 Gap=0.0251  
[2025-10-19 18:50:44]     Epoch  6/40: Val R²=0.2101 Train R²=0.2328 Gap=0.0228 ✓
[2025-10-19 18:52:07]     Epoch  7/40: Val R²=0.1952 Train R²=0.2327 Gap=0.0376  
[2025-10-19 18:53:28]     Epoch  8/40: Val R²=0.2113 Train R²=0.2325 Gap=0.0213 ✓
[2025-10-19 18:54:50]     Epoch  9/40: Val R²=0.2040 Train R²=0.2320 Gap=0.0280  
[2025-10-19 18:56:14]     Epoch 10/40: Val R²=0.2081 Train R²=0.2323 Gap=0.0242  
[2025-10-19 18:57:36]     Epoch 11/40: Val R²=0.2065 Train R²=0.2320 Gap=0.0255  
[2025-10-19 18:58:57]     Epoch 12/40: Val R²=0.2052 Train R²=0.2324 Gap=0.0272  
[2025-10-19 19:00:13]     Epoch 13/40: Val R²=0.2037 Train R²=0.2344 Gap=0.0307  
[2025-10-19 19:01:34]     Epoch 14/40: Val R²=0.2078 Train R²=0.2348 Gap=0.0270  
[2025-10-19 19:02:57]     Epoch 15/40: Val R²=0.2084 Train R²=0.2347 Gap=0.0263  
[2025-10-19 19:02:57]     Early stopped at epoch 15
[2025-10-19 19:02:57] 
======================================================================
[2025-10-19 19:02:57] Config 7/100 Complete:
[2025-10-19 19:02:57]   Best Val R²: 0.211257 (epoch 8)
[2025-10-19 19:02:57]   Best Global R²: 0.356624
[2025-10-19 19:02:57]   Overfitting Gap: 0.021265
[2025-10-19 19:02:57]   Parameters: 1,481,504
[2025-10-19 19:02:57]   Training Time: 1229.7s
[2025-10-19 19:02:57]   Not better than global best (0.356624)
[2025-10-19 19:02:57]   Results saved to models/bruteforce_search_results_20251019_104640.csv
[2025-10-19 19:02:57] 
======================================================================
[2025-10-19 19:02:57] Config 8/100 - Starting Training:
[2025-10-19 19:02:57]   Architecture:
[2025-10-19 19:02:57]     Lookback: 50, Hidden: 256, Layers: 4, Dropout: 0.3
[2025-10-19 19:02:57]     Bidirectional: False, GRU: True
[2025-10-19 19:02:57]   Output Head:
[2025-10-19 19:02:57]     FC Layers: 3, FC Hidden: 64, Activation: tanh
[2025-10-19 19:02:57]     FC Dropout: 0.0, Batch Norm: True
[2025-10-19 19:02:57]   Training:
[2025-10-19 19:02:57]     Batch Size: 256, LR: 0.005, Weight Decay: 0
[2025-10-19 19:02:57]     Optimizer: adam, Grad Clip: 1.0, LR Patience: 3
[2025-10-19 19:09:24]     Epoch  1/40: Val R²=0.2954 Train R²=0.3239 Gap=0.0285 ✓
[2025-10-19 19:15:54]     Epoch  2/40: Val R²=0.2721 Train R²=0.3020 Gap=0.0299  
[2025-10-19 19:22:29]     Epoch  3/40: Val R²=0.2788 Train R²=0.3144 Gap=0.0356  
[2025-10-19 19:28:32]     Epoch  4/40: Val R²=0.2843 Train R²=0.3218 Gap=0.0375  
[2025-10-19 19:37:19]     Epoch  5/40: Val R²=0.2822 Train R²=0.3215 Gap=0.0393  
[2025-10-19 19:45:59]     Epoch  6/40: Val R²=0.2844 Train R²=0.3216 Gap=0.0372  
[2025-10-19 19:54:21]     Epoch  7/40: Val R²=0.2880 Train R²=0.3264 Gap=0.0384  
[2025-10-19 20:01:37]     Epoch  8/40: Val R²=0.2901 Train R²=0.3295 Gap=0.0393  
[2025-10-19 20:01:37]     Early stopped at epoch 8
[2025-10-19 20:01:37] 
======================================================================
[2025-10-19 20:01:37] Config 8/100 Complete:
[2025-10-19 20:01:37]   Best Val R²: 0.295358 (epoch 1)
[2025-10-19 20:01:37]   Best Global R²: 0.356624
[2025-10-19 20:01:37]   Overfitting Gap: 0.028523
[2025-10-19 20:01:37]   Parameters: 1,429,920
[2025-10-19 20:01:37]   Training Time: 3519.8s
[2025-10-19 20:01:37]   Not better than global best (0.356624)
[2025-10-19 20:01:37]   Results saved to models/bruteforce_search_results_20251019_104640.csv
[2025-10-19 20:01:37] 
======================================================================
[2025-10-19 20:01:37] Config 9/100 - Starting Training:
[2025-10-19 20:01:37]   Architecture:
[2025-10-19 20:01:37]     Lookback: 15, Hidden: 128, Layers: 3, Dropout: 0.5
[2025-10-19 20:01:37]     Bidirectional: False, GRU: True
[2025-10-19 20:01:37]   Output Head:
[2025-10-19 20:01:37]     FC Layers: 2, FC Hidden: 64, Activation: tanh
[2025-10-19 20:01:37]     FC Dropout: 0.3, Batch Norm: True
[2025-10-19 20:01:37]   Training:
[2025-10-19 20:01:37]     Batch Size: 256, LR: 0.0005, Weight Decay: 0
[2025-10-19 20:01:37]     Optimizer: adamw, Grad Clip: None, LR Patience: 3
[2025-10-19 20:02:49]     Epoch  1/40: Val R²=0.3074 Train R²=0.2846 Gap=-0.0228 ✓
[2025-10-19 20:03:59]     Epoch  2/40: Val R²=0.3215 Train R²=0.3331 Gap=0.0116 ✓
[2025-10-19 20:05:10]     Epoch  3/40: Val R²=0.3271 Train R²=0.3417 Gap=0.0146 ✓
[2025-10-19 20:06:21]     Epoch  4/40: Val R²=0.3325 Train R²=0.3469 Gap=0.0145 ✓
[2025-10-19 20:07:30]     Epoch  5/40: Val R²=0.3340 Train R²=0.3508 Gap=0.0168 ✓
[2025-10-19 20:08:39]     Epoch  6/40: Val R²=0.3360 Train R²=0.3539 Gap=0.0180 ✓
[2025-10-19 20:09:47]     Epoch  7/40: Val R²=0.3383 Train R²=0.3559 Gap=0.0176 ✓
[2025-10-19 20:10:57]     Epoch  8/40: Val R²=0.3386 Train R²=0.3582 Gap=0.0197 ✓
[2025-10-19 20:12:07]     Epoch  9/40: Val R²=0.3396 Train R²=0.3594 Gap=0.0198 ✓
[2025-10-19 20:13:16]     Epoch 10/40: Val R²=0.3406 Train R²=0.3607 Gap=0.0200 ✓
[2025-10-19 20:14:26]     Epoch 11/40: Val R²=0.3431 Train R²=0.3626 Gap=0.0195 ✓
[2025-10-19 20:15:36]     Epoch 12/40: Val R²=0.3421 Train R²=0.3637 Gap=0.0216  
[2025-10-19 20:16:46]     Epoch 13/40: Val R²=0.3421 Train R²=0.3646 Gap=0.0225  
[2025-10-19 20:17:57]     Epoch 14/40: Val R²=0.3431 Train R²=0.3656 Gap=0.0225 ✓
[2025-10-19 20:18:58]     Epoch 15/40: Val R²=0.3442 Train R²=0.3668 Gap=0.0225 ✓
[2025-10-19 20:19:59]     Epoch 16/40: Val R²=0.3443 Train R²=0.3678 Gap=0.0235 ✓
[2025-10-19 20:21:01]     Epoch 17/40: Val R²=0.3437 Train R²=0.3683 Gap=0.0247  
[2025-10-19 20:22:02]     Epoch 18/40: Val R²=0.3432 Train R²=0.3696 Gap=0.0264  
[2025-10-19 20:23:05]     Epoch 19/40: Val R²=0.3422 Train R²=0.3703 Gap=0.0281  
[2025-10-19 20:24:06]     Epoch 20/40: Val R²=0.3449 Train R²=0.3713 Gap=0.0264 ✓
[2025-10-19 20:25:07]     Epoch 21/40: Val R²=0.3426 Train R²=0.3717 Gap=0.0292  
[2025-10-19 20:26:08]     Epoch 22/40: Val R²=0.3426 Train R²=0.3725 Gap=0.0299  
[2025-10-19 20:27:10]     Epoch 23/40: Val R²=0.3415 Train R²=0.3739 Gap=0.0323  
[2025-10-19 20:28:15]     Epoch 24/40: Val R²=0.3420 Train R²=0.3746 Gap=0.0326  
