[2025-11-29 21:48:51] ======================================================================
[2025-11-29 21:48:51] BRUTE FORCE HYPERPARAMETER SEARCH WITH AUTO-SUBMISSION (EXHAUSTIVE MODE)
[2025-11-29 21:48:51] ======================================================================
[2025-11-29 21:48:51] Started at: 2025-11-29 21:48:51
[2025-11-29 21:48:51] Mode: FULL
[2025-11-29 21:48:51] Best R² to beat: 0.340000
[2025-11-29 21:48:51] Log file: logs/bruteforce_20251129_214851.log
[2025-11-29 21:48:51] 
[2025-11-29 21:48:51] Device Detection:
[2025-11-29 21:48:51]   PyTorch version: 2.7.1
[2025-11-29 21:48:51]   Requested: auto
[2025-11-29 21:48:51]   MPS available: ✓
[2025-11-29 21:48:51]   CUDA available: ✗
[2025-11-29 21:48:51]   Using: MPS
[2025-11-29 21:48:51] 
[2025-11-29 21:48:51] Loading data...
[2025-11-29 21:48:51] Train: 465,000 rows, 465 sequences
[2025-11-29 21:48:51] Val:   52,000 rows, 52 sequences
[2025-11-29 21:48:51] Features: 32
[2025-11-29 21:48:51] 
[2025-11-29 21:48:51] Total possible combinations (Cartesian product): 1
[2025-11-29 21:48:51] Configurations to run (cap): 1
[2025-11-29 21:48:51] Starting exhaustive brute force search...
[2025-11-29 21:48:51] 
[2025-11-29 21:48:51] 
======================================================================
[2025-11-29 21:48:51] Config 1/1 - Starting Training:
[2025-11-29 21:48:51]   Architecture:
[2025-11-29 21:48:51]     Lookback: 100, Hidden: 256, Layers: 1, Dropout: 0.1
[2025-11-29 21:48:51]     Bidirectional: True, GRU: True
[2025-11-29 21:48:51]   Output Head:
[2025-11-29 21:48:51]     FC Layers: 3, FC Hidden: 640, Activation: relu
[2025-11-29 21:48:51]     FC Dropout: 0.2, Batch Norm: True
[2025-11-29 21:48:51]   Training:
[2025-11-29 21:48:51]     Batch Size: 64, LR: 0.001, Weight Decay: 0.0001
[2025-11-29 21:48:51]     Optimizer: adam, Grad Clip: 5.0, LR Patience: 3
[2025-11-29 22:14:24]     Epoch  1/100: Val R²=0.3447 Train R²=0.3358 Gap=-0.0088 ✓
[2025-11-29 22:38:37]     Epoch  2/100: Val R²=0.3509 Train R²=0.3538 Gap=0.0029 ✓
[2025-11-29 23:02:45]     Epoch  3/100: Val R²=0.3516 Train R²=0.3584 Gap=0.0068 ✓
[2025-11-29 23:26:57]     Epoch  4/100: Val R²=0.3539 Train R²=0.3605 Gap=0.0066 ✓
[2025-11-29 23:51:03]     Epoch  5/100: Val R²=0.3528 Train R²=0.3615 Gap=0.0088  
[2025-11-30 00:15:15]     Epoch  6/100: Val R²=0.3559 Train R²=0.3623 Gap=0.0064 ✓
[2025-11-30 00:39:18]     Epoch  7/100: Val R²=0.3572 Train R²=0.3631 Gap=0.0059 ✓
[2025-11-30 01:03:21]     Epoch  8/100: Val R²=0.3577 Train R²=0.3632 Gap=0.0055 ✓
[2025-11-30 01:27:23]     Epoch  9/100: Val R²=0.3567 Train R²=0.3639 Gap=0.0071  
[2025-11-30 01:51:20]     Epoch 10/100: Val R²=0.3584 Train R²=0.3639 Gap=0.0054 ✓
[2025-11-30 02:15:19]     Epoch 11/100: Val R²=0.3541 Train R²=0.3642 Gap=0.0101  
[2025-11-30 02:39:16]     Epoch 12/100: Val R²=0.3532 Train R²=0.3639 Gap=0.0107  
[2025-11-30 03:03:13]     Epoch 13/100: Val R²=0.3593 Train R²=0.3638 Gap=0.0045 ✓
[2025-11-30 03:27:13]     Epoch 14/100: Val R²=0.3581 Train R²=0.3638 Gap=0.0056  
[2025-11-30 03:51:12]     Epoch 15/100: Val R²=0.3555 Train R²=0.3646 Gap=0.0091  
[2025-11-30 04:15:14]     Epoch 16/100: Val R²=0.3548 Train R²=0.3646 Gap=0.0098  
[2025-11-30 04:39:13]     Epoch 17/100: Val R²=0.3568 Train R²=0.3646 Gap=0.0078  
[2025-11-30 05:03:11]     Epoch 18/100: Val R²=0.3667 Train R²=0.3727 Gap=0.0060 ✓
[2025-11-30 05:27:10]     Epoch 19/100: Val R²=0.3610 Train R²=0.3739 Gap=0.0129  
[2025-11-30 05:51:07]     Epoch 20/100: Val R²=0.3637 Train R²=0.3740 Gap=0.0102  
[2025-11-30 06:15:06]     Epoch 21/100: Val R²=0.3653 Train R²=0.3743 Gap=0.0090  
[2025-11-30 06:39:06]     Epoch 22/100: Val R²=0.3650 Train R²=0.3745 Gap=0.0094  
[2025-11-30 07:03:04]     Epoch 23/100: Val R²=0.3700 Train R²=0.3799 Gap=0.0099 ✓
[2025-11-30 07:27:09]     Epoch 24/100: Val R²=0.3716 Train R²=0.3811 Gap=0.0094 ✓
[2025-11-30 07:51:09]     Epoch 25/100: Val R²=0.3674 Train R²=0.3812 Gap=0.0138  
[2025-11-30 08:15:15]     Epoch 26/100: Val R²=0.3703 Train R²=0.3813 Gap=0.0110  
[2025-11-30 08:39:14]     Epoch 27/100: Val R²=0.3702 Train R²=0.3816 Gap=0.0114  
[2025-11-30 09:02:44]     Epoch 28/100: Val R²=0.3687 Train R²=0.3816 Gap=0.0128  
[2025-11-30 09:28:32]     Epoch 29/100: Val R²=0.3727 Train R²=0.3854 Gap=0.0127 ✓
[2025-11-30 09:54:19]     Epoch 30/100: Val R²=0.3710 Train R²=0.3862 Gap=0.0152  
[2025-11-30 10:20:09]     Epoch 31/100: Val R²=0.3717 Train R²=0.3866 Gap=0.0149  
[2025-11-30 10:46:20]     Epoch 32/100: Val R²=0.3726 Train R²=0.3868 Gap=0.0142  
[2025-11-30 11:12:12]     Epoch 33/100: Val R²=0.3722 Train R²=0.3873 Gap=0.0151  
[2025-11-30 11:38:06]     Epoch 34/100: Val R²=0.3718 Train R²=0.3896 Gap=0.0177  
[2025-11-30 12:13:12]     Epoch 35/100: Val R²=0.3728 Train R²=0.3899 Gap=0.0171 ✓
[2025-11-30 13:00:25]     Epoch 36/100: Val R²=0.3700 Train R²=0.3902 Gap=0.0202  
[2025-11-30 13:50:24]     Epoch 37/100: Val R²=0.3745 Train R²=0.3907 Gap=0.0162 ✓
[2025-11-30 14:44:17]     Epoch 38/100: Val R²=0.3708 Train R²=0.3905 Gap=0.0196  
[2025-11-30 15:35:08]     Epoch 39/100: Val R²=0.3667 Train R²=0.3912 Gap=0.0245  
[2025-11-30 16:21:25]     Epoch 40/100: Val R²=0.3719 Train R²=0.3909 Gap=0.0190  
[2025-11-30 17:06:55]     Epoch 41/100: Val R²=0.3753 Train R²=0.3910 Gap=0.0157 ✓
[2025-11-30 17:56:30]     Epoch 42/100: Val R²=0.3720 Train R²=0.3911 Gap=0.0191  
[2025-11-30 18:43:33]     Epoch 43/100: Val R²=0.3730 Train R²=0.3917 Gap=0.0187  
[2025-11-30 19:35:48]     Epoch 44/100: Val R²=0.3718 Train R²=0.3917 Gap=0.0199  
[2025-11-30 20:26:02]     Epoch 45/100: Val R²=0.3696 Train R²=0.3918 Gap=0.0222  
[2025-11-30 21:21:12]     Epoch 46/100: Val R²=0.3757 Train R²=0.3931 Gap=0.0174 ✓
[2025-11-30 22:21:50]     Epoch 47/100: Val R²=0.3722 Train R²=0.3935 Gap=0.0213  
[2025-11-30 23:21:27]     Epoch 48/100: Val R²=0.3719 Train R²=0.3939 Gap=0.0220  
[2025-12-01 00:11:37]     Epoch 49/100: Val R²=0.3730 Train R²=0.3941 Gap=0.0211  
[2025-12-01 01:02:33]     Epoch 50/100: Val R²=0.3748 Train R²=0.3943 Gap=0.0195  
[2025-12-01 01:51:53]     Epoch 51/100: Val R²=0.3733 Train R²=0.3953 Gap=0.0220  
[2025-12-01 02:41:19]     Epoch 52/100: Val R²=0.3745 Train R²=0.3953 Gap=0.0208  
[2025-12-01 03:30:58]     Epoch 53/100: Val R²=0.3730 Train R²=0.3955 Gap=0.0225  
[2025-12-01 04:20:29]     Epoch 54/100: Val R²=0.3730 Train R²=0.3953 Gap=0.0223  
[2025-12-01 05:10:02]     Epoch 55/100: Val R²=0.3741 Train R²=0.3959 Gap=0.0218  
[2025-12-01 05:59:43]     Epoch 56/100: Val R²=0.3755 Train R²=0.3962 Gap=0.0207  
[2025-12-01 05:59:43]     Early stopped at epoch 56
[2025-12-01 05:59:43] 
======================================================================
[2025-12-01 05:59:43] Config 1/1 Complete:
[2025-12-01 05:59:43]   Best Val R²: 0.375735 (epoch 46)
[2025-12-01 05:59:43]   Best Global R²: 0.340000
[2025-12-01 05:59:43]   Overfitting Gap: 0.017383
[2025-12-01 05:59:43]   Parameters: 1,207,072
[2025-12-01 05:59:43]   Training Time: 115852.2s
[2025-12-01 05:59:43] 
🎉🎉🎉 NEW GLOBAL BEST! R² improved from 0.340000 to 0.375735
[2025-12-01 05:59:43] 
======================================================================
[2025-12-01 05:59:43] 🏆 CREATING SUBMISSION - NEW BEST MODEL!
[2025-12-01 05:59:43] ======================================================================
[2025-12-01 05:59:43]   Val R²: 0.375735
[2025-12-01 05:59:43]   Directory: ../submissions/bruteforce_r2_03757_20251129_214851_cfg1
[2025-12-01 05:59:43]   Saved model: model_best.pt
[2025-12-01 05:59:43]   Generated: solution.py
[2025-12-01 05:59:43]   Copied: utils.py
[2025-12-01 05:59:43]   Saved: metadata.json
[2025-12-01 05:59:43] ======================================================================

[2025-12-01 05:59:44]   Results saved to models/bruteforce_search_results_20251129_214851.csv
[2025-12-01 05:59:44] 
======================================================================
[2025-12-01 05:59:44] SEARCH COMPLETE
[2025-12-01 05:59:44] ======================================================================
[2025-12-01 05:59:44] Total time: 1930.9 minutes
[2025-12-01 05:59:44] Successful configs: 1/1
[2025-12-01 05:59:44] Final best R²: 0.375735
[2025-12-01 05:59:44] Submissions created: 1
[2025-12-01 05:59:44] Results saved: models/bruteforce_search_results_20251129_214851.csv
[2025-12-01 05:59:44] 
[2025-12-01 05:59:44] Top 5 configurations:
[2025-12-01 05:59:44] 
 config_id  best_val_r2  overfitting_gap  lookback  hidden_size  num_layers  dropout  n_parameters
         1     0.375735         0.017383       100          256           1      0.1       1207072
[2025-12-01 05:59:44] 
Submissions log saved: models/bruteforce_submissions_log.csv
[2025-12-01 05:59:44] 
Submissions created:
[2025-12-01 05:59:44]   ../submissions/bruteforce_r2_03757_20251129_214851_cfg1 (R²=0.375735)
