[2025-11-24 14:37:43] ======================================================================
[2025-11-24 14:37:43] BRUTE FORCE HYPERPARAMETER SEARCH WITH AUTO-SUBMISSION (EXHAUSTIVE MODE)
[2025-11-24 14:37:43] ======================================================================
[2025-11-24 14:37:43] Started at: 2025-11-24 14:37:43
[2025-11-24 14:37:43] Mode: FULL
[2025-11-24 14:37:43] Best R² to beat: 0.340000
[2025-11-24 14:37:43] Log file: logs/bruteforce_20251124_143743.log
[2025-11-24 14:37:43] 
[2025-11-24 14:37:43] Device Detection:
[2025-11-24 14:37:43]   PyTorch version: 2.7.1
[2025-11-24 14:37:43]   Requested: auto
[2025-11-24 14:37:43]   MPS available: ✓
[2025-11-24 14:37:43]   CUDA available: ✗
[2025-11-24 14:37:43]   Using: MPS
[2025-11-24 14:37:43] 
[2025-11-24 14:37:43] Loading data...
[2025-11-24 14:37:43] Train: 465,000 rows, 465 sequences
[2025-11-24 14:37:43] Val:   52,000 rows, 52 sequences
[2025-11-24 14:37:43] Features: 32
[2025-11-24 14:37:43] 
[2025-11-24 14:37:43] Total possible combinations (Cartesian product): 1
[2025-11-24 14:37:43] Configurations to run (cap): 1
[2025-11-24 14:37:43] Starting exhaustive brute force search...
[2025-11-24 14:37:43] 
[2025-11-24 14:37:44] 
======================================================================
[2025-11-24 14:37:44] Config 1/1 - Starting Training:
[2025-11-24 14:37:44]   Architecture:
[2025-11-24 14:37:44]     Lookback: 200, Hidden: 128, Layers: 1, Dropout: 0.1
[2025-11-24 14:37:44]     Bidirectional: True, GRU: True
[2025-11-24 14:37:44]   Output Head:
[2025-11-24 14:37:44]     FC Layers: 2, FC Hidden: 256, Activation: relu
[2025-11-24 14:37:44]     FC Dropout: 0.2, Batch Norm: True
[2025-11-24 14:37:44]   Training:
[2025-11-24 14:37:44]     Batch Size: 256, LR: 0.001, Weight Decay: 0.0001
[2025-11-24 14:37:44]     Optimizer: adam, Grad Clip: 5.0, LR Patience: 3
[2025-11-24 14:49:31]     Epoch  1/15: Val R²=0.3501 Train R²=0.3412 Gap=-0.0089 ✓
