[2025-11-23 00:13:31] ======================================================================
[2025-11-23 00:13:31] BRUTE FORCE HYPERPARAMETER SEARCH WITH AUTO-SUBMISSION (EXHAUSTIVE MODE)
[2025-11-23 00:13:31] ======================================================================
[2025-11-23 00:13:31] Started at: 2025-11-23 00:13:31
[2025-11-23 00:13:31] Mode: FULL
[2025-11-23 00:13:31] Best R² to beat: 0.375200
[2025-11-23 00:13:31] Log file: logs/bruteforce_20251123_001331.log
[2025-11-23 00:13:31] 
[2025-11-23 00:13:31] Device Detection:
[2025-11-23 00:13:31]   PyTorch version: 2.7.1
[2025-11-23 00:13:31]   Requested: auto
[2025-11-23 00:13:31]   MPS available: ✓
[2025-11-23 00:13:31]   CUDA available: ✗
[2025-11-23 00:13:31]   Using: MPS
[2025-11-23 00:13:31] 
[2025-11-23 00:13:31] Loading data...
[2025-11-23 00:13:31] Train: 465,000 rows, 465 sequences
[2025-11-23 00:13:31] Val:   52,000 rows, 52 sequences
[2025-11-23 00:13:31] Features: 32
[2025-11-23 00:13:31] 
[2025-11-23 00:13:31] Total possible combinations (Cartesian product): 497,664
[2025-11-23 00:13:31] Configurations to run (cap): 100
[2025-11-23 00:13:31] Starting exhaustive brute force search...
[2025-11-23 00:13:31] 
[2025-11-23 00:13:31] 
======================================================================
[2025-11-23 00:13:31] Config 1/100 - Starting Training:
[2025-11-23 00:13:31]   Architecture:
[2025-11-23 00:13:31]     Lookback: 50, Hidden: 64, Layers: 1, Dropout: 0.1
[2025-11-23 00:13:31]     Bidirectional: True, GRU: True
[2025-11-23 00:13:31]   Output Head:
[2025-11-23 00:13:31]     FC Layers: 2, FC Hidden: 64, Activation: relu
[2025-11-23 00:13:31]     FC Dropout: 0.0, Batch Norm: True
[2025-11-23 00:13:31]   Training:
[2025-11-23 00:13:31]     Batch Size: 128, LR: 0.0001, Weight Decay: 0.0
[2025-11-23 00:13:31]     Optimizer: adam, Grad Clip: None, LR Patience: 3
[2025-11-23 00:18:58]     Epoch  1/100: Val R²=0.3257 Train R²=0.2976 Gap=-0.0280 ✓
[2025-11-23 00:24:34]     Epoch  2/100: Val R²=0.3411 Train R²=0.3467 Gap=0.0056 ✓
[2025-11-23 00:30:16]     Epoch  3/100: Val R²=0.3474 Train R²=0.3583 Gap=0.0109 ✓
[2025-11-23 00:36:24]     Epoch  4/100: Val R²=0.3528 Train R²=0.3641 Gap=0.0113 ✓
[2025-11-23 00:42:30]     Epoch  5/100: Val R²=0.3538 Train R²=0.3676 Gap=0.0138 ✓
[2025-11-23 00:48:04]     Epoch  6/100: Val R²=0.3575 Train R²=0.3704 Gap=0.0128 ✓
[2025-11-23 00:53:29]     Epoch  7/100: Val R²=0.3587 Train R²=0.3723 Gap=0.0136 ✓
[2025-11-23 00:58:59]     Epoch  8/100: Val R²=0.3572 Train R²=0.3739 Gap=0.0168  
[2025-11-23 01:04:40]     Epoch  9/100: Val R²=0.3596 Train R²=0.3754 Gap=0.0158 ✓
[2025-11-23 01:10:15]     Epoch 10/100: Val R²=0.3618 Train R²=0.3765 Gap=0.0147 ✓
[2025-11-23 01:15:44]     Epoch 11/100: Val R²=0.3624 Train R²=0.3777 Gap=0.0154 ✓
[2025-11-23 01:21:13]     Epoch 12/100: Val R²=0.3634 Train R²=0.3785 Gap=0.0151 ✓
[2025-11-23 01:26:47]     Epoch 13/100: Val R²=0.3629 Train R²=0.3795 Gap=0.0166  
[2025-11-23 01:32:17]     Epoch 14/100: Val R²=0.3637 Train R²=0.3801 Gap=0.0164 ✓
[2025-11-23 01:37:35]     Epoch 15/100: Val R²=0.3643 Train R²=0.3808 Gap=0.0165 ✓
[2025-11-23 01:42:49]     Epoch 16/100: Val R²=0.3645 Train R²=0.3816 Gap=0.0171 ✓
[2025-11-23 01:48:02]     Epoch 17/100: Val R²=0.3635 Train R²=0.3821 Gap=0.0187  
[2025-11-23 01:53:15]     Epoch 18/100: Val R²=0.3653 Train R²=0.3828 Gap=0.0174 ✓
[2025-11-23 01:58:29]     Epoch 19/100: Val R²=0.3642 Train R²=0.3832 Gap=0.0190  
[2025-11-23 02:03:41]     Epoch 20/100: Val R²=0.3643 Train R²=0.3837 Gap=0.0195  
[2025-11-23 02:08:55]     Epoch 21/100: Val R²=0.3654 Train R²=0.3842 Gap=0.0187 ✓
[2025-11-23 02:14:08]     Epoch 22/100: Val R²=0.3663 Train R²=0.3846 Gap=0.0183 ✓
[2025-11-23 02:19:22]     Epoch 23/100: Val R²=0.3659 Train R²=0.3850 Gap=0.0191  
[2025-11-23 02:24:36]     Epoch 24/100: Val R²=0.3656 Train R²=0.3853 Gap=0.0197  
[2025-11-23 02:29:49]     Epoch 25/100: Val R²=0.3655 Train R²=0.3857 Gap=0.0202  
[2025-11-23 02:35:03]     Epoch 26/100: Val R²=0.3673 Train R²=0.3862 Gap=0.0189 ✓
[2025-11-23 02:40:18]     Epoch 27/100: Val R²=0.3668 Train R²=0.3866 Gap=0.0198  
[2025-11-23 02:45:31]     Epoch 28/100: Val R²=0.3655 Train R²=0.3867 Gap=0.0212  
[2025-11-23 02:50:45]     Epoch 29/100: Val R²=0.3683 Train R²=0.3872 Gap=0.0190 ✓
[2025-11-23 02:55:58]     Epoch 30/100: Val R²=0.3664 Train R²=0.3877 Gap=0.0213  
[2025-11-23 03:01:12]     Epoch 31/100: Val R²=0.3668 Train R²=0.3878 Gap=0.0211  
[2025-11-23 03:06:26]     Epoch 32/100: Val R²=0.3667 Train R²=0.3880 Gap=0.0213  
[2025-11-23 03:11:39]     Epoch 33/100: Val R²=0.3665 Train R²=0.3886 Gap=0.0221  
[2025-11-23 03:16:53]     Epoch 34/100: Val R²=0.3675 Train R²=0.3901 Gap=0.0226  
[2025-11-23 03:22:06]     Epoch 35/100: Val R²=0.3679 Train R²=0.3901 Gap=0.0222  
[2025-11-23 03:27:20]     Epoch 36/100: Val R²=0.3679 Train R²=0.3903 Gap=0.0224  
[2025-11-23 03:32:34]     Epoch 37/100: Val R²=0.3679 Train R²=0.3904 Gap=0.0225  
[2025-11-23 03:37:49]     Epoch 38/100: Val R²=0.3686 Train R²=0.3912 Gap=0.0227 ✓
[2025-11-23 03:43:10]     Epoch 39/100: Val R²=0.3688 Train R²=0.3915 Gap=0.0227 ✓
[2025-11-23 03:48:23]     Epoch 40/100: Val R²=0.3685 Train R²=0.3917 Gap=0.0232  
[2025-11-23 03:53:37]     Epoch 41/100: Val R²=0.3691 Train R²=0.3916 Gap=0.0225 ✓
[2025-11-23 03:58:51]     Epoch 42/100: Val R²=0.3679 Train R²=0.3916 Gap=0.0237  
[2025-11-23 04:04:05]     Epoch 43/100: Val R²=0.3683 Train R²=0.3919 Gap=0.0236  
[2025-11-23 04:09:20]     Epoch 44/100: Val R²=0.3683 Train R²=0.3919 Gap=0.0236  
[2025-11-23 04:14:35]     Epoch 45/100: Val R²=0.3685 Train R²=0.3920 Gap=0.0235  
[2025-11-23 04:19:50]     Epoch 46/100: Val R²=0.3682 Train R²=0.3925 Gap=0.0243  
[2025-11-23 04:25:05]     Epoch 47/100: Val R²=0.3690 Train R²=0.3927 Gap=0.0237  
[2025-11-23 04:30:20]     Epoch 48/100: Val R²=0.3683 Train R²=0.3925 Gap=0.0242  
[2025-11-23 04:35:35]     Epoch 49/100: Val R²=0.3690 Train R²=0.3925 Gap=0.0235  
[2025-11-23 04:40:51]     Epoch 50/100: Val R²=0.3693 Train R²=0.3928 Gap=0.0235 ✓
[2025-11-23 04:46:05]     Epoch 51/100: Val R²=0.3689 Train R²=0.3929 Gap=0.0240  
[2025-11-23 04:51:20]     Epoch 52/100: Val R²=0.3692 Train R²=0.3928 Gap=0.0236  
[2025-11-23 04:56:35]     Epoch 53/100: Val R²=0.3691 Train R²=0.3929 Gap=0.0238  
[2025-11-23 05:01:50]     Epoch 54/100: Val R²=0.3692 Train R²=0.3928 Gap=0.0236  
[2025-11-23 05:07:06]     Epoch 55/100: Val R²=0.3691 Train R²=0.3931 Gap=0.0241  
[2025-11-23 05:12:20]     Epoch 56/100: Val R²=0.3690 Train R²=0.3931 Gap=0.0241  
[2025-11-23 05:17:35]     Epoch 57/100: Val R²=0.3689 Train R²=0.3930 Gap=0.0241  
[2025-11-23 05:22:50]     Epoch 58/100: Val R²=0.3690 Train R²=0.3930 Gap=0.0239  
[2025-11-23 05:28:06]     Epoch 59/100: Val R²=0.3691 Train R²=0.3931 Gap=0.0240  
[2025-11-23 05:33:21]     Epoch 60/100: Val R²=0.3688 Train R²=0.3932 Gap=0.0244  
[2025-11-23 05:38:37]     Epoch 61/100: Val R²=0.3692 Train R²=0.3931 Gap=0.0240  
[2025-11-23 05:43:58]     Epoch 62/100: Val R²=0.3688 Train R²=0.3929 Gap=0.0242  
[2025-11-23 05:49:14]     Epoch 63/100: Val R²=0.3691 Train R²=0.3932 Gap=0.0241  
[2025-11-23 05:54:31]     Epoch 64/100: Val R²=0.3689 Train R²=0.3932 Gap=0.0243  
[2025-11-23 05:59:47]     Epoch 65/100: Val R²=0.3690 Train R²=0.3932 Gap=0.0242  
[2025-11-23 05:59:47]     Early stopped at epoch 65
[2025-11-23 05:59:47] 
======================================================================
[2025-11-23 05:59:47] Config 1/100 Complete:
[2025-11-23 05:59:47]   Best Val R²: 0.369328 (epoch 50)
[2025-11-23 05:59:47]   Best Global R²: 0.375200
[2025-11-23 05:59:47]   Overfitting Gap: 0.023489
[2025-11-23 05:59:47]   Parameters: 48,096
[2025-11-23 05:59:47]   Training Time: 20775.7s
[2025-11-23 05:59:47]   Not better than global best (0.375200)
[2025-11-23 05:59:47]   Results saved to models/bruteforce_search_results_20251123_001331.csv
[2025-11-23 05:59:47] 
======================================================================
[2025-11-23 05:59:47] Config 2/100 - Starting Training:
[2025-11-23 05:59:47]   Architecture:
[2025-11-23 05:59:47]     Lookback: 50, Hidden: 64, Layers: 1, Dropout: 0.1
[2025-11-23 05:59:47]     Bidirectional: True, GRU: True
[2025-11-23 05:59:47]   Output Head:
[2025-11-23 05:59:47]     FC Layers: 2, FC Hidden: 64, Activation: relu
[2025-11-23 05:59:47]     FC Dropout: 0.0, Batch Norm: True
[2025-11-23 05:59:47]   Training:
[2025-11-23 05:59:47]     Batch Size: 128, LR: 0.0001, Weight Decay: 0.0
[2025-11-23 05:59:47]     Optimizer: adamw, Grad Clip: None, LR Patience: 3
[2025-11-23 06:05:06]     Epoch  1/100: Val R²=0.3288 Train R²=0.3021 Gap=-0.0267 ✓
[2025-11-23 06:10:23]     Epoch  2/100: Val R²=0.3429 Train R²=0.3500 Gap=0.0070 ✓
[2025-11-23 06:15:41]     Epoch  3/100: Val R²=0.3470 Train R²=0.3605 Gap=0.0135 ✓
[2025-11-23 06:20:57]     Epoch  4/100: Val R²=0.3509 Train R²=0.3657 Gap=0.0147 ✓
[2025-11-23 06:26:13]     Epoch  5/100: Val R²=0.3534 Train R²=0.3687 Gap=0.0153 ✓
[2025-11-23 06:31:30]     Epoch  6/100: Val R²=0.3548 Train R²=0.3713 Gap=0.0164 ✓
[2025-11-23 06:36:47]     Epoch  7/100: Val R²=0.3552 Train R²=0.3730 Gap=0.0178 ✓
[2025-11-23 06:42:04]     Epoch  8/100: Val R²=0.3589 Train R²=0.3748 Gap=0.0159 ✓
[2025-11-23 06:47:20]     Epoch  9/100: Val R²=0.3600 Train R²=0.3760 Gap=0.0160 ✓
[2025-11-23 06:52:35]     Epoch 10/100: Val R²=0.3587 Train R²=0.3771 Gap=0.0184  
[2025-11-23 06:57:49]     Epoch 11/100: Val R²=0.3599 Train R²=0.3780 Gap=0.0181  
[2025-11-23 07:03:04]     Epoch 12/100: Val R²=0.3615 Train R²=0.3790 Gap=0.0175 ✓
[2025-11-23 07:08:19]     Epoch 13/100: Val R²=0.3615 Train R²=0.3797 Gap=0.0182  
[2025-11-23 07:13:34]     Epoch 14/100: Val R²=0.3612 Train R²=0.3804 Gap=0.0192  
[2025-11-23 07:18:48]     Epoch 15/100: Val R²=0.3637 Train R²=0.3810 Gap=0.0173 ✓
[2025-11-23 07:24:04]     Epoch 16/100: Val R²=0.3633 Train R²=0.3818 Gap=0.0184  
[2025-11-23 07:29:19]     Epoch 17/100: Val R²=0.3631 Train R²=0.3822 Gap=0.0191  
[2025-11-23 07:34:34]     Epoch 18/100: Val R²=0.3639 Train R²=0.3828 Gap=0.0189 ✓
[2025-11-23 07:39:49]     Epoch 19/100: Val R²=0.3640 Train R²=0.3833 Gap=0.0193 ✓
[2025-11-23 07:45:05]     Epoch 20/100: Val R²=0.3648 Train R²=0.3838 Gap=0.0190 ✓
[2025-11-23 07:50:27]     Epoch 21/100: Val R²=0.3655 Train R²=0.3843 Gap=0.0188 ✓
[2025-11-23 07:55:42]     Epoch 22/100: Val R²=0.3653 Train R²=0.3847 Gap=0.0194  
[2025-11-23 08:00:57]     Epoch 23/100: Val R²=0.3651 Train R²=0.3849 Gap=0.0198  
[2025-11-23 08:06:13]     Epoch 24/100: Val R²=0.3657 Train R²=0.3854 Gap=0.0197 ✓
[2025-11-23 08:11:28]     Epoch 25/100: Val R²=0.3647 Train R²=0.3858 Gap=0.0211  
[2025-11-23 08:16:43]     Epoch 26/100: Val R²=0.3663 Train R²=0.3864 Gap=0.0201 ✓
[2025-11-23 08:21:58]     Epoch 27/100: Val R²=0.3662 Train R²=0.3865 Gap=0.0203  
[2025-11-23 08:27:13]     Epoch 28/100: Val R²=0.3663 Train R²=0.3871 Gap=0.0208 ✓
[2025-11-23 08:32:28]     Epoch 29/100: Val R²=0.3667 Train R²=0.3874 Gap=0.0208 ✓
[2025-11-23 08:37:44]     Epoch 30/100: Val R²=0.3668 Train R²=0.3876 Gap=0.0208 ✓
[2025-11-23 08:42:59]     Epoch 31/100: Val R²=0.3667 Train R²=0.3879 Gap=0.0212  
[2025-11-23 08:48:15]     Epoch 32/100: Val R²=0.3662 Train R²=0.3883 Gap=0.0221  
[2025-11-23 08:53:39]     Epoch 33/100: Val R²=0.3672 Train R²=0.3887 Gap=0.0215 ✓
[2025-11-23 08:58:58]     Epoch 34/100: Val R²=0.3667 Train R²=0.3889 Gap=0.0222  
[2025-11-23 09:04:15]     Epoch 35/100: Val R²=0.3689 Train R²=0.3892 Gap=0.0204 ✓
[2025-11-23 09:09:32]     Epoch 36/100: Val R²=0.3681 Train R²=0.3894 Gap=0.0213  
[2025-11-23 09:14:47]     Epoch 37/100: Val R²=0.3673 Train R²=0.3898 Gap=0.0225  
[2025-11-23 09:20:03]     Epoch 38/100: Val R²=0.3663 Train R²=0.3898 Gap=0.0235  
[2025-11-23 09:25:18]     Epoch 39/100: Val R²=0.3675 Train R²=0.3903 Gap=0.0227  
[2025-11-23 09:30:34]     Epoch 40/100: Val R²=0.3684 Train R²=0.3917 Gap=0.0233  
[2025-11-23 09:35:49]     Epoch 41/100: Val R²=0.3682 Train R²=0.3920 Gap=0.0238  
[2025-11-23 09:41:05]     Epoch 42/100: Val R²=0.3694 Train R²=0.3921 Gap=0.0227 ✓
[2025-11-23 09:46:21]     Epoch 43/100: Val R²=0.3686 Train R²=0.3922 Gap=0.0236  
[2025-11-23 09:51:38]     Epoch 44/100: Val R²=0.3685 Train R²=0.3924 Gap=0.0239  
[2025-11-23 09:56:55]     Epoch 45/100: Val R²=0.3687 Train R²=0.3925 Gap=0.0238  
[2025-11-23 10:02:12]     Epoch 46/100: Val R²=0.3686 Train R²=0.3926 Gap=0.0240  
[2025-11-23 10:07:30]     Epoch 47/100: Val R²=0.3693 Train R²=0.3936 Gap=0.0243  
[2025-11-23 10:12:55]     Epoch 48/100: Val R²=0.3691 Train R²=0.3936 Gap=0.0245  
[2025-11-23 10:18:17]     Epoch 49/100: Val R²=0.3690 Train R²=0.3936 Gap=0.0246  
[2025-11-23 10:23:32]     Epoch 50/100: Val R²=0.3689 Train R²=0.3939 Gap=0.0249  
[2025-11-23 10:28:47]     Epoch 51/100: Val R²=0.3693 Train R²=0.3943 Gap=0.0250  
[2025-11-23 10:34:11]     Epoch 52/100: Val R²=0.3687 Train R²=0.3944 Gap=0.0257  
[2025-11-23 10:40:29]     Epoch 53/100: Val R²=0.3694 Train R²=0.3944 Gap=0.0249  
[2025-11-23 10:46:51]     Epoch 54/100: Val R²=0.3695 Train R²=0.3943 Gap=0.0248 ✓
[2025-11-23 10:52:26]     Epoch 55/100: Val R²=0.3689 Train R²=0.3944 Gap=0.0255  
[2025-11-23 10:57:51]     Epoch 56/100: Val R²=0.3692 Train R²=0.3944 Gap=0.0251  
[2025-11-23 11:03:23]     Epoch 57/100: Val R²=0.3694 Train R²=0.3943 Gap=0.0249  
[2025-11-23 11:08:47]     Epoch 58/100: Val R²=0.3696 Train R²=0.3946 Gap=0.0250 ✓
[2025-11-23 11:14:18]     Epoch 59/100: Val R²=0.3694 Train R²=0.3946 Gap=0.0252  
[2025-11-23 11:19:51]     Epoch 60/100: Val R²=0.3691 Train R²=0.3946 Gap=0.0255  
[2025-11-23 11:25:11]     Epoch 61/100: Val R²=0.3693 Train R²=0.3946 Gap=0.0254  
[2025-11-23 11:30:47]     Epoch 62/100: Val R²=0.3699 Train R²=0.3946 Gap=0.0247 ✓
[2025-11-23 11:36:26]     Epoch 63/100: Val R²=0.3695 Train R²=0.3947 Gap=0.0252  
[2025-11-23 11:42:07]     Epoch 64/100: Val R²=0.3682 Train R²=0.3949 Gap=0.0266  
[2025-11-23 11:47:44]     Epoch 65/100: Val R²=0.3696 Train R²=0.3947 Gap=0.0251  
[2025-11-23 11:53:30]     Epoch 66/100: Val R²=0.3691 Train R²=0.3949 Gap=0.0258  
[2025-11-23 11:59:06]     Epoch 67/100: Val R²=0.3690 Train R²=0.3951 Gap=0.0261  
[2025-11-23 12:04:48]     Epoch 68/100: Val R²=0.3700 Train R²=0.3951 Gap=0.0250 ✓
[2025-11-23 12:10:03]     Epoch 69/100: Val R²=0.3697 Train R²=0.3950 Gap=0.0253  
[2025-11-23 12:15:17]     Epoch 70/100: Val R²=0.3694 Train R²=0.3951 Gap=0.0258  
[2025-11-23 12:20:32]     Epoch 71/100: Val R²=0.3699 Train R²=0.3953 Gap=0.0254  
[2025-11-23 12:25:49]     Epoch 72/100: Val R²=0.3693 Train R²=0.3953 Gap=0.0260  
[2025-11-23 12:31:24]     Epoch 73/100: Val R²=0.3696 Train R²=0.3952 Gap=0.0256  
[2025-11-23 12:37:05]     Epoch 74/100: Val R²=0.3698 Train R²=0.3954 Gap=0.0256  
[2025-11-23 12:42:46]     Epoch 75/100: Val R²=0.3696 Train R²=0.3952 Gap=0.0256  
[2025-11-23 12:48:33]     Epoch 76/100: Val R²=0.3699 Train R²=0.3954 Gap=0.0255  
[2025-11-23 12:54:31]     Epoch 77/100: Val R²=0.3696 Train R²=0.3955 Gap=0.0258  
[2025-11-23 13:00:28]     Epoch 78/100: Val R²=0.3696 Train R²=0.3955 Gap=0.0258  
[2025-11-23 13:06:19]     Epoch 79/100: Val R²=0.3692 Train R²=0.3954 Gap=0.0262  
[2025-11-23 13:11:51]     Epoch 80/100: Val R²=0.3698 Train R²=0.3955 Gap=0.0257  
[2025-11-23 13:17:14]     Epoch 81/100: Val R²=0.3697 Train R²=0.3954 Gap=0.0257  
[2025-11-23 13:22:49]     Epoch 82/100: Val R²=0.3696 Train R²=0.3954 Gap=0.0258  
[2025-11-23 13:28:14]     Epoch 83/100: Val R²=0.3693 Train R²=0.3954 Gap=0.0261  
[2025-11-23 13:28:14]     Early stopped at epoch 83
[2025-11-23 13:28:14] 
======================================================================
[2025-11-23 13:28:14] Config 2/100 Complete:
[2025-11-23 13:28:14]   Best Val R²: 0.370046 (epoch 68)
[2025-11-23 13:28:14]   Best Global R²: 0.375200
[2025-11-23 13:28:14]   Overfitting Gap: 0.025020
[2025-11-23 13:28:14]   Parameters: 48,096
[2025-11-23 13:28:14]   Training Time: 26907.1s
[2025-11-23 13:28:14]   Not better than global best (0.375200)
[2025-11-23 13:28:14]   Results saved to models/bruteforce_search_results_20251123_001331.csv
[2025-11-23 13:28:14] 
======================================================================
[2025-11-23 13:28:14] Config 3/100 - Starting Training:
[2025-11-23 13:28:14]   Architecture:
[2025-11-23 13:28:14]     Lookback: 50, Hidden: 64, Layers: 1, Dropout: 0.1
[2025-11-23 13:28:14]     Bidirectional: True, GRU: True
[2025-11-23 13:28:14]   Output Head:
[2025-11-23 13:28:14]     FC Layers: 2, FC Hidden: 64, Activation: relu
[2025-11-23 13:28:14]     FC Dropout: 0.0, Batch Norm: True
[2025-11-23 13:28:14]   Training:
[2025-11-23 13:28:14]     Batch Size: 128, LR: 0.0001, Weight Decay: 0.0
[2025-11-23 13:28:14]     Optimizer: adam, Grad Clip: 0.5, LR Patience: 3
[2025-11-23 13:33:52]     Epoch  1/100: Val R²=0.3278 Train R²=0.3036 Gap=-0.0242 ✓
[2025-11-23 13:39:30]     Epoch  2/100: Val R²=0.3418 Train R²=0.3474 Gap=0.0056 ✓
[2025-11-23 13:45:07]     Epoch  3/100: Val R²=0.3435 Train R²=0.3580 Gap=0.0145 ✓
[2025-11-23 13:50:44]     Epoch  4/100: Val R²=0.3505 Train R²=0.3634 Gap=0.0129 ✓
[2025-11-23 13:56:24]     Epoch  5/100: Val R²=0.3523 Train R²=0.3672 Gap=0.0149 ✓
[2025-11-23 14:01:56]     Epoch  6/100: Val R²=0.3550 Train R²=0.3700 Gap=0.0150 ✓
[2025-11-23 14:07:30]     Epoch  7/100: Val R²=0.3542 Train R²=0.3721 Gap=0.0179  
[2025-11-23 14:13:01]     Epoch  8/100: Val R²=0.3578 Train R²=0.3737 Gap=0.0159 ✓
[2025-11-23 14:18:32]     Epoch  9/100: Val R²=0.3577 Train R²=0.3749 Gap=0.0172  
[2025-11-23 14:24:14]     Epoch 10/100: Val R²=0.3592 Train R²=0.3761 Gap=0.0169 ✓
[2025-11-23 14:30:13]     Epoch 11/100: Val R²=0.3602 Train R²=0.3770 Gap=0.0168 ✓
[2025-11-23 14:36:20]     Epoch 12/100: Val R²=0.3608 Train R²=0.3781 Gap=0.0173 ✓
[2025-11-23 14:42:28]     Epoch 13/100: Val R²=0.3614 Train R²=0.3789 Gap=0.0175 ✓
[2025-11-23 14:48:47]     Epoch 14/100: Val R²=0.3623 Train R²=0.3795 Gap=0.0172 ✓
