[2025-11-22 16:51:54] ======================================================================
[2025-11-22 16:51:54] BRUTE FORCE HYPERPARAMETER SEARCH WITH AUTO-SUBMISSION (EXHAUSTIVE MODE)
[2025-11-22 16:51:54] ======================================================================
[2025-11-22 16:51:54] Started at: 2025-11-22 16:51:54
[2025-11-22 16:51:54] Mode: FULL
[2025-11-22 16:51:54] Best R² to beat: 0.375200
[2025-11-22 16:51:54] Log file: logs/bruteforce_20251122_165154.log
[2025-11-22 16:51:54] 
[2025-11-22 16:51:54] Device Detection:
[2025-11-22 16:51:54]   PyTorch version: 2.7.1
[2025-11-22 16:51:54]   Requested: auto
[2025-11-22 16:51:54]   MPS available: ✓
[2025-11-22 16:51:54]   CUDA available: ✗
[2025-11-22 16:51:54]   Using: MPS
[2025-11-22 16:51:54] 
[2025-11-22 16:51:54] Loading data...
[2025-11-22 16:51:54] Train: 465,000 rows, 465 sequences
[2025-11-22 16:51:54] Val:   52,000 rows, 52 sequences
[2025-11-22 16:51:54] Features: 32
[2025-11-22 16:51:54] 
[2025-11-22 16:51:54] Total possible combinations (Cartesian product): 8,957,952
[2025-11-22 16:51:54] Configurations to run (cap): 100
[2025-11-22 16:51:54] Starting exhaustive brute force search...
[2025-11-22 16:51:54] 
[2025-11-22 16:51:54] 
======================================================================
[2025-11-22 16:51:54] Config 1/100 - Starting Training:
[2025-11-22 16:51:54]   Architecture:
[2025-11-22 16:51:54]     Lookback: 20, Hidden: 64, Layers: 1, Dropout: 0.1
[2025-11-22 16:51:54]     Bidirectional: False, GRU: True
[2025-11-22 16:51:54]   Output Head:
[2025-11-22 16:51:54]     FC Layers: 2, FC Hidden: 64, Activation: relu
[2025-11-22 16:51:54]     FC Dropout: 0.0, Batch Norm: True
[2025-11-22 16:51:54]   Training:
[2025-11-22 16:51:54]     Batch Size: 128, LR: 0.0001, Weight Decay: 0.0
[2025-11-22 16:51:54]     Optimizer: adam, Grad Clip: None, LR Patience: 3
[2025-11-22 16:53:22]     Epoch  1/100: Val R²=0.3186 Train R²=0.2892 Gap=-0.0294 ✓
[2025-11-22 16:54:49]     Epoch  2/100: Val R²=0.3345 Train R²=0.3396 Gap=0.0051 ✓
[2025-11-22 16:56:15]     Epoch  3/100: Val R²=0.3412 Train R²=0.3524 Gap=0.0113 ✓
[2025-11-22 16:57:41]     Epoch  4/100: Val R²=0.3442 Train R²=0.3587 Gap=0.0145 ✓
[2025-11-22 16:59:08]     Epoch  5/100: Val R²=0.3468 Train R²=0.3624 Gap=0.0156 ✓
[2025-11-22 17:00:33]     Epoch  6/100: Val R²=0.3484 Train R²=0.3651 Gap=0.0167 ✓
[2025-11-22 17:01:57]     Epoch  7/100: Val R²=0.3508 Train R²=0.3672 Gap=0.0164 ✓
[2025-11-22 17:03:21]     Epoch  8/100: Val R²=0.3523 Train R²=0.3690 Gap=0.0166 ✓
[2025-11-22 17:04:46]     Epoch  9/100: Val R²=0.3538 Train R²=0.3704 Gap=0.0166 ✓
[2025-11-22 17:06:13]     Epoch 10/100: Val R²=0.3534 Train R²=0.3716 Gap=0.0183  
[2025-11-22 17:07:38]     Epoch 11/100: Val R²=0.3546 Train R²=0.3727 Gap=0.0181 ✓
[2025-11-22 17:09:03]     Epoch 12/100: Val R²=0.3545 Train R²=0.3736 Gap=0.0192  
[2025-11-22 17:10:29]     Epoch 13/100: Val R²=0.3562 Train R²=0.3746 Gap=0.0184 ✓
[2025-11-22 17:11:55]     Epoch 14/100: Val R²=0.3546 Train R²=0.3753 Gap=0.0207  
[2025-11-22 17:13:19]     Epoch 15/100: Val R²=0.3572 Train R²=0.3759 Gap=0.0188 ✓
[2025-11-22 17:14:45]     Epoch 16/100: Val R²=0.3583 Train R²=0.3767 Gap=0.0184 ✓
[2025-11-22 17:16:11]     Epoch 17/100: Val R²=0.3577 Train R²=0.3774 Gap=0.0196  
[2025-11-22 17:17:35]     Epoch 18/100: Val R²=0.3580 Train R²=0.3778 Gap=0.0198  
[2025-11-22 17:19:01]     Epoch 19/100: Val R²=0.3591 Train R²=0.3783 Gap=0.0192 ✓
[2025-11-22 17:20:30]     Epoch 20/100: Val R²=0.3588 Train R²=0.3787 Gap=0.0199  
[2025-11-22 17:22:00]     Epoch 21/100: Val R²=0.3590 Train R²=0.3792 Gap=0.0202  
[2025-11-22 17:23:24]     Epoch 22/100: Val R²=0.3591 Train R²=0.3796 Gap=0.0205 ✓
[2025-11-22 17:24:49]     Epoch 23/100: Val R²=0.3590 Train R²=0.3800 Gap=0.0209  
[2025-11-22 17:26:14]     Epoch 24/100: Val R²=0.3599 Train R²=0.3805 Gap=0.0207 ✓
[2025-11-22 17:27:37]     Epoch 25/100: Val R²=0.3606 Train R²=0.3810 Gap=0.0204 ✓
[2025-11-22 17:29:01]     Epoch 26/100: Val R²=0.3585 Train R²=0.3813 Gap=0.0228  
[2025-11-22 17:30:25]     Epoch 27/100: Val R²=0.3602 Train R²=0.3816 Gap=0.0214  
[2025-11-22 17:31:50]     Epoch 28/100: Val R²=0.3608 Train R²=0.3818 Gap=0.0210 ✓
[2025-11-22 17:33:14]     Epoch 29/100: Val R²=0.3615 Train R²=0.3822 Gap=0.0207 ✓
[2025-11-22 17:34:39]     Epoch 30/100: Val R²=0.3599 Train R²=0.3823 Gap=0.0224  
[2025-11-22 17:36:03]     Epoch 31/100: Val R²=0.3605 Train R²=0.3827 Gap=0.0222  
[2025-11-22 17:37:27]     Epoch 32/100: Val R²=0.3623 Train R²=0.3831 Gap=0.0208 ✓
[2025-11-22 17:38:50]     Epoch 33/100: Val R²=0.3613 Train R²=0.3834 Gap=0.0222  
[2025-11-22 17:40:13]     Epoch 34/100: Val R²=0.3620 Train R²=0.3836 Gap=0.0216  
[2025-11-22 17:41:36]     Epoch 35/100: Val R²=0.3614 Train R²=0.3838 Gap=0.0224  
[2025-11-22 17:42:59]     Epoch 36/100: Val R²=0.3611 Train R²=0.3840 Gap=0.0230  
[2025-11-22 17:44:22]     Epoch 37/100: Val R²=0.3625 Train R²=0.3853 Gap=0.0229 ✓
[2025-11-22 17:45:46]     Epoch 38/100: Val R²=0.3627 Train R²=0.3857 Gap=0.0230 ✓
[2025-11-22 17:47:10]     Epoch 39/100: Val R²=0.3629 Train R²=0.3856 Gap=0.0227 ✓
[2025-11-22 17:48:33]     Epoch 40/100: Val R²=0.3629 Train R²=0.3857 Gap=0.0228  
[2025-11-22 17:49:56]     Epoch 41/100: Val R²=0.3623 Train R²=0.3859 Gap=0.0236  
[2025-11-22 17:51:19]     Epoch 42/100: Val R²=0.3626 Train R²=0.3860 Gap=0.0234  
[2025-11-22 17:52:43]     Epoch 43/100: Val R²=0.3623 Train R²=0.3862 Gap=0.0239  
[2025-11-22 17:54:07]     Epoch 44/100: Val R²=0.3632 Train R²=0.3868 Gap=0.0236 ✓
[2025-11-22 17:55:30]     Epoch 45/100: Val R²=0.3629 Train R²=0.3869 Gap=0.0240  
[2025-11-22 17:56:54]     Epoch 46/100: Val R²=0.3633 Train R²=0.3872 Gap=0.0238 ✓
[2025-11-22 17:58:17]     Epoch 47/100: Val R²=0.3630 Train R²=0.3872 Gap=0.0241  
[2025-11-22 17:59:40]     Epoch 48/100: Val R²=0.3627 Train R²=0.3872 Gap=0.0245  
[2025-11-22 18:01:03]     Epoch 49/100: Val R²=0.3628 Train R²=0.3873 Gap=0.0245  
[2025-11-22 18:02:26]     Epoch 50/100: Val R²=0.3627 Train R²=0.3873 Gap=0.0246  
[2025-11-22 18:03:51]     Epoch 51/100: Val R²=0.3632 Train R²=0.3875 Gap=0.0243  
[2025-11-22 18:05:14]     Epoch 52/100: Val R²=0.3630 Train R²=0.3876 Gap=0.0246  
[2025-11-22 18:06:40]     Epoch 53/100: Val R²=0.3627 Train R²=0.3877 Gap=0.0250  
[2025-11-22 18:08:07]     Epoch 54/100: Val R²=0.3634 Train R²=0.3878 Gap=0.0244 ✓
[2025-11-22 18:09:33]     Epoch 55/100: Val R²=0.3628 Train R²=0.3877 Gap=0.0249  
[2025-11-22 18:10:56]     Epoch 56/100: Val R²=0.3632 Train R²=0.3877 Gap=0.0245  
[2025-11-22 18:12:21]     Epoch 57/100: Val R²=0.3634 Train R²=0.3879 Gap=0.0244  
[2025-11-22 18:13:46]     Epoch 58/100: Val R²=0.3633 Train R²=0.3879 Gap=0.0246  
[2025-11-22 18:15:10]     Epoch 59/100: Val R²=0.3625 Train R²=0.3880 Gap=0.0255  
[2025-11-22 18:16:34]     Epoch 60/100: Val R²=0.3624 Train R²=0.3881 Gap=0.0257  
[2025-11-22 18:17:59]     Epoch 61/100: Val R²=0.3635 Train R²=0.3879 Gap=0.0244 ✓
[2025-11-22 18:19:23]     Epoch 62/100: Val R²=0.3634 Train R²=0.3880 Gap=0.0246  
[2025-11-22 18:20:47]     Epoch 63/100: Val R²=0.3635 Train R²=0.3879 Gap=0.0245  
[2025-11-22 18:22:10]     Epoch 64/100: Val R²=0.3629 Train R²=0.3883 Gap=0.0254  
[2025-11-22 18:23:35]     Epoch 65/100: Val R²=0.3631 Train R²=0.3883 Gap=0.0251  
[2025-11-22 18:24:59]     Epoch 66/100: Val R²=0.3629 Train R²=0.3884 Gap=0.0255  
[2025-11-22 18:26:23]     Epoch 67/100: Val R²=0.3635 Train R²=0.3883 Gap=0.0248  
[2025-11-22 18:27:50]     Epoch 68/100: Val R²=0.3634 Train R²=0.3884 Gap=0.0250  
[2025-11-22 18:29:13]     Epoch 69/100: Val R²=0.3635 Train R²=0.3884 Gap=0.0249  
[2025-11-22 18:30:37]     Epoch 70/100: Val R²=0.3636 Train R²=0.3884 Gap=0.0248 ✓
[2025-11-22 18:32:01]     Epoch 71/100: Val R²=0.3634 Train R²=0.3883 Gap=0.0249  
[2025-11-22 18:33:25]     Epoch 72/100: Val R²=0.3629 Train R²=0.3883 Gap=0.0254  
[2025-11-22 18:34:48]     Epoch 73/100: Val R²=0.3631 Train R²=0.3885 Gap=0.0254  
[2025-11-22 18:36:11]     Epoch 74/100: Val R²=0.3629 Train R²=0.3883 Gap=0.0255  
[2025-11-22 18:37:35]     Epoch 75/100: Val R²=0.3628 Train R²=0.3883 Gap=0.0256  
[2025-11-22 18:39:00]     Epoch 76/100: Val R²=0.3632 Train R²=0.3884 Gap=0.0252  
[2025-11-22 18:40:23]     Epoch 77/100: Val R²=0.3633 Train R²=0.3885 Gap=0.0252  
[2025-11-22 18:41:47]     Epoch 78/100: Val R²=0.3637 Train R²=0.3886 Gap=0.0249 ✓
[2025-11-22 18:43:10]     Epoch 79/100: Val R²=0.3630 Train R²=0.3884 Gap=0.0255  
[2025-11-22 18:44:34]     Epoch 80/100: Val R²=0.3636 Train R²=0.3883 Gap=0.0248  
[2025-11-22 18:46:00]     Epoch 81/100: Val R²=0.3632 Train R²=0.3885 Gap=0.0253  
[2025-11-22 18:47:24]     Epoch 82/100: Val R²=0.3630 Train R²=0.3884 Gap=0.0254  
[2025-11-22 18:48:51]     Epoch 83/100: Val R²=0.3634 Train R²=0.3885 Gap=0.0250  
[2025-11-22 18:50:14]     Epoch 84/100: Val R²=0.3634 Train R²=0.3886 Gap=0.0252  
[2025-11-22 18:51:38]     Epoch 85/100: Val R²=0.3632 Train R²=0.3884 Gap=0.0251  
[2025-11-22 18:53:02]     Epoch 86/100: Val R²=0.3632 Train R²=0.3884 Gap=0.0252  
[2025-11-22 18:54:25]     Epoch 87/100: Val R²=0.3636 Train R²=0.3885 Gap=0.0249  
[2025-11-22 18:55:49]     Epoch 88/100: Val R²=0.3634 Train R²=0.3884 Gap=0.0250  
[2025-11-22 18:57:14]     Epoch 89/100: Val R²=0.3633 Train R²=0.3885 Gap=0.0252  
[2025-11-22 18:58:38]     Epoch 90/100: Val R²=0.3630 Train R²=0.3883 Gap=0.0253  
[2025-11-22 19:00:02]     Epoch 91/100: Val R²=0.3631 Train R²=0.3885 Gap=0.0254  
[2025-11-22 19:01:26]     Epoch 92/100: Val R²=0.3633 Train R²=0.3885 Gap=0.0252  
[2025-11-22 19:02:53]     Epoch 93/100: Val R²=0.3633 Train R²=0.3884 Gap=0.0251  
[2025-11-22 19:02:53]     Early stopped at epoch 93
[2025-11-22 19:02:53] 
======================================================================
[2025-11-22 19:02:53] Config 1/100 Complete:
[2025-11-22 19:02:53]   Best Val R²: 0.363651 (epoch 78)
[2025-11-22 19:02:53]   Best Global R²: 0.375200
[2025-11-22 19:02:53]   Overfitting Gap: 0.024939
[2025-11-22 19:02:53]   Parameters: 25,184
[2025-11-22 19:02:53]   Training Time: 7859.0s
[2025-11-22 19:02:53]   Not better than global best (0.375200)
[2025-11-22 19:02:53]   Results saved to models/bruteforce_search_results_20251122_165154.csv
[2025-11-22 19:02:53] 
======================================================================
[2025-11-22 19:02:53] Config 2/100 - Starting Training:
[2025-11-22 19:02:53]   Architecture:
[2025-11-22 19:02:53]     Lookback: 20, Hidden: 64, Layers: 1, Dropout: 0.1
[2025-11-22 19:02:53]     Bidirectional: False, GRU: True
[2025-11-22 19:02:53]   Output Head:
[2025-11-22 19:02:53]     FC Layers: 2, FC Hidden: 64, Activation: relu
[2025-11-22 19:02:53]     FC Dropout: 0.0, Batch Norm: True
[2025-11-22 19:02:53]   Training:
[2025-11-22 19:02:53]     Batch Size: 128, LR: 0.0001, Weight Decay: 0.0
[2025-11-22 19:02:53]     Optimizer: adamw, Grad Clip: None, LR Patience: 3
[2025-11-22 19:04:17]     Epoch  1/100: Val R²=0.3192 Train R²=0.2922 Gap=-0.0271 ✓
[2025-11-22 19:05:40]     Epoch  2/100: Val R²=0.3347 Train R²=0.3406 Gap=0.0059 ✓
[2025-11-22 19:07:04]     Epoch  3/100: Val R²=0.3390 Train R²=0.3526 Gap=0.0136 ✓
[2025-11-22 19:08:31]     Epoch  4/100: Val R²=0.3444 Train R²=0.3588 Gap=0.0144 ✓
[2025-11-22 19:09:56]     Epoch  5/100: Val R²=0.3449 Train R²=0.3625 Gap=0.0176 ✓
[2025-11-22 19:11:21]     Epoch  6/100: Val R²=0.3491 Train R²=0.3651 Gap=0.0160 ✓
[2025-11-22 19:12:45]     Epoch  7/100: Val R²=0.3504 Train R²=0.3672 Gap=0.0169 ✓
[2025-11-22 19:14:09]     Epoch  8/100: Val R²=0.3507 Train R²=0.3689 Gap=0.0181 ✓
[2025-11-22 19:15:33]     Epoch  9/100: Val R²=0.3528 Train R²=0.3705 Gap=0.0177 ✓
[2025-11-22 19:16:58]     Epoch 10/100: Val R²=0.3530 Train R²=0.3718 Gap=0.0188 ✓
[2025-11-22 19:18:21]     Epoch 11/100: Val R²=0.3536 Train R²=0.3727 Gap=0.0191 ✓
[2025-11-22 19:19:45]     Epoch 12/100: Val R²=0.3554 Train R²=0.3738 Gap=0.0184 ✓
[2025-11-22 19:21:09]     Epoch 13/100: Val R²=0.3556 Train R²=0.3745 Gap=0.0189 ✓
[2025-11-22 19:22:33]     Epoch 14/100: Val R²=0.3552 Train R²=0.3753 Gap=0.0201  
[2025-11-22 19:23:56]     Epoch 15/100: Val R²=0.3564 Train R²=0.3759 Gap=0.0196 ✓
[2025-11-22 19:25:19]     Epoch 16/100: Val R²=0.3571 Train R²=0.3767 Gap=0.0196 ✓
[2025-11-22 19:26:43]     Epoch 17/100: Val R²=0.3575 Train R²=0.3775 Gap=0.0200 ✓
[2025-11-22 19:28:07]     Epoch 18/100: Val R²=0.3584 Train R²=0.3780 Gap=0.0196 ✓
[2025-11-22 19:29:33]     Epoch 19/100: Val R²=0.3579 Train R²=0.3785 Gap=0.0206  
[2025-11-22 19:30:58]     Epoch 20/100: Val R²=0.3571 Train R²=0.3790 Gap=0.0219  
[2025-11-22 19:32:22]     Epoch 21/100: Val R²=0.3587 Train R²=0.3793 Gap=0.0206 ✓
[2025-11-22 19:33:46]     Epoch 22/100: Val R²=0.3575 Train R²=0.3798 Gap=0.0224  
[2025-11-22 19:35:09]     Epoch 23/100: Val R²=0.3589 Train R²=0.3804 Gap=0.0214 ✓
[2025-11-22 19:36:31]     Epoch 24/100: Val R²=0.3584 Train R²=0.3806 Gap=0.0222  
[2025-11-22 19:37:54]     Epoch 25/100: Val R²=0.3591 Train R²=0.3810 Gap=0.0219 ✓
[2025-11-22 19:39:16]     Epoch 26/100: Val R²=0.3594 Train R²=0.3814 Gap=0.0221 ✓
[2025-11-22 19:40:40]     Epoch 27/100: Val R²=0.3601 Train R²=0.3817 Gap=0.0216 ✓
[2025-11-22 19:42:02]     Epoch 28/100: Val R²=0.3601 Train R²=0.3820 Gap=0.0220  
[2025-11-22 19:43:24]     Epoch 29/100: Val R²=0.3604 Train R²=0.3824 Gap=0.0220 ✓
[2025-11-22 19:44:46]     Epoch 30/100: Val R²=0.3617 Train R²=0.3826 Gap=0.0210 ✓
[2025-11-22 19:46:08]     Epoch 31/100: Val R²=0.3607 Train R²=0.3829 Gap=0.0222  
[2025-11-22 19:47:30]     Epoch 32/100: Val R²=0.3612 Train R²=0.3832 Gap=0.0219  
[2025-11-22 19:48:52]     Epoch 33/100: Val R²=0.3603 Train R²=0.3836 Gap=0.0233  
[2025-11-22 19:50:15]     Epoch 34/100: Val R²=0.3597 Train R²=0.3838 Gap=0.0241  
[2025-11-22 19:51:36]     Epoch 35/100: Val R²=0.3615 Train R²=0.3850 Gap=0.0235  
[2025-11-22 19:52:57]     Epoch 36/100: Val R²=0.3616 Train R²=0.3853 Gap=0.0237  
[2025-11-22 19:54:18]     Epoch 37/100: Val R²=0.3624 Train R²=0.3856 Gap=0.0233 ✓
[2025-11-22 19:55:40]     Epoch 38/100: Val R²=0.3620 Train R²=0.3856 Gap=0.0236  
[2025-11-22 19:57:00]     Epoch 39/100: Val R²=0.3619 Train R²=0.3859 Gap=0.0239  
[2025-11-22 19:58:21]     Epoch 40/100: Val R²=0.3621 Train R²=0.3859 Gap=0.0238  
[2025-11-22 19:59:42]     Epoch 41/100: Val R²=0.3622 Train R²=0.3860 Gap=0.0238  
[2025-11-22 20:01:04]     Epoch 42/100: Val R²=0.3613 Train R²=0.3866 Gap=0.0253  
[2025-11-22 20:02:24]     Epoch 43/100: Val R²=0.3623 Train R²=0.3869 Gap=0.0246  
[2025-11-22 20:03:45]     Epoch 44/100: Val R²=0.3613 Train R²=0.3870 Gap=0.0257  
[2025-11-22 20:05:06]     Epoch 45/100: Val R²=0.3624 Train R²=0.3870 Gap=0.0247 ✓
[2025-11-22 20:06:27]     Epoch 46/100: Val R²=0.3627 Train R²=0.3873 Gap=0.0246 ✓
[2025-11-22 20:07:48]     Epoch 47/100: Val R²=0.3623 Train R²=0.3875 Gap=0.0252  
[2025-11-22 20:09:09]     Epoch 48/100: Val R²=0.3627 Train R²=0.3874 Gap=0.0247  
[2025-11-22 20:10:29]     Epoch 49/100: Val R²=0.3627 Train R²=0.3875 Gap=0.0248  
[2025-11-22 20:11:50]     Epoch 50/100: Val R²=0.3629 Train R²=0.3875 Gap=0.0246 ✓
[2025-11-22 20:13:11]     Epoch 51/100: Val R²=0.3626 Train R²=0.3876 Gap=0.0250  
[2025-11-22 20:14:32]     Epoch 52/100: Val R²=0.3619 Train R²=0.3875 Gap=0.0257  
[2025-11-22 20:15:53]     Epoch 53/100: Val R²=0.3628 Train R²=0.3874 Gap=0.0246  
[2025-11-22 20:17:13]     Epoch 54/100: Val R²=0.3628 Train R²=0.3876 Gap=0.0247  
[2025-11-22 20:18:33]     Epoch 55/100: Val R²=0.3625 Train R²=0.3878 Gap=0.0253  
[2025-11-22 20:19:54]     Epoch 56/100: Val R²=0.3630 Train R²=0.3879 Gap=0.0249 ✓
[2025-11-22 20:21:14]     Epoch 57/100: Val R²=0.3620 Train R²=0.3880 Gap=0.0260  
[2025-11-22 20:22:35]     Epoch 58/100: Val R²=0.3628 Train R²=0.3877 Gap=0.0249  
[2025-11-22 20:23:55]     Epoch 59/100: Val R²=0.3629 Train R²=0.3879 Gap=0.0249  
[2025-11-22 20:25:18]     Epoch 60/100: Val R²=0.3626 Train R²=0.3879 Gap=0.0253  
[2025-11-22 20:26:39]     Epoch 61/100: Val R²=0.3627 Train R²=0.3878 Gap=0.0251  
[2025-11-22 20:27:59]     Epoch 62/100: Val R²=0.3631 Train R²=0.3880 Gap=0.0249 ✓
[2025-11-22 20:29:19]     Epoch 63/100: Val R²=0.3631 Train R²=0.3879 Gap=0.0248 ✓
[2025-11-22 20:30:39]     Epoch 64/100: Val R²=0.3627 Train R²=0.3882 Gap=0.0255  
[2025-11-22 20:31:59]     Epoch 65/100: Val R²=0.3629 Train R²=0.3881 Gap=0.0251  
[2025-11-22 20:33:19]     Epoch 66/100: Val R²=0.3626 Train R²=0.3881 Gap=0.0255  
[2025-11-22 20:34:39]     Epoch 67/100: Val R²=0.3623 Train R²=0.3879 Gap=0.0256  
[2025-11-22 20:36:00]     Epoch 68/100: Val R²=0.3627 Train R²=0.3881 Gap=0.0254  
[2025-11-22 20:37:19]     Epoch 69/100: Val R²=0.3630 Train R²=0.3882 Gap=0.0252  
[2025-11-22 20:38:39]     Epoch 70/100: Val R²=0.3628 Train R²=0.3881 Gap=0.0253  
[2025-11-22 20:39:59]     Epoch 71/100: Val R²=0.3625 Train R²=0.3882 Gap=0.0257  
[2025-11-22 20:41:17]     Epoch 72/100: Val R²=0.3630 Train R²=0.3882 Gap=0.0252  
[2025-11-22 20:42:34]     Epoch 73/100: Val R²=0.3626 Train R²=0.3880 Gap=0.0254  
[2025-11-22 20:43:51]     Epoch 74/100: Val R²=0.3632 Train R²=0.3882 Gap=0.0250 ✓
[2025-11-22 20:45:06]     Epoch 75/100: Val R²=0.3628 Train R²=0.3882 Gap=0.0254  
[2025-11-22 20:46:22]     Epoch 76/100: Val R²=0.3629 Train R²=0.3883 Gap=0.0254  
[2025-11-22 20:47:37]     Epoch 77/100: Val R²=0.3632 Train R²=0.3881 Gap=0.0249 ✓
[2025-11-22 20:48:53]     Epoch 78/100: Val R²=0.3630 Train R²=0.3882 Gap=0.0252  
[2025-11-22 20:50:09]     Epoch 79/100: Val R²=0.3625 Train R²=0.3881 Gap=0.0256  
[2025-11-22 20:51:24]     Epoch 80/100: Val R²=0.3631 Train R²=0.3882 Gap=0.0251  
[2025-11-22 20:52:40]     Epoch 81/100: Val R²=0.3628 Train R²=0.3883 Gap=0.0255  
[2025-11-22 20:53:56]     Epoch 82/100: Val R²=0.3631 Train R²=0.3882 Gap=0.0251  
[2025-11-22 20:55:12]     Epoch 83/100: Val R²=0.3631 Train R²=0.3882 Gap=0.0251  
[2025-11-22 20:56:28]     Epoch 84/100: Val R²=0.3629 Train R²=0.3881 Gap=0.0252  
[2025-11-22 20:57:46]     Epoch 85/100: Val R²=0.3629 Train R²=0.3883 Gap=0.0254  
[2025-11-22 20:59:03]     Epoch 86/100: Val R²=0.3631 Train R²=0.3882 Gap=0.0251  
[2025-11-22 21:00:20]     Epoch 87/100: Val R²=0.3628 Train R²=0.3882 Gap=0.0254  
[2025-11-22 21:01:37]     Epoch 88/100: Val R²=0.3630 Train R²=0.3882 Gap=0.0252  
[2025-11-22 21:02:53]     Epoch 89/100: Val R²=0.3630 Train R²=0.3882 Gap=0.0252  
[2025-11-22 21:04:09]     Epoch 90/100: Val R²=0.3627 Train R²=0.3882 Gap=0.0256  
[2025-11-22 21:05:25]     Epoch 91/100: Val R²=0.3623 Train R²=0.3882 Gap=0.0259  
[2025-11-22 21:06:40]     Epoch 92/100: Val R²=0.3629 Train R²=0.3883 Gap=0.0254  
[2025-11-22 21:06:40]     Early stopped at epoch 92
[2025-11-22 21:06:40] 
======================================================================
[2025-11-22 21:06:40] Config 2/100 Complete:
[2025-11-22 21:06:40]   Best Val R²: 0.363246 (epoch 77)
[2025-11-22 21:06:40]   Best Global R²: 0.375200
[2025-11-22 21:06:40]   Overfitting Gap: 0.024872
[2025-11-22 21:06:40]   Parameters: 25,184
[2025-11-22 21:06:40]   Training Time: 7427.5s
[2025-11-22 21:06:40]   Not better than global best (0.375200)
[2025-11-22 21:06:40]   Results saved to models/bruteforce_search_results_20251122_165154.csv
[2025-11-22 21:06:40] 
======================================================================
[2025-11-22 21:06:40] Config 3/100 - Starting Training:
[2025-11-22 21:06:40]   Architecture:
[2025-11-22 21:06:40]     Lookback: 20, Hidden: 64, Layers: 1, Dropout: 0.1
[2025-11-22 21:06:40]     Bidirectional: False, GRU: True
[2025-11-22 21:06:40]   Output Head:
[2025-11-22 21:06:40]     FC Layers: 2, FC Hidden: 64, Activation: relu
[2025-11-22 21:06:40]     FC Dropout: 0.0, Batch Norm: True
[2025-11-22 21:06:40]   Training:
[2025-11-22 21:06:40]     Batch Size: 128, LR: 0.0001, Weight Decay: 0.0
[2025-11-22 21:06:40]     Optimizer: adam, Grad Clip: 0.5, LR Patience: 3
[2025-11-22 21:08:00]     Epoch  1/100: Val R²=0.3197 Train R²=0.2945 Gap=-0.0251 ✓
[2025-11-22 21:09:19]     Epoch  2/100: Val R²=0.3356 Train R²=0.3415 Gap=0.0059 ✓
[2025-11-22 21:10:38]     Epoch  3/100: Val R²=0.3396 Train R²=0.3541 Gap=0.0145 ✓
[2025-11-22 21:11:57]     Epoch  4/100: Val R²=0.3446 Train R²=0.3598 Gap=0.0152 ✓
[2025-11-22 21:13:15]     Epoch  5/100: Val R²=0.3460 Train R²=0.3634 Gap=0.0174 ✓
[2025-11-22 21:14:34]     Epoch  6/100: Val R²=0.3495 Train R²=0.3658 Gap=0.0162 ✓
[2025-11-22 21:15:54]     Epoch  7/100: Val R²=0.3513 Train R²=0.3678 Gap=0.0164 ✓
[2025-11-22 21:17:13]     Epoch  8/100: Val R²=0.3520 Train R²=0.3694 Gap=0.0175 ✓
[2025-11-22 21:18:32]     Epoch  9/100: Val R²=0.3531 Train R²=0.3707 Gap=0.0175 ✓
[2025-11-22 21:19:52]     Epoch 10/100: Val R²=0.3547 Train R²=0.3719 Gap=0.0173 ✓
[2025-11-22 21:21:12]     Epoch 11/100: Val R²=0.3553 Train R²=0.3729 Gap=0.0176 ✓
[2025-11-22 21:22:32]     Epoch 12/100: Val R²=0.3557 Train R²=0.3738 Gap=0.0181 ✓
[2025-11-22 21:23:52]     Epoch 13/100: Val R²=0.3561 Train R²=0.3747 Gap=0.0186 ✓
[2025-11-22 21:25:12]     Epoch 14/100: Val R²=0.3555 Train R²=0.3757 Gap=0.0202  
[2025-11-22 21:26:32]     Epoch 15/100: Val R²=0.3580 Train R²=0.3764 Gap=0.0184 ✓
[2025-11-22 21:27:52]     Epoch 16/100: Val R²=0.3578 Train R²=0.3770 Gap=0.0192  
[2025-11-22 21:29:13]     Epoch 17/100: Val R²=0.3573 Train R²=0.3774 Gap=0.0201  
[2025-11-22 21:30:33]     Epoch 18/100: Val R²=0.3581 Train R²=0.3779 Gap=0.0198 ✓
[2025-11-22 21:31:53]     Epoch 19/100: Val R²=0.3588 Train R²=0.3784 Gap=0.0197 ✓
[2025-11-22 21:33:13]     Epoch 20/100: Val R²=0.3589 Train R²=0.3789 Gap=0.0200 ✓
[2025-11-22 21:34:33]     Epoch 21/100: Val R²=0.3584 Train R²=0.3795 Gap=0.0211  
[2025-11-22 21:35:53]     Epoch 22/100: Val R²=0.3596 Train R²=0.3800 Gap=0.0204 ✓
[2025-11-22 21:37:16]     Epoch 23/100: Val R²=0.3596 Train R²=0.3803 Gap=0.0208 ✓
[2025-11-22 21:38:50]     Epoch 24/100: Val R²=0.3596 Train R²=0.3807 Gap=0.0210 ✓
[2025-11-22 21:40:27]     Epoch 25/100: Val R²=0.3607 Train R²=0.3812 Gap=0.0204 ✓
[2025-11-22 21:42:05]     Epoch 26/100: Val R²=0.3600 Train R²=0.3814 Gap=0.0214  
[2025-11-22 21:43:43]     Epoch 27/100: Val R²=0.3594 Train R²=0.3817 Gap=0.0223  
[2025-11-22 21:45:20]     Epoch 28/100: Val R²=0.3608 Train R²=0.3822 Gap=0.0213 ✓
[2025-11-22 21:46:58]     Epoch 29/100: Val R²=0.3614 Train R²=0.3824 Gap=0.0210 ✓
[2025-11-22 21:48:36]     Epoch 30/100: Val R²=0.3607 Train R²=0.3828 Gap=0.0220  
[2025-11-22 21:50:14]     Epoch 31/100: Val R²=0.3609 Train R²=0.3831 Gap=0.0221  
[2025-11-22 21:51:52]     Epoch 32/100: Val R²=0.3618 Train R²=0.3833 Gap=0.0216 ✓
[2025-11-22 21:53:26]     Epoch 33/100: Val R²=0.3615 Train R²=0.3836 Gap=0.0221  
[2025-11-22 21:54:59]     Epoch 34/100: Val R²=0.3598 Train R²=0.3840 Gap=0.0241  
[2025-11-22 21:56:28]     Epoch 35/100: Val R²=0.3600 Train R²=0.3840 Gap=0.0240  
[2025-11-22 21:57:59]     Epoch 36/100: Val R²=0.3614 Train R²=0.3845 Gap=0.0231  
[2025-11-22 21:59:28]     Epoch 37/100: Val R²=0.3621 Train R²=0.3857 Gap=0.0236 ✓
[2025-11-22 22:00:57]     Epoch 38/100: Val R²=0.3624 Train R²=0.3859 Gap=0.0235 ✓
[2025-11-22 22:02:26]     Epoch 39/100: Val R²=0.3621 Train R²=0.3860 Gap=0.0238  
[2025-11-22 22:03:54]     Epoch 40/100: Val R²=0.3621 Train R²=0.3861 Gap=0.0240  
[2025-11-22 22:05:23]     Epoch 41/100: Val R²=0.3617 Train R²=0.3865 Gap=0.0248  
[2025-11-22 22:06:52]     Epoch 42/100: Val R²=0.3629 Train R²=0.3865 Gap=0.0236 ✓
[2025-11-22 22:08:20]     Epoch 43/100: Val R²=0.3620 Train R²=0.3864 Gap=0.0244  
[2025-11-22 22:09:49]     Epoch 44/100: Val R²=0.3620 Train R²=0.3864 Gap=0.0244  
[2025-11-22 22:11:20]     Epoch 45/100: Val R²=0.3625 Train R²=0.3869 Gap=0.0244  
[2025-11-22 22:12:48]     Epoch 46/100: Val R²=0.3630 Train R²=0.3869 Gap=0.0239 ✓
[2025-11-22 22:14:16]     Epoch 47/100: Val R²=0.3626 Train R²=0.3877 Gap=0.0252  
[2025-11-22 22:15:44]     Epoch 48/100: Val R²=0.3627 Train R²=0.3877 Gap=0.0250  
[2025-11-22 22:17:13]     Epoch 49/100: Val R²=0.3620 Train R²=0.3878 Gap=0.0258  
[2025-11-22 22:18:41]     Epoch 50/100: Val R²=0.3620 Train R²=0.3878 Gap=0.0258  
[2025-11-22 22:20:08]     Epoch 51/100: Val R²=0.3623 Train R²=0.3881 Gap=0.0258  
[2025-11-22 22:21:38]     Epoch 52/100: Val R²=0.3633 Train R²=0.3880 Gap=0.0248 ✓
[2025-11-22 22:23:07]     Epoch 53/100: Val R²=0.3631 Train R²=0.3882 Gap=0.0251  
[2025-11-22 22:24:35]     Epoch 54/100: Val R²=0.3633 Train R²=0.3883 Gap=0.0249 ✓
[2025-11-22 22:26:04]     Epoch 55/100: Val R²=0.3630 Train R²=0.3884 Gap=0.0254  
[2025-11-22 22:27:36]     Epoch 56/100: Val R²=0.3633 Train R²=0.3882 Gap=0.0249  
[2025-11-22 22:29:06]     Epoch 57/100: Val R²=0.3634 Train R²=0.3883 Gap=0.0248 ✓
[2025-11-22 22:30:39]     Epoch 58/100: Val R²=0.3632 Train R²=0.3884 Gap=0.0252  
[2025-11-22 22:32:10]     Epoch 59/100: Val R²=0.3627 Train R²=0.3884 Gap=0.0257  
[2025-11-22 22:33:40]     Epoch 60/100: Val R²=0.3629 Train R²=0.3884 Gap=0.0255  
[2025-11-22 22:35:15]     Epoch 61/100: Val R²=0.3632 Train R²=0.3884 Gap=0.0252  
[2025-11-22 22:36:50]     Epoch 62/100: Val R²=0.3634 Train R²=0.3885 Gap=0.0250  
[2025-11-22 22:38:22]     Epoch 63/100: Val R²=0.3633 Train R²=0.3886 Gap=0.0253  
[2025-11-22 22:39:51]     Epoch 64/100: Val R²=0.3636 Train R²=0.3886 Gap=0.0251 ✓
[2025-11-22 22:41:23]     Epoch 65/100: Val R²=0.3627 Train R²=0.3888 Gap=0.0261  
[2025-11-22 22:42:55]     Epoch 66/100: Val R²=0.3633 Train R²=0.3887 Gap=0.0254  
[2025-11-22 22:44:30]     Epoch 67/100: Val R²=0.3635 Train R²=0.3887 Gap=0.0251  
[2025-11-22 22:45:55]     Epoch 68/100: Val R²=0.3632 Train R²=0.3888 Gap=0.0256  
[2025-11-22 22:47:21]     Epoch 69/100: Val R²=0.3635 Train R²=0.3888 Gap=0.0252  
[2025-11-22 22:48:46]     Epoch 70/100: Val R²=0.3626 Train R²=0.3889 Gap=0.0263  
[2025-11-22 22:50:14]     Epoch 71/100: Val R²=0.3627 Train R²=0.3888 Gap=0.0261  
[2025-11-22 22:51:39]     Epoch 72/100: Val R²=0.3634 Train R²=0.3887 Gap=0.0253  
[2025-11-22 22:53:12]     Epoch 73/100: Val R²=0.3634 Train R²=0.3890 Gap=0.0255  
[2025-11-22 22:54:40]     Epoch 74/100: Val R²=0.3628 Train R²=0.3891 Gap=0.0263  
[2025-11-22 22:56:16]     Epoch 75/100: Val R²=0.3633 Train R²=0.3889 Gap=0.0256  
[2025-11-22 22:57:41]     Epoch 76/100: Val R²=0.3634 Train R²=0.3890 Gap=0.0256  
[2025-11-22 22:59:09]     Epoch 77/100: Val R²=0.3633 Train R²=0.3889 Gap=0.0257  
[2025-11-22 23:00:35]     Epoch 78/100: Val R²=0.3634 Train R²=0.3889 Gap=0.0255  
[2025-11-22 23:02:09]     Epoch 79/100: Val R²=0.3634 Train R²=0.3889 Gap=0.0255  
[2025-11-22 23:02:09]     Early stopped at epoch 79
[2025-11-22 23:02:09] 
======================================================================
[2025-11-22 23:02:09] Config 3/100 Complete:
[2025-11-22 23:02:09]   Best Val R²: 0.363550 (epoch 64)
[2025-11-22 23:02:09]   Best Global R²: 0.375200
[2025-11-22 23:02:09]   Overfitting Gap: 0.025059
[2025-11-22 23:02:09]   Parameters: 25,184
[2025-11-22 23:02:09]   Training Time: 6928.1s
[2025-11-22 23:02:09]   Not better than global best (0.375200)
[2025-11-22 23:02:09]   Results saved to models/bruteforce_search_results_20251122_165154.csv
[2025-11-22 23:02:09] 
======================================================================
[2025-11-22 23:02:09] Config 4/100 - Starting Training:
[2025-11-22 23:02:09]   Architecture:
[2025-11-22 23:02:09]     Lookback: 20, Hidden: 64, Layers: 1, Dropout: 0.1
[2025-11-22 23:02:09]     Bidirectional: False, GRU: True
[2025-11-22 23:02:09]   Output Head:
[2025-11-22 23:02:09]     FC Layers: 2, FC Hidden: 64, Activation: relu
[2025-11-22 23:02:09]     FC Dropout: 0.0, Batch Norm: True
[2025-11-22 23:02:09]   Training:
[2025-11-22 23:02:09]     Batch Size: 128, LR: 0.0001, Weight Decay: 0.0
[2025-11-22 23:02:09]     Optimizer: adamw, Grad Clip: 0.5, LR Patience: 3
[2025-11-22 23:03:42]     Epoch  1/100: Val R²=0.3222 Train R²=0.2946 Gap=-0.0276 ✓
[2025-11-22 23:05:18]     Epoch  2/100: Val R²=0.3357 Train R²=0.3427 Gap=0.0069 ✓
[2025-11-22 23:06:52]     Epoch  3/100: Val R²=0.3414 Train R²=0.3545 Gap=0.0131 ✓
[2025-11-22 23:08:25]     Epoch  4/100: Val R²=0.3454 Train R²=0.3602 Gap=0.0148 ✓
[2025-11-22 23:09:50]     Epoch  5/100: Val R²=0.3476 Train R²=0.3634 Gap=0.0158 ✓
[2025-11-22 23:11:15]     Epoch  6/100: Val R²=0.3502 Train R²=0.3658 Gap=0.0156 ✓
[2025-11-22 23:12:40]     Epoch  7/100: Val R²=0.3504 Train R²=0.3678 Gap=0.0175 ✓
[2025-11-22 23:14:03]     Epoch  8/100: Val R²=0.3520 Train R²=0.3693 Gap=0.0173 ✓
[2025-11-22 23:15:27]     Epoch  9/100: Val R²=0.3498 Train R²=0.3708 Gap=0.0210  
[2025-11-22 23:16:52]     Epoch 10/100: Val R²=0.3531 Train R²=0.3717 Gap=0.0186 ✓
[2025-11-22 23:18:19]     Epoch 11/100: Val R²=0.3551 Train R²=0.3730 Gap=0.0178 ✓
[2025-11-22 23:19:43]     Epoch 12/100: Val R²=0.3555 Train R²=0.3739 Gap=0.0184 ✓
[2025-11-22 23:21:07]     Epoch 13/100: Val R²=0.3555 Train R²=0.3746 Gap=0.0191  
[2025-11-22 23:22:30]     Epoch 14/100: Val R²=0.3558 Train R²=0.3753 Gap=0.0195 ✓
[2025-11-22 23:23:52]     Epoch 15/100: Val R²=0.3574 Train R²=0.3759 Gap=0.0185 ✓
[2025-11-22 23:25:15]     Epoch 16/100: Val R²=0.3576 Train R²=0.3765 Gap=0.0190 ✓
[2025-11-22 23:26:38]     Epoch 17/100: Val R²=0.3575 Train R²=0.3770 Gap=0.0195  
[2025-11-22 23:28:00]     Epoch 18/100: Val R²=0.3590 Train R²=0.3775 Gap=0.0186 ✓
[2025-11-22 23:29:23]     Epoch 19/100: Val R²=0.3595 Train R²=0.3782 Gap=0.0187 ✓
[2025-11-22 23:30:45]     Epoch 20/100: Val R²=0.3597 Train R²=0.3786 Gap=0.0189 ✓
[2025-11-22 23:32:07]     Epoch 21/100: Val R²=0.3591 Train R²=0.3790 Gap=0.0199  
[2025-11-22 23:33:31]     Epoch 22/100: Val R²=0.3593 Train R²=0.3794 Gap=0.0201  
[2025-11-22 23:34:55]     Epoch 23/100: Val R²=0.3607 Train R²=0.3799 Gap=0.0192 ✓
[2025-11-22 23:36:20]     Epoch 24/100: Val R²=0.3604 Train R²=0.3803 Gap=0.0199  
[2025-11-22 23:37:44]     Epoch 25/100: Val R²=0.3610 Train R²=0.3806 Gap=0.0196 ✓
[2025-11-22 23:39:08]     Epoch 26/100: Val R²=0.3603 Train R²=0.3809 Gap=0.0206  
[2025-11-22 23:40:32]     Epoch 27/100: Val R²=0.3604 Train R²=0.3812 Gap=0.0207  
[2025-11-22 23:41:55]     Epoch 28/100: Val R²=0.3610 Train R²=0.3815 Gap=0.0205 ✓
[2025-11-22 23:43:17]     Epoch 29/100: Val R²=0.3611 Train R²=0.3818 Gap=0.0207 ✓
[2025-11-22 23:44:38]     Epoch 30/100: Val R²=0.3621 Train R²=0.3823 Gap=0.0203 ✓
[2025-11-22 23:46:00]     Epoch 31/100: Val R²=0.3607 Train R²=0.3823 Gap=0.0216  
[2025-11-22 23:47:22]     Epoch 32/100: Val R²=0.3602 Train R²=0.3826 Gap=0.0224  
[2025-11-22 23:48:44]     Epoch 33/100: Val R²=0.3613 Train R²=0.3829 Gap=0.0216  
[2025-11-22 23:50:17]     Epoch 34/100: Val R²=0.3606 Train R²=0.3831 Gap=0.0225  
[2025-11-22 23:51:38]     Epoch 35/100: Val R²=0.3618 Train R²=0.3844 Gap=0.0226  
[2025-11-22 23:53:01]     Epoch 36/100: Val R²=0.3620 Train R²=0.3845 Gap=0.0225  
[2025-11-22 23:54:23]     Epoch 37/100: Val R²=0.3618 Train R²=0.3850 Gap=0.0232  
[2025-11-22 23:55:46]     Epoch 38/100: Val R²=0.3616 Train R²=0.3850 Gap=0.0234  
[2025-11-22 23:57:07]     Epoch 39/100: Val R²=0.3622 Train R²=0.3856 Gap=0.0234 ✓
[2025-11-22 23:58:29]     Epoch 40/100: Val R²=0.3626 Train R²=0.3856 Gap=0.0231 ✓
[2025-11-22 23:59:51]     Epoch 41/100: Val R²=0.3628 Train R²=0.3856 Gap=0.0229 ✓
[2025-11-23 00:01:13]     Epoch 42/100: Val R²=0.3628 Train R²=0.3859 Gap=0.0231  
[2025-11-23 00:02:35]     Epoch 43/100: Val R²=0.3629 Train R²=0.3859 Gap=0.0230 ✓
[2025-11-23 00:03:57]     Epoch 44/100: Val R²=0.3619 Train R²=0.3859 Gap=0.0240  
[2025-11-23 00:05:21]     Epoch 45/100: Val R²=0.3620 Train R²=0.3860 Gap=0.0240  
[2025-11-23 00:06:45]     Epoch 46/100: Val R²=0.3627 Train R²=0.3861 Gap=0.0235  
[2025-11-23 00:08:10]     Epoch 47/100: Val R²=0.3625 Train R²=0.3860 Gap=0.0234  
[2025-11-23 00:09:41]     Epoch 48/100: Val R²=0.3627 Train R²=0.3864 Gap=0.0237  
[2025-11-23 00:11:17]     Epoch 49/100: Val R²=0.3625 Train R²=0.3865 Gap=0.0241  
