[2025-10-18 18:17:16] ======================================================================
[2025-10-18 18:17:16] BRUTE FORCE HYPERPARAMETER SEARCH WITH AUTO-SUBMISSION
[2025-10-18 18:17:16] ======================================================================
[2025-10-18 18:17:16] Started at: 2025-10-18 18:17:16
[2025-10-18 18:17:16] Mode: FULL
[2025-10-18 18:17:16] Best R² to beat: 0.340000
[2025-10-18 18:17:16] Log file: logs/bruteforce_20251018_181716.log
[2025-10-18 18:17:16] 
[2025-10-18 18:17:16] Device Detection:
[2025-10-18 18:17:16]   PyTorch version: 2.9.0
[2025-10-18 18:17:16]   Requested: mps
[2025-10-18 18:17:16]   MPS available: ✓
[2025-10-18 18:17:16]   CUDA available: ✗
[2025-10-18 18:17:16]   Using: MPS
[2025-10-18 18:17:16] 
[2025-10-18 18:17:16] Loading data...
[2025-10-18 18:17:17] Train: 413,000 rows, 413 sequences
[2025-10-18 18:17:17] Val:   104,000 rows, 104 sequences
[2025-10-18 18:17:17] Features: 32
[2025-10-18 18:17:17] Configurations to test: 100
[2025-10-18 18:17:17] Max epochs per config: 40
[2025-10-18 18:17:17] 
[2025-10-18 18:17:17] Starting brute force search...
[2025-10-18 18:17:17] 
[2025-10-18 18:17:17] 
======================================================================
[2025-10-18 18:17:17] Config 1/100 - Starting Training:
[2025-10-18 18:17:17]   Architecture:
[2025-10-18 18:17:17]     Lookback: 50, Hidden: 32, Layers: 1, Dropout: 0.3
[2025-10-18 18:17:17]     Bidirectional: False, GRU: False
[2025-10-18 18:17:17]   Output Head:
[2025-10-18 18:17:17]     FC Layers: 1, FC Hidden: 256, Activation: relu
[2025-10-18 18:17:17]     FC Dropout: 0.0, Batch Norm: True
[2025-10-18 18:17:17]   Training:
[2025-10-18 18:17:17]     Batch Size: 32, LR: 0.0001, Weight Decay: 0
[2025-10-18 18:17:17]     Optimizer: adam, Grad Clip: 0.5, LR Patience: 3
[2025-10-18 18:19:03]     Epoch  1/40: Val R²=0.2952 Train R²=0.2886 Gap=-0.0066 ✓
[2025-10-18 18:21:32]     Epoch  2/40: Val R²=0.3100 Train R²=0.3396 Gap=0.0296 ✓
[2025-10-18 18:24:28]     Epoch  3/40: Val R²=0.3176 Train R²=0.3523 Gap=0.0346 ✓
[2025-10-18 18:27:07]     Epoch  4/40: Val R²=0.3224 Train R²=0.3600 Gap=0.0376 ✓
[2025-10-18 18:29:48]     Epoch  5/40: Val R²=0.3230 Train R²=0.3645 Gap=0.0415 ✓
[2025-10-18 18:32:18]     Epoch  6/40: Val R²=0.3269 Train R²=0.3675 Gap=0.0405 ✓
[2025-10-18 18:34:34]     Epoch  7/40: Val R²=0.3288 Train R²=0.3696 Gap=0.0409 ✓
[2025-10-18 18:36:49]     Epoch  8/40: Val R²=0.3301 Train R²=0.3713 Gap=0.0412 ✓
[2025-10-18 18:39:12]     Epoch  9/40: Val R²=0.3303 Train R²=0.3727 Gap=0.0425 ✓
[2025-10-18 18:41:36]     Epoch 10/40: Val R²=0.3315 Train R²=0.3738 Gap=0.0423 ✓
[2025-10-18 18:44:01]     Epoch 11/40: Val R²=0.3328 Train R²=0.3749 Gap=0.0422 ✓
[2025-10-18 18:46:17]     Epoch 12/40: Val R²=0.3336 Train R²=0.3759 Gap=0.0423 ✓
[2025-10-18 18:48:36]     Epoch 13/40: Val R²=0.3333 Train R²=0.3766 Gap=0.0433  
[2025-10-18 18:51:03]     Epoch 14/40: Val R²=0.3340 Train R²=0.3774 Gap=0.0434 ✓
[2025-10-18 18:53:27]     Epoch 15/40: Val R²=0.3350 Train R²=0.3781 Gap=0.0431 ✓
[2025-10-18 18:55:53]     Epoch 16/40: Val R²=0.3357 Train R²=0.3787 Gap=0.0431 ✓
[2025-10-18 18:58:35]     Epoch 17/40: Val R²=0.3361 Train R²=0.3794 Gap=0.0433 ✓
[2025-10-18 19:00:50]     Epoch 18/40: Val R²=0.3357 Train R²=0.3799 Gap=0.0442  
[2025-10-18 19:03:28]     Epoch 19/40: Val R²=0.3370 Train R²=0.3804 Gap=0.0435 ✓
[2025-10-18 19:05:56]     Epoch 20/40: Val R²=0.3378 Train R²=0.3809 Gap=0.0431 ✓
[2025-10-18 19:08:29]     Epoch 21/40: Val R²=0.3380 Train R²=0.3814 Gap=0.0434 ✓
[2025-10-18 19:10:41]     Epoch 22/40: Val R²=0.3388 Train R²=0.3818 Gap=0.0430 ✓
[2025-10-18 19:13:07]     Epoch 23/40: Val R²=0.3388 Train R²=0.3822 Gap=0.0435  
[2025-10-18 19:15:20]     Epoch 24/40: Val R²=0.3389 Train R²=0.3826 Gap=0.0437 ✓
[2025-10-18 19:17:46]     Epoch 25/40: Val R²=0.3396 Train R²=0.3830 Gap=0.0434 ✓
[2025-10-18 19:20:04]     Epoch 26/40: Val R²=0.3395 Train R²=0.3833 Gap=0.0438  
[2025-10-18 19:22:23]     Epoch 27/40: Val R²=0.3403 Train R²=0.3836 Gap=0.0433 ✓
[2025-10-18 19:24:51]     Epoch 28/40: Val R²=0.3403 Train R²=0.3840 Gap=0.0437  
[2025-10-18 19:27:22]     Epoch 29/40: Val R²=0.3405 Train R²=0.3843 Gap=0.0438 ✓
[2025-10-18 19:29:44]     Epoch 30/40: Val R²=0.3414 Train R²=0.3846 Gap=0.0432 ✓
[2025-10-18 19:32:15]     Epoch 31/40: Val R²=0.3410 Train R²=0.3848 Gap=0.0438  
[2025-10-18 19:35:06]     Epoch 32/40: Val R²=0.3416 Train R²=0.3851 Gap=0.0435 ✓
[2025-10-18 19:38:36]     Epoch 33/40: Val R²=0.3413 Train R²=0.3853 Gap=0.0440  
[2025-10-18 19:41:55]     Epoch 34/40: Val R²=0.3418 Train R²=0.3855 Gap=0.0437 ✓
[2025-10-18 19:45:48]     Epoch 35/40: Val R²=0.3421 Train R²=0.3859 Gap=0.0438 ✓
[2025-10-18 19:48:29]     Epoch 36/40: Val R²=0.3419 Train R²=0.3860 Gap=0.0441  
[2025-10-18 19:51:43]     Epoch 37/40: Val R²=0.3419 Train R²=0.3862 Gap=0.0443  
[2025-10-18 19:55:02]     Epoch 38/40: Val R²=0.3429 Train R²=0.3863 Gap=0.0435 ✓
[2025-10-18 19:57:40]     Epoch 39/40: Val R²=0.3419 Train R²=0.3866 Gap=0.0446  
[2025-10-18 20:00:29]     Epoch 40/40: Val R²=0.3424 Train R²=0.3868 Gap=0.0443  
[2025-10-18 20:00:29] 
======================================================================
[2025-10-18 20:00:29] Config 1/100 Complete:
[2025-10-18 20:00:29]   Best Val R²: 0.342882 (epoch 38)
[2025-10-18 20:00:29]   Best Global R²: 0.340000
[2025-10-18 20:00:29]   Overfitting Gap: 0.043451
[2025-10-18 20:00:29]   Parameters: 9,504
[2025-10-18 20:00:29]   Training Time: 6192.9s
[2025-10-18 20:00:29] 
🎉🎉🎉 NEW GLOBAL BEST! R² improved from 0.340000 to 0.342882
[2025-10-18 20:00:29] 
======================================================================
[2025-10-18 20:00:29] 🏆 CREATING SUBMISSION - NEW BEST MODEL!
[2025-10-18 20:00:29] ======================================================================
[2025-10-18 20:00:29]   Val R²: 0.342882
[2025-10-18 20:00:29]   Directory: ../submissions/bruteforce_r2_03429_20251018_181716_cfg1
[2025-10-18 20:00:30]   Saved model: model_best.pt
[2025-10-18 20:00:30]   Generated: solution.py
[2025-10-18 20:00:30]   Copied: utils.py
[2025-10-18 20:00:30]   Saved: metadata.json
[2025-10-18 20:00:30] ======================================================================

[2025-10-18 20:00:30]   Results saved to models/bruteforce_search_results_20251018_181717.csv
[2025-10-18 20:00:30] 
======================================================================
[2025-10-18 20:00:30] Config 2/100 - Starting Training:
[2025-10-18 20:00:30]   Architecture:
[2025-10-18 20:00:30]     Lookback: 30, Hidden: 64, Layers: 4, Dropout: 0.2
[2025-10-18 20:00:30]     Bidirectional: True, GRU: True
[2025-10-18 20:00:30]   Output Head:
[2025-10-18 20:00:30]     FC Layers: 1, FC Hidden: 64, Activation: gelu
[2025-10-18 20:00:30]     FC Dropout: 0.4, Batch Norm: True
[2025-10-18 20:00:30]   Training:
[2025-10-18 20:00:30]     Batch Size: 128, LR: 0.0005, Weight Decay: 0.0001
[2025-10-18 20:00:30]     Optimizer: adam, Grad Clip: 1.0, LR Patience: 3
[2025-10-18 20:09:44]     Epoch  1/40: Val R²=0.3243 Train R²=0.3367 Gap=0.0124 ✓
[2025-10-18 20:18:06]     Epoch  2/40: Val R²=0.3330 Train R²=0.3656 Gap=0.0326 ✓
[2025-10-18 20:28:19]     Epoch  3/40: Val R²=0.3329 Train R²=0.3712 Gap=0.0383  
[2025-10-18 20:36:33]     Epoch  4/40: Val R²=0.3384 Train R²=0.3738 Gap=0.0354 ✓
[2025-10-18 20:44:35]     Epoch  5/40: Val R²=0.3393 Train R²=0.3755 Gap=0.0361 ✓
[2025-10-18 20:52:37]     Epoch  6/40: Val R²=0.3413 Train R²=0.3767 Gap=0.0353 ✓
[2025-10-18 21:00:40]     Epoch  7/40: Val R²=0.3382 Train R²=0.3777 Gap=0.0395  
[2025-10-18 21:08:51]     Epoch  8/40: Val R²=0.3409 Train R²=0.3781 Gap=0.0372  
[2025-10-18 21:16:47]     Epoch  9/40: Val R²=0.3435 Train R²=0.3791 Gap=0.0356 ✓
[2025-10-18 21:24:31]     Epoch 10/40: Val R²=0.3377 Train R²=0.3796 Gap=0.0420  
[2025-10-18 21:32:16]     Epoch 11/40: Val R²=0.3445 Train R²=0.3803 Gap=0.0357 ✓
[2025-10-18 21:40:11]     Epoch 12/40: Val R²=0.3445 Train R²=0.3804 Gap=0.0359  
[2025-10-18 21:50:18]     Epoch 13/40: Val R²=0.3438 Train R²=0.3810 Gap=0.0371  
[2025-10-18 21:58:44]     Epoch 14/40: Val R²=0.3400 Train R²=0.3815 Gap=0.0414  
[2025-10-18 22:08:09]     Epoch 15/40: Val R²=0.3444 Train R²=0.3819 Gap=0.0375  
[2025-10-18 22:17:12]     Epoch 16/40: Val R²=0.3458 Train R²=0.3855 Gap=0.0397 ✓
[2025-10-18 22:25:38]     Epoch 17/40: Val R²=0.3463 Train R²=0.3862 Gap=0.0399 ✓
[2025-10-18 22:33:39]     Epoch 18/40: Val R²=0.3490 Train R²=0.3862 Gap=0.0372 ✓
[2025-10-18 22:41:44]     Epoch 19/40: Val R²=0.3479 Train R²=0.3864 Gap=0.0385  
[2025-10-18 22:50:27]     Epoch 20/40: Val R²=0.3491 Train R²=0.3869 Gap=0.0377 ✓
[2025-10-18 22:58:32]     Epoch 21/40: Val R²=0.3466 Train R²=0.3870 Gap=0.0404  
[2025-10-18 23:06:49]     Epoch 22/40: Val R²=0.3475 Train R²=0.3870 Gap=0.0394  
[2025-10-18 23:15:48]     Epoch 23/40: Val R²=0.3475 Train R²=0.3873 Gap=0.0398  
[2025-10-18 23:24:33]     Epoch 24/40: Val R²=0.3491 Train R²=0.3875 Gap=0.0384  
[2025-10-18 23:33:36]     Epoch 25/40: Val R²=0.3504 Train R²=0.3899 Gap=0.0395 ✓
[2025-10-18 23:44:45]     Epoch 26/40: Val R²=0.3506 Train R²=0.3898 Gap=0.0392 ✓
[2025-10-18 23:58:17]     Epoch 27/40: Val R²=0.3501 Train R²=0.3900 Gap=0.0399  
[2025-10-19 00:12:07]     Epoch 28/40: Val R²=0.3491 Train R²=0.3902 Gap=0.0411  
[2025-10-19 00:26:22]     Epoch 29/40: Val R²=0.3508 Train R²=0.3902 Gap=0.0394 ✓
[2025-10-19 00:37:41]     Epoch 30/40: Val R²=0.3509 Train R²=0.3902 Gap=0.0393 ✓
[2025-10-19 00:47:43]     Epoch 31/40: Val R²=0.3512 Train R²=0.3908 Gap=0.0396 ✓
[2025-10-19 00:58:44]     Epoch 32/40: Val R²=0.3504 Train R²=0.3907 Gap=0.0402  
[2025-10-19 01:10:22]     Epoch 33/40: Val R²=0.3509 Train R²=0.3908 Gap=0.0398  
[2025-10-19 01:26:00]     Epoch 34/40: Val R²=0.3510 Train R²=0.3908 Gap=0.0398  
[2025-10-19 01:41:21]     Epoch 35/40: Val R²=0.3507 Train R²=0.3910 Gap=0.0403  
[2025-10-19 01:56:02]     Epoch 36/40: Val R²=0.3520 Train R²=0.3923 Gap=0.0402 ✓
[2025-10-19 02:10:14]     Epoch 37/40: Val R²=0.3523 Train R²=0.3923 Gap=0.0400 ✓
[2025-10-19 02:22:48]     Epoch 38/40: Val R²=0.3522 Train R²=0.3926 Gap=0.0404  
[2025-10-19 02:34:36]     Epoch 39/40: Val R²=0.3517 Train R²=0.3925 Gap=0.0408  
[2025-10-19 02:50:55]     Epoch 40/40: Val R²=0.3521 Train R²=0.3928 Gap=0.0407  
[2025-10-19 02:50:55] 
======================================================================
[2025-10-19 02:50:55] Config 2/100 Complete:
[2025-10-19 02:50:55]   Best Val R²: 0.352289 (epoch 37)
[2025-10-19 02:50:55]   Best Global R²: 0.342882
[2025-10-19 02:50:55]   Overfitting Gap: 0.040047
[2025-10-19 02:50:55]   Parameters: 265,248
[2025-10-19 02:50:55]   Training Time: 24625.5s
[2025-10-19 02:50:55] 
🎉🎉🎉 NEW GLOBAL BEST! R² improved from 0.342882 to 0.352289
[2025-10-19 02:50:55] 
======================================================================
[2025-10-19 02:50:55] 🏆 CREATING SUBMISSION - NEW BEST MODEL!
[2025-10-19 02:50:55] ======================================================================
[2025-10-19 02:50:55]   Val R²: 0.352289
[2025-10-19 02:50:55]   Directory: ../submissions/bruteforce_r2_03523_20251018_181716_cfg2
[2025-10-19 02:50:55]   Saved model: model_best.pt
[2025-10-19 02:50:55]   Generated: solution.py
[2025-10-19 02:50:55]   Copied: utils.py
[2025-10-19 02:50:55]   Saved: metadata.json
[2025-10-19 02:50:55] ======================================================================

[2025-10-19 02:50:55]   Results saved to models/bruteforce_search_results_20251018_181717.csv
[2025-10-19 02:50:55] 
======================================================================
[2025-10-19 02:50:55] Config 3/100 - Starting Training:
[2025-10-19 02:50:55]   Architecture:
[2025-10-19 02:50:55]     Lookback: 20, Hidden: 32, Layers: 3, Dropout: 0.3
[2025-10-19 02:50:55]     Bidirectional: True, GRU: False
[2025-10-19 02:50:55]   Output Head:
[2025-10-19 02:50:55]     FC Layers: 3, FC Hidden: 128, Activation: gelu
[2025-10-19 02:50:55]     FC Dropout: 0.0, Batch Norm: True
[2025-10-19 02:50:55]   Training:
[2025-10-19 02:50:55]     Batch Size: 32, LR: 0.005, Weight Decay: 0.001
[2025-10-19 02:50:55]     Optimizer: adam, Grad Clip: 1.0, LR Patience: 3
[2025-10-19 10:24:51]     Epoch  1/40: Val R²=0.2283 Train R²=0.2548 Gap=0.0265 ✓
[2025-10-19 10:30:33]     Epoch  2/40: Val R²=0.2379 Train R²=0.2618 Gap=0.0239 ✓
[2025-10-19 10:36:37]     Epoch  3/40: Val R²=0.2248 Train R²=0.2624 Gap=0.0375  
