[2025-10-25 21:24:50] ======================================================================
[2025-10-25 21:24:50] BRUTE FORCE HYPERPARAMETER SEARCH WITH AUTO-SUBMISSION
[2025-10-25 21:24:50] ======================================================================
[2025-10-25 21:24:50] Started at: 2025-10-25 21:24:50
[2025-10-25 21:24:50] Mode: FULL
[2025-10-25 21:24:50] Best R² to beat: 0.340000
[2025-10-25 21:24:50] Log file: logs/bruteforce_20251025_212450.log
[2025-10-25 21:24:50] 
[2025-10-25 21:24:50] Device Detection:
[2025-10-25 21:24:50]   PyTorch version: 2.7.1
[2025-10-25 21:24:50]   Requested: auto
[2025-10-25 21:24:50]   MPS available: ✓
[2025-10-25 21:24:50]   CUDA available: ✗
[2025-10-25 21:24:50]   Using: MPS
[2025-10-25 21:24:50] 
[2025-10-25 21:24:50] Loading data...
[2025-10-25 21:24:50] Train: 413,000 rows, 413 sequences
[2025-10-25 21:24:50] Val:   104,000 rows, 104 sequences
[2025-10-25 21:24:50] Features: 32
[2025-10-25 21:24:50] Configurations to test: 100
[2025-10-25 21:24:50] Max epochs per config: 100
[2025-10-25 21:24:50] 
[2025-10-25 21:24:50] Starting brute force search...
[2025-10-25 21:24:50] 
[2025-10-25 21:24:50] 
======================================================================
[2025-10-25 21:24:50] Config 1/100 - Starting Training:
[2025-10-25 21:24:50]   Architecture:
[2025-10-25 21:24:50]     Lookback: 50, Hidden: 128, Layers: 3, Dropout: 0.3
[2025-10-25 21:24:50]     Bidirectional: False, GRU: True
[2025-10-25 21:24:50]   Output Head:
[2025-10-25 21:24:50]     FC Layers: 2, FC Hidden: 256, Activation: relu
[2025-10-25 21:24:50]     FC Dropout: 0.0, Batch Norm: True
[2025-10-25 21:24:50]   Training:
[2025-10-25 21:24:50]     Batch Size: 256, LR: 0.0001, Weight Decay: 0.0
[2025-10-25 21:24:50]     Optimizer: adam, Grad Clip: 0.5, LR Patience: 3
[2025-10-25 21:29:33]     Epoch  1/100: Val R²=0.3025 Train R²=0.2928 Gap=-0.0097 ✓
[2025-10-25 21:34:13]     Epoch  2/100: Val R²=0.3155 Train R²=0.3402 Gap=0.0247 ✓
[2025-10-25 21:38:50]     Epoch  3/100: Val R²=0.3301 Train R²=0.3565 Gap=0.0264 ✓
[2025-10-25 21:43:33]     Epoch  4/100: Val R²=0.3362 Train R²=0.3665 Gap=0.0303 ✓
[2025-10-25 21:48:12]     Epoch  5/100: Val R²=0.3388 Train R²=0.3707 Gap=0.0319 ✓
[2025-10-25 21:52:44]     Epoch  6/100: Val R²=0.3416 Train R²=0.3737 Gap=0.0321 ✓
[2025-10-25 21:57:23]     Epoch  7/100: Val R²=0.3437 Train R²=0.3757 Gap=0.0320 ✓
[2025-10-25 22:02:02]     Epoch  8/100: Val R²=0.3447 Train R²=0.3778 Gap=0.0331 ✓
[2025-10-25 22:06:37]     Epoch  9/100: Val R²=0.3435 Train R²=0.3793 Gap=0.0358  
[2025-10-25 22:11:11]     Epoch 10/100: Val R²=0.3470 Train R²=0.3808 Gap=0.0338 ✓
[2025-10-25 22:15:45]     Epoch 11/100: Val R²=0.3476 Train R²=0.3824 Gap=0.0348 ✓
[2025-10-25 22:20:20]     Epoch 12/100: Val R²=0.3491 Train R²=0.3835 Gap=0.0343 ✓
[2025-10-25 22:24:58]     Epoch 13/100: Val R²=0.3497 Train R²=0.3845 Gap=0.0347 ✓
[2025-10-25 22:29:36]     Epoch 14/100: Val R²=0.3505 Train R²=0.3858 Gap=0.0353 ✓
[2025-10-25 22:34:18]     Epoch 15/100: Val R²=0.3510 Train R²=0.3866 Gap=0.0356 ✓
