[2025-10-28 16:53:37] ======================================================================
[2025-10-28 16:53:37] BRUTE FORCE HYPERPARAMETER SEARCH WITH AUTO-SUBMISSION (EXHAUSTIVE MODE)
[2025-10-28 16:53:37] ======================================================================
[2025-10-28 16:53:37] Started at: 2025-10-28 16:53:37
[2025-10-28 16:53:37] Mode: TEST
[2025-10-28 16:53:37] Best R² to beat: 0.340000
[2025-10-28 16:53:37] Log file: logs/bruteforce_20251028_165337.log
[2025-10-28 16:53:37] 
[2025-10-28 16:53:37] Device Detection:
[2025-10-28 16:53:37]   PyTorch version: 2.7.1
[2025-10-28 16:53:37]   Requested: auto
[2025-10-28 16:53:37]   MPS available: ✓
[2025-10-28 16:53:37]   CUDA available: ✗
[2025-10-28 16:53:37]   Using: MPS
[2025-10-28 16:53:37] 
[2025-10-28 16:53:37] Loading data...
[2025-10-28 16:53:37] Train: 8,000 rows, 8 sequences
[2025-10-28 16:53:37] Val:   2,000 rows, 2 sequences
[2025-10-28 16:53:37] Features: 32
[2025-10-28 16:53:37] 
[2025-10-28 16:53:37] Total possible combinations (Cartesian product): 4,096
[2025-10-28 16:53:37] Configurations to run (cap): 1000
[2025-10-28 16:53:37] Starting exhaustive brute force search...
[2025-10-28 16:53:37] 
[2025-10-28 16:53:37] 
======================================================================
[2025-10-28 16:53:37] Config 1/1000 - Starting Training:
[2025-10-28 16:53:37]   Architecture:
[2025-10-28 16:53:37]     Lookback: 30, Hidden: 128, Layers: 1, Dropout: 0.1
[2025-10-28 16:53:37]     Bidirectional: True, GRU: True
[2025-10-28 16:53:37]   Output Head:
[2025-10-28 16:53:37]     FC Layers: 2, FC Hidden: 128, Activation: relu
[2025-10-28 16:53:37]     FC Dropout: 0.1, Batch Norm: True
[2025-10-28 16:53:37]   Training:
[2025-10-28 16:53:37]     Batch Size: 128, LR: 0.0001, Weight Decay: 0.0
[2025-10-28 16:53:37]     Optimizer: adamw, Grad Clip: 0.5, LR Patience: 3
[2025-10-28 16:53:42]     Epoch  1/30: Val R²=-0.0161 Train R²=0.1017 Gap=0.1178 ✓
[2025-10-28 16:53:46]     Epoch  2/30: Val R²=0.0218 Train R²=0.2819 Gap=0.2601 ✓
[2025-10-28 16:53:51]     Epoch  3/30: Val R²=0.0414 Train R²=0.3104 Gap=0.2690 ✓
[2025-10-28 16:53:55]     Epoch  4/30: Val R²=0.0535 Train R²=0.3200 Gap=0.2665 ✓
[2025-10-28 16:53:59]     Epoch  5/30: Val R²=0.0600 Train R²=0.3270 Gap=0.2669 ✓
[2025-10-28 16:54:03]     Epoch  6/30: Val R²=0.0671 Train R²=0.3314 Gap=0.2643 ✓
[2025-10-28 16:54:07]     Epoch  7/30: Val R²=0.0704 Train R²=0.3350 Gap=0.2646 ✓
[2025-10-28 16:54:11]     Epoch  8/30: Val R²=0.0687 Train R²=0.3427 Gap=0.2740  
[2025-10-28 16:54:15]     Epoch  9/30: Val R²=0.0735 Train R²=0.3448 Gap=0.2714 ✓
[2025-10-28 16:54:19]     Epoch 10/30: Val R²=0.0761 Train R²=0.3473 Gap=0.2713 ✓
[2025-10-28 16:54:23]     Epoch 11/30: Val R²=0.0860 Train R²=0.3496 Gap=0.2636 ✓
[2025-10-28 16:54:27]     Epoch 12/30: Val R²=0.0900 Train R²=0.3507 Gap=0.2607 ✓
[2025-10-28 16:54:31]     Epoch 13/30: Val R²=0.0858 Train R²=0.3538 Gap=0.2680  
[2025-10-28 16:54:35]     Epoch 14/30: Val R²=0.0876 Train R²=0.3566 Gap=0.2690  
[2025-10-28 16:54:39]     Epoch 15/30: Val R²=0.0948 Train R²=0.3565 Gap=0.2617 ✓
[2025-10-28 16:54:43]     Epoch 16/30: Val R²=0.0916 Train R²=0.3619 Gap=0.2703  
[2025-10-28 16:54:48]     Epoch 17/30: Val R²=0.0902 Train R²=0.3634 Gap=0.2733  
[2025-10-28 16:54:52]     Epoch 18/30: Val R²=0.0943 Train R²=0.3641 Gap=0.2698  
[2025-10-28 16:54:52]     Early stopped at epoch 18
[2025-10-28 16:54:52] 
======================================================================
[2025-10-28 16:54:52] Config 1/1000 Complete:
[2025-10-28 16:54:52]   Best Val R²: 0.094840 (epoch 15)
[2025-10-28 16:54:52]   Best Global R²: 0.340000
[2025-10-28 16:54:52]   Overfitting Gap: 0.261678
[2025-10-28 16:54:52]   Parameters: 161,696
[2025-10-28 16:54:52]   Training Time: 74.6s
[2025-10-28 16:54:52]   Not better than global best (0.340000)
[2025-10-28 16:54:52]   Results saved to models/test_bruteforce_search_results.csv
[2025-10-28 16:54:52] 
======================================================================
[2025-10-28 16:54:52] Config 2/1000 - Starting Training:
[2025-10-28 16:54:52]   Architecture:
[2025-10-28 16:54:52]     Lookback: 30, Hidden: 128, Layers: 1, Dropout: 0.1
[2025-10-28 16:54:52]     Bidirectional: True, GRU: True
[2025-10-28 16:54:52]   Output Head:
[2025-10-28 16:54:52]     FC Layers: 2, FC Hidden: 128, Activation: relu
[2025-10-28 16:54:52]     FC Dropout: 0.1, Batch Norm: True
[2025-10-28 16:54:52]   Training:
[2025-10-28 16:54:52]     Batch Size: 128, LR: 0.0001, Weight Decay: 0.0
[2025-10-28 16:54:52]     Optimizer: adamw, Grad Clip: 1.0, LR Patience: 3
[2025-10-28 16:54:56]     Epoch  1/30: Val R²=-0.0486 Train R²=0.0612 Gap=0.1099 ✓
[2025-10-28 16:55:00]     Epoch  2/30: Val R²=-0.0025 Train R²=0.2615 Gap=0.2640 ✓
[2025-10-28 16:55:04]     Epoch  3/30: Val R²=0.0186 Train R²=0.3002 Gap=0.2816 ✓
[2025-10-28 16:55:09]     Epoch  4/30: Val R²=0.0287 Train R²=0.3155 Gap=0.2868 ✓
[2025-10-28 16:55:13]     Epoch  5/30: Val R²=0.0443 Train R²=0.3226 Gap=0.2783 ✓
[2025-10-28 16:55:17]     Epoch  6/30: Val R²=0.0455 Train R²=0.3291 Gap=0.2836 ✓
[2025-10-28 16:55:21]     Epoch  7/30: Val R²=0.0517 Train R²=0.3319 Gap=0.2802 ✓
[2025-10-28 16:55:25]     Epoch  8/30: Val R²=0.0562 Train R²=0.3374 Gap=0.2812 ✓
[2025-10-28 16:55:29]     Epoch  9/30: Val R²=0.0656 Train R²=0.3419 Gap=0.2763 ✓
[2025-10-28 16:55:33]     Epoch 10/30: Val R²=0.0703 Train R²=0.3429 Gap=0.2727 ✓
[2025-10-28 16:55:38]     Epoch 11/30: Val R²=0.0695 Train R²=0.3450 Gap=0.2755  
[2025-10-28 16:55:42]     Epoch 12/30: Val R²=0.0717 Train R²=0.3490 Gap=0.2773 ✓
[2025-10-28 16:55:46]     Epoch 13/30: Val R²=0.0763 Train R²=0.3509 Gap=0.2746 ✓
[2025-10-28 16:55:51]     Epoch 14/30: Val R²=0.0817 Train R²=0.3529 Gap=0.2712 ✓
[2025-10-28 16:55:55]     Epoch 15/30: Val R²=0.0768 Train R²=0.3555 Gap=0.2788  
[2025-10-28 16:55:59]     Epoch 16/30: Val R²=0.0823 Train R²=0.3572 Gap=0.2749 ✓
[2025-10-28 16:56:03]     Epoch 17/30: Val R²=0.0860 Train R²=0.3580 Gap=0.2720 ✓
[2025-10-28 16:56:07]     Epoch 18/30: Val R²=0.0879 Train R²=0.3604 Gap=0.2726 ✓
[2025-10-28 16:56:11]     Epoch 19/30: Val R²=0.0839 Train R²=0.3639 Gap=0.2800  
[2025-10-28 16:56:16]     Epoch 20/30: Val R²=0.0903 Train R²=0.3637 Gap=0.2734 ✓
[2025-10-28 16:56:20]     Epoch 21/30: Val R²=0.0973 Train R²=0.3660 Gap=0.2687 ✓
[2025-10-28 16:56:24]     Epoch 22/30: Val R²=0.0940 Train R²=0.3677 Gap=0.2738  
[2025-10-28 16:56:28]     Epoch 23/30: Val R²=0.0953 Train R²=0.3678 Gap=0.2724  
[2025-10-28 16:56:33]     Epoch 24/30: Val R²=0.1014 Train R²=0.3704 Gap=0.2690 ✓
[2025-10-28 16:56:37]     Epoch 25/30: Val R²=0.1027 Train R²=0.3730 Gap=0.2703 ✓
[2025-10-28 16:56:41]     Epoch 26/30: Val R²=0.1027 Train R²=0.3740 Gap=0.2713 ✓
[2025-10-28 16:56:45]     Epoch 27/30: Val R²=0.0995 Train R²=0.3751 Gap=0.2757  
[2025-10-28 16:56:49]     Epoch 28/30: Val R²=0.1088 Train R²=0.3739 Gap=0.2652 ✓
[2025-10-28 16:56:54]     Epoch 29/30: Val R²=0.1057 Train R²=0.3783 Gap=0.2726  
[2025-10-28 16:56:58]     Epoch 30/30: Val R²=0.1056 Train R²=0.3771 Gap=0.2716  
[2025-10-28 16:56:58] 
======================================================================
[2025-10-28 16:56:58] Config 2/1000 Complete:
[2025-10-28 16:56:58]   Best Val R²: 0.108757 (epoch 28)
[2025-10-28 16:56:58]   Best Global R²: 0.340000
[2025-10-28 16:56:58]   Overfitting Gap: 0.265192
[2025-10-28 16:56:58]   Parameters: 161,696
[2025-10-28 16:56:58]   Training Time: 126.3s
[2025-10-28 16:56:58]   Not better than global best (0.340000)
[2025-10-28 16:56:58]   Results saved to models/test_bruteforce_search_results.csv
[2025-10-28 16:56:58] 
======================================================================
[2025-10-28 16:56:58] Config 3/1000 - Starting Training:
[2025-10-28 16:56:58]   Architecture:
[2025-10-28 16:56:58]     Lookback: 30, Hidden: 128, Layers: 1, Dropout: 0.1
[2025-10-28 16:56:58]     Bidirectional: True, GRU: True
[2025-10-28 16:56:58]   Output Head:
[2025-10-28 16:56:58]     FC Layers: 2, FC Hidden: 128, Activation: relu
[2025-10-28 16:56:58]     FC Dropout: 0.1, Batch Norm: True
[2025-10-28 16:56:58]   Training:
[2025-10-28 16:56:58]     Batch Size: 128, LR: 0.0001, Weight Decay: 0.0001
[2025-10-28 16:56:58]     Optimizer: adamw, Grad Clip: 0.5, LR Patience: 3
[2025-10-28 16:57:02]     Epoch  1/30: Val R²=-0.0412 Train R²=0.1054 Gap=0.1466 ✓
[2025-10-28 16:57:06]     Epoch  2/30: Val R²=-0.0027 Train R²=0.2822 Gap=0.2849 ✓
[2025-10-28 16:57:11]     Epoch  3/30: Val R²=0.0197 Train R²=0.3106 Gap=0.2909 ✓
[2025-10-28 16:57:15]     Epoch  4/30: Val R²=0.0342 Train R²=0.3185 Gap=0.2844 ✓
[2025-10-28 16:57:20]     Epoch  5/30: Val R²=0.0343 Train R²=0.3265 Gap=0.2922 ✓
[2025-10-28 16:57:24]     Epoch  6/30: Val R²=0.0455 Train R²=0.3324 Gap=0.2869 ✓
[2025-10-28 16:57:28]     Epoch  7/30: Val R²=0.0510 Train R²=0.3371 Gap=0.2862 ✓
[2025-10-28 16:57:33]     Epoch  8/30: Val R²=0.0598 Train R²=0.3400 Gap=0.2802 ✓
[2025-10-28 16:57:37]     Epoch  9/30: Val R²=0.0587 Train R²=0.3418 Gap=0.2831  
[2025-10-28 16:57:41]     Epoch 10/30: Val R²=0.0673 Train R²=0.3463 Gap=0.2790 ✓
[2025-10-28 16:57:46]     Epoch 11/30: Val R²=0.0667 Train R²=0.3463 Gap=0.2796  
[2025-10-28 16:57:50]     Epoch 12/30: Val R²=0.0728 Train R²=0.3506 Gap=0.2778 ✓
[2025-10-28 16:57:54]     Epoch 13/30: Val R²=0.0745 Train R²=0.3544 Gap=0.2799 ✓
[2025-10-28 16:57:58]     Epoch 14/30: Val R²=0.0791 Train R²=0.3564 Gap=0.2773 ✓
[2025-10-28 16:58:03]     Epoch 15/30: Val R²=0.0812 Train R²=0.3600 Gap=0.2788 ✓
[2025-10-28 16:58:07]     Epoch 16/30: Val R²=0.0763 Train R²=0.3590 Gap=0.2827  
[2025-10-28 16:58:12]     Epoch 17/30: Val R²=0.0849 Train R²=0.3637 Gap=0.2788 ✓
[2025-10-28 16:58:16]     Epoch 18/30: Val R²=0.0903 Train R²=0.3618 Gap=0.2714 ✓
[2025-10-28 16:58:21]     Epoch 19/30: Val R²=0.0918 Train R²=0.3637 Gap=0.2719 ✓
[2025-10-28 16:58:25]     Epoch 20/30: Val R²=0.0920 Train R²=0.3667 Gap=0.2747 ✓
[2025-10-28 16:58:29]     Epoch 21/30: Val R²=0.0900 Train R²=0.3682 Gap=0.2782  
[2025-10-28 16:58:34]     Epoch 22/30: Val R²=0.0930 Train R²=0.3696 Gap=0.2767 ✓
[2025-10-28 16:58:39]     Epoch 23/30: Val R²=0.0917 Train R²=0.3697 Gap=0.2780  
[2025-10-28 16:58:43]     Epoch 24/30: Val R²=0.1043 Train R²=0.3713 Gap=0.2670 ✓
[2025-10-28 16:58:48]     Epoch 25/30: Val R²=0.0973 Train R²=0.3732 Gap=0.2759  
[2025-10-28 16:58:52]     Epoch 26/30: Val R²=0.0993 Train R²=0.3756 Gap=0.2763  
[2025-10-28 16:58:56]     Epoch 27/30: Val R²=0.0960 Train R²=0.3743 Gap=0.2783  
[2025-10-28 16:58:56]     Early stopped at epoch 27
[2025-10-28 16:58:56] 
======================================================================
[2025-10-28 16:58:56] Config 3/1000 Complete:
[2025-10-28 16:58:56]   Best Val R²: 0.104285 (epoch 24)
[2025-10-28 16:58:56]   Best Global R²: 0.340000
[2025-10-28 16:58:56]   Overfitting Gap: 0.267044
[2025-10-28 16:58:56]   Parameters: 161,696
[2025-10-28 16:58:56]   Training Time: 118.5s
[2025-10-28 16:58:56]   Not better than global best (0.340000)
[2025-10-28 16:58:56]   Results saved to models/test_bruteforce_search_results.csv
[2025-10-28 16:58:56] 
======================================================================
[2025-10-28 16:58:56] Config 4/1000 - Starting Training:
[2025-10-28 16:58:56]   Architecture:
[2025-10-28 16:58:56]     Lookback: 30, Hidden: 128, Layers: 1, Dropout: 0.1
[2025-10-28 16:58:56]     Bidirectional: True, GRU: True
[2025-10-28 16:58:56]   Output Head:
[2025-10-28 16:58:56]     FC Layers: 2, FC Hidden: 128, Activation: relu
[2025-10-28 16:58:56]     FC Dropout: 0.1, Batch Norm: True
[2025-10-28 16:58:56]   Training:
[2025-10-28 16:58:56]     Batch Size: 128, LR: 0.0001, Weight Decay: 0.0001
[2025-10-28 16:58:56]     Optimizer: adamw, Grad Clip: 1.0, LR Patience: 3
[2025-10-28 16:59:01]     Epoch  1/30: Val R²=-0.0189 Train R²=0.0703 Gap=0.0892 ✓
[2025-10-28 16:59:05]     Epoch  2/30: Val R²=0.0164 Train R²=0.2609 Gap=0.2445 ✓
[2025-10-28 16:59:09]     Epoch  3/30: Val R²=0.0392 Train R²=0.3018 Gap=0.2626 ✓
[2025-10-28 16:59:13]     Epoch  4/30: Val R²=0.0484 Train R²=0.3173 Gap=0.2689 ✓
[2025-10-28 16:59:17]     Epoch  5/30: Val R²=0.0504 Train R²=0.3247 Gap=0.2743 ✓
[2025-10-28 16:59:22]     Epoch  6/30: Val R²=0.0624 Train R²=0.3294 Gap=0.2670 ✓
[2025-10-28 16:59:26]     Epoch  7/30: Val R²=0.0651 Train R²=0.3329 Gap=0.2678 ✓
[2025-10-28 16:59:30]     Epoch  8/30: Val R²=0.0744 Train R²=0.3375 Gap=0.2631 ✓
[2025-10-28 16:59:34]     Epoch  9/30: Val R²=0.0782 Train R²=0.3413 Gap=0.2631 ✓
[2025-10-28 16:59:39]     Epoch 10/30: Val R²=0.0798 Train R²=0.3437 Gap=0.2639 ✓
[2025-10-28 16:59:43]     Epoch 11/30: Val R²=0.0882 Train R²=0.3479 Gap=0.2598 ✓
