[2025-11-20 13:36:01] ======================================================================
[2025-11-20 13:36:01] BRUTE FORCE HYPERPARAMETER SEARCH (ENC-DEC LSTM)
[2025-11-20 13:36:01] ======================================================================
[2025-11-20 13:36:01] Started at: 2025-11-20 13:36:01
[2025-11-20 13:36:01] Mode: FULL
[2025-11-20 13:36:01] Best R² to beat: 0.340000
[2025-11-20 13:36:01] Log file: logs/bruteforce_20251120_133601.log
[2025-11-20 13:36:01] 
[2025-11-20 13:36:01] Device Detection:
[2025-11-20 13:36:01]   PyTorch version: 2.7.1
[2025-11-20 13:36:01]   Requested: auto
[2025-11-20 13:36:01]   MPS available: ✓
[2025-11-20 13:36:01]   CUDA available: ✗
[2025-11-20 13:36:01]   Using: MPS
[2025-11-20 13:36:01] 
[2025-11-20 13:36:01] Loading data...
[2025-11-20 13:36:01] Train: 465,000 rows, 465 sequences
[2025-11-20 13:36:01] Val:   52,000 rows, 52 sequences
[2025-11-20 13:36:01] Features: 32
[2025-11-20 13:36:01] 
[2025-11-20 13:36:01] Total possible combinations (Cartesian product): 1
[2025-11-20 13:36:01] Configurations to run (cap): 1
[2025-11-20 13:36:01] Starting exhaustive brute force search...

[2025-11-20 13:36:01] 
======================================================================
[2025-11-20 13:36:01] Config 1/1 - Starting Training:
[2025-11-20 13:36:01]   Architecture:
[2025-11-20 13:36:01]     Lookback: 50, Hidden: 128, Layers: 1, Dropout: 0.3
[2025-11-20 13:36:01]     Bidirectional: True, GRU: False
[2025-11-20 13:36:01]   Output Head:
[2025-11-20 13:36:01]     FC Layers: 2, FC Hidden: 192, Activation: relu
[2025-11-20 13:36:01]     FC Dropout: 0.1, Batch Norm: False
[2025-11-20 13:36:01]   Training:
[2025-11-20 13:36:01]     Batch Size: 128, LR: 0.0005, Weight Decay: 0.0001
[2025-11-20 13:36:01]     Optimizer: adam, Grad Clip: 5.0, LR Patience: 3
[2025-11-20 13:37:52]     Epoch  1/100: Val R²=0.3261 Train R²=0.3035 Gap=-0.0226 ✓
[2025-11-20 13:39:34]     Epoch  2/100: Val R²=0.3328 Train R²=0.3219 Gap=-0.0109 ✓
[2025-11-20 13:41:20]     Epoch  3/100: Val R²=0.3366 Train R²=0.3248 Gap=-0.0117 ✓
[2025-11-20 13:43:02]     Epoch  4/100: Val R²=0.3367 Train R²=0.3268 Gap=-0.0099 ✓
[2025-11-20 13:44:43]     Epoch  5/100: Val R²=0.3298 Train R²=0.3273 Gap=-0.0025  
[2025-11-20 13:46:25]     Epoch  6/100: Val R²=0.3394 Train R²=0.3281 Gap=-0.0113 ✓
[2025-11-20 13:48:08]     Epoch  7/100: Val R²=0.3325 Train R²=0.3289 Gap=-0.0035  
[2025-11-20 13:49:50]     Epoch  8/100: Val R²=0.3378 Train R²=0.3298 Gap=-0.0080  
[2025-11-20 13:51:32]     Epoch  9/100: Val R²=0.3364 Train R²=0.3300 Gap=-0.0064  
[2025-11-20 13:53:17]     Epoch 10/100: Val R²=0.3388 Train R²=0.3311 Gap=-0.0077  
[2025-11-20 13:55:03]     Epoch 11/100: Val R²=0.3440 Train R²=0.3340 Gap=-0.0099 ✓
[2025-11-20 13:56:48]     Epoch 12/100: Val R²=0.3384 Train R²=0.3347 Gap=-0.0037  
[2025-11-20 13:58:30]     Epoch 13/100: Val R²=0.3397 Train R²=0.3347 Gap=-0.0050  
[2025-11-20 14:00:14]     Epoch 14/100: Val R²=0.3409 Train R²=0.3356 Gap=-0.0053  
[2025-11-20 14:01:59]     Epoch 15/100: Val R²=0.3422 Train R²=0.3356 Gap=-0.0066  
[2025-11-20 14:03:41]     Epoch 16/100: Val R²=0.3437 Train R²=0.3374 Gap=-0.0063  
[2025-11-20 14:05:23]     Epoch 17/100: Val R²=0.3419 Train R²=0.3377 Gap=-0.0042  
[2025-11-20 14:07:07]     Epoch 18/100: Val R²=0.3428 Train R²=0.3386 Gap=-0.0043  
[2025-11-20 14:08:50]     Epoch 19/100: Val R²=0.3421 Train R²=0.3381 Gap=-0.0041  
[2025-11-20 14:10:34]     Epoch 20/100: Val R²=0.3413 Train R²=0.3399 Gap=-0.0014  
[2025-11-20 14:12:19]     Epoch 21/100: Val R²=0.3430 Train R²=0.3399 Gap=-0.0031  
[2025-11-20 14:12:19]     Early stopped at epoch 21
[2025-11-20 14:12:19] 
======================================================================
[2025-11-20 14:12:19] Config 1/1 Complete:
[2025-11-20 14:12:19]   Best Val R²: 0.343951 (epoch 11)
[2025-11-20 14:12:19]   Best Global R²: 0.340000
[2025-11-20 14:12:19]   Overfitting Gap: -0.009941
[2025-11-20 14:12:19]   Parameters: 599,456
[2025-11-20 14:12:19]   Training Time: 2178.0s
[2025-11-20 14:12:19] 
🎉🎉🎉 NEW GLOBAL BEST! R² improved from 0.340000 to 0.343951
[2025-11-20 14:12:19] 
======================================================================
[2025-11-20 14:12:19] 🏆 CREATING SUBMISSION - NEW BEST MODEL!
[2025-11-20 14:12:19] ======================================================================
[2025-11-20 14:12:19]   Val R²: 0.343951
[2025-11-20 14:12:19]   Directory: ../submissions/bruteforce_r2_03440_20251120_133601_cfg1
[2025-11-20 14:12:19]   Saved model: model_best.pt
[2025-11-20 14:12:19]   Generated: solution.py
[2025-11-20 14:12:19]   Copied: utils.py
[2025-11-20 14:12:19]   Copied: models.py
[2025-11-20 14:12:19]   Saved: metadata.json
[2025-11-20 14:12:19] ======================================================================

[2025-11-20 14:12:19]   Results saved to models/bruteforce_search_results_20251120_133601.csv
[2025-11-20 14:12:19] 
======================================================================
[2025-11-20 14:12:19] SEARCH COMPLETE
[2025-11-20 14:12:19] ======================================================================
[2025-11-20 14:12:19] Total time: 36.3 minutes
[2025-11-20 14:12:19] Successful configs: 1/1
[2025-11-20 14:12:19] Final best R²: 0.343951
[2025-11-20 14:12:19] Submissions created: 1
[2025-11-20 14:12:19] Results saved: models/bruteforce_search_results_20251120_133601.csv
[2025-11-20 14:12:19] 
[2025-11-20 14:12:19] Top 5 configurations:
[2025-11-20 14:12:19] 
 config_id  best_val_r2  overfitting_gap  lookback  hidden_size  num_layers  dropout  n_parameters
         1     0.343951        -0.009941        50          128           1      0.3        599456
[2025-11-20 14:12:19] 
Submissions log saved: models/bruteforce_submissions_log.csv
[2025-11-20 14:12:19] 
Submissions created:
[2025-11-20 14:12:19]   ../submissions/bruteforce_r2_03440_20251120_133601_cfg1 (R²=0.343951)
