[2025-10-26 15:34:13] ======================================================================
[2025-10-26 15:34:13] BRUTE FORCE HYPERPARAMETER SEARCH WITH AUTO-SUBMISSION (EXHAUSTIVE MODE)
[2025-10-26 15:34:13] ======================================================================
[2025-10-26 15:34:13] Started at: 2025-10-26 15:34:13
[2025-10-26 15:34:13] Mode: FULL
[2025-10-26 15:34:13] Best R² to beat: 0.340000
[2025-10-26 15:34:13] Log file: logs/bruteforce_20251026_153413.log
[2025-10-26 15:34:13] 
[2025-10-26 15:34:13] Device Detection:
[2025-10-26 15:34:13]   PyTorch version: 2.7.1
[2025-10-26 15:34:13]   Requested: auto
[2025-10-26 15:34:13]   MPS available: ✓
[2025-10-26 15:34:13]   CUDA available: ✗
[2025-10-26 15:34:13]   Using: MPS
[2025-10-26 15:34:13] 
[2025-10-26 15:34:13] Loading data...
[2025-10-26 15:34:13] Train: 413,000 rows, 413 sequences
[2025-10-26 15:34:13] Val:   104,000 rows, 104 sequences
[2025-10-26 15:34:13] Features: 32
[2025-10-26 15:34:13] 
[2025-10-26 15:34:13] Total possible combinations (Cartesian product): 1
[2025-10-26 15:34:13] Configurations to run (cap): 1
[2025-10-26 15:34:13] Starting exhaustive brute force search...
[2025-10-26 15:34:13] 
[2025-10-26 15:34:13] 
======================================================================
[2025-10-26 15:34:13] Config 1/1 - Starting Training:
[2025-10-26 15:34:13]   Architecture:
[2025-10-26 15:34:13]     Lookback: 50, Hidden: 192, Layers: 2, Dropout: 0.3
[2025-10-26 15:34:13]     Bidirectional: True, GRU: True
[2025-10-26 15:34:13]   Output Head:
[2025-10-26 15:34:13]     FC Layers: 2, FC Hidden: 256, Activation: relu
[2025-10-26 15:34:13]     FC Dropout: 0.3, Batch Norm: True
[2025-10-26 15:34:13]   Training:
[2025-10-26 15:34:13]     Batch Size: 256, LR: 0.0001, Weight Decay: 0.01
[2025-10-26 15:34:13]     Optimizer: adamw, Grad Clip: 1.0, LR Patience: 3
[2025-10-26 16:13:20]     Epoch  1/22: Val R²=0.3172 Train R²=0.2840 Gap=-0.0333 ✓
[2025-10-26 17:01:04]     Epoch  2/22: Val R²=0.3317 Train R²=0.3445 Gap=0.0128 ✓
[2025-10-26 17:11:18]     Epoch  3/22: Val R²=0.3361 Train R²=0.3588 Gap=0.0228 ✓
[2025-10-26 17:20:57]     Epoch  4/22: Val R²=0.3403 Train R²=0.3654 Gap=0.0251 ✓
[2025-10-26 17:35:34]     Epoch  5/22: Val R²=0.3439 Train R²=0.3692 Gap=0.0254 ✓
[2025-10-26 17:59:52]     Epoch  6/22: Val R²=0.3460 Train R²=0.3728 Gap=0.0268 ✓
[2025-10-26 18:09:28]     Epoch  7/22: Val R²=0.3485 Train R²=0.3752 Gap=0.0267 ✓
[2025-10-26 18:19:04]     Epoch  8/22: Val R²=0.3498 Train R²=0.3772 Gap=0.0273 ✓
[2025-10-26 18:28:48]     Epoch  9/22: Val R²=0.3506 Train R²=0.3789 Gap=0.0283 ✓
[2025-10-26 18:39:13]     Epoch 10/22: Val R²=0.3511 Train R²=0.3805 Gap=0.0294 ✓
[2025-10-26 18:50:04]     Epoch 11/22: Val R²=0.3524 Train R²=0.3820 Gap=0.0297 ✓
[2025-10-26 19:00:48]     Epoch 12/22: Val R²=0.3527 Train R²=0.3835 Gap=0.0308 ✓
[2025-10-26 19:11:42]     Epoch 13/22: Val R²=0.3537 Train R²=0.3845 Gap=0.0308 ✓
[2025-10-26 19:22:37]     Epoch 14/22: Val R²=0.3539 Train R²=0.3857 Gap=0.0318 ✓
[2025-10-26 19:33:31]     Epoch 15/22: Val R²=0.3552 Train R²=0.3864 Gap=0.0312 ✓
[2025-10-26 19:44:19]     Epoch 16/22: Val R²=0.3560 Train R²=0.3878 Gap=0.0318 ✓
[2025-10-26 19:55:19]     Epoch 17/22: Val R²=0.3552 Train R²=0.3888 Gap=0.0336  
[2025-10-26 20:06:18]     Epoch 18/22: Val R²=0.3554 Train R²=0.3900 Gap=0.0346  
[2025-10-26 20:17:16]     Epoch 19/22: Val R²=0.3569 Train R²=0.3905 Gap=0.0336 ✓
[2025-10-26 20:28:06]     Epoch 20/22: Val R²=0.3559 Train R²=0.3919 Gap=0.0360  
[2025-10-26 20:38:41]     Epoch 21/22: Val R²=0.3565 Train R²=0.3930 Gap=0.0366  
[2025-10-26 20:49:22]     Epoch 22/22: Val R²=0.3558 Train R²=0.3937 Gap=0.0379  
[2025-10-26 20:49:22] 
======================================================================
[2025-10-26 20:49:22] Config 1/1 Complete:
[2025-10-26 20:49:22]   Best Val R²: 0.356907 (epoch 19)
[2025-10-26 20:49:22]   Best Global R²: 0.340000
[2025-10-26 20:49:22]   Overfitting Gap: 0.033627
[2025-10-26 20:49:22]   Parameters: 1,033,504
[2025-10-26 20:49:22]   Training Time: 18909.2s
[2025-10-26 20:49:22] 
🎉🎉🎉 NEW GLOBAL BEST! R² improved from 0.340000 to 0.356907
[2025-10-26 20:49:22] 
======================================================================
[2025-10-26 20:49:22] 🏆 CREATING SUBMISSION - NEW BEST MODEL!
[2025-10-26 20:49:22] ======================================================================
[2025-10-26 20:49:22]   Val R²: 0.356907
[2025-10-26 20:49:22]   Directory: ../submissions/bruteforce_r2_03569_20251026_153413_cfg1
[2025-10-26 20:49:22]   Saved model: model_best.pt
[2025-10-26 20:49:22]   Generated: solution.py
[2025-10-26 20:49:22]   Copied: utils.py
[2025-10-26 20:49:22]   Saved: metadata.json
[2025-10-26 20:49:22] ======================================================================

[2025-10-26 20:49:22]   Results saved to models/bruteforce_search_results_20251026_153413.csv
[2025-10-26 20:49:22] 
======================================================================
[2025-10-26 20:49:22] SEARCH COMPLETE
[2025-10-26 20:49:22] ======================================================================
[2025-10-26 20:49:22] Total time: 315.2 minutes
[2025-10-26 20:49:22] Successful configs: 1/1
[2025-10-26 20:49:22] Final best R²: 0.356907
[2025-10-26 20:49:22] Submissions created: 1
[2025-10-26 20:49:22] Results saved: models/bruteforce_search_results_20251026_153413.csv
[2025-10-26 20:49:22] 
[2025-10-26 20:49:22] Top 5 configurations:
[2025-10-26 20:49:22] 
 config_id  best_val_r2  overfitting_gap  lookback  hidden_size  num_layers  dropout  n_parameters
         1     0.356907         0.033627        50          192           2      0.3       1033504
[2025-10-26 20:49:22] 
Submissions log saved: models/bruteforce_submissions_log.csv
[2025-10-26 20:49:22] 
Submissions created:
[2025-10-26 20:49:22]   ../submissions/bruteforce_r2_03569_20251026_153413_cfg1 (R²=0.356907)
