[2025-10-29 23:13:52] ======================================================================
[2025-10-29 23:13:52] BRUTE FORCE TRANSFORMER SEARCH
[2025-10-29 23:13:52] ======================================================================
[2025-10-29 23:13:52] Using device: mps
[2025-10-29 23:13:52] Loading data...
[2025-10-29 23:13:52] Train: 413,000 rows, 413 sequences
[2025-10-29 23:13:52] Val:   104,000 rows, 104 sequences
[2025-10-29 23:13:52] Features: 32
[2025-10-29 23:13:52] Total possible combinations (Cartesian product): 16
[2025-10-29 23:13:52] Configurations to run (cap): 16
[2025-10-29 23:13:52] Starting transformer brute force search...
[2025-10-29 23:13:52] 
======================================================================
[2025-10-29 23:13:52] Config 1/16 - Starting Training:
[2025-10-29 23:13:52]   Lookback: 50, d_model: 128, nhead: 4
[2025-10-29 23:14:35]     Epoch  1/40: Val R²=0.3212 Train R²=0.3030 Gap=-0.0181 ✓
[2025-10-29 23:15:13]     Epoch  2/40: Val R²=0.3321 Train R²=0.3464 Gap=0.0143 ✓
[2025-10-29 23:15:50]     Epoch  3/40: Val R²=0.3374 Train R²=0.3574 Gap=0.0200 ✓
[2025-10-29 23:16:27]     Epoch  4/40: Val R²=0.3410 Train R²=0.3639 Gap=0.0229 ✓
[2025-10-29 23:17:05]     Epoch  5/40: Val R²=0.3428 Train R²=0.3679 Gap=0.0251 ✓
[2025-10-29 23:17:40]     Epoch  6/40: Val R²=0.3426 Train R²=0.3713 Gap=0.0287  
[2025-10-29 23:18:14]     Epoch  7/40: Val R²=0.3443 Train R²=0.3732 Gap=0.0289 ✓
[2025-10-29 23:18:49]     Epoch  8/40: Val R²=0.3438 Train R²=0.3752 Gap=0.0314  
[2025-10-29 23:19:23]     Epoch  9/40: Val R²=0.3460 Train R²=0.3766 Gap=0.0306 ✓
[2025-10-29 23:19:58]     Epoch 10/40: Val R²=0.3464 Train R²=0.3778 Gap=0.0314 ✓
[2025-10-29 23:20:34]     Epoch 11/40: Val R²=0.3491 Train R²=0.3791 Gap=0.0300 ✓
[2025-10-29 23:21:10]     Epoch 12/40: Val R²=0.3485 Train R²=0.3801 Gap=0.0316  
[2025-10-29 23:21:45]     Epoch 13/40: Val R²=0.3487 Train R²=0.3813 Gap=0.0326  
[2025-10-29 23:22:20]     Epoch 14/40: Val R²=0.3496 Train R²=0.3821 Gap=0.0324 ✓
