[2025-11-20 12:49:29] ======================================================================
[2025-11-20 12:49:29] BRUTE FORCE HYPERPARAMETER SEARCH (ENC-DEC LSTM)
[2025-11-20 12:49:29] ======================================================================
[2025-11-20 12:49:29] Started at: 2025-11-20 12:49:29
[2025-11-20 12:49:29] Mode: FULL
[2025-11-20 12:49:29] Best R² to beat: 0.340000
[2025-11-20 12:49:29] Log file: logs/bruteforce_20251120_124929.log
[2025-11-20 12:49:29] 
[2025-11-20 12:49:29] Device Detection:
[2025-11-20 12:49:29]   PyTorch version: 2.7.1
[2025-11-20 12:49:29]   Requested: auto
[2025-11-20 12:49:29]   MPS available: ✓
[2025-11-20 12:49:29]   CUDA available: ✗
[2025-11-20 12:49:29]   Using: MPS
[2025-11-20 12:49:29] 
[2025-11-20 12:49:29] Loading data...
[2025-11-20 12:49:29] Train: 465,000 rows, 465 sequences
[2025-11-20 12:49:29] Val:   52,000 rows, 52 sequences
[2025-11-20 12:49:29] Features: 32
[2025-11-20 12:49:29] 
[2025-11-20 12:49:29] Total possible combinations (Cartesian product): 1
[2025-11-20 12:49:29] Configurations to run (cap): 1
[2025-11-20 12:49:29] Starting exhaustive brute force search...

[2025-11-20 12:49:29] 
======================================================================
[2025-11-20 12:49:29] Config 1/1 - Starting Training:
[2025-11-20 12:49:29]   Architecture:
[2025-11-20 12:49:29]     Lookback: 50, Hidden: 128, Layers: 1, Dropout: 0.1
[2025-11-20 12:49:29]     Bidirectional: True, GRU: True
[2025-11-20 12:49:29]   Output Head:
[2025-11-20 12:49:29]     FC Layers: 2, FC Hidden: 256, Activation: relu
[2025-11-20 12:49:29]     FC Dropout: 0.2, Batch Norm: True
[2025-11-20 12:49:29]   Training:
[2025-11-20 12:49:29]     Batch Size: 256, LR: 0.0001, Weight Decay: 0.0001
[2025-11-20 12:49:29]     Optimizer: adam, Grad Clip: 5.0, LR Patience: 3
[2025-11-20 12:54:51]     Epoch  1/100: Val R²=0.3242 Train R²=0.2839 Gap=-0.0404 ✓
[2025-11-20 13:00:19]     Epoch  2/100: Val R²=0.3244 Train R²=0.3243 Gap=-0.0001 ✓
[2025-11-20 13:06:00]     Epoch  3/100: Val R²=0.3341 Train R²=0.3314 Gap=-0.0027 ✓
[2025-11-20 13:11:46]     Epoch  4/100: Val R²=0.3344 Train R²=0.3352 Gap=0.0007 ✓
[2025-11-20 13:17:26]     Epoch  5/100: Val R²=0.3362 Train R²=0.3382 Gap=0.0020 ✓
[2025-11-20 13:23:04]     Epoch  6/100: Val R²=0.3370 Train R²=0.3399 Gap=0.0030 ✓
[2025-11-20 13:28:43]     Epoch  7/100: Val R²=0.3355 Train R²=0.3417 Gap=0.0061  
[2025-11-20 13:34:47]     Epoch  8/100: Val R²=0.3375 Train R²=0.3426 Gap=0.0051 ✓
[2025-11-20 13:42:45]     Epoch  9/100: Val R²=0.3364 Train R²=0.3438 Gap=0.0074  
[2025-11-20 13:50:53]     Epoch 10/100: Val R²=0.3339 Train R²=0.3444 Gap=0.0105  
[2025-11-20 13:59:15]     Epoch 11/100: Val R²=0.3426 Train R²=0.3451 Gap=0.0025 ✓
[2025-11-20 14:07:32]     Epoch 12/100: Val R²=0.3364 Train R²=0.3455 Gap=0.0092  
[2025-11-20 14:15:05]     Epoch 13/100: Val R²=0.3381 Train R²=0.3467 Gap=0.0086  
[2025-11-20 14:21:23]     Epoch 14/100: Val R²=0.3336 Train R²=0.3469 Gap=0.0133  
[2025-11-20 14:27:39]     Epoch 15/100: Val R²=0.3379 Train R²=0.3469 Gap=0.0090  
[2025-11-20 14:32:51]     Epoch 16/100: Val R²=0.3417 Train R²=0.3505 Gap=0.0088  
[2025-11-20 14:37:45]     Epoch 17/100: Val R²=0.3439 Train R²=0.3508 Gap=0.0069 ✓
[2025-11-20 14:42:30]     Epoch 18/100: Val R²=0.3455 Train R²=0.3511 Gap=0.0056 ✓
[2025-11-20 14:47:20]     Epoch 19/100: Val R²=0.3424 Train R²=0.3517 Gap=0.0093  
[2025-11-20 14:52:31]     Epoch 20/100: Val R²=0.3432 Train R²=0.3517 Gap=0.0085  
[2025-11-20 14:57:40]     Epoch 21/100: Val R²=0.3429 Train R²=0.3520 Gap=0.0091  
[2025-11-20 15:02:47]     Epoch 22/100: Val R²=0.3424 Train R²=0.3525 Gap=0.0101  
[2025-11-20 15:07:53]     Epoch 23/100: Val R²=0.3433 Train R²=0.3541 Gap=0.0108  
[2025-11-20 15:12:59]     Epoch 24/100: Val R²=0.3427 Train R²=0.3549 Gap=0.0122  
[2025-11-20 15:18:08]     Epoch 25/100: Val R²=0.3450 Train R²=0.3548 Gap=0.0098  
[2025-11-20 15:23:17]     Epoch 26/100: Val R²=0.3445 Train R²=0.3551 Gap=0.0106  
[2025-11-20 15:28:24]     Epoch 27/100: Val R²=0.3450 Train R²=0.3558 Gap=0.0108  
[2025-11-20 15:33:32]     Epoch 28/100: Val R²=0.3419 Train R²=0.3561 Gap=0.0142  
[2025-11-20 15:33:32]     Early stopped at epoch 28
[2025-11-20 15:33:32] 
======================================================================
[2025-11-20 15:33:32] Config 1/1 Complete:
[2025-11-20 15:33:32]   Best Val R²: 0.345473 (epoch 18)
[2025-11-20 15:33:32]   Best Global R²: 0.340000
[2025-11-20 15:33:32]   Overfitting Gap: 0.005641
[2025-11-20 15:33:32]   Parameters: 538,912
[2025-11-20 15:33:32]   Training Time: 9843.1s
[2025-11-20 15:33:32] 
🎉🎉🎉 NEW GLOBAL BEST! R² improved from 0.340000 to 0.345473
[2025-11-20 15:33:32] 
======================================================================
[2025-11-20 15:33:32] 🏆 CREATING SUBMISSION - NEW BEST MODEL!
[2025-11-20 15:33:32] ======================================================================
[2025-11-20 15:33:32]   Val R²: 0.345473
[2025-11-20 15:33:32]   Directory: ../submissions/bruteforce_r2_03455_20251120_124929_cfg1
[2025-11-20 15:33:32]   Saved model: model_best.pt
[2025-11-20 15:33:32]   Generated: solution.py
[2025-11-20 15:33:32]   Copied: utils.py
[2025-11-20 15:33:32]   Copied: models.py
[2025-11-20 15:33:32]   Saved: metadata.json
[2025-11-20 15:33:32] ======================================================================

[2025-11-20 15:33:32]   Results saved to models/bruteforce_search_results_20251120_124929.csv
[2025-11-20 15:33:32] 
======================================================================
[2025-11-20 15:33:32] SEARCH COMPLETE
[2025-11-20 15:33:32] ======================================================================
[2025-11-20 15:33:32] Total time: 164.1 minutes
[2025-11-20 15:33:32] Successful configs: 1/1
[2025-11-20 15:33:32] Final best R²: 0.345473
[2025-11-20 15:33:32] Submissions created: 1
[2025-11-20 15:33:32] Results saved: models/bruteforce_search_results_20251120_124929.csv
[2025-11-20 15:33:32] 
[2025-11-20 15:33:32] Top 5 configurations:
[2025-11-20 15:33:32] 
 config_id  best_val_r2  overfitting_gap  lookback  hidden_size  num_layers  dropout  n_parameters
         1     0.345473         0.005641        50          128           1      0.1        538912
[2025-11-20 15:33:32] 
Submissions log saved: models/bruteforce_submissions_log.csv
[2025-11-20 15:33:32] 
Submissions created:
[2025-11-20 15:33:32]   ../submissions/bruteforce_r2_03455_20251120_124929_cfg1 (R²=0.345473)
