[2025-11-23 15:01:02] ======================================================================
[2025-11-23 15:01:02] BRUTE FORCE HYPERPARAMETER SEARCH WITH AUTO-SUBMISSION (EXHAUSTIVE MODE)
[2025-11-23 15:01:02] ======================================================================
[2025-11-23 15:01:02] Started at: 2025-11-23 15:01:02
[2025-11-23 15:01:02] Mode: FULL
[2025-11-23 15:01:02] Best R² to beat: 0.375100
[2025-11-23 15:01:02] Log file: logs/bruteforce_20251123_150102.log
[2025-11-23 15:01:02] 
[2025-11-23 15:01:02] Device Detection:
[2025-11-23 15:01:02]   PyTorch version: 2.7.1
[2025-11-23 15:01:02]   Requested: auto
[2025-11-23 15:01:02]   MPS available: ✓
[2025-11-23 15:01:02]   CUDA available: ✗
[2025-11-23 15:01:02]   Using: MPS
[2025-11-23 15:01:02] 
[2025-11-23 15:01:02] Loading data...
[2025-11-23 15:01:02] Train: 465,000 rows, 465 sequences
[2025-11-23 15:01:02] Val:   52,000 rows, 52 sequences
[2025-11-23 15:01:02] Features: 32
[2025-11-23 15:01:02] 
[2025-11-23 15:01:02] Total possible combinations (Cartesian product): 1
[2025-11-23 15:01:02] Configurations to run (cap): 1
[2025-11-23 15:01:02] Starting exhaustive brute force search...
[2025-11-23 15:01:02] 
[2025-11-23 15:01:02] 
======================================================================
[2025-11-23 15:01:02] Config 1/1 - Starting Training:
[2025-11-23 15:01:02]   Architecture:
[2025-11-23 15:01:02]     Lookback: 50, Hidden: 128, Layers: 1, Dropout: 0.1
[2025-11-23 15:01:02]     Bidirectional: True, GRU: True
[2025-11-23 15:01:02]   Output Head:
[2025-11-23 15:01:02]     FC Layers: 2, FC Hidden: 256, Activation: relu
[2025-11-23 15:01:02]     FC Dropout: 0.2, Batch Norm: True
[2025-11-23 15:01:02]   Training:
[2025-11-23 15:01:02]     Batch Size: 256, LR: 0.001, Weight Decay: 0.0001
[2025-11-23 15:01:02]     Optimizer: adam, Grad Clip: 5.0, LR Patience: 3
[2025-11-23 15:04:26]     Epoch  1/47: Val R²=0.3490 Train R²=0.3430 Gap=-0.0059 ✓
[2025-11-23 15:07:44]     Epoch  2/47: Val R²=0.3554 Train R²=0.3662 Gap=0.0108 ✓
[2025-11-23 15:11:05]     Epoch  3/47: Val R²=0.3561 Train R²=0.3710 Gap=0.0149 ✓
[2025-11-23 15:14:24]     Epoch  4/47: Val R²=0.3582 Train R²=0.3739 Gap=0.0157 ✓
[2025-11-23 15:17:43]     Epoch  5/47: Val R²=0.3634 Train R²=0.3755 Gap=0.0121 ✓
[2025-11-23 15:21:00]     Epoch  6/47: Val R²=0.3632 Train R²=0.3770 Gap=0.0138  
[2025-11-23 15:24:19]     Epoch  7/47: Val R²=0.3650 Train R²=0.3779 Gap=0.0128 ✓
[2025-11-23 15:27:35]     Epoch  8/47: Val R²=0.3662 Train R²=0.3788 Gap=0.0126 ✓
[2025-11-23 15:30:52]     Epoch  9/47: Val R²=0.3656 Train R²=0.3795 Gap=0.0139  
[2025-11-23 15:34:16]     Epoch 10/47: Val R²=0.3649 Train R²=0.3800 Gap=0.0151  
[2025-11-23 15:37:37]     Epoch 11/47: Val R²=0.3669 Train R²=0.3806 Gap=0.0137 ✓
[2025-11-23 15:41:05]     Epoch 12/47: Val R²=0.3633 Train R²=0.3809 Gap=0.0176  
[2025-11-23 15:44:32]     Epoch 13/47: Val R²=0.3644 Train R²=0.3816 Gap=0.0172  
[2025-11-23 15:48:00]     Epoch 14/47: Val R²=0.3672 Train R²=0.3814 Gap=0.0142 ✓
[2025-11-23 15:51:29]     Epoch 15/47: Val R²=0.3654 Train R²=0.3819 Gap=0.0164  
[2025-11-23 15:54:58]     Epoch 16/47: Val R²=0.3629 Train R²=0.3820 Gap=0.0191  
[2025-11-23 15:58:27]     Epoch 17/47: Val R²=0.3666 Train R²=0.3823 Gap=0.0158  
[2025-11-23 16:01:54]     Epoch 18/47: Val R²=0.3641 Train R²=0.3823 Gap=0.0182  
[2025-11-23 16:05:20]     Epoch 19/47: Val R²=0.3714 Train R²=0.3866 Gap=0.0152 ✓
[2025-11-23 16:08:50]     Epoch 20/47: Val R²=0.3693 Train R²=0.3873 Gap=0.0179  
[2025-11-23 16:12:20]     Epoch 21/47: Val R²=0.3695 Train R²=0.3878 Gap=0.0183  
[2025-11-23 16:15:49]     Epoch 22/47: Val R²=0.3701 Train R²=0.3879 Gap=0.0178  
[2025-11-23 16:19:16]     Epoch 23/47: Val R²=0.3690 Train R²=0.3880 Gap=0.0190  
[2025-11-23 16:22:33]     Epoch 24/47: Val R²=0.3724 Train R²=0.3911 Gap=0.0187 ✓
[2025-11-23 16:25:53]     Epoch 25/47: Val R²=0.3733 Train R²=0.3915 Gap=0.0182 ✓
[2025-11-23 16:29:19]     Epoch 26/47: Val R²=0.3728 Train R²=0.3915 Gap=0.0187  
[2025-11-23 16:32:46]     Epoch 27/47: Val R²=0.3730 Train R²=0.3919 Gap=0.0189  
[2025-11-23 16:36:12]     Epoch 28/47: Val R²=0.3729 Train R²=0.3919 Gap=0.0190  
[2025-11-23 16:39:38]     Epoch 29/47: Val R²=0.3731 Train R²=0.3921 Gap=0.0191  
[2025-11-23 16:43:04]     Epoch 30/47: Val R²=0.3735 Train R²=0.3941 Gap=0.0205 ✓
[2025-11-23 16:46:28]     Epoch 31/47: Val R²=0.3748 Train R²=0.3944 Gap=0.0196 ✓
[2025-11-23 16:49:50]     Epoch 32/47: Val R²=0.3735 Train R²=0.3947 Gap=0.0212  
[2025-11-23 16:53:13]     Epoch 33/47: Val R²=0.3739 Train R²=0.3948 Gap=0.0209  
[2025-11-23 16:56:34]     Epoch 34/47: Val R²=0.3747 Train R²=0.3948 Gap=0.0201  
[2025-11-23 16:59:55]     Epoch 35/47: Val R²=0.3738 Train R²=0.3951 Gap=0.0213  
[2025-11-23 17:03:15]     Epoch 36/47: Val R²=0.3746 Train R²=0.3961 Gap=0.0215  
[2025-11-23 17:06:35]     Epoch 37/47: Val R²=0.3749 Train R²=0.3965 Gap=0.0216 ✓
[2025-11-23 17:09:56]     Epoch 38/47: Val R²=0.3748 Train R²=0.3968 Gap=0.0220  
[2025-11-23 17:13:17]     Epoch 39/47: Val R²=0.3746 Train R²=0.3966 Gap=0.0220  
[2025-11-23 17:16:42]     Epoch 40/47: Val R²=0.3747 Train R²=0.3968 Gap=0.0221  
[2025-11-23 17:20:05]     Epoch 41/47: Val R²=0.3749 Train R²=0.3969 Gap=0.0220  
[2025-11-23 17:23:28]     Epoch 42/47: Val R²=0.3749 Train R²=0.3975 Gap=0.0227  
[2025-11-23 17:26:51]     Epoch 43/47: Val R²=0.3744 Train R²=0.3977 Gap=0.0233  
[2025-11-23 17:30:14]     Epoch 44/47: Val R²=0.3746 Train R²=0.3979 Gap=0.0232  
[2025-11-23 17:33:37]     Epoch 45/47: Val R²=0.3747 Train R²=0.3978 Gap=0.0231  
[2025-11-23 17:36:59]     Epoch 46/47: Val R²=0.3750 Train R²=0.3982 Gap=0.0232 ✓
[2025-11-23 17:40:28]     Epoch 47/47: Val R²=0.3752 Train R²=0.3983 Gap=0.0230 ✓
[2025-11-23 17:40:28] 
======================================================================
[2025-11-23 17:40:28] Config 1/1 Complete:
[2025-11-23 17:40:28]   Best Val R²: 0.375229 (epoch 47)
[2025-11-23 17:40:28]   Best Global R²: 0.375100
[2025-11-23 17:40:28]   Overfitting Gap: 0.023032
[2025-11-23 17:40:28]   Parameters: 198,944
[2025-11-23 17:40:28]   Training Time: 9566.2s
[2025-11-23 17:40:28] 
🎉🎉🎉 NEW GLOBAL BEST! R² improved from 0.375100 to 0.375229
[2025-11-23 17:40:28] 
======================================================================
[2025-11-23 17:40:28] 🏆 CREATING SUBMISSION - NEW BEST MODEL!
[2025-11-23 17:40:28] ======================================================================
[2025-11-23 17:40:28]   Val R²: 0.375229
[2025-11-23 17:40:28]   Directory: ../submissions/bruteforce_r2_03752_20251123_150102_cfg1
[2025-11-23 17:40:28]   Saved model: model_best.pt
[2025-11-23 17:40:28]   Generated: solution.py
[2025-11-23 17:40:28]   Copied: utils.py
[2025-11-23 17:40:28]   Saved: metadata.json
[2025-11-23 17:40:28] ======================================================================

[2025-11-23 17:40:28]   Results saved to models/bruteforce_search_results_20251123_150102.csv
[2025-11-23 17:40:28] 
======================================================================
[2025-11-23 17:40:28] SEARCH COMPLETE
[2025-11-23 17:40:28] ======================================================================
[2025-11-23 17:40:28] Total time: 159.4 minutes
[2025-11-23 17:40:28] Successful configs: 1/1
[2025-11-23 17:40:28] Final best R²: 0.375229
[2025-11-23 17:40:28] Submissions created: 1
[2025-11-23 17:40:28] Results saved: models/bruteforce_search_results_20251123_150102.csv
[2025-11-23 17:40:28] 
[2025-11-23 17:40:28] Top 5 configurations:
[2025-11-23 17:40:28] 
 config_id  best_val_r2  overfitting_gap  lookback  hidden_size  num_layers  dropout  n_parameters
         1     0.375229         0.023032        50          128           1      0.1        198944
[2025-11-23 17:40:28] 
Submissions log saved: models/bruteforce_submissions_log.csv
[2025-11-23 17:40:28] 
Submissions created:
[2025-11-23 17:40:28]   ../submissions/bruteforce_r2_03752_20251123_150102_cfg1 (R²=0.375229)
