[2025-11-20 10:44:21] ======================================================================
[2025-11-20 10:44:21] BRUTE FORCE HYPERPARAMETER SEARCH (ENC-DEC LSTM)
[2025-11-20 10:44:21] ======================================================================
[2025-11-20 10:44:21] Started at: 2025-11-20 10:44:21
[2025-11-20 10:44:21] Mode: TEST
[2025-11-20 10:44:21] Best R² to beat: 0.010000
[2025-11-20 10:44:21] Log file: logs/bruteforce_20251120_104421.log
[2025-11-20 10:44:21] 
[2025-11-20 10:44:21] Device Detection:
[2025-11-20 10:44:21]   PyTorch version: 2.7.1
[2025-11-20 10:44:21]   Requested: auto
[2025-11-20 10:44:21]   MPS available: ✓
[2025-11-20 10:44:21]   CUDA available: ✗
[2025-11-20 10:44:21]   Using: MPS
[2025-11-20 10:44:21] 
[2025-11-20 10:44:21] Loading data...
[2025-11-20 10:44:21] Train: 8,000 rows, 8 sequences
[2025-11-20 10:44:21] Val:   2,000 rows, 2 sequences
[2025-11-20 10:44:21] Features: 32
[2025-11-20 10:44:21] 
[2025-11-20 10:44:21] Total possible combinations (Cartesian product): 1,024
[2025-11-20 10:44:21] Configurations to run (cap): 1000
[2025-11-20 10:44:21] Starting exhaustive brute force search...

[2025-11-20 10:44:21] 
======================================================================
[2025-11-20 10:44:21] Config 1/1000 - Starting Training:
[2025-11-20 10:44:21]   Architecture:
[2025-11-20 10:44:21]     Lookback: 50, Hidden: 128, Layers: 1, Dropout: 0.1
[2025-11-20 10:44:21]     Bidirectional: True, GRU: False
[2025-11-20 10:44:21]   Output Head:
[2025-11-20 10:44:21]     FC Layers: 1, FC Hidden: 128, Activation: relu
[2025-11-20 10:44:21]     FC Dropout: 0.1, Batch Norm: True
[2025-11-20 10:44:21]   Training:
[2025-11-20 10:44:21]     Batch Size: 128, LR: 0.0001, Weight Decay: 0.0001
[2025-11-20 10:44:21]     Optimizer: adam, Grad Clip: 5.0, LR Patience: 3
[2025-11-20 10:44:24]     Epoch  1/30: Val R²=-0.0189 Train R²=0.0258 Gap=0.0447 ✓
[2025-11-20 10:44:26]     Epoch  2/30: Val R²=0.0078 Train R²=0.1431 Gap=0.1353 ✓
[2025-11-20 10:44:27]     Epoch  3/30: Val R²=0.0168 Train R²=0.2363 Gap=0.2195 ✓
[2025-11-20 10:44:28]     Epoch  4/30: Val R²=0.0311 Train R²=0.2784 Gap=0.2473 ✓
[2025-11-20 10:44:30]     Epoch  5/30: Val R²=0.0445 Train R²=0.2997 Gap=0.2552 ✓
[2025-11-20 10:44:31]     Epoch  6/30: Val R²=0.0390 Train R²=0.3108 Gap=0.2718  
[2025-11-20 10:44:32]     Epoch  7/30: Val R²=0.0479 Train R²=0.3163 Gap=0.2684 ✓
[2025-11-20 10:44:34]     Epoch  8/30: Val R²=0.0520 Train R²=0.3234 Gap=0.2714 ✓
[2025-11-20 10:44:35]     Epoch  9/30: Val R²=0.0530 Train R²=0.3256 Gap=0.2726 ✓
[2025-11-20 10:44:36]     Epoch 10/30: Val R²=0.0536 Train R²=0.3336 Gap=0.2800 ✓
[2025-11-20 10:44:37]     Epoch 11/30: Val R²=0.0524 Train R²=0.3353 Gap=0.2829  
[2025-11-20 10:44:39]     Epoch 12/30: Val R²=0.0517 Train R²=0.3379 Gap=0.2862  
[2025-11-20 10:44:40]     Epoch 13/30: Val R²=0.0567 Train R²=0.3419 Gap=0.2852 ✓
[2025-11-20 10:44:41]     Epoch 14/30: Val R²=0.0533 Train R²=0.3441 Gap=0.2909  
[2025-11-20 10:44:43]     Epoch 15/30: Val R²=0.0610 Train R²=0.3462 Gap=0.2852 ✓
[2025-11-20 10:44:44]     Epoch 16/30: Val R²=0.0613 Train R²=0.3458 Gap=0.2845 ✓
[2025-11-20 10:44:45]     Epoch 17/30: Val R²=0.0572 Train R²=0.3508 Gap=0.2937  
[2025-11-20 10:44:47]     Epoch 18/30: Val R²=0.0557 Train R²=0.3525 Gap=0.2968  
[2025-11-20 10:44:48]     Epoch 19/30: Val R²=0.0643 Train R²=0.3515 Gap=0.2872 ✓
[2025-11-20 10:44:49]     Epoch 20/30: Val R²=0.0597 Train R²=0.3559 Gap=0.2962  
[2025-11-20 10:44:51]     Epoch 21/30: Val R²=0.0597 Train R²=0.3572 Gap=0.2975  
[2025-11-20 10:44:52]     Epoch 22/30: Val R²=0.0694 Train R²=0.3616 Gap=0.2922 ✓
[2025-11-20 10:44:53]     Epoch 23/30: Val R²=0.0633 Train R²=0.3582 Gap=0.2949  
[2025-11-20 10:44:55]     Epoch 24/30: Val R²=0.0569 Train R²=0.3634 Gap=0.3065  
[2025-11-20 10:44:56]     Epoch 25/30: Val R²=0.0679 Train R²=0.3619 Gap=0.2940  
[2025-11-20 10:44:57]     Epoch 26/30: Val R²=0.0522 Train R²=0.3619 Gap=0.3097  
[2025-11-20 10:44:59]     Epoch 27/30: Val R²=0.0643 Train R²=0.3696 Gap=0.3052  
[2025-11-20 10:45:00]     Epoch 28/30: Val R²=0.0644 Train R²=0.3708 Gap=0.3064  
