[2025-11-20 16:15:37] ======================================================================
[2025-11-20 16:15:37] BRUTE FORCE HYPERPARAMETER SEARCH (ENC-DEC LSTM)
[2025-11-20 16:15:37] ======================================================================
[2025-11-20 16:15:37] Started at: 2025-11-20 16:15:37
[2025-11-20 16:15:37] Mode: FULL
[2025-11-20 16:15:37] Best R² to beat: 0.340000
[2025-11-20 16:15:37] Log file: logs/bruteforce_20251120_161537.log
[2025-11-20 16:15:37] 
[2025-11-20 16:15:37] Device Detection:
[2025-11-20 16:15:37]   PyTorch version: 2.7.1
[2025-11-20 16:15:37]   Requested: auto
[2025-11-20 16:15:37]   MPS available: ✓
[2025-11-20 16:15:37]   CUDA available: ✗
[2025-11-20 16:15:37]   Using: MPS
[2025-11-20 16:15:37] 
[2025-11-20 16:15:37] Loading data...
[2025-11-20 16:15:37] Train: 465,000 rows, 465 sequences
[2025-11-20 16:15:37] Val:   52,000 rows, 52 sequences
[2025-11-20 16:15:37] Features: 32
[2025-11-20 16:15:37] 
[2025-11-20 16:15:37] Total possible combinations (Cartesian product): 1
[2025-11-20 16:15:37] Configurations to run (cap): 1
[2025-11-20 16:15:37] Starting exhaustive brute force search...

[2025-11-20 16:15:37] 
======================================================================
[2025-11-20 16:15:37] Config 1/1 - Starting Training:
[2025-11-20 16:15:37]   Architecture:
[2025-11-20 16:15:37]     Lookback: 50, Hidden: 128, Layers: 3, Dropout: 0.2
[2025-11-20 16:15:37]     Bidirectional: True, GRU: True
[2025-11-20 16:15:37]   Output Head:
[2025-11-20 16:15:37]     FC Layers: 2, FC Hidden: 128, Activation: relu
[2025-11-20 16:15:37]     FC Dropout: 0.1, Batch Norm: True
[2025-11-20 16:15:37]   Training:
[2025-11-20 16:15:37]     Batch Size: 128, LR: 0.001, Weight Decay: 0.0001
[2025-11-20 16:15:37]     Optimizer: adam, Grad Clip: 5.0, LR Patience: 3
[2025-11-20 16:36:54]     Epoch  1/100: Val R²=0.3168 Train R²=0.3006 Gap=-0.0162 ✓
[2025-11-20 16:58:29]     Epoch  2/100: Val R²=0.3196 Train R²=0.3166 Gap=-0.0030 ✓
[2025-11-20 17:20:22]     Epoch  3/100: Val R²=0.3191 Train R²=0.3193 Gap=0.0002  
[2025-11-20 17:43:41]     Epoch  4/100: Val R²=0.3184 Train R²=0.3216 Gap=0.0033  
[2025-11-20 18:06:22]     Epoch  5/100: Val R²=0.3235 Train R²=0.3227 Gap=-0.0008 ✓
[2025-11-20 18:27:59]     Epoch  6/100: Val R²=0.3276 Train R²=0.3236 Gap=-0.0039 ✓
[2025-11-20 18:49:31]     Epoch  7/100: Val R²=0.3320 Train R²=0.3237 Gap=-0.0083 ✓
[2025-11-20 19:11:10]     Epoch  8/100: Val R²=0.3248 Train R²=0.3244 Gap=-0.0004  
[2025-11-20 19:32:05]     Epoch  9/100: Val R²=0.3298 Train R²=0.3248 Gap=-0.0050  
[2025-11-20 19:52:45]     Epoch 10/100: Val R²=0.3220 Train R²=0.3247 Gap=0.0027  
[2025-11-20 20:15:45]     Epoch 11/100: Val R²=0.3236 Train R²=0.3246 Gap=0.0010  
[2025-11-20 20:36:37]     Epoch 12/100: Val R²=0.3359 Train R²=0.3296 Gap=-0.0063 ✓
[2025-11-20 20:57:14]     Epoch 13/100: Val R²=0.3312 Train R²=0.3301 Gap=-0.0010  
[2025-11-20 21:18:51]     Epoch 14/100: Val R²=0.3316 Train R²=0.3301 Gap=-0.0016  
[2025-11-20 21:40:50]     Epoch 15/100: Val R²=0.3268 Train R²=0.3301 Gap=0.0033  
[2025-11-20 22:02:39]     Epoch 16/100: Val R²=0.3316 Train R²=0.3308 Gap=-0.0007  
[2025-11-20 22:24:20]     Epoch 17/100: Val R²=0.3374 Train R²=0.3335 Gap=-0.0038 ✓
[2025-11-20 22:45:52]     Epoch 18/100: Val R²=0.3355 Train R²=0.3339 Gap=-0.0016  
[2025-11-20 23:07:25]     Epoch 19/100: Val R²=0.3394 Train R²=0.3331 Gap=-0.0063 ✓
[2025-11-20 23:28:56]     Epoch 20/100: Val R²=0.3329 Train R²=0.3337 Gap=0.0009  
[2025-11-20 23:50:08]     Epoch 21/100: Val R²=0.3368 Train R²=0.3343 Gap=-0.0025  
[2025-11-21 00:10:58]     Epoch 22/100: Val R²=0.3352 Train R²=0.3342 Gap=-0.0011  
[2025-11-21 00:31:35]     Epoch 23/100: Val R²=0.3378 Train R²=0.3348 Gap=-0.0029  
[2025-11-21 00:52:11]     Epoch 24/100: Val R²=0.3381 Train R²=0.3354 Gap=-0.0027  
[2025-11-21 01:12:51]     Epoch 25/100: Val R²=0.3387 Train R²=0.3357 Gap=-0.0030  
[2025-11-21 01:33:27]     Epoch 26/100: Val R²=0.3382 Train R²=0.3358 Gap=-0.0024  
[2025-11-21 01:54:02]     Epoch 27/100: Val R²=0.3397 Train R²=0.3356 Gap=-0.0041 ✓
[2025-11-21 02:14:42]     Epoch 28/100: Val R²=0.3378 Train R²=0.3362 Gap=-0.0017  
[2025-11-21 02:35:18]     Epoch 29/100: Val R²=0.3400 Train R²=0.3358 Gap=-0.0042 ✓
[2025-11-21 02:55:53]     Epoch 30/100: Val R²=0.3407 Train R²=0.3363 Gap=-0.0044 ✓
[2025-11-21 03:16:30]     Epoch 31/100: Val R²=0.3379 Train R²=0.3369 Gap=-0.0010  
[2025-11-21 03:37:05]     Epoch 32/100: Val R²=0.3372 Train R²=0.3369 Gap=-0.0003  
[2025-11-21 03:57:41]     Epoch 33/100: Val R²=0.3384 Train R²=0.3366 Gap=-0.0018  
[2025-11-21 04:18:22]     Epoch 34/100: Val R²=0.3398 Train R²=0.3370 Gap=-0.0028  
[2025-11-21 04:39:00]     Epoch 35/100: Val R²=0.3389 Train R²=0.3380 Gap=-0.0009  
[2025-11-21 04:59:35]     Epoch 36/100: Val R²=0.3382 Train R²=0.3377 Gap=-0.0005  
[2025-11-21 05:20:11]     Epoch 37/100: Val R²=0.3399 Train R²=0.3378 Gap=-0.0021  
[2025-11-21 05:40:45]     Epoch 38/100: Val R²=0.3385 Train R²=0.3380 Gap=-0.0006  
[2025-11-21 06:01:21]     Epoch 39/100: Val R²=0.3405 Train R²=0.3386 Gap=-0.0019  
[2025-11-21 06:22:01]     Epoch 40/100: Val R²=0.3397 Train R²=0.3388 Gap=-0.0009  
[2025-11-21 06:22:01]     Early stopped at epoch 40
[2025-11-21 06:22:01] 
======================================================================
[2025-11-21 06:22:01] Config 1/1 Complete:
[2025-11-21 06:22:01]   Best Val R²: 0.340699 (epoch 30)
[2025-11-21 06:22:01]   Best Global R²: 0.340000
[2025-11-21 06:22:01]   Overfitting Gap: -0.004382
[2025-11-21 06:22:01]   Parameters: 1,131,808
[2025-11-21 06:22:01]   Training Time: 50783.2s
[2025-11-21 06:22:01] 
🎉🎉🎉 NEW GLOBAL BEST! R² improved from 0.340000 to 0.340699
[2025-11-21 06:22:01] 
======================================================================
[2025-11-21 06:22:01] 🏆 CREATING SUBMISSION - NEW BEST MODEL!
[2025-11-21 06:22:01] ======================================================================
[2025-11-21 06:22:01]   Val R²: 0.340699
[2025-11-21 06:22:01]   Directory: ../submissions/bruteforce_r2_03407_20251120_161537_cfg1
[2025-11-21 06:22:01]   Saved model: model_best.pt
[2025-11-21 06:22:01]   Generated: solution.py
[2025-11-21 06:22:01]   Copied: utils.py
[2025-11-21 06:22:01]   Copied: models.py
[2025-11-21 06:22:01]   Saved: metadata.json
[2025-11-21 06:22:01] ======================================================================

[2025-11-21 06:22:01]   Results saved to models/bruteforce_search_results_20251120_161537.csv
[2025-11-21 06:22:01] 
======================================================================
[2025-11-21 06:22:01] SEARCH COMPLETE
[2025-11-21 06:22:01] ======================================================================
[2025-11-21 06:22:01] Total time: 846.4 minutes
[2025-11-21 06:22:01] Successful configs: 1/1
[2025-11-21 06:22:01] Final best R²: 0.340699
[2025-11-21 06:22:01] Submissions created: 1
[2025-11-21 06:22:01] Results saved: models/bruteforce_search_results_20251120_161537.csv
[2025-11-21 06:22:01] 
[2025-11-21 06:22:01] Top 5 configurations:
[2025-11-21 06:22:01] 
 config_id  best_val_r2  overfitting_gap  lookback  hidden_size  num_layers  dropout  n_parameters
         1     0.340699        -0.004382        50          128           3      0.2       1131808
[2025-11-21 06:22:01] 
Submissions log saved: models/bruteforce_submissions_log.csv
[2025-11-21 06:22:01] 
Submissions created:
[2025-11-21 06:22:01]   ../submissions/bruteforce_r2_03407_20251120_161537_cfg1 (R²=0.340699)
