[2025-11-20 10:17:46] ======================================================================
[2025-11-20 10:17:46] BRUTE FORCE HYPERPARAMETER SEARCH (ENC-DEC LSTM)
[2025-11-20 10:17:46] ======================================================================
[2025-11-20 10:17:46] Started at: 2025-11-20 10:17:46
[2025-11-20 10:17:46] Mode: FULL
[2025-11-20 10:17:46] Best R² to beat: 0.340000
[2025-11-20 10:17:46] Log file: logs/bruteforce_20251120_101746.log
[2025-11-20 10:17:46] 
[2025-11-20 10:17:46] Device Detection:
[2025-11-20 10:17:46]   PyTorch version: 2.7.1
[2025-11-20 10:17:46]   Requested: auto
[2025-11-20 10:17:46]   MPS available: ✓
[2025-11-20 10:17:46]   CUDA available: ✗
[2025-11-20 10:17:46]   Using: MPS
[2025-11-20 10:17:46] 
[2025-11-20 10:17:46] Loading data...
[2025-11-20 10:17:46] Train: 413,000 rows, 413 sequences
[2025-11-20 10:17:46] Val:   104,000 rows, 104 sequences
[2025-11-20 10:17:46] Features: 32
[2025-11-20 10:17:46] 
[2025-11-20 10:17:46] Total possible combinations (Cartesian product): 2,519,424
[2025-11-20 10:17:46] Configurations to run (cap): 100
[2025-11-20 10:17:46] Starting exhaustive brute force search...

[2025-11-20 10:17:46] 
======================================================================
[2025-11-20 10:17:46] Config 1/100 - Starting Training:
[2025-11-20 10:17:46]   Architecture:
[2025-11-20 10:17:46]     Lookback: 20, Hidden: 64, Layers: 1, Dropout: 0.1
[2025-11-20 10:17:46]     Bidirectional: False, GRU: False
[2025-11-20 10:17:46]   Output Head:
[2025-11-20 10:17:46]     FC Layers: 2, FC Hidden: 64, Activation: relu
[2025-11-20 10:17:46]     FC Dropout: 0.0, Batch Norm: True
[2025-11-20 10:17:46]   Training:
[2025-11-20 10:17:46]     Batch Size: 128, LR: 0.0001, Weight Decay: 0.0
[2025-11-20 10:17:46]     Optimizer: adam, Grad Clip: None, LR Patience: 3
