[2025-10-28 11:09:42] ======================================================================
[2025-10-28 11:09:42] BRUTE FORCE HYPERPARAMETER SEARCH WITH AUTO-SUBMISSION (EXHAUSTIVE MODE)
[2025-10-28 11:09:42] ======================================================================
[2025-10-28 11:09:42] Started at: 2025-10-28 11:09:42
[2025-10-28 11:09:42] Mode: FULL
[2025-10-28 11:09:42] Best R² to beat: 0.340000
[2025-10-28 11:09:42] Log file: logs/bruteforce_20251028_110942.log
[2025-10-28 11:09:42] 
[2025-10-28 11:09:42] Device Detection:
[2025-10-28 11:09:42]   PyTorch version: 2.7.1
[2025-10-28 11:09:42]   Requested: auto
[2025-10-28 11:09:42]   MPS available: ✓
[2025-10-28 11:09:42]   CUDA available: ✗
[2025-10-28 11:09:42]   Using: MPS
[2025-10-28 11:09:42] 
[2025-10-28 11:09:42] Loading data...
[2025-10-28 11:09:42] Train: 413,000 rows, 413 sequences
[2025-10-28 11:09:42] Val:   104,000 rows, 104 sequences
[2025-10-28 11:09:42] Features: 32
[2025-10-28 11:09:42] 
[2025-10-28 11:09:42] Total possible combinations (Cartesian product): 1
[2025-10-28 11:09:42] Configurations to run (cap): 1
[2025-10-28 11:09:42] Starting exhaustive brute force search...
[2025-10-28 11:09:42] 
[2025-10-28 11:09:42] 
======================================================================
[2025-10-28 11:09:42] Config 1/1 - Starting Training:
[2025-10-28 11:09:42]   Architecture:
[2025-10-28 11:09:42]     Lookback: 80, Hidden: 256, Layers: 2, Dropout: 0.15
[2025-10-28 11:09:42]     Bidirectional: True, GRU: True
[2025-10-28 11:09:42]   Output Head:
[2025-10-28 11:09:42]     FC Layers: 2, FC Hidden: 256, Activation: gelu
[2025-10-28 11:09:42]     FC Dropout: 0.1, Batch Norm: True
[2025-10-28 11:09:42]   Training:
[2025-10-28 11:09:42]     Batch Size: 64, LR: 0.0005, Weight Decay: 0.0005
[2025-10-28 11:09:42]     Optimizer: adamw, Grad Clip: 1.0, LR Patience: 5
