[2025-11-28 15:23:29] ======================================================================
[2025-11-28 15:23:29] BRUTE FORCE HYPERPARAMETER SEARCH WITH AUTO-SUBMISSION (EXHAUSTIVE MODE)
[2025-11-28 15:23:29] ======================================================================
[2025-11-28 15:23:29] Started at: 2025-11-28 15:23:29
[2025-11-28 15:23:29] Mode: FULL
[2025-11-28 15:23:29] Best R² to beat: 0.340000
[2025-11-28 15:23:29] Log file: logs/bruteforce_20251128_152329.log
[2025-11-28 15:23:29] 
[2025-11-28 15:23:29] Device Detection:
[2025-11-28 15:23:29]   PyTorch version: 2.7.1
[2025-11-28 15:23:29]   Requested: auto
[2025-11-28 15:23:29]   MPS available: ✓
[2025-11-28 15:23:29]   CUDA available: ✗
[2025-11-28 15:23:29]   Using: MPS
[2025-11-28 15:23:29] 
[2025-11-28 15:23:29] Loading data...
[2025-11-28 15:23:29] Train: 465,000 rows, 465 sequences
[2025-11-28 15:23:29] Val:   52,000 rows, 52 sequences
[2025-11-28 15:23:29] Features: 32
[2025-11-28 15:23:29] 
[2025-11-28 15:23:29] Total possible combinations (Cartesian product): 1
[2025-11-28 15:23:29] Configurations to run (cap): 1
[2025-11-28 15:23:29] Starting exhaustive brute force search...
[2025-11-28 15:23:29] 
[2025-11-28 15:23:29] 
======================================================================
[2025-11-28 15:23:29] Config 1/1 - Starting Training:
[2025-11-28 15:23:29]   Architecture:
[2025-11-28 15:23:29]     Lookback: 100, Hidden: 384, Layers: 2, Dropout: 0.1
[2025-11-28 15:23:29]     Bidirectional: True, GRU: True
[2025-11-28 15:23:29]   Output Head:
[2025-11-28 15:23:29]     FC Layers: 2, FC Hidden: 512, Activation: relu
[2025-11-28 15:23:29]     FC Dropout: 0.2, Batch Norm: True
[2025-11-28 15:23:29]   Training:
[2025-11-28 15:23:29]     Batch Size: 256, LR: 0.001, Weight Decay: 0.0001
[2025-11-28 15:23:29]     Optimizer: adam, Grad Clip: 5.0, LR Patience: 3
[2025-11-28 15:38:18]     Epoch  1/100: Val R²=0.3418 Train R²=0.3417 Gap=-0.0001 ✓
[2025-11-28 15:52:13]     Epoch  2/100: Val R²=0.3479 Train R²=0.3637 Gap=0.0158 ✓
[2025-11-28 16:06:15]     Epoch  3/100: Val R²=0.3441 Train R²=0.3630 Gap=0.0190  
[2025-11-28 16:20:20]     Epoch  4/100: Val R²=0.3450 Train R²=0.3673 Gap=0.0223  
[2025-11-28 16:35:07]     Epoch  5/100: Val R²=0.3547 Train R²=0.3696 Gap=0.0149 ✓
[2025-11-28 16:50:15]     Epoch  6/100: Val R²=0.3571 Train R²=0.3717 Gap=0.0146 ✓
[2025-11-28 17:16:24]     Epoch  7/100: Val R²=0.3499 Train R²=0.3738 Gap=0.0238  
[2025-11-28 17:43:33]     Epoch  8/100: Val R²=0.3469 Train R²=0.3750 Gap=0.0281  
[2025-11-28 18:10:39]     Epoch  9/100: Val R²=0.3501 Train R²=0.3757 Gap=0.0256  
[2025-11-28 18:37:50]     Epoch 10/100: Val R²=0.2270 Train R²=0.3755 Gap=0.1485  
[2025-11-28 19:07:15]     Epoch 11/100: Val R²=0.3532 Train R²=0.3826 Gap=0.0294  
[2025-11-28 19:37:05]     Epoch 12/100: Val R²=0.3337 Train R²=0.3823 Gap=0.0486  
[2025-11-28 20:07:10]     Epoch 13/100: Val R²=-0.1523 Train R²=0.3841 Gap=0.5364  
