[2025-10-25 15:36:18] ======================================================================
[2025-10-25 15:36:18] BRUTE FORCE HYPERPARAMETER SEARCH WITH AUTO-SUBMISSION
[2025-10-25 15:36:18] ======================================================================
[2025-10-25 15:36:18] Started at: 2025-10-25 15:36:18
[2025-10-25 15:36:18] Mode: FULL
[2025-10-25 15:36:18] Best R² to beat: 0.340000
[2025-10-25 15:36:18] Log file: logs/bruteforce_20251025_153618.log
[2025-10-25 15:36:18] 
[2025-10-25 15:36:18] Device Detection:
[2025-10-25 15:36:18]   PyTorch version: 2.9.0
[2025-10-25 15:36:18]   Requested: auto
[2025-10-25 15:36:18]   MPS available: ✓
[2025-10-25 15:36:18]   CUDA available: ✗
[2025-10-25 15:36:18]   Using: MPS
[2025-10-25 15:36:18] 
[2025-10-25 15:36:18] Loading data...
[2025-10-25 15:36:18] Train: 413,000 rows, 413 sequences
[2025-10-25 15:36:18] Val:   104,000 rows, 104 sequences
[2025-10-25 15:36:18] Features: 32
[2025-10-25 15:36:18] Configurations to test: 100
[2025-10-25 15:36:18] Max epochs per config: 30
[2025-10-25 15:36:18] 
[2025-10-25 15:36:18] Starting brute force search...
[2025-10-25 15:36:18] 
[2025-10-25 15:36:18] 
======================================================================
[2025-10-25 15:36:18] Config 1/100 - Starting Training:
[2025-10-25 15:36:18]   Architecture:
[2025-10-25 15:36:18]     Lookback: 50, Hidden: 64, Layers: 1, Dropout: 0.3
[2025-10-25 15:36:18]     Bidirectional: True, GRU: True
[2025-10-25 15:36:18]   Output Head:
[2025-10-25 15:36:18]     FC Layers: 2, FC Hidden: 64, Activation: gelu
[2025-10-25 15:36:18]     FC Dropout: 0.0, Batch Norm: True
[2025-10-25 15:36:18]   Training:
[2025-10-25 15:36:18]     Batch Size: 256, LR: 0.0001, Weight Decay: 0
[2025-10-25 15:36:18]     Optimizer: adam, Grad Clip: None, LR Patience: 3
[2025-10-25 15:38:12]     Epoch  1/30: Val R²=0.2958 Train R²=0.2814 Gap=-0.0144 ✓
[2025-10-25 15:40:01]     Epoch  2/30: Val R²=0.3165 Train R²=0.3429 Gap=0.0264 ✓
[2025-10-25 15:41:47]     Epoch  3/30: Val R²=0.3258 Train R²=0.3583 Gap=0.0325 ✓
[2025-10-25 15:43:28]     Epoch  4/30: Val R²=0.3307 Train R²=0.3661 Gap=0.0354 ✓
[2025-10-25 15:45:08]     Epoch  5/30: Val R²=0.3338 Train R²=0.3705 Gap=0.0367 ✓
[2025-10-25 15:46:52]     Epoch  6/30: Val R²=0.3360 Train R²=0.3737 Gap=0.0377 ✓
[2025-10-25 15:48:32]     Epoch  7/30: Val R²=0.3384 Train R²=0.3759 Gap=0.0375 ✓
[2025-10-25 15:51:59]     Epoch  8/30: Val R²=0.3399 Train R²=0.3777 Gap=0.0378 ✓
[2025-10-25 15:53:47]     Epoch  9/30: Val R²=0.3412 Train R²=0.3793 Gap=0.0381 ✓
[2025-10-25 15:55:31]     Epoch 10/30: Val R²=0.3419 Train R²=0.3805 Gap=0.0386 ✓
[2025-10-25 15:57:11]     Epoch 11/30: Val R²=0.3424 Train R²=0.3816 Gap=0.0393 ✓
[2025-10-25 15:58:45]     Epoch 12/30: Val R²=0.3441 Train R²=0.3827 Gap=0.0387 ✓
[2025-10-25 16:00:16]     Epoch 13/30: Val R²=0.3438 Train R²=0.3835 Gap=0.0397  
[2025-10-25 16:01:43]     Epoch 14/30: Val R²=0.3452 Train R²=0.3842 Gap=0.0390 ✓
[2025-10-25 16:13:17]     Epoch 15/30: Val R²=0.3449 Train R²=0.3851 Gap=0.0402  
[2025-10-25 16:24:43]     Epoch 16/30: Val R²=0.3459 Train R²=0.3856 Gap=0.0397 ✓
[2025-10-25 16:36:18]     Epoch 17/30: Val R²=0.3468 Train R²=0.3863 Gap=0.0395 ✓
[2025-10-25 16:57:45]     Epoch 18/30: Val R²=0.3475 Train R²=0.3869 Gap=0.0394 ✓
[2025-10-25 17:09:18]     Epoch 19/30: Val R²=0.3466 Train R²=0.3877 Gap=0.0411  
[2025-10-25 17:20:42]     Epoch 20/30: Val R²=0.3481 Train R²=0.3879 Gap=0.0398 ✓
[2025-10-25 17:32:07]     Epoch 21/30: Val R²=0.3483 Train R²=0.3886 Gap=0.0403 ✓
[2025-10-25 17:48:29]     Epoch 22/30: Val R²=0.3488 Train R²=0.3890 Gap=0.0402 ✓
[2025-10-25 17:50:04]     Epoch 23/30: Val R²=0.3483 Train R²=0.3894 Gap=0.0411  
[2025-10-25 18:01:34]     Epoch 24/30: Val R²=0.3468 Train R²=0.3899 Gap=0.0431  
[2025-10-25 18:03:25]     Epoch 25/30: Val R²=0.3493 Train R²=0.3902 Gap=0.0409 ✓
[2025-10-25 18:15:14]     Epoch 26/30: Val R²=0.3497 Train R²=0.3909 Gap=0.0412 ✓
[2025-10-25 18:37:04]     Epoch 27/30: Val R²=0.3501 Train R²=0.3911 Gap=0.0410 ✓
[2025-10-25 18:48:43]     Epoch 28/30: Val R²=0.3507 Train R²=0.3916 Gap=0.0409 ✓
[2025-10-25 18:50:25]     Epoch 29/30: Val R²=0.3501 Train R²=0.3919 Gap=0.0417  
[2025-10-25 19:12:20]     Epoch 30/30: Val R²=0.3503 Train R²=0.3922 Gap=0.0419  
[2025-10-25 19:12:20] 
======================================================================
[2025-10-25 19:12:20] Config 1/100 Complete:
[2025-10-25 19:12:20]   Best Val R²: 0.350674 (epoch 28)
[2025-10-25 19:12:20]   Best Global R²: 0.340000
[2025-10-25 19:12:20]   Overfitting Gap: 0.040889
[2025-10-25 19:12:20]   Parameters: 48,096
[2025-10-25 19:12:20]   Training Time: 12962.1s
[2025-10-25 19:12:20] 
🎉🎉🎉 NEW GLOBAL BEST! R² improved from 0.340000 to 0.350674
[2025-10-25 19:12:20] 
======================================================================
[2025-10-25 19:12:20] 🏆 CREATING SUBMISSION - NEW BEST MODEL!
[2025-10-25 19:12:20] ======================================================================
[2025-10-25 19:12:20]   Val R²: 0.350674
[2025-10-25 19:12:20]   Directory: ../submissions/bruteforce_r2_03507_20251025_153618_cfg1
[2025-10-25 19:12:20]   Saved model: model_best.pt
[2025-10-25 19:12:20]   Generated: solution.py
[2025-10-25 19:12:20]   Copied: utils.py
[2025-10-25 19:12:20]   Saved: metadata.json
[2025-10-25 19:12:20] ======================================================================

[2025-10-25 19:12:20]   Results saved to models/bruteforce_search_results_20251025_153618.csv
[2025-10-25 19:12:20] 
======================================================================
[2025-10-25 19:12:20] Config 2/100 - Starting Training:
[2025-10-25 19:12:20]   Architecture:
[2025-10-25 19:12:20]     Lookback: 50, Hidden: 192, Layers: 1, Dropout: 0.3
[2025-10-25 19:12:20]     Bidirectional: True, GRU: True
[2025-10-25 19:12:20]   Output Head:
[2025-10-25 19:12:20]     FC Layers: 2, FC Hidden: 128, Activation: gelu
[2025-10-25 19:12:20]     FC Dropout: 0.3, Batch Norm: True
[2025-10-25 19:12:20]   Training:
[2025-10-25 19:12:20]     Batch Size: 256, LR: 0.001, Weight Decay: 0.01
[2025-10-25 19:12:20]     Optimizer: adamw, Grad Clip: 1.0, LR Patience: 3
[2025-10-25 19:14:02]     Epoch  1/30: Val R²=0.3388 Train R²=0.3431 Gap=0.0043 ✓
[2025-10-25 19:15:48]     Epoch  2/30: Val R²=0.3456 Train R²=0.3692 Gap=0.0236 ✓
[2025-10-25 19:17:39]     Epoch  3/30: Val R²=0.3486 Train R²=0.3753 Gap=0.0267 ✓
[2025-10-25 19:19:28]     Epoch  4/30: Val R²=0.3501 Train R²=0.3798 Gap=0.0296 ✓
[2025-10-25 19:21:11]     Epoch  5/30: Val R²=0.3508 Train R²=0.3828 Gap=0.0319 ✓
[2025-10-25 19:22:56]     Epoch  6/30: Val R²=0.3530 Train R²=0.3860 Gap=0.0330 ✓
[2025-10-25 19:24:38]     Epoch  7/30: Val R²=0.3524 Train R²=0.3891 Gap=0.0367  
[2025-10-25 19:26:16]     Epoch  8/30: Val R²=0.3527 Train R²=0.3918 Gap=0.0391  
[2025-10-25 19:27:44]     Epoch  9/30: Val R²=0.3531 Train R²=0.3946 Gap=0.0416 ✓
[2025-10-25 19:29:26]     Epoch 10/30: Val R²=0.3493 Train R²=0.3976 Gap=0.0483  
[2025-10-25 19:45:18]     Epoch 11/30: Val R²=0.3491 Train R²=0.4005 Gap=0.0514  
[2025-10-25 19:46:47]     Epoch 12/30: Val R²=0.3478 Train R²=0.4038 Gap=0.0560  
[2025-10-25 19:48:17]     Epoch 13/30: Val R²=0.3466 Train R²=0.4074 Gap=0.0608  
[2025-10-25 19:49:51]     Epoch 14/30: Val R²=0.3402 Train R²=0.4191 Gap=0.0789  
[2025-10-25 19:51:45]     Epoch 15/30: Val R²=0.3366 Train R²=0.4245 Gap=0.0880  
[2025-10-25 19:53:38]     Epoch 16/30: Val R²=0.3311 Train R²=0.4286 Gap=0.0975  
[2025-10-25 19:53:38]     Early stopped at epoch 16
[2025-10-25 19:53:38] 
======================================================================
[2025-10-25 19:53:38] Config 2/100 Complete:
[2025-10-25 19:53:38]   Best Val R²: 0.353055 (epoch 9)
[2025-10-25 19:53:38]   Best Global R²: 0.350674
[2025-10-25 19:53:38]   Overfitting Gap: 0.041557
[2025-10-25 19:53:38]   Parameters: 314,016
[2025-10-25 19:53:38]   Training Time: 2478.0s
[2025-10-25 19:53:38] 
🎉🎉🎉 NEW GLOBAL BEST! R² improved from 0.350674 to 0.353055
[2025-10-25 19:53:38] 
======================================================================
[2025-10-25 19:53:38] 🏆 CREATING SUBMISSION - NEW BEST MODEL!
[2025-10-25 19:53:38] ======================================================================
[2025-10-25 19:53:38]   Val R²: 0.353055
[2025-10-25 19:53:38]   Directory: ../submissions/bruteforce_r2_03531_20251025_153618_cfg2
[2025-10-25 19:53:38]   Saved model: model_best.pt
[2025-10-25 19:53:38]   Generated: solution.py
[2025-10-25 19:53:38]   Copied: utils.py
[2025-10-25 19:53:38]   Saved: metadata.json
[2025-10-25 19:53:38] ======================================================================

[2025-10-25 19:53:38]   Results saved to models/bruteforce_search_results_20251025_153618.csv
[2025-10-25 19:53:38] 
======================================================================
[2025-10-25 19:53:38] Config 3/100 - Starting Training:
[2025-10-25 19:53:38]   Architecture:
[2025-10-25 19:53:38]     Lookback: 20, Hidden: 128, Layers: 1, Dropout: 0.1
[2025-10-25 19:53:38]     Bidirectional: True, GRU: True
[2025-10-25 19:53:38]   Output Head:
[2025-10-25 19:53:38]     FC Layers: 3, FC Hidden: 128, Activation: gelu
[2025-10-25 19:53:38]     FC Dropout: 0.3, Batch Norm: True
[2025-10-25 19:53:38]   Training:
[2025-10-25 19:53:38]     Batch Size: 256, LR: 0.001, Weight Decay: 0
[2025-10-25 19:53:38]     Optimizer: adam, Grad Clip: 5.0, LR Patience: 3
[2025-10-25 20:04:38]     Epoch  1/30: Val R²=0.3283 Train R²=0.3302 Gap=0.0019 ✓
[2025-10-25 20:15:45]     Epoch  2/30: Val R²=0.3346 Train R²=0.3571 Gap=0.0225 ✓
[2025-10-25 20:16:46]     Epoch  3/30: Val R²=0.3437 Train R²=0.3639 Gap=0.0201 ✓
[2025-10-25 20:17:50]     Epoch  4/30: Val R²=0.3410 Train R²=0.3675 Gap=0.0265  
[2025-10-25 20:30:15]     Epoch  5/30: Val R²=0.3412 Train R²=0.3708 Gap=0.0296  
[2025-10-25 20:31:17]     Epoch  6/30: Val R²=0.3473 Train R²=0.3737 Gap=0.0264 ✓
[2025-10-25 20:32:18]     Epoch  7/30: Val R²=0.3456 Train R²=0.3765 Gap=0.0309  
[2025-10-25 20:33:22]     Epoch  8/30: Val R²=0.3477 Train R²=0.3785 Gap=0.0308 ✓
[2025-10-25 20:34:24]     Epoch  9/30: Val R²=0.3461 Train R²=0.3811 Gap=0.0350  
[2025-10-25 20:35:12]     Epoch 10/30: Val R²=0.3467 Train R²=0.3834 Gap=0.0368  
[2025-10-25 20:35:59]     Epoch 11/30: Val R²=0.3469 Train R²=0.3857 Gap=0.0389  
[2025-10-25 20:36:46]     Epoch 12/30: Val R²=0.3461 Train R²=0.3880 Gap=0.0419  
[2025-10-25 20:37:33]     Epoch 13/30: Val R²=0.3432 Train R²=0.3960 Gap=0.0528  
[2025-10-25 20:38:20]     Epoch 14/30: Val R²=0.3410 Train R²=0.3999 Gap=0.0589  
[2025-10-25 20:39:07]     Epoch 15/30: Val R²=0.3360 Train R²=0.4022 Gap=0.0662  
[2025-10-25 20:39:07]     Early stopped at epoch 15
[2025-10-25 20:39:07] 
======================================================================
[2025-10-25 20:39:07] Config 3/100 Complete:
[2025-10-25 20:39:07]   Best Val R²: 0.347738 (epoch 8)
[2025-10-25 20:39:07]   Best Global R²: 0.353055
[2025-10-25 20:39:07]   Overfitting Gap: 0.030805
[2025-10-25 20:39:07]   Parameters: 178,464
[2025-10-25 20:39:07]   Training Time: 2728.8s
[2025-10-25 20:39:07]   Not better than global best (0.353055)
[2025-10-25 20:39:07]   Results saved to models/bruteforce_search_results_20251025_153618.csv
[2025-10-25 20:39:07] 
======================================================================
[2025-10-25 20:39:07] Config 4/100 - Starting Training:
[2025-10-25 20:39:07]   Architecture:
[2025-10-25 20:39:07]     Lookback: 50, Hidden: 192, Layers: 2, Dropout: 0.3
[2025-10-25 20:39:07]     Bidirectional: True, GRU: True
[2025-10-25 20:39:07]   Output Head:
[2025-10-25 20:39:07]     FC Layers: 2, FC Hidden: 256, Activation: relu
[2025-10-25 20:39:07]     FC Dropout: 0.3, Batch Norm: True
[2025-10-25 20:39:07]   Training:
[2025-10-25 20:39:07]     Batch Size: 256, LR: 0.0001, Weight Decay: 0.01
[2025-10-25 20:39:07]     Optimizer: adamw, Grad Clip: 1.0, LR Patience: 3
[2025-10-25 20:41:50]     Epoch  1/30: Val R²=0.3174 Train R²=0.2830 Gap=-0.0344 ✓
[2025-10-25 20:44:40]     Epoch  2/30: Val R²=0.3310 Train R²=0.3429 Gap=0.0119 ✓
[2025-10-25 20:47:33]     Epoch  3/30: Val R²=0.3367 Train R²=0.3573 Gap=0.0206 ✓
[2025-10-25 20:50:21]     Epoch  4/30: Val R²=0.3397 Train R²=0.3641 Gap=0.0244 ✓
[2025-10-25 20:53:13]     Epoch  5/30: Val R²=0.3431 Train R²=0.3690 Gap=0.0259 ✓
[2025-10-25 20:55:59]     Epoch  6/30: Val R²=0.3448 Train R²=0.3721 Gap=0.0273 ✓
[2025-10-25 20:58:47]     Epoch  7/30: Val R²=0.3474 Train R²=0.3750 Gap=0.0276 ✓
[2025-10-25 21:01:40]     Epoch  8/30: Val R²=0.3494 Train R²=0.3768 Gap=0.0274 ✓
[2025-10-25 21:04:37]     Epoch  9/30: Val R²=0.3494 Train R²=0.3784 Gap=0.0290  
[2025-10-25 21:07:28]     Epoch 10/30: Val R²=0.3507 Train R²=0.3802 Gap=0.0295 ✓
[2025-10-25 21:10:17]     Epoch 11/30: Val R²=0.3528 Train R²=0.3816 Gap=0.0288 ✓
[2025-10-25 21:13:05]     Epoch 12/30: Val R²=0.3531 Train R²=0.3829 Gap=0.0298 ✓
[2025-10-25 21:15:50]     Epoch 13/30: Val R²=0.3528 Train R²=0.3842 Gap=0.0314  
[2025-10-25 21:18:36]     Epoch 14/30: Val R²=0.3545 Train R²=0.3855 Gap=0.0309 ✓
[2025-10-25 21:21:22]     Epoch 15/30: Val R²=0.3538 Train R²=0.3869 Gap=0.0331  
[2025-10-25 21:24:13]     Epoch 16/30: Val R²=0.3549 Train R²=0.3877 Gap=0.0328 ✓
[2025-10-25 21:27:01]     Epoch 17/30: Val R²=0.3552 Train R²=0.3889 Gap=0.0336 ✓
[2025-10-25 21:29:49]     Epoch 18/30: Val R²=0.3558 Train R²=0.3900 Gap=0.0342 ✓
[2025-10-25 21:32:36]     Epoch 19/30: Val R²=0.3551 Train R²=0.3910 Gap=0.0359  
[2025-10-25 21:35:24]     Epoch 20/30: Val R²=0.3555 Train R²=0.3918 Gap=0.0363  
[2025-10-25 21:38:09]     Epoch 21/30: Val R²=0.3566 Train R²=0.3928 Gap=0.0362 ✓
[2025-10-25 21:40:58]     Epoch 22/30: Val R²=0.3569 Train R²=0.3939 Gap=0.0370 ✓
[2025-10-25 21:43:45]     Epoch 23/30: Val R²=0.3549 Train R²=0.3949 Gap=0.0400  
[2025-10-25 21:46:32]     Epoch 24/30: Val R²=0.3554 Train R²=0.3961 Gap=0.0407  
[2025-10-25 21:49:16]     Epoch 25/30: Val R²=0.3550 Train R²=0.3971 Gap=0.0421  
[2025-10-25 21:52:00]     Epoch 26/30: Val R²=0.3552 Train R²=0.3980 Gap=0.0428  
[2025-10-25 21:54:42]     Epoch 27/30: Val R²=0.3558 Train R²=0.4015 Gap=0.0458  
[2025-10-25 21:57:29]     Epoch 28/30: Val R²=0.3563 Train R²=0.4024 Gap=0.0461  
[2025-10-25 22:00:17]     Epoch 29/30: Val R²=0.3567 Train R²=0.4033 Gap=0.0466  
[2025-10-25 22:00:17]     Early stopped at epoch 29
[2025-10-25 22:00:17] 
======================================================================
[2025-10-25 22:00:17] Config 4/100 Complete:
[2025-10-25 22:00:17]   Best Val R²: 0.356892 (epoch 22)
[2025-10-25 22:00:17]   Best Global R²: 0.353055
[2025-10-25 22:00:17]   Overfitting Gap: 0.036970
[2025-10-25 22:00:17]   Parameters: 1,033,504
[2025-10-25 22:00:17]   Training Time: 4870.2s
[2025-10-25 22:00:17] 
🎉🎉🎉 NEW GLOBAL BEST! R² improved from 0.353055 to 0.356892
[2025-10-25 22:00:17] 
======================================================================
[2025-10-25 22:00:17] 🏆 CREATING SUBMISSION - NEW BEST MODEL!
[2025-10-25 22:00:17] ======================================================================
[2025-10-25 22:00:17]   Val R²: 0.356892
[2025-10-25 22:00:17]   Directory: ../submissions/bruteforce_r2_03569_20251025_153618_cfg4
[2025-10-25 22:00:17]   Saved model: model_best.pt
[2025-10-25 22:00:17]   Generated: solution.py
[2025-10-25 22:00:17]   Copied: utils.py
[2025-10-25 22:00:17]   Saved: metadata.json
[2025-10-25 22:00:17] ======================================================================

[2025-10-25 22:00:17]   Results saved to models/bruteforce_search_results_20251025_153618.csv
[2025-10-25 22:00:17] 
======================================================================
[2025-10-25 22:00:17] Config 5/100 - Starting Training:
[2025-10-25 22:00:17]   Architecture:
[2025-10-25 22:00:17]     Lookback: 20, Hidden: 128, Layers: 2, Dropout: 0.1
[2025-10-25 22:00:17]     Bidirectional: True, GRU: True
[2025-10-25 22:00:17]   Output Head:
[2025-10-25 22:00:17]     FC Layers: 2, FC Hidden: 256, Activation: gelu
[2025-10-25 22:00:17]     FC Dropout: 0.2, Batch Norm: True
[2025-10-25 22:00:17]   Training:
[2025-10-25 22:00:17]     Batch Size: 256, LR: 0.0005, Weight Decay: 0.001
[2025-10-25 22:00:17]     Optimizer: adamw, Grad Clip: 0.5, LR Patience: 3
[2025-10-25 22:01:35]     Epoch  1/30: Val R²=0.3321 Train R²=0.3410 Gap=0.0089 ✓
[2025-10-25 22:02:50]     Epoch  2/30: Val R²=0.3347 Train R²=0.3706 Gap=0.0359 ✓
[2025-10-25 22:04:06]     Epoch  3/30: Val R²=0.3424 Train R²=0.3776 Gap=0.0352 ✓
[2025-10-25 22:05:22]     Epoch  4/30: Val R²=0.3463 Train R²=0.3820 Gap=0.0357 ✓
[2025-10-25 22:06:37]     Epoch  5/30: Val R²=0.3440 Train R²=0.3860 Gap=0.0420  
[2025-10-25 22:07:53]     Epoch  6/30: Val R²=0.3488 Train R²=0.3888 Gap=0.0400 ✓
[2025-10-25 22:09:10]     Epoch  7/30: Val R²=0.3504 Train R²=0.3919 Gap=0.0415 ✓
[2025-10-25 22:10:26]     Epoch  8/30: Val R²=0.3527 Train R²=0.3949 Gap=0.0422 ✓
[2025-10-25 22:11:41]     Epoch  9/30: Val R²=0.3519 Train R²=0.3980 Gap=0.0461  
[2025-10-25 22:12:58]     Epoch 10/30: Val R²=0.3496 Train R²=0.4019 Gap=0.0523  
[2025-10-25 22:14:13]     Epoch 11/30: Val R²=0.3476 Train R²=0.4056 Gap=0.0580  
[2025-10-25 22:15:30]     Epoch 12/30: Val R²=0.3448 Train R²=0.4102 Gap=0.0654  
[2025-10-25 22:16:46]     Epoch 13/30: Val R²=0.3461 Train R²=0.4211 Gap=0.0750  
[2025-10-25 22:18:03]     Epoch 14/30: Val R²=0.3389 Train R²=0.4259 Gap=0.0870  
[2025-10-25 22:19:18]     Epoch 15/30: Val R²=0.3343 Train R²=0.4305 Gap=0.0962  
[2025-10-25 22:19:18]     Early stopped at epoch 15
[2025-10-25 22:19:18] 
======================================================================
[2025-10-25 22:19:18] Config 5/100 Complete:
[2025-10-25 22:19:18]   Best Val R²: 0.352739 (epoch 8)
[2025-10-25 22:19:18]   Best Global R²: 0.356892
[2025-10-25 22:19:18]   Overfitting Gap: 0.042201
[2025-10-25 22:19:18]   Parameters: 495,392
[2025-10-25 22:19:18]   Training Time: 1141.5s
[2025-10-25 22:19:18]   Not better than global best (0.356892)
[2025-10-25 22:19:18]   Results saved to models/bruteforce_search_results_20251025_153618.csv
[2025-10-25 22:19:19] 
======================================================================
[2025-10-25 22:19:19] Config 6/100 - Starting Training:
[2025-10-25 22:19:19]   Architecture:
[2025-10-25 22:19:19]     Lookback: 20, Hidden: 64, Layers: 2, Dropout: 0.2
[2025-10-25 22:19:19]     Bidirectional: True, GRU: True
[2025-10-25 22:19:19]   Output Head:
[2025-10-25 22:19:19]     FC Layers: 2, FC Hidden: 256, Activation: gelu
[2025-10-25 22:19:19]     FC Dropout: 0.3, Batch Norm: True
[2025-10-25 22:19:19]   Training:
[2025-10-25 22:19:19]     Batch Size: 256, LR: 0.0005, Weight Decay: 0.01
[2025-10-25 22:19:19]     Optimizer: adamw, Grad Clip: 0.5, LR Patience: 3
[2025-10-25 22:20:35]     Epoch  1/30: Val R²=0.3243 Train R²=0.3275 Gap=0.0032 ✓
[2025-10-25 22:21:53]     Epoch  2/30: Val R²=0.3374 Train R²=0.3623 Gap=0.0249 ✓
[2025-10-25 22:23:08]     Epoch  3/30: Val R²=0.3411 Train R²=0.3693 Gap=0.0282 ✓
[2025-10-25 22:24:26]     Epoch  4/30: Val R²=0.3423 Train R²=0.3727 Gap=0.0304 ✓
[2025-10-25 22:25:42]     Epoch  5/30: Val R²=0.3453 Train R²=0.3759 Gap=0.0307 ✓
[2025-10-25 22:26:59]     Epoch  6/30: Val R²=0.3467 Train R²=0.3784 Gap=0.0317 ✓
[2025-10-25 22:28:15]     Epoch  7/30: Val R²=0.3462 Train R²=0.3803 Gap=0.0341  
[2025-10-25 22:29:31]     Epoch  8/30: Val R²=0.3489 Train R²=0.3820 Gap=0.0331 ✓
[2025-10-25 22:30:46]     Epoch  9/30: Val R²=0.3492 Train R²=0.3840 Gap=0.0348 ✓
[2025-10-25 22:32:02]     Epoch 10/30: Val R²=0.3493 Train R²=0.3851 Gap=0.0358 ✓
[2025-10-25 22:33:19]     Epoch 11/30: Val R²=0.3506 Train R²=0.3865 Gap=0.0359 ✓
[2025-10-25 22:34:36]     Epoch 12/30: Val R²=0.3492 Train R²=0.3877 Gap=0.0385  
[2025-10-25 22:35:52]     Epoch 13/30: Val R²=0.3495 Train R²=0.3892 Gap=0.0397  
[2025-10-25 22:37:07]     Epoch 14/30: Val R²=0.3511 Train R²=0.3899 Gap=0.0388 ✓
[2025-10-25 22:38:21]     Epoch 15/30: Val R²=0.3512 Train R²=0.3914 Gap=0.0402 ✓
[2025-10-25 22:39:38]     Epoch 16/30: Val R²=0.3516 Train R²=0.3925 Gap=0.0409 ✓
[2025-10-25 22:40:52]     Epoch 17/30: Val R²=0.3490 Train R²=0.3936 Gap=0.0446  
[2025-10-25 22:42:07]     Epoch 18/30: Val R²=0.3500 Train R²=0.3946 Gap=0.0446  
[2025-10-25 22:43:21]     Epoch 19/30: Val R²=0.3481 Train R²=0.3960 Gap=0.0480  
[2025-10-25 22:44:35]     Epoch 20/30: Val R²=0.3516 Train R²=0.3967 Gap=0.0451 ✓
[2025-10-25 22:45:50]     Epoch 21/30: Val R²=0.3504 Train R²=0.4013 Gap=0.0509  
[2025-10-25 22:47:07]     Epoch 22/30: Val R²=0.3514 Train R²=0.4027 Gap=0.0513  
[2025-10-25 22:48:21]     Epoch 23/30: Val R²=0.3490 Train R²=0.4037 Gap=0.0547  
[2025-10-25 22:49:36]     Epoch 24/30: Val R²=0.3493 Train R²=0.4047 Gap=0.0555  
[2025-10-25 22:50:51]     Epoch 25/30: Val R²=0.3481 Train R²=0.4079 Gap=0.0598  
[2025-10-25 22:58:41]     Epoch 26/30: Val R²=0.3475 Train R²=0.4084 Gap=0.0609  
[2025-10-25 22:59:56]     Epoch 27/30: Val R²=0.3460 Train R²=0.4091 Gap=0.0631  
[2025-10-25 22:59:56]     Early stopped at epoch 27
[2025-10-25 22:59:56] 
======================================================================
[2025-10-25 22:59:56] Config 6/100 Complete:
[2025-10-25 22:59:56]   Best Val R²: 0.351623 (epoch 20)
[2025-10-25 22:59:56]   Best Global R²: 0.356892
[2025-10-25 22:59:56]   Overfitting Gap: 0.045119
[2025-10-25 22:59:56]   Parameters: 153,888
[2025-10-25 22:59:56]   Training Time: 2437.8s
[2025-10-25 22:59:56]   Not better than global best (0.356892)
[2025-10-25 22:59:56]   Results saved to models/bruteforce_search_results_20251025_153618.csv
[2025-10-25 22:59:56] 
======================================================================
[2025-10-25 22:59:56] Config 7/100 - Starting Training:
[2025-10-25 22:59:56]   Architecture:
[2025-10-25 22:59:56]     Lookback: 20, Hidden: 192, Layers: 4, Dropout: 0.3
[2025-10-25 22:59:56]     Bidirectional: True, GRU: True
[2025-10-25 22:59:56]   Output Head:
[2025-10-25 22:59:56]     FC Layers: 3, FC Hidden: 128, Activation: relu
[2025-10-25 22:59:56]     FC Dropout: 0.2, Batch Norm: True
[2025-10-25 22:59:56]   Training:
[2025-10-25 22:59:56]     Batch Size: 256, LR: 0.0001, Weight Decay: 0
[2025-10-25 22:59:56]     Optimizer: adam, Grad Clip: 0.5, LR Patience: 3
[2025-10-25 23:02:57]     Epoch  1/30: Val R²=0.3070 Train R²=0.2730 Gap=-0.0341 ✓
[2025-10-25 23:05:53]     Epoch  2/30: Val R²=0.3227 Train R²=0.3299 Gap=0.0072 ✓
[2025-10-25 23:08:52]     Epoch  3/30: Val R²=0.3307 Train R²=0.3464 Gap=0.0157 ✓
[2025-10-25 23:11:39]     Epoch  4/30: Val R²=0.3321 Train R²=0.3538 Gap=0.0218 ✓
[2025-10-25 23:34:20]     Epoch  5/30: Val R²=0.3335 Train R²=0.3589 Gap=0.0255 ✓
[2025-10-25 23:57:21]     Epoch  6/30: Val R²=0.3379 Train R²=0.3622 Gap=0.0242 ✓
[2025-10-26 00:00:20]     Epoch  7/30: Val R²=0.3400 Train R²=0.3652 Gap=0.0252 ✓
[2025-10-26 00:03:20]     Epoch  8/30: Val R²=0.3398 Train R²=0.3674 Gap=0.0275  
[2025-10-26 00:06:12]     Epoch  9/30: Val R²=0.3449 Train R²=0.3694 Gap=0.0245 ✓
[2025-10-26 00:09:05]     Epoch 10/30: Val R²=0.3428 Train R²=0.3714 Gap=0.0285  
[2025-10-26 00:11:59]     Epoch 11/30: Val R²=0.3457 Train R²=0.3732 Gap=0.0274 ✓
[2025-10-26 00:14:54]     Epoch 12/30: Val R²=0.3457 Train R²=0.3748 Gap=0.0291  
[2025-10-26 00:17:48]     Epoch 13/30: Val R²=0.3473 Train R²=0.3761 Gap=0.0288 ✓
[2025-10-26 00:20:41]     Epoch 14/30: Val R²=0.3481 Train R²=0.3777 Gap=0.0296 ✓
[2025-10-26 00:23:34]     Epoch 15/30: Val R²=0.3486 Train R²=0.3792 Gap=0.0306 ✓
[2025-10-26 00:26:28]     Epoch 16/30: Val R²=0.3493 Train R²=0.3804 Gap=0.0311 ✓
[2025-10-26 00:29:22]     Epoch 17/30: Val R²=0.3494 Train R²=0.3819 Gap=0.0325 ✓
[2025-10-26 00:32:08]     Epoch 18/30: Val R²=0.3478 Train R²=0.3832 Gap=0.0354  
[2025-10-26 01:14:51]     Epoch 19/30: Val R²=0.3502 Train R²=0.3842 Gap=0.0341 ✓
[2025-10-26 01:47:33]     Epoch 20/30: Val R²=0.3504 Train R²=0.3860 Gap=0.0356 ✓
[2025-10-26 02:00:34]     Epoch 21/30: Val R²=0.3484 Train R²=0.3873 Gap=0.0389  
[2025-10-26 02:08:36]     Epoch 22/30: Val R²=0.3507 Train R²=0.3883 Gap=0.0376 ✓
[2025-10-26 02:31:38]     Epoch 23/30: Val R²=0.3492 Train R²=0.3900 Gap=0.0408  
[2025-10-26 02:54:14]     Epoch 24/30: Val R²=0.3488 Train R²=0.3916 Gap=0.0428  
[2025-10-26 03:17:15]     Epoch 25/30: Val R²=0.3463 Train R²=0.3931 Gap=0.0469  
[2025-10-26 03:32:48]     Epoch 26/30: Val R²=0.3469 Train R²=0.3947 Gap=0.0478  
[2025-10-26 03:55:26]     Epoch 27/30: Val R²=0.3488 Train R²=0.3997 Gap=0.0508  
[2025-10-26 04:18:27]     Epoch 28/30: Val R²=0.3468 Train R²=0.4011 Gap=0.0544  
[2025-10-26 04:33:56]     Epoch 29/30: Val R²=0.3466 Train R²=0.4024 Gap=0.0559  
[2025-10-26 04:33:56]     Early stopped at epoch 29
[2025-10-26 04:33:56] 
======================================================================
[2025-10-26 04:33:56] Config 7/100 Complete:
[2025-10-26 04:33:56]   Best Val R²: 0.350690 (epoch 22)
[2025-10-26 04:33:56]   Best Global R²: 0.356892
[2025-10-26 04:33:56]   Overfitting Gap: 0.037635
[2025-10-26 04:33:56]   Parameters: 2,328,352
[2025-10-26 04:33:56]   Training Time: 20039.5s
[2025-10-26 04:33:56]   Not better than global best (0.356892)
[2025-10-26 04:33:56]   Results saved to models/bruteforce_search_results_20251025_153618.csv
[2025-10-26 04:33:56] 
======================================================================
[2025-10-26 04:33:56] Config 8/100 - Starting Training:
[2025-10-26 04:33:56]   Architecture:
[2025-10-26 04:33:56]     Lookback: 50, Hidden: 64, Layers: 2, Dropout: 0.2
[2025-10-26 04:33:56]     Bidirectional: True, GRU: True
[2025-10-26 04:33:56]   Output Head:
[2025-10-26 04:33:56]     FC Layers: 2, FC Hidden: 256, Activation: gelu
[2025-10-26 04:33:56]     FC Dropout: 0.0, Batch Norm: True
[2025-10-26 04:33:56]   Training:
[2025-10-26 04:33:56]     Batch Size: 256, LR: 0.0001, Weight Decay: 0.001
[2025-10-26 04:33:56]     Optimizer: adam, Grad Clip: 5.0, LR Patience: 3
[2025-10-26 04:56:45]     Epoch  1/30: Val R²=0.3030 Train R²=0.3035 Gap=0.0004 ✓
[2025-10-26 05:19:54]     Epoch  2/30: Val R²=0.3174 Train R²=0.3423 Gap=0.0249 ✓
[2025-10-26 05:34:51]     Epoch  3/30: Val R²=0.3239 Train R²=0.3549 Gap=0.0310 ✓
[2025-10-26 05:57:38]     Epoch  4/30: Val R²=0.3273 Train R²=0.3613 Gap=0.0340 ✓
[2025-10-26 06:30:33]     Epoch  5/30: Val R²=0.3281 Train R²=0.3644 Gap=0.0364 ✓
[2025-10-26 06:46:09]     Epoch  6/30: Val R²=0.3304 Train R²=0.3661 Gap=0.0357 ✓
[2025-10-26 06:58:54]     Epoch  7/30: Val R²=0.3184 Train R²=0.3672 Gap=0.0488  
[2025-10-26 07:22:08]     Epoch  8/30: Val R²=0.3257 Train R²=0.3677 Gap=0.0421  
[2025-10-26 07:37:35]     Epoch  9/30: Val R²=0.3240 Train R²=0.3682 Gap=0.0442  
[2025-10-26 08:00:27]     Epoch 10/30: Val R²=0.3255 Train R²=0.3685 Gap=0.0430  
[2025-10-26 08:23:34]     Epoch 11/30: Val R²=0.3270 Train R²=0.3701 Gap=0.0431  
[2025-10-26 08:43:30]     Epoch 12/30: Val R²=0.3300 Train R²=0.3706 Gap=0.0406  
[2025-10-26 08:46:12]     Epoch 13/30: Val R²=0.3264 Train R²=0.3705 Gap=0.0442  
[2025-10-26 08:46:12]     Early stopped at epoch 13
[2025-10-26 08:46:12] 
======================================================================
[2025-10-26 08:46:12] Config 8/100 Complete:
[2025-10-26 08:46:12]   Best Val R²: 0.330435 (epoch 6)
[2025-10-26 08:46:12]   Best Global R²: 0.356892
[2025-10-26 08:46:12]   Overfitting Gap: 0.035660
[2025-10-26 08:46:12]   Parameters: 153,888
[2025-10-26 08:46:12]   Training Time: 15136.2s
[2025-10-26 08:46:12]   Not better than global best (0.356892)
[2025-10-26 08:46:12]   Results saved to models/bruteforce_search_results_20251025_153618.csv
[2025-10-26 08:46:12] 
======================================================================
[2025-10-26 08:46:12] Config 9/100 - Starting Training:
[2025-10-26 08:46:12]   Architecture:
[2025-10-26 08:46:12]     Lookback: 20, Hidden: 192, Layers: 4, Dropout: 0.2
[2025-10-26 08:46:12]     Bidirectional: True, GRU: True
[2025-10-26 08:46:12]   Output Head:
[2025-10-26 08:46:12]     FC Layers: 3, FC Hidden: 256, Activation: gelu
[2025-10-26 08:46:12]     FC Dropout: 0.2, Batch Norm: True
[2025-10-26 08:46:12]   Training:
[2025-10-26 08:46:12]     Batch Size: 256, LR: 0.0001, Weight Decay: 0
[2025-10-26 08:46:12]     Optimizer: adamw, Grad Clip: 1.0, LR Patience: 3
[2025-10-26 09:18:58]     Epoch  1/30: Val R²=0.3116 Train R²=0.2965 Gap=-0.0152 ✓
[2025-10-26 09:32:04]     Epoch  2/30: Val R²=0.3279 Train R²=0.3451 Gap=0.0172 ✓
[2025-10-26 09:55:03]     Epoch  3/30: Val R²=0.3315 Train R²=0.3580 Gap=0.0265 ✓
[2025-10-26 10:25:36]     Epoch  4/30: Val R²=0.3378 Train R²=0.3646 Gap=0.0267 ✓
[2025-10-26 10:38:46]     Epoch  5/30: Val R²=0.3429 Train R²=0.3690 Gap=0.0261 ✓
[2025-10-26 10:58:00]     Epoch  6/30: Val R²=0.3421 Train R²=0.3729 Gap=0.0307  
[2025-10-26 11:20:52]     Epoch  7/30: Val R²=0.3441 Train R²=0.3754 Gap=0.0313 ✓
[2025-10-26 11:43:49]     Epoch  8/30: Val R²=0.3476 Train R²=0.3774 Gap=0.0298 ✓
[2025-10-26 11:59:36]     Epoch  9/30: Val R²=0.3469 Train R²=0.3796 Gap=0.0327  
[2025-10-26 12:22:28]     Epoch 10/30: Val R²=0.3470 Train R²=0.3821 Gap=0.0350  
[2025-10-26 12:35:18]     Epoch 11/30: Val R²=0.3490 Train R²=0.3837 Gap=0.0347 ✓
[2025-10-26 12:51:17]     Epoch 12/30: Val R²=0.3499 Train R²=0.3852 Gap=0.0353 ✓
[2025-10-26 12:54:26]     Epoch 13/30: Val R²=0.3481 Train R²=0.3866 Gap=0.0385  
[2025-10-26 12:57:21]     Epoch 14/30: Val R²=0.3495 Train R²=0.3881 Gap=0.0386  
[2025-10-26 13:10:16]     Epoch 15/30: Val R²=0.3518 Train R²=0.3897 Gap=0.0379 ✓
[2025-10-26 13:38:27]     Epoch 16/30: Val R²=0.3467 Train R²=0.3913 Gap=0.0447  
[2025-10-26 13:51:24]     Epoch 17/30: Val R²=0.3516 Train R²=0.3930 Gap=0.0414  
[2025-10-26 14:19:00]     Epoch 18/30: Val R²=0.3515 Train R²=0.3946 Gap=0.0431  
[2025-10-26 14:21:54]     Epoch 19/30: Val R²=0.3512 Train R²=0.3960 Gap=0.0448  
[2025-10-26 14:24:44]     Epoch 20/30: Val R²=0.3526 Train R²=0.4009 Gap=0.0482 ✓
[2025-10-26 14:27:40]     Epoch 21/30: Val R²=0.3513 Train R²=0.4026 Gap=0.0513  
[2025-10-26 14:30:37]     Epoch 22/30: Val R²=0.3499 Train R²=0.4039 Gap=0.0540  
[2025-10-26 14:33:31]     Epoch 23/30: Val R²=0.3512 Train R²=0.4049 Gap=0.0537  
[2025-10-26 14:51:13]     Epoch 24/30: Val R²=0.3486 Train R²=0.4067 Gap=0.0581  
[2025-10-26 14:54:09]     Epoch 25/30: Val R²=0.3485 Train R²=0.4092 Gap=0.0607  
[2025-10-26 14:57:07]     Epoch 26/30: Val R²=0.3496 Train R²=0.4104 Gap=0.0608  
[2025-10-26 15:00:08]     Epoch 27/30: Val R²=0.3471 Train R²=0.4113 Gap=0.0643  
[2025-10-26 15:00:08]     Early stopped at epoch 27
[2025-10-26 15:00:08] 
======================================================================
[2025-10-26 15:00:08] Config 9/100 Complete:
[2025-10-26 15:00:08]   Best Val R²: 0.352646 (epoch 20)
[2025-10-26 15:00:08]   Best Global R²: 0.356892
[2025-10-26 15:00:08]   Overfitting Gap: 0.048228
[2025-10-26 15:00:08]   Parameters: 2,431,520
[2025-10-26 15:00:08]   Training Time: 22436.3s
[2025-10-26 15:00:08]   Not better than global best (0.356892)
[2025-10-26 15:00:08]   Results saved to models/bruteforce_search_results_20251025_153618.csv
[2025-10-26 15:00:08] 
======================================================================
[2025-10-26 15:00:08] Config 10/100 - Starting Training:
[2025-10-26 15:00:08]   Architecture:
[2025-10-26 15:00:08]     Lookback: 20, Hidden: 128, Layers: 2, Dropout: 0.1
[2025-10-26 15:00:08]     Bidirectional: True, GRU: True
[2025-10-26 15:00:08]   Output Head:
[2025-10-26 15:00:08]     FC Layers: 2, FC Hidden: 64, Activation: gelu
[2025-10-26 15:00:08]     FC Dropout: 0.4, Batch Norm: True
[2025-10-26 15:00:08]   Training:
[2025-10-26 15:00:08]     Batch Size: 256, LR: 0.0001, Weight Decay: 0.01
[2025-10-26 15:00:08]     Optimizer: adamw, Grad Clip: 0.5, LR Patience: 3
[2025-10-26 15:01:33]     Epoch  1/30: Val R²=0.2995 Train R²=0.2389 Gap=-0.0606 ✓
[2025-10-26 15:02:57]     Epoch  2/30: Val R²=0.3173 Train R²=0.3100 Gap=-0.0072 ✓
[2025-10-26 15:04:21]     Epoch  3/30: Val R²=0.3240 Train R²=0.3296 Gap=0.0056 ✓
[2025-10-26 15:05:46]     Epoch  4/30: Val R²=0.3281 Train R²=0.3378 Gap=0.0096 ✓
[2025-10-26 15:07:12]     Epoch  5/30: Val R²=0.3246 Train R²=0.3428 Gap=0.0182  
[2025-10-26 15:08:37]     Epoch  6/30: Val R²=0.3320 Train R²=0.3453 Gap=0.0133 ✓
[2025-10-26 15:10:01]     Epoch  7/30: Val R²=0.3305 Train R²=0.3476 Gap=0.0171  
[2025-10-26 15:11:33]     Epoch  8/30: Val R²=0.3358 Train R²=0.3490 Gap=0.0132 ✓
[2025-10-26 15:13:05]     Epoch  9/30: Val R²=0.3386 Train R²=0.3507 Gap=0.0122 ✓
[2025-10-26 15:14:36]     Epoch 10/30: Val R²=0.3318 Train R²=0.3521 Gap=0.0203  
[2025-10-26 15:16:08]     Epoch 11/30: Val R²=0.3405 Train R²=0.3535 Gap=0.0130 ✓
[2025-10-26 15:17:39]     Epoch 12/30: Val R²=0.3319 Train R²=0.3541 Gap=0.0222  
[2025-10-26 15:19:20]     Epoch 13/30: Val R²=0.3422 Train R²=0.3556 Gap=0.0135 ✓
[2025-10-26 15:21:06]     Epoch 14/30: Val R²=0.3402 Train R²=0.3560 Gap=0.0158  
[2025-10-26 15:22:53]     Epoch 15/30: Val R²=0.3441 Train R²=0.3577 Gap=0.0136 ✓
[2025-10-26 15:24:46]     Epoch 16/30: Val R²=0.3445 Train R²=0.3580 Gap=0.0135 ✓
[2025-10-26 15:26:36]     Epoch 17/30: Val R²=0.3398 Train R²=0.3587 Gap=0.0189  
[2025-10-26 15:28:27]     Epoch 18/30: Val R²=0.3442 Train R²=0.3597 Gap=0.0154  
[2025-10-26 15:30:14]     Epoch 19/30: Val R²=0.3439 Train R²=0.3605 Gap=0.0166  
[2025-10-26 15:32:01]     Epoch 20/30: Val R²=0.3394 Train R²=0.3610 Gap=0.0215  
[2025-10-26 15:33:54]     Epoch 21/30: Val R²=0.3459 Train R²=0.3627 Gap=0.0168 ✓
[2025-10-26 15:35:59]     Epoch 22/30: Val R²=0.3464 Train R²=0.3630 Gap=0.0167 ✓
[2025-10-26 15:37:58]     Epoch 23/30: Val R²=0.3476 Train R²=0.3642 Gap=0.0166 ✓
[2025-10-26 15:39:48]     Epoch 24/30: Val R²=0.3473 Train R²=0.3639 Gap=0.0166  
[2025-10-26 16:01:36]     Epoch 25/30: Val R²=0.3478 Train R²=0.3649 Gap=0.0171 ✓
[2025-10-26 16:13:19]     Epoch 26/30: Val R²=0.3463 Train R²=0.3651 Gap=0.0188  
[2025-10-26 16:15:31]     Epoch 27/30: Val R²=0.3400 Train R²=0.3652 Gap=0.0252  
[2025-10-26 16:37:29]     Epoch 28/30: Val R²=0.3466 Train R²=0.3659 Gap=0.0192  
[2025-10-26 16:39:14]     Epoch 29/30: Val R²=0.3475 Train R²=0.3657 Gap=0.0181  
[2025-10-26 16:59:11]     Epoch 30/30: Val R²=0.3464 Train R²=0.3675 Gap=0.0212  
[2025-10-26 16:59:11] 
======================================================================
[2025-10-26 16:59:11] Config 10/100 Complete:
[2025-10-26 16:59:11]   Best Val R²: 0.347814 (epoch 25)
[2025-10-26 16:59:11]   Best Global R²: 0.356892
[2025-10-26 16:59:11]   Overfitting Gap: 0.017135
[2025-10-26 16:59:11]   Parameters: 439,520
[2025-10-26 16:59:11]   Training Time: 7143.1s
[2025-10-26 16:59:11]   Not better than global best (0.356892)
[2025-10-26 16:59:11]   Results saved to models/bruteforce_search_results_20251025_153618.csv
[2025-10-26 16:59:11] 
======================================================================
[2025-10-26 16:59:11] Config 11/100 - Starting Training:
[2025-10-26 16:59:11]   Architecture:
[2025-10-26 16:59:11]     Lookback: 20, Hidden: 192, Layers: 4, Dropout: 0.3
[2025-10-26 16:59:11]     Bidirectional: True, GRU: True
[2025-10-26 16:59:11]   Output Head:
[2025-10-26 16:59:11]     FC Layers: 3, FC Hidden: 256, Activation: gelu
[2025-10-26 16:59:11]     FC Dropout: 0.3, Batch Norm: True
[2025-10-26 16:59:11]   Training:
[2025-10-26 16:59:11]     Batch Size: 256, LR: 0.0001, Weight Decay: 0.0001
[2025-10-26 16:59:11]     Optimizer: adam, Grad Clip: 0.5, LR Patience: 3
[2025-10-26 17:03:26]     Epoch  1/30: Val R²=0.3045 Train R²=0.2811 Gap=-0.0234 ✓
[2025-10-26 17:07:26]     Epoch  2/30: Val R²=0.3224 Train R²=0.3311 Gap=0.0087 ✓
[2025-10-26 17:11:23]     Epoch  3/30: Val R²=0.3236 Train R²=0.3457 Gap=0.0221 ✓
[2025-10-26 17:15:22]     Epoch  4/30: Val R²=0.3284 Train R²=0.3517 Gap=0.0233 ✓
[2025-10-26 17:19:07]     Epoch  5/30: Val R²=0.3293 Train R²=0.3559 Gap=0.0266 ✓
[2025-10-26 17:27:16]     Epoch  6/30: Val R²=0.3329 Train R²=0.3583 Gap=0.0255 ✓
[2025-10-26 17:31:25]     Epoch  7/30: Val R²=0.3342 Train R²=0.3603 Gap=0.0261 ✓
[2025-10-26 17:35:25]     Epoch  8/30: Val R²=0.3376 Train R²=0.3621 Gap=0.0244 ✓
[2025-10-26 17:53:42]     Epoch  9/30: Val R²=0.3377 Train R²=0.3636 Gap=0.0260 ✓
[2025-10-26 17:57:44]     Epoch 10/30: Val R²=0.3367 Train R²=0.3651 Gap=0.0283  
[2025-10-26 18:01:31]     Epoch 11/30: Val R²=0.3367 Train R²=0.3655 Gap=0.0288  
[2025-10-26 18:05:20]     Epoch 12/30: Val R²=0.3387 Train R²=0.3665 Gap=0.0278 ✓
[2025-10-26 18:09:07]     Epoch 13/30: Val R²=0.3401 Train R²=0.3676 Gap=0.0274 ✓
[2025-10-26 18:12:55]     Epoch 14/30: Val R²=0.3429 Train R²=0.3683 Gap=0.0253 ✓
[2025-10-26 18:16:43]     Epoch 15/30: Val R²=0.3403 Train R²=0.3687 Gap=0.0284  
[2025-10-26 18:20:32]     Epoch 16/30: Val R²=0.3443 Train R²=0.3694 Gap=0.0251 ✓
[2025-10-26 18:24:32]     Epoch 17/30: Val R²=0.3415 Train R²=0.3701 Gap=0.0286  
[2025-10-26 18:28:15]     Epoch 18/30: Val R²=0.3403 Train R²=0.3705 Gap=0.0303  
[2025-10-26 18:32:07]     Epoch 19/30: Val R²=0.3424 Train R²=0.3711 Gap=0.0287  
[2025-10-26 18:36:14]     Epoch 20/30: Val R²=0.3415 Train R²=0.3717 Gap=0.0302  
[2025-10-26 18:40:36]     Epoch 21/30: Val R²=0.3414 Train R²=0.3742 Gap=0.0329  
[2025-10-26 18:44:56]     Epoch 22/30: Val R²=0.3448 Train R²=0.3745 Gap=0.0297 ✓
[2025-10-26 18:49:08]     Epoch 23/30: Val R²=0.3470 Train R²=0.3749 Gap=0.0279 ✓
[2025-10-26 18:53:15]     Epoch 24/30: Val R²=0.3455 Train R²=0.3750 Gap=0.0295  
[2025-10-26 18:57:29]     Epoch 25/30: Val R²=0.3473 Train R²=0.3753 Gap=0.0280 ✓
[2025-10-26 19:01:46]     Epoch 26/30: Val R²=0.3461 Train R²=0.3758 Gap=0.0297  
[2025-10-26 19:06:02]     Epoch 27/30: Val R²=0.3472 Train R²=0.3759 Gap=0.0287  
[2025-10-26 19:10:21]     Epoch 28/30: Val R²=0.3489 Train R²=0.3757 Gap=0.0268 ✓
[2025-10-26 19:14:37]     Epoch 29/30: Val R²=0.3479 Train R²=0.3762 Gap=0.0282  
[2025-10-26 19:18:55]     Epoch 30/30: Val R²=0.3460 Train R²=0.3762 Gap=0.0302  
[2025-10-26 19:18:55] 
======================================================================
[2025-10-26 19:18:55] Config 11/100 Complete:
[2025-10-26 19:18:55]   Best Val R²: 0.348884 (epoch 28)
[2025-10-26 19:18:55]   Best Global R²: 0.356892
[2025-10-26 19:18:55]   Overfitting Gap: 0.026783
[2025-10-26 19:18:55]   Parameters: 2,431,520
[2025-10-26 19:18:55]   Training Time: 8383.8s
[2025-10-26 19:18:55]   Not better than global best (0.356892)
[2025-10-26 19:18:55]   Results saved to models/bruteforce_search_results_20251025_153618.csv
[2025-10-26 19:18:55] 
======================================================================
[2025-10-26 19:18:55] Config 12/100 - Starting Training:
[2025-10-26 19:18:55]   Architecture:
[2025-10-26 19:18:55]     Lookback: 20, Hidden: 192, Layers: 4, Dropout: 0.1
[2025-10-26 19:18:55]     Bidirectional: True, GRU: True
[2025-10-26 19:18:55]   Output Head:
[2025-10-26 19:18:55]     FC Layers: 2, FC Hidden: 256, Activation: gelu
[2025-10-26 19:18:55]     FC Dropout: 0.0, Batch Norm: True
[2025-10-26 19:18:55]   Training:
[2025-10-26 19:18:55]     Batch Size: 256, LR: 0.0001, Weight Decay: 0.001
[2025-10-26 19:18:55]     Optimizer: adam, Grad Clip: None, LR Patience: 3
[2025-10-26 19:23:06]     Epoch  1/30: Val R²=0.3048 Train R²=0.3203 Gap=0.0155 ✓
[2025-10-26 19:27:16]     Epoch  2/30: Val R²=0.3080 Train R²=0.3461 Gap=0.0381 ✓
[2025-10-26 19:31:26]     Epoch  3/30: Val R²=0.3146 Train R²=0.3525 Gap=0.0378 ✓
[2025-10-26 19:35:25]     Epoch  4/30: Val R²=0.3168 Train R²=0.3548 Gap=0.0380 ✓
[2025-10-26 19:39:32]     Epoch  5/30: Val R²=0.3177 Train R²=0.3553 Gap=0.0376 ✓
[2025-10-26 19:43:40]     Epoch  6/30: Val R²=0.3161 Train R²=0.3558 Gap=0.0397  
[2025-10-26 19:47:51]     Epoch  7/30: Val R²=0.3163 Train R²=0.3561 Gap=0.0398  
[2025-10-26 19:52:03]     Epoch  8/30: Val R²=0.3198 Train R²=0.3560 Gap=0.0362 ✓
[2025-10-26 19:56:13]     Epoch  9/30: Val R²=0.3212 Train R²=0.3561 Gap=0.0349 ✓
[2025-10-26 20:00:24]     Epoch 10/30: Val R²=0.3118 Train R²=0.3567 Gap=0.0449  
[2025-10-26 20:04:35]     Epoch 11/30: Val R²=0.3200 Train R²=0.3568 Gap=0.0368  
[2025-10-26 20:08:45]     Epoch 12/30: Val R²=0.3176 Train R²=0.3573 Gap=0.0397  
[2025-10-26 20:12:56]     Epoch 13/30: Val R²=0.3217 Train R²=0.3575 Gap=0.0358 ✓
[2025-10-26 20:17:05]     Epoch 14/30: Val R²=0.3201 Train R²=0.3575 Gap=0.0374  
[2025-10-26 20:21:11]     Epoch 15/30: Val R²=0.3198 Train R²=0.3581 Gap=0.0383  
[2025-10-26 20:25:19]     Epoch 16/30: Val R²=0.3199 Train R²=0.3583 Gap=0.0384  
[2025-10-26 20:29:26]     Epoch 17/30: Val R²=0.3190 Train R²=0.3588 Gap=0.0397  
[2025-10-26 20:33:29]     Epoch 18/30: Val R²=0.3243 Train R²=0.3609 Gap=0.0366 ✓
[2025-10-26 20:37:29]     Epoch 19/30: Val R²=0.3239 Train R²=0.3610 Gap=0.0371  
[2025-10-26 20:41:34]     Epoch 20/30: Val R²=0.3234 Train R²=0.3609 Gap=0.0375  
[2025-10-26 20:45:38]     Epoch 21/30: Val R²=0.3239 Train R²=0.3611 Gap=0.0372  
[2025-10-26 20:49:39]     Epoch 22/30: Val R²=0.3242 Train R²=0.3613 Gap=0.0371  
[2025-10-26 20:53:09]     Epoch 23/30: Val R²=0.3252 Train R²=0.3623 Gap=0.0371 ✓
[2025-10-26 20:56:37]     Epoch 24/30: Val R²=0.3253 Train R²=0.3623 Gap=0.0369 ✓
[2025-10-26 21:00:07]     Epoch 25/30: Val R²=0.3252 Train R²=0.3627 Gap=0.0374  
[2025-10-26 21:03:44]     Epoch 26/30: Val R²=0.3251 Train R²=0.3627 Gap=0.0376  
[2025-10-26 21:07:26]     Epoch 27/30: Val R²=0.3260 Train R²=0.3627 Gap=0.0367 ✓
[2025-10-26 21:11:09]     Epoch 28/30: Val R²=0.3256 Train R²=0.3627 Gap=0.0372  
[2025-10-26 21:14:51]     Epoch 29/30: Val R²=0.3258 Train R²=0.3630 Gap=0.0372  
[2025-10-26 21:18:27]     Epoch 30/30: Val R²=0.3255 Train R²=0.3630 Gap=0.0375  
[2025-10-26 21:18:27] 
======================================================================
[2025-10-26 21:18:27] Config 12/100 Complete:
[2025-10-26 21:18:27]   Best Val R²: 0.325979 (epoch 27)
[2025-10-26 21:18:27]   Best Global R²: 0.356892
[2025-10-26 21:18:27]   Overfitting Gap: 0.036691
[2025-10-26 21:18:27]   Parameters: 2,365,216
[2025-10-26 21:18:27]   Training Time: 7172.0s
[2025-10-26 21:18:27]   Not better than global best (0.356892)
[2025-10-26 21:18:27]   Results saved to models/bruteforce_search_results_20251025_153618.csv
[2025-10-26 21:18:27] 
======================================================================
[2025-10-26 21:18:27] Config 13/100 - Starting Training:
[2025-10-26 21:18:27]   Architecture:
[2025-10-26 21:18:27]     Lookback: 50, Hidden: 128, Layers: 1, Dropout: 0.3
[2025-10-26 21:18:27]     Bidirectional: True, GRU: True
[2025-10-26 21:18:27]   Output Head:
[2025-10-26 21:18:27]     FC Layers: 2, FC Hidden: 128, Activation: tanh
[2025-10-26 21:18:27]     FC Dropout: 0.2, Batch Norm: True
[2025-10-26 21:18:27]   Training:
[2025-10-26 21:18:27]     Batch Size: 256, LR: 0.001, Weight Decay: 0.01
[2025-10-26 21:18:27]     Optimizer: adamw, Grad Clip: 1.0, LR Patience: 3
[2025-10-26 21:20:16]     Epoch  1/30: Val R²=0.3325 Train R²=0.3403 Gap=0.0077 ✓
[2025-10-26 21:22:04]     Epoch  2/30: Val R²=0.3399 Train R²=0.3676 Gap=0.0277 ✓
[2025-10-26 21:23:51]     Epoch  3/30: Val R²=0.3439 Train R²=0.3743 Gap=0.0303 ✓
[2025-10-26 21:25:38]     Epoch  4/30: Val R²=0.3464 Train R²=0.3789 Gap=0.0325 ✓
[2025-10-26 21:27:23]     Epoch  5/30: Val R²=0.3495 Train R²=0.3824 Gap=0.0329 ✓
[2025-10-26 21:29:08]     Epoch  6/30: Val R²=0.3491 Train R²=0.3848 Gap=0.0356  
[2025-10-26 21:30:51]     Epoch  7/30: Val R²=0.3493 Train R²=0.3872 Gap=0.0379  
[2025-10-26 21:32:36]     Epoch  8/30: Val R²=0.3501 Train R²=0.3891 Gap=0.0390 ✓
[2025-10-26 21:34:20]     Epoch  9/30: Val R²=0.3514 Train R²=0.3911 Gap=0.0397 ✓
[2025-10-26 21:36:05]     Epoch 10/30: Val R²=0.3510 Train R²=0.3927 Gap=0.0417  
[2025-10-26 21:37:51]     Epoch 11/30: Val R²=0.3500 Train R²=0.3942 Gap=0.0442  
[2025-10-26 21:39:39]     Epoch 12/30: Val R²=0.3503 Train R²=0.3956 Gap=0.0453  
[2025-10-26 21:41:27]     Epoch 13/30: Val R²=0.3500 Train R²=0.3970 Gap=0.0470  
[2025-10-26 21:43:15]     Epoch 14/30: Val R²=0.3486 Train R²=0.4028 Gap=0.0541  
[2025-10-26 21:45:15]     Epoch 15/30: Val R²=0.3499 Train R²=0.4047 Gap=0.0548  
[2025-10-26 21:47:23]     Epoch 16/30: Val R²=0.3495 Train R²=0.4060 Gap=0.0564  
[2025-10-26 21:47:23]     Early stopped at epoch 16
[2025-10-26 21:47:23] 
======================================================================
[2025-10-26 21:47:23] Config 13/100 Complete:
[2025-10-26 21:47:23]   Best Val R²: 0.351416 (epoch 9)
[2025-10-26 21:47:23]   Best Global R²: 0.356892
[2025-10-26 21:47:23]   Overfitting Gap: 0.039676
[2025-10-26 21:47:23]   Parameters: 161,696
[2025-10-26 21:47:23]   Training Time: 1735.6s
[2025-10-26 21:47:23]   Not better than global best (0.356892)
[2025-10-26 21:47:23]   Results saved to models/bruteforce_search_results_20251025_153618.csv
[2025-10-26 21:47:23] 
======================================================================
[2025-10-26 21:47:23] Config 14/100 - Starting Training:
[2025-10-26 21:47:23]   Architecture:
[2025-10-26 21:47:23]     Lookback: 30, Hidden: 192, Layers: 1, Dropout: 0.3
[2025-10-26 21:47:23]     Bidirectional: True, GRU: True
[2025-10-26 21:47:23]   Output Head:
[2025-10-26 21:47:23]     FC Layers: 3, FC Hidden: 256, Activation: tanh
[2025-10-26 21:47:23]     FC Dropout: 0.0, Batch Norm: True
[2025-10-26 21:47:23]   Training:
[2025-10-26 21:47:23]     Batch Size: 256, LR: 0.0001, Weight Decay: 0.01
[2025-10-26 21:47:23]     Optimizer: adamw, Grad Clip: 0.5, LR Patience: 3
[2025-10-26 21:48:55]     Epoch  1/30: Val R²=0.3218 Train R²=0.3312 Gap=0.0094 ✓
[2025-10-26 21:50:24]     Epoch  2/30: Val R²=0.3303 Train R²=0.3646 Gap=0.0343 ✓
[2025-10-26 21:51:52]     Epoch  3/30: Val R²=0.3363 Train R²=0.3738 Gap=0.0375 ✓
[2025-10-26 21:53:21]     Epoch  4/30: Val R²=0.3384 Train R²=0.3783 Gap=0.0400 ✓
[2025-10-26 21:54:51]     Epoch  5/30: Val R²=0.3415 Train R²=0.3819 Gap=0.0404 ✓
[2025-10-26 21:56:21]     Epoch  6/30: Val R²=0.3424 Train R²=0.3843 Gap=0.0419 ✓
[2025-10-26 21:57:52]     Epoch  7/30: Val R²=0.3448 Train R²=0.3862 Gap=0.0414 ✓
[2025-10-26 21:59:22]     Epoch  8/30: Val R²=0.3422 Train R²=0.3880 Gap=0.0458  
[2025-10-26 22:00:51]     Epoch  9/30: Val R²=0.3459 Train R²=0.3894 Gap=0.0435 ✓
[2025-10-26 22:02:21]     Epoch 10/30: Val R²=0.3473 Train R²=0.3907 Gap=0.0434 ✓
[2025-10-26 22:03:51]     Epoch 11/30: Val R²=0.3471 Train R²=0.3919 Gap=0.0448  
[2025-10-26 22:05:21]     Epoch 12/30: Val R²=0.3468 Train R²=0.3930 Gap=0.0462  
[2025-10-26 22:06:52]     Epoch 13/30: Val R²=0.3468 Train R²=0.3942 Gap=0.0474  
[2025-10-26 22:08:22]     Epoch 14/30: Val R²=0.3490 Train R²=0.3953 Gap=0.0463 ✓
[2025-10-26 22:09:52]     Epoch 15/30: Val R²=0.3496 Train R²=0.3962 Gap=0.0467 ✓
[2025-10-26 22:11:23]     Epoch 16/30: Val R²=0.3499 Train R²=0.3972 Gap=0.0473 ✓
[2025-10-26 22:12:52]     Epoch 17/30: Val R²=0.3486 Train R²=0.3982 Gap=0.0495  
[2025-10-26 22:14:21]     Epoch 18/30: Val R²=0.3508 Train R²=0.3992 Gap=0.0483 ✓
[2025-10-26 22:15:48]     Epoch 19/30: Val R²=0.3512 Train R²=0.4000 Gap=0.0488 ✓
[2025-10-26 22:17:15]     Epoch 20/30: Val R²=0.3495 Train R²=0.4009 Gap=0.0513  
[2025-10-26 22:18:43]     Epoch 21/30: Val R²=0.3496 Train R²=0.4017 Gap=0.0521  
[2025-10-26 22:20:13]     Epoch 22/30: Val R²=0.3496 Train R²=0.4027 Gap=0.0531  
[2025-10-26 22:21:43]     Epoch 23/30: Val R²=0.3519 Train R²=0.4035 Gap=0.0515 ✓
[2025-10-26 22:23:13]     Epoch 24/30: Val R²=0.3515 Train R²=0.4044 Gap=0.0529  
[2025-10-26 22:24:42]     Epoch 25/30: Val R²=0.3513 Train R²=0.4054 Gap=0.0541  
[2025-10-26 22:26:12]     Epoch 26/30: Val R²=0.3509 Train R²=0.4062 Gap=0.0554  
[2025-10-26 22:27:42]     Epoch 27/30: Val R²=0.3508 Train R²=0.4073 Gap=0.0564  
[2025-10-26 22:29:12]     Epoch 28/30: Val R²=0.3520 Train R²=0.4120 Gap=0.0599 ✓
[2025-10-26 22:30:42]     Epoch 29/30: Val R²=0.3513 Train R²=0.4130 Gap=0.0618  
[2025-10-26 22:32:12]     Epoch 30/30: Val R²=0.3508 Train R²=0.4137 Gap=0.0629  
[2025-10-26 22:32:12] 
======================================================================
[2025-10-26 22:32:12] Config 14/100 Complete:
[2025-10-26 22:32:12]   Best Val R²: 0.352031 (epoch 28)
[2025-10-26 22:32:12]   Best Global R²: 0.356892
[2025-10-26 22:32:12]   Overfitting Gap: 0.059936
[2025-10-26 22:32:12]   Parameters: 433,952
[2025-10-26 22:32:12]   Training Time: 2689.2s
[2025-10-26 22:32:12]   Not better than global best (0.356892)
[2025-10-26 22:32:12]   Results saved to models/bruteforce_search_results_20251025_153618.csv
[2025-10-26 22:32:12] 
======================================================================
[2025-10-26 22:32:12] Config 15/100 - Starting Training:
[2025-10-26 22:32:12]   Architecture:
[2025-10-26 22:32:12]     Lookback: 30, Hidden: 128, Layers: 1, Dropout: 0.1
[2025-10-26 22:32:12]     Bidirectional: True, GRU: True
[2025-10-26 22:32:12]   Output Head:
[2025-10-26 22:32:12]     FC Layers: 2, FC Hidden: 256, Activation: gelu
[2025-10-26 22:32:12]     FC Dropout: 0.0, Batch Norm: True
[2025-10-26 22:32:12]   Training:
[2025-10-26 22:32:12]     Batch Size: 256, LR: 0.0001, Weight Decay: 0.01
[2025-10-26 22:32:12]     Optimizer: adamw, Grad Clip: 5.0, LR Patience: 3
[2025-10-26 22:33:36]     Epoch  1/30: Val R²=0.3195 Train R²=0.3266 Gap=0.0071 ✓
[2025-10-26 22:34:58]     Epoch  2/30: Val R²=0.3309 Train R²=0.3642 Gap=0.0333 ✓
[2025-10-26 22:36:22]     Epoch  3/30: Val R²=0.3359 Train R²=0.3728 Gap=0.0369 ✓
[2025-10-26 22:37:46]     Epoch  4/30: Val R²=0.3386 Train R²=0.3769 Gap=0.0383 ✓
[2025-10-26 22:39:10]     Epoch  5/30: Val R²=0.3408 Train R²=0.3800 Gap=0.0392 ✓
[2025-10-26 22:40:34]     Epoch  6/30: Val R²=0.3415 Train R²=0.3821 Gap=0.0406 ✓
[2025-10-26 22:41:58]     Epoch  7/30: Val R²=0.3440 Train R²=0.3841 Gap=0.0400 ✓
[2025-10-26 22:43:22]     Epoch  8/30: Val R²=0.3448 Train R²=0.3858 Gap=0.0409 ✓
[2025-10-26 22:44:46]     Epoch  9/30: Val R²=0.3471 Train R²=0.3870 Gap=0.0398 ✓
[2025-10-26 22:46:10]     Epoch 10/30: Val R²=0.3469 Train R²=0.3880 Gap=0.0412  
[2025-10-26 22:47:34]     Epoch 11/30: Val R²=0.3477 Train R²=0.3891 Gap=0.0413 ✓
[2025-10-26 22:48:59]     Epoch 12/30: Val R²=0.3468 Train R²=0.3902 Gap=0.0434  
[2025-10-26 22:50:23]     Epoch 13/30: Val R²=0.3487 Train R²=0.3911 Gap=0.0424 ✓
[2025-10-26 22:51:46]     Epoch 14/30: Val R²=0.3499 Train R²=0.3918 Gap=0.0419 ✓
[2025-10-26 22:53:10]     Epoch 15/30: Val R²=0.3501 Train R²=0.3925 Gap=0.0423 ✓
[2025-10-26 22:54:32]     Epoch 16/30: Val R²=0.3503 Train R²=0.3933 Gap=0.0430 ✓
[2025-10-26 22:55:55]     Epoch 17/30: Val R²=0.3499 Train R²=0.3941 Gap=0.0442  
[2025-10-26 22:57:19]     Epoch 18/30: Val R²=0.3504 Train R²=0.3947 Gap=0.0444 ✓
[2025-10-26 22:58:43]     Epoch 19/30: Val R²=0.3518 Train R²=0.3952 Gap=0.0434 ✓
[2025-10-26 23:00:08]     Epoch 20/30: Val R²=0.3518 Train R²=0.3959 Gap=0.0441 ✓
[2025-10-26 23:01:31]     Epoch 21/30: Val R²=0.3527 Train R²=0.3964 Gap=0.0438 ✓
[2025-10-26 23:02:55]     Epoch 22/30: Val R²=0.3523 Train R²=0.3971 Gap=0.0448  
[2025-10-26 23:04:19]     Epoch 23/30: Val R²=0.3528 Train R²=0.3977 Gap=0.0448 ✓
[2025-10-26 23:05:44]     Epoch 24/30: Val R²=0.3518 Train R²=0.3982 Gap=0.0464  
[2025-10-26 23:07:05]     Epoch 25/30: Val R²=0.3534 Train R²=0.3986 Gap=0.0452 ✓
[2025-10-26 23:08:26]     Epoch 26/30: Val R²=0.3531 Train R²=0.3994 Gap=0.0463  
[2025-10-26 23:09:51]     Epoch 27/30: Val R²=0.3534 Train R²=0.3999 Gap=0.0465  
[2025-10-26 23:11:15]     Epoch 28/30: Val R²=0.3528 Train R²=0.4004 Gap=0.0476  
[2025-10-26 23:12:40]     Epoch 29/30: Val R²=0.3535 Train R²=0.4009 Gap=0.0473 ✓
[2025-10-26 23:14:05]     Epoch 30/30: Val R²=0.3518 Train R²=0.4015 Gap=0.0497  
[2025-10-26 23:14:05] 
======================================================================
[2025-10-26 23:14:05] Config 15/100 Complete:
[2025-10-26 23:14:05]   Best Val R²: 0.353539 (epoch 29)
[2025-10-26 23:14:05]   Best Global R²: 0.356892
[2025-10-26 23:14:05]   Overfitting Gap: 0.047335
[2025-10-26 23:14:05]   Parameters: 198,944
[2025-10-26 23:14:05]   Training Time: 2512.7s
[2025-10-26 23:14:05]   Not better than global best (0.356892)
[2025-10-26 23:14:05]   Results saved to models/bruteforce_search_results_20251025_153618.csv
[2025-10-26 23:14:05] 
======================================================================
[2025-10-26 23:14:05] Config 16/100 - Starting Training:
[2025-10-26 23:14:05]   Architecture:
[2025-10-26 23:14:05]     Lookback: 30, Hidden: 64, Layers: 1, Dropout: 0.2
[2025-10-26 23:14:05]     Bidirectional: True, GRU: True
[2025-10-26 23:14:05]   Output Head:
[2025-10-26 23:14:05]     FC Layers: 3, FC Hidden: 128, Activation: tanh
[2025-10-26 23:14:05]     FC Dropout: 0.4, Batch Norm: True
[2025-10-26 23:14:05]   Training:
[2025-10-26 23:14:05]     Batch Size: 256, LR: 0.0001, Weight Decay: 0.001
[2025-10-26 23:14:05]     Optimizer: adam, Grad Clip: 0.5, LR Patience: 3
[2025-10-26 23:15:29]     Epoch  1/30: Val R²=0.2846 Train R²=0.2109 Gap=-0.0737 ✓
[2025-10-26 23:16:51]     Epoch  2/30: Val R²=0.2931 Train R²=0.2880 Gap=-0.0050 ✓
[2025-10-26 23:18:14]     Epoch  3/30: Val R²=0.3010 Train R²=0.3035 Gap=0.0025 ✓
[2025-10-26 23:19:36]     Epoch  4/30: Val R²=0.3051 Train R²=0.3121 Gap=0.0070 ✓
[2025-10-26 23:20:58]     Epoch  5/30: Val R²=0.3073 Train R²=0.3188 Gap=0.0115 ✓
[2025-10-26 23:22:21]     Epoch  6/30: Val R²=0.3095 Train R²=0.3241 Gap=0.0146 ✓
[2025-10-26 23:23:43]     Epoch  7/30: Val R²=0.3110 Train R²=0.3280 Gap=0.0170 ✓
[2025-10-26 23:25:05]     Epoch  8/30: Val R²=0.3138 Train R²=0.3306 Gap=0.0169 ✓
[2025-10-26 23:26:27]     Epoch  9/30: Val R²=0.3139 Train R²=0.3320 Gap=0.0181 ✓
[2025-10-26 23:27:50]     Epoch 10/30: Val R²=0.3146 Train R²=0.3335 Gap=0.0189 ✓
[2025-10-26 23:29:13]     Epoch 11/30: Val R²=0.3134 Train R²=0.3337 Gap=0.0203  
[2025-10-26 23:30:35]     Epoch 12/30: Val R²=0.3134 Train R²=0.3347 Gap=0.0213  
[2025-10-26 23:31:58]     Epoch 13/30: Val R²=0.3155 Train R²=0.3350 Gap=0.0195 ✓
[2025-10-26 23:33:20]     Epoch 14/30: Val R²=0.3164 Train R²=0.3358 Gap=0.0195 ✓
[2025-10-26 23:34:42]     Epoch 15/30: Val R²=0.3156 Train R²=0.3364 Gap=0.0208  
[2025-10-26 23:36:05]     Epoch 16/30: Val R²=0.3166 Train R²=0.3368 Gap=0.0202 ✓
[2025-10-26 23:37:27]     Epoch 17/30: Val R²=0.3164 Train R²=0.3372 Gap=0.0207  
[2025-10-26 23:38:48]     Epoch 18/30: Val R²=0.3171 Train R²=0.3373 Gap=0.0202 ✓
[2025-10-26 23:40:10]     Epoch 19/30: Val R²=0.3145 Train R²=0.3379 Gap=0.0234  
[2025-10-26 23:41:32]     Epoch 20/30: Val R²=0.3136 Train R²=0.3379 Gap=0.0242  
[2025-10-26 23:42:54]     Epoch 21/30: Val R²=0.3173 Train R²=0.3384 Gap=0.0211 ✓
[2025-10-26 23:44:17]     Epoch 22/30: Val R²=0.3157 Train R²=0.3386 Gap=0.0229  
[2025-10-26 23:45:38]     Epoch 23/30: Val R²=0.3153 Train R²=0.3385 Gap=0.0232  
[2025-10-26 23:47:01]     Epoch 24/30: Val R²=0.3167 Train R²=0.3391 Gap=0.0224  
[2025-10-26 23:48:23]     Epoch 25/30: Val R²=0.3150 Train R²=0.3389 Gap=0.0238  
[2025-10-26 23:49:46]     Epoch 26/30: Val R²=0.3184 Train R²=0.3410 Gap=0.0227 ✓
[2025-10-26 23:51:08]     Epoch 27/30: Val R²=0.3170 Train R²=0.3410 Gap=0.0240  
[2025-10-26 23:52:31]     Epoch 28/30: Val R²=0.3186 Train R²=0.3412 Gap=0.0226 ✓
[2025-10-26 23:53:52]     Epoch 29/30: Val R²=0.3181 Train R²=0.3410 Gap=0.0229  
[2025-10-26 23:55:09]     Epoch 30/30: Val R²=0.3180 Train R²=0.3410 Gap=0.0230  
[2025-10-26 23:55:09] 
======================================================================
[2025-10-26 23:55:09] Config 16/100 Complete:
[2025-10-26 23:55:09]   Best Val R²: 0.318567 (epoch 28)
[2025-10-26 23:55:09]   Best Global R²: 0.356892
[2025-10-26 23:55:09]   Overfitting Gap: 0.022601
[2025-10-26 23:55:09]   Parameters: 75,296
[2025-10-26 23:55:09]   Training Time: 2464.1s
[2025-10-26 23:55:09]   Not better than global best (0.356892)
[2025-10-26 23:55:09]   Results saved to models/bruteforce_search_results_20251025_153618.csv
[2025-10-26 23:55:09] 
======================================================================
[2025-10-26 23:55:09] Config 17/100 - Starting Training:
[2025-10-26 23:55:09]   Architecture:
[2025-10-26 23:55:09]     Lookback: 50, Hidden: 128, Layers: 1, Dropout: 0.1
[2025-10-26 23:55:09]     Bidirectional: True, GRU: True
[2025-10-26 23:55:09]   Output Head:
[2025-10-26 23:55:09]     FC Layers: 2, FC Hidden: 256, Activation: relu
[2025-10-26 23:55:09]     FC Dropout: 0.2, Batch Norm: True
[2025-10-26 23:55:09]   Training:
[2025-10-26 23:55:09]     Batch Size: 256, LR: 0.001, Weight Decay: 0.0001
[2025-10-26 23:55:09]     Optimizer: adam, Grad Clip: 5.0, LR Patience: 3
[2025-10-26 23:57:09]     Epoch  1/30: Val R²=0.3335 Train R²=0.3467 Gap=0.0133 ✓
[2025-10-26 23:59:08]     Epoch  2/30: Val R²=0.3423 Train R²=0.3707 Gap=0.0284 ✓
[2025-10-27 00:01:08]     Epoch  3/30: Val R²=0.3454 Train R²=0.3758 Gap=0.0304 ✓
[2025-10-27 00:03:08]     Epoch  4/30: Val R²=0.3477 Train R²=0.3783 Gap=0.0307 ✓
[2025-10-27 00:05:09]     Epoch  5/30: Val R²=0.3466 Train R²=0.3804 Gap=0.0338  
[2025-10-27 00:07:11]     Epoch  6/30: Val R²=0.3483 Train R²=0.3817 Gap=0.0333 ✓
[2025-10-27 00:09:11]     Epoch  7/30: Val R²=0.3483 Train R²=0.3832 Gap=0.0348  
[2025-10-27 00:11:11]     Epoch  8/30: Val R²=0.3495 Train R²=0.3840 Gap=0.0345 ✓
[2025-10-27 00:13:13]     Epoch  9/30: Val R²=0.3482 Train R²=0.3851 Gap=0.0369  
[2025-10-27 00:15:15]     Epoch 10/30: Val R²=0.3499 Train R²=0.3856 Gap=0.0357 ✓
[2025-10-27 00:17:16]     Epoch 11/30: Val R²=0.3511 Train R²=0.3860 Gap=0.0349 ✓
[2025-10-27 00:19:18]     Epoch 12/30: Val R²=0.3506 Train R²=0.3867 Gap=0.0361  
[2025-10-27 00:21:20]     Epoch 13/30: Val R²=0.3509 Train R²=0.3869 Gap=0.0360  
[2025-10-27 00:23:22]     Epoch 14/30: Val R²=0.3514 Train R²=0.3875 Gap=0.0360 ✓
[2025-10-27 00:25:24]     Epoch 15/30: Val R²=0.3505 Train R²=0.3875 Gap=0.0370  
[2025-10-27 00:27:25]     Epoch 16/30: Val R²=0.3496 Train R²=0.3878 Gap=0.0382  
[2025-10-27 00:29:22]     Epoch 17/30: Val R²=0.3484 Train R²=0.3884 Gap=0.0400  
[2025-10-27 00:31:21]     Epoch 18/30: Val R²=0.3524 Train R²=0.3881 Gap=0.0357 ✓
[2025-10-27 00:33:18]     Epoch 19/30: Val R²=0.3496 Train R²=0.3885 Gap=0.0389  
[2025-10-27 00:35:17]     Epoch 20/30: Val R²=0.3547 Train R²=0.3884 Gap=0.0337 ✓
[2025-10-27 00:37:11]     Epoch 21/30: Val R²=0.3496 Train R²=0.3888 Gap=0.0392  
[2025-10-27 00:38:56]     Epoch 22/30: Val R²=0.3520 Train R²=0.3890 Gap=0.0370  
[2025-10-27 00:40:33]     Epoch 23/30: Val R²=0.3505 Train R²=0.3892 Gap=0.0387  
[2025-10-27 00:42:12]     Epoch 24/30: Val R²=0.3508 Train R²=0.3895 Gap=0.0387  
[2025-10-27 00:43:48]     Epoch 25/30: Val R²=0.3552 Train R²=0.3937 Gap=0.0385 ✓
[2025-10-27 00:45:24]     Epoch 26/30: Val R²=0.3554 Train R²=0.3941 Gap=0.0387 ✓
[2025-10-27 00:47:03]     Epoch 27/30: Val R²=0.3573 Train R²=0.3948 Gap=0.0374 ✓
[2025-10-27 00:48:41]     Epoch 28/30: Val R²=0.3579 Train R²=0.3952 Gap=0.0373 ✓
[2025-10-27 00:50:21]     Epoch 29/30: Val R²=0.3556 Train R²=0.3950 Gap=0.0395  
[2025-10-27 00:52:02]     Epoch 30/30: Val R²=0.3574 Train R²=0.3951 Gap=0.0377  
[2025-10-27 00:52:02] 
======================================================================
[2025-10-27 00:52:02] Config 17/100 Complete:
[2025-10-27 00:52:02]   Best Val R²: 0.357888 (epoch 28)
[2025-10-27 00:52:02]   Best Global R²: 0.356892
[2025-10-27 00:52:02]   Overfitting Gap: 0.037298
[2025-10-27 00:52:02]   Parameters: 198,944
[2025-10-27 00:52:02]   Training Time: 3413.3s
[2025-10-27 00:52:02] 
🎉🎉🎉 NEW GLOBAL BEST! R² improved from 0.356892 to 0.357888
[2025-10-27 00:52:02] 
======================================================================
[2025-10-27 00:52:02] 🏆 CREATING SUBMISSION - NEW BEST MODEL!
[2025-10-27 00:52:02] ======================================================================
[2025-10-27 00:52:02]   Val R²: 0.357888
[2025-10-27 00:52:02]   Directory: ../submissions/bruteforce_r2_03579_20251025_153618_cfg17
[2025-10-27 00:52:02]   Saved model: model_best.pt
[2025-10-27 00:52:02]   Generated: solution.py
[2025-10-27 00:52:02]   Copied: utils.py
[2025-10-27 00:52:02]   Saved: metadata.json
[2025-10-27 00:52:02] ======================================================================

[2025-10-27 00:52:02]   Results saved to models/bruteforce_search_results_20251025_153618.csv
[2025-10-27 00:52:02] 
======================================================================
[2025-10-27 00:52:02] Config 18/100 - Starting Training:
[2025-10-27 00:52:02]   Architecture:
[2025-10-27 00:52:02]     Lookback: 50, Hidden: 192, Layers: 1, Dropout: 0.3
[2025-10-27 00:52:02]     Bidirectional: True, GRU: True
[2025-10-27 00:52:02]   Output Head:
[2025-10-27 00:52:02]     FC Layers: 3, FC Hidden: 128, Activation: relu
[2025-10-27 00:52:02]     FC Dropout: 0.3, Batch Norm: True
[2025-10-27 00:52:02]   Training:
[2025-10-27 00:52:02]     Batch Size: 256, LR: 0.0005, Weight Decay: 0.0001
[2025-10-27 00:52:02]     Optimizer: adamw, Grad Clip: 1.0, LR Patience: 3
[2025-10-27 00:53:49]     Epoch  1/30: Val R²=0.3299 Train R²=0.3169 Gap=-0.0130 ✓
[2025-10-27 00:55:33]     Epoch  2/30: Val R²=0.3382 Train R²=0.3535 Gap=0.0153 ✓
[2025-10-27 00:57:18]     Epoch  3/30: Val R²=0.3428 Train R²=0.3606 Gap=0.0178 ✓
[2025-10-27 00:59:03]     Epoch  4/30: Val R²=0.3453 Train R²=0.3648 Gap=0.0195 ✓
[2025-10-27 01:00:48]     Epoch  5/30: Val R²=0.3461 Train R²=0.3684 Gap=0.0223 ✓
[2025-10-27 01:02:33]     Epoch  6/30: Val R²=0.3497 Train R²=0.3706 Gap=0.0209 ✓
[2025-10-27 01:04:18]     Epoch  7/30: Val R²=0.3508 Train R²=0.3736 Gap=0.0228 ✓
[2025-10-27 01:06:02]     Epoch  8/30: Val R²=0.3517 Train R²=0.3757 Gap=0.0239 ✓
[2025-10-27 01:07:47]     Epoch  9/30: Val R²=0.3530 Train R²=0.3779 Gap=0.0249 ✓
[2025-10-27 01:09:31]     Epoch 10/30: Val R²=0.3523 Train R²=0.3801 Gap=0.0278  
[2025-10-27 01:11:16]     Epoch 11/30: Val R²=0.3508 Train R²=0.3824 Gap=0.0317  
[2025-10-27 01:13:01]     Epoch 12/30: Val R²=0.3520 Train R²=0.3848 Gap=0.0328  
[2025-10-27 01:14:46]     Epoch 13/30: Val R²=0.3502 Train R²=0.3871 Gap=0.0369  
[2025-10-27 01:16:35]     Epoch 14/30: Val R²=0.3502 Train R²=0.3940 Gap=0.0438  
[2025-10-27 01:18:23]     Epoch 15/30: Val R²=0.3472 Train R²=0.3971 Gap=0.0498  
[2025-10-27 01:20:11]     Epoch 16/30: Val R²=0.3466 Train R²=0.3999 Gap=0.0533  
[2025-10-27 01:20:11]     Early stopped at epoch 16
[2025-10-27 01:20:12] 
======================================================================
[2025-10-27 01:20:12] Config 18/100 Complete:
[2025-10-27 01:20:12]   Best Val R²: 0.352959 (epoch 9)
[2025-10-27 01:20:12]   Best Global R²: 0.357888
[2025-10-27 01:20:12]   Overfitting Gap: 0.024939
[2025-10-27 01:20:12]   Parameters: 330,784
[2025-10-27 01:20:12]   Training Time: 1689.5s
[2025-10-27 01:20:12]   Not better than global best (0.357888)
[2025-10-27 01:20:12]   Results saved to models/bruteforce_search_results_20251025_153618.csv
[2025-10-27 01:20:12] 
======================================================================
[2025-10-27 01:20:12] Config 19/100 - Starting Training:
[2025-10-27 01:20:12]   Architecture:
[2025-10-27 01:20:12]     Lookback: 20, Hidden: 64, Layers: 2, Dropout: 0.3
[2025-10-27 01:20:12]     Bidirectional: True, GRU: True
[2025-10-27 01:20:12]   Output Head:
[2025-10-27 01:20:12]     FC Layers: 2, FC Hidden: 256, Activation: tanh
[2025-10-27 01:20:12]     FC Dropout: 0.2, Batch Norm: True
[2025-10-27 01:20:12]   Training:
[2025-10-27 01:20:12]     Batch Size: 256, LR: 0.0001, Weight Decay: 0.001
[2025-10-27 01:20:12]     Optimizer: adam, Grad Clip: 1.0, LR Patience: 3
[2025-10-27 01:21:41]     Epoch  1/30: Val R²=0.2910 Train R²=0.2632 Gap=-0.0278 ✓
[2025-10-27 01:23:08]     Epoch  2/30: Val R²=0.3042 Train R²=0.3133 Gap=0.0091 ✓
[2025-10-27 01:24:32]     Epoch  3/30: Val R²=0.3090 Train R²=0.3273 Gap=0.0184 ✓
[2025-10-27 01:25:56]     Epoch  4/30: Val R²=0.3112 Train R²=0.3349 Gap=0.0237 ✓
[2025-10-27 01:27:21]     Epoch  5/30: Val R²=0.3144 Train R²=0.3403 Gap=0.0259 ✓
[2025-10-27 01:28:46]     Epoch  6/30: Val R²=0.3133 Train R²=0.3439 Gap=0.0306  
[2025-10-27 01:30:12]     Epoch  7/30: Val R²=0.3139 Train R²=0.3467 Gap=0.0327  
[2025-10-27 01:31:40]     Epoch  8/30: Val R²=0.3187 Train R²=0.3486 Gap=0.0299 ✓
