[2025-11-30 18:50:38] ======================================================================
[2025-11-30 18:50:38] BRUTE FORCE HYPERPARAMETER SEARCH WITH AUTO-SUBMISSION (EXHAUSTIVE MODE)
[2025-11-30 18:50:38] ======================================================================
[2025-11-30 18:50:38] Started at: 2025-11-30 18:50:38
[2025-11-30 18:50:38] Mode: FULL
[2025-11-30 18:50:38] Best R² to beat: 0.340000
[2025-11-30 18:50:38] Log file: logs/bruteforce_20251130_185038.log
[2025-11-30 18:50:38] 
[2025-11-30 18:50:38] Device Detection:
[2025-11-30 18:50:38]   PyTorch version: 2.7.1
[2025-11-30 18:50:38]   Requested: auto
[2025-11-30 18:50:38]   MPS available: ✓
[2025-11-30 18:50:38]   CUDA available: ✗
[2025-11-30 18:50:38]   Using: MPS
[2025-11-30 18:50:38] 
[2025-11-30 18:50:38] Loading data...
[2025-11-30 18:50:38] Train: 465,000 rows, 465 sequences
[2025-11-30 18:50:38] Val:   52,000 rows, 52 sequences
[2025-11-30 18:50:38] Features: 32
[2025-11-30 18:50:38] 
[2025-11-30 18:50:38] Total possible combinations (Cartesian product): 1
[2025-11-30 18:50:38] Configurations to run (cap): 1
[2025-11-30 18:50:38] Starting exhaustive brute force search...
[2025-11-30 18:50:38] 
[2025-11-30 18:50:38] 
======================================================================
[2025-11-30 18:50:38] Config 1/1 - Starting Training:
[2025-11-30 18:50:38]   Architecture:
[2025-11-30 18:50:38]     Lookback: 100, Hidden: 256, Layers: 1, Dropout: 0.1
[2025-11-30 18:50:38]     Bidirectional: True, GRU: True
[2025-11-30 18:50:38]   Output Head:
[2025-11-30 18:50:38]     FC Layers: 3, FC Hidden: 1024, Activation: relu
[2025-11-30 18:50:38]     FC Dropout: 0.2, Batch Norm: True
[2025-11-30 18:50:38]   Training:
[2025-11-30 18:50:38]     Batch Size: 256, LR: 0.001, Weight Decay: 0.0001
[2025-11-30 18:50:38]     Optimizer: adam, Grad Clip: 5.0, LR Patience: 3
[2025-11-30 19:04:48]     Epoch  1/100: Val R²=0.3390 Train R²=0.3424 Gap=0.0035 ✓
[2025-11-30 19:20:29]     Epoch  2/100: Val R²=0.3509 Train R²=0.3648 Gap=0.0140 ✓
[2025-11-30 19:35:38]     Epoch  3/100: Val R²=0.3542 Train R²=0.3695 Gap=0.0154 ✓
[2025-11-30 19:49:23]     Epoch  4/100: Val R²=0.3575 Train R²=0.3723 Gap=0.0148 ✓
[2025-11-30 20:01:06]     Epoch  5/100: Val R²=0.3591 Train R²=0.3744 Gap=0.0153 ✓
[2025-11-30 20:14:30]     Epoch  6/100: Val R²=0.3564 Train R²=0.3754 Gap=0.0190  
[2025-11-30 20:30:07]     Epoch  7/100: Val R²=0.3612 Train R²=0.3767 Gap=0.0155 ✓
[2025-11-30 20:46:33]     Epoch  8/100: Val R²=0.3593 Train R²=0.3775 Gap=0.0182  
[2025-11-30 21:02:00]     Epoch  9/100: Val R²=0.3623 Train R²=0.3782 Gap=0.0159 ✓
[2025-11-30 21:17:02]     Epoch 10/100: Val R²=0.3634 Train R²=0.3782 Gap=0.0149 ✓
[2025-11-30 21:31:47]     Epoch 11/100: Val R²=0.3642 Train R²=0.3791 Gap=0.0149 ✓
[2025-11-30 21:46:29]     Epoch 12/100: Val R²=0.3648 Train R²=0.3794 Gap=0.0147 ✓
[2025-11-30 22:05:17]     Epoch 13/100: Val R²=0.3657 Train R²=0.3795 Gap=0.0138 ✓
[2025-11-30 22:25:09]     Epoch 14/100: Val R²=0.3652 Train R²=0.3799 Gap=0.0147  
[2025-11-30 22:41:24]     Epoch 15/100: Val R²=0.3666 Train R²=0.3800 Gap=0.0133 ✓
[2025-11-30 22:57:35]     Epoch 16/100: Val R²=0.3621 Train R²=0.3806 Gap=0.0185  
[2025-11-30 23:15:23]     Epoch 17/100: Val R²=0.3664 Train R²=0.3801 Gap=0.0137  
[2025-11-30 23:28:45]     Epoch 18/100: Val R²=0.3635 Train R²=0.3803 Gap=0.0168  
[2025-11-30 23:43:14]     Epoch 19/100: Val R²=0.3627 Train R²=0.3810 Gap=0.0183  
[2025-11-30 23:56:00]     Epoch 20/100: Val R²=0.3711 Train R²=0.3873 Gap=0.0162 ✓
