[2025-10-19 00:42:56] ======================================================================
[2025-10-19 00:42:56] K-FOLD BRUTE FORCE HYPERPARAMETER SEARCH WITH AUTO-SUBMISSION
[2025-10-19 00:42:56] ======================================================================
[2025-10-19 00:42:56] Started at: 2025-10-19 00:42:56
[2025-10-19 00:42:56] Mode: FULL
[2025-10-19 00:42:56] Best R² to beat: 0.000100
[2025-10-19 00:42:56] Log file: logs/bruteforce_20251019_004256.log
[2025-10-19 00:42:56] 
[2025-10-19 00:42:56] Device Detection:
[2025-10-19 00:42:56]   PyTorch version: 2.9.0
[2025-10-19 00:42:56]   Requested: mps
[2025-10-19 00:42:56]   MPS available: ✓
[2025-10-19 00:42:56]   CUDA available: ✗
[2025-10-19 00:42:56]   Using: MPS
[2025-10-19 00:42:56] 
[2025-10-19 00:42:56] Loading data...
[2025-10-19 00:42:56] Total sequences: 517
[2025-10-19 00:42:56] K-Fold sample: 25 sequences (5%)
[2025-10-19 00:42:56] Full train sequences (80%): 413
[2025-10-19 00:42:56] Final train: 20 sequences (5%), 20,000 rows
[2025-10-19 00:42:56] Final val: 104 sequences, 104,000 rows
[2025-10-19 00:42:56] Features: 32
[2025-10-19 00:42:56] Configurations to test: 2
[2025-10-19 00:42:56] K-Fold: 2 folds, max 3 epochs
[2025-10-19 00:42:56] Final: max 3 epochs
[2025-10-19 00:42:56] 
[2025-10-19 00:42:56] Starting brute force search...
[2025-10-19 00:42:56] Batch size: Evaluate 2 configs, then train best from batch
[2025-10-19 00:42:56] 
[2025-10-19 00:42:56] 
======================================================================
[2025-10-19 00:42:56] Config 1/2 - Starting Training:
[2025-10-19 00:42:56]   Architecture:
[2025-10-19 00:42:56]     Lookback: 50, Hidden: 32, Layers: 1, Dropout: 0.3
[2025-10-19 00:42:56]     Bidirectional: False, GRU: False
[2025-10-19 00:42:56]   Output Head:
[2025-10-19 00:42:56]     FC Layers: 1, FC Hidden: 256, Activation: relu
[2025-10-19 00:42:56]     FC Dropout: 0.0, Batch Norm: True
[2025-10-19 00:42:56]   Training:
[2025-10-19 00:42:56]     Batch Size: 32, LR: 0.0001, Weight Decay: 0
[2025-10-19 00:42:56]     Optimizer: adam, Grad Clip: 0.5, LR Patience: 3
[2025-10-19 00:42:56] 
  Stage 1: Running 2-Fold CV on 5% sampled data...
[2025-10-19 00:42:56]   K-Fold CV: 2 folds on 25 sequences
[2025-10-19 00:43:01]     Epoch  1/3: Val R²=0.1458 Train R²=0.0648 Gap=-0.0810 ✓
[2025-10-19 00:43:04]     Epoch  2/3: Val R²=0.2098 Train R²=0.2060 Gap=-0.0038 ✓
[2025-10-19 00:43:07]     Epoch  3/3: Val R²=0.2338 Train R²=0.2477 Gap=0.0139 ✓
[2025-10-19 00:43:07]     Fold 1/2: Val R²=0.2338 Train R²=0.2477 (10.9s)
[2025-10-19 00:43:11]     Epoch  1/3: Val R²=0.1125 Train R²=0.0725 Gap=-0.0400 ✓
[2025-10-19 00:43:14]     Epoch  2/3: Val R²=0.2041 Train R²=0.2308 Gap=0.0267 ✓
[2025-10-19 00:43:17]     Epoch  3/3: Val R²=0.2322 Train R²=0.2830 Gap=0.0508 ✓
[2025-10-19 00:43:17]     Fold 2/2: Val R²=0.2322 Train R²=0.2830 (10.0s)
[2025-10-19 00:43:17]   K-Fold Results: mean=0.233000 ± 0.000820 (min=0.232180, max=0.233820)
[2025-10-19 00:43:17] 
======================================================================
[2025-10-19 00:43:17] Config 1/2 - K-Fold Complete:
[2025-10-19 00:43:17]   Mean Val R²: 0.233000 ± 0.000820
[2025-10-19 00:43:17]   Range: [0.232180, 0.233820]
[2025-10-19 00:43:17]   Best Global Mean R²: 0.000100
[2025-10-19 00:43:17]   Parameters: 9,504
[2025-10-19 00:43:17] 
🎯 CANDIDATE! Mean R² (0.233000) > Global Best (0.000100)
[2025-10-19 00:43:17]   Adding to batch candidates (will train best after 2 configs)
[2025-10-19 00:43:17]   Results saved to models/bruteforce_kfold_results_20251019_004256.csv
[2025-10-19 00:43:17] 
======================================================================
[2025-10-19 00:43:17] Config 2/2 - Starting Training:
[2025-10-19 00:43:17]   Architecture:
[2025-10-19 00:43:17]     Lookback: 30, Hidden: 64, Layers: 4, Dropout: 0.2
[2025-10-19 00:43:17]     Bidirectional: True, GRU: True
[2025-10-19 00:43:17]   Output Head:
[2025-10-19 00:43:17]     FC Layers: 1, FC Hidden: 64, Activation: gelu
[2025-10-19 00:43:17]     FC Dropout: 0.4, Batch Norm: True
[2025-10-19 00:43:17]   Training:
[2025-10-19 00:43:17]     Batch Size: 128, LR: 0.0005, Weight Decay: 0.0001
[2025-10-19 00:43:17]     Optimizer: adam, Grad Clip: 1.0, LR Patience: 3
[2025-10-19 00:43:17] 
  Stage 1: Running 2-Fold CV on 5% sampled data...
[2025-10-19 00:43:17]   K-Fold CV: 2 folds on 25 sequences
[2025-10-19 00:43:35]     Epoch  1/3: Val R²=0.2649 Train R²=0.1999 Gap=-0.0650 ✓
[2025-10-19 00:43:52]     Epoch  2/3: Val R²=0.2857 Train R²=0.2724 Gap=-0.0132 ✓
[2025-10-19 00:44:09]     Epoch  3/3: Val R²=0.2914 Train R²=0.2933 Gap=0.0019 ✓
[2025-10-19 00:44:09]     Fold 1/2: Val R²=0.2914 Train R²=0.2933 (52.2s)
[2025-10-19 00:44:28]     Epoch  1/3: Val R²=0.2412 Train R²=0.2435 Gap=0.0023 ✓
[2025-10-19 00:44:46]     Epoch  2/3: Val R²=0.2689 Train R²=0.3078 Gap=0.0388 ✓
[2025-10-19 00:45:04]     Epoch  3/3: Val R²=0.2709 Train R²=0.3206 Gap=0.0497 ✓
[2025-10-19 00:45:04]     Fold 2/2: Val R²=0.2709 Train R²=0.3206 (54.4s)
[2025-10-19 00:45:04]   K-Fold Results: mean=0.281163 ± 0.010227 (min=0.270936, max=0.291390)
[2025-10-19 00:45:04] 
======================================================================
[2025-10-19 00:45:04] Config 2/2 - K-Fold Complete:
[2025-10-19 00:45:04]   Mean Val R²: 0.281163 ± 0.010227
[2025-10-19 00:45:04]   Range: [0.270936, 0.291390]
[2025-10-19 00:45:04]   Best Global Mean R²: 0.000100
[2025-10-19 00:45:04]   Parameters: 265,248
[2025-10-19 00:45:04] 
🎯 CANDIDATE! Mean R² (0.281163) > Global Best (0.000100)
[2025-10-19 00:45:04]   Adding to batch candidates (will train best after 2 configs)
[2025-10-19 00:45:04]   Results saved to models/bruteforce_kfold_results_20251019_004256.csv
[2025-10-19 00:45:04] 
======================================================================
[2025-10-19 00:45:04] BATCH COMPLETE: 2 candidates found
[2025-10-19 00:45:04] ======================================================================
[2025-10-19 00:45:04] Best from batch: Config 2 (Mean R²=0.281163)
[2025-10-19 00:45:04] 
  Stage 2: Training best candidate on 5% train data...
[2025-10-19 00:45:04] 
  Training FINAL model on 100% data...
[2025-10-19 00:45:04]     Train: 20 sequences, 20,000 rows
[2025-10-19 00:45:04]     Val:   104 sequences, 104,000 rows
[2025-10-19 00:46:03]     Epoch  1/3: Val R²=0.2381 Train R²=0.2694 Gap=0.0313 ✓
[2025-10-19 00:47:03]     Epoch  2/3: Val R²=0.2559 Train R²=0.3412 Gap=0.0853 ✓
[2025-10-19 00:48:01]     Epoch  3/3: Val R²=0.2630 Train R²=0.3612 Gap=0.0982 ✓
[2025-10-19 00:48:01]   Final Model: Val R²=0.263002 (epoch 3/3)
[2025-10-19 00:48:01] 
======================================================================
[2025-10-19 00:48:01] Config 2/2 - Final Training Complete:
[2025-10-19 00:48:01]   K-Fold Mean R²: 0.281163
[2025-10-19 00:48:01]   Final Val R²: 0.263002 (epoch 3)
[2025-10-19 00:48:01] 
ERROR in config 2: 'train_r2'
[2025-10-19 00:48:01] 
======================================================================
[2025-10-19 00:48:01] SEARCH COMPLETE
[2025-10-19 00:48:01] ======================================================================
[2025-10-19 00:48:01] Total time: 5.1 minutes
[2025-10-19 00:48:01] Successful configs: 2/2
[2025-10-19 00:48:01] Final best mean K-Fold R²: 0.000100
[2025-10-19 00:48:01] Submissions created: 0
[2025-10-19 00:48:01] Results saved: models/bruteforce_kfold_results_20251019_004256.csv
[2025-10-19 00:48:01] 
[2025-10-19 00:48:01] Top 5 configurations:
[2025-10-19 00:48:01] 
 config_id  mean_val_r2  std_val_r2 final_val_r2  lookback  hidden_size  num_layers  dropout  bidirectional  use_gru  fc_num_layers  fc_hidden_dims fc_activation  fc_dropout  use_batch_norm  batch_size     lr  weight_decay  grad_clip optimizer  lr_patience  n_parameters
         2     0.281163    0.010227         None        30           64           4      0.2           True     True              1              64          gelu         0.4            True         128 0.0005        0.0001        1.0      adam            3        265248
         1     0.233000    0.000820         None        50           32           1      0.3          False    False              1             256          relu         0.0            True          32 0.0001        0.0000        0.5      adam            3          9504
