[2025-11-30 11:50:34] ======================================================================
[2025-11-30 11:50:34] BRUTE FORCE HYPERPARAMETER SEARCH WITH AUTO-SUBMISSION (EXHAUSTIVE MODE)
[2025-11-30 11:50:34] ======================================================================
[2025-11-30 11:50:34] Started at: 2025-11-30 11:50:34
[2025-11-30 11:50:34] Mode: FULL
[2025-11-30 11:50:34] Best R² to beat: 0.340000
[2025-11-30 11:50:34] Log file: logs/bruteforce_20251130_115034.log
[2025-11-30 11:50:34] 
[2025-11-30 11:50:34] Device Detection:
[2025-11-30 11:50:34]   PyTorch version: 2.7.1
[2025-11-30 11:50:34]   Requested: auto
[2025-11-30 11:50:34]   MPS available: ✓
[2025-11-30 11:50:34]   CUDA available: ✗
[2025-11-30 11:50:34]   Using: MPS
[2025-11-30 11:50:34] 
[2025-11-30 11:50:34] Loading data...
[2025-11-30 11:50:34] Train: 465,000 rows, 465 sequences
[2025-11-30 11:50:34] Val:   52,000 rows, 52 sequences
[2025-11-30 11:50:34] Features: 32
[2025-11-30 11:50:34] 
[2025-11-30 11:50:34] Total possible combinations (Cartesian product): 1
[2025-11-30 11:50:34] Configurations to run (cap): 1
[2025-11-30 11:50:34] Starting exhaustive brute force search...
[2025-11-30 11:50:34] 
[2025-11-30 11:50:34] 
======================================================================
[2025-11-30 11:50:34] Config 1/1 - Starting Training:
[2025-11-30 11:50:34]   Architecture:
[2025-11-30 11:50:34]     Lookback: 100, Hidden: 256, Layers: 2, Dropout: 0.1
[2025-11-30 11:50:34]     Bidirectional: True, GRU: True
[2025-11-30 11:50:34]   Output Head:
[2025-11-30 11:50:34]     FC Layers: 3, FC Hidden: 800, Activation: gelu
[2025-11-30 11:50:34]     FC Dropout: 0.2, Batch Norm: True
[2025-11-30 11:50:34]   Training:
[2025-11-30 11:50:34]     Batch Size: 256, LR: 0.001, Weight Decay: 0.0001
[2025-11-30 11:50:34]     Optimizer: adam, Grad Clip: 5.0, LR Patience: 3
[2025-11-30 12:12:33]     Epoch  1/100: Val R²=0.3297 Train R²=0.3422 Gap=0.0124 ✓
[2025-11-30 12:36:32]     Epoch  2/100: Val R²=0.3439 Train R²=0.3616 Gap=0.0176 ✓
[2025-11-30 13:02:00]     Epoch  3/100: Val R²=0.3552 Train R²=0.3655 Gap=0.0104 ✓
[2025-11-30 13:28:14]     Epoch  4/100: Val R²=0.3565 Train R²=0.3676 Gap=0.0111 ✓
[2025-11-30 13:54:45]     Epoch  5/100: Val R²=0.3537 Train R²=0.3691 Gap=0.0154  
[2025-11-30 14:24:31]     Epoch  6/100: Val R²=0.3526 Train R²=0.3701 Gap=0.0175  
[2025-11-30 14:51:34]     Epoch  7/100: Val R²=0.3534 Train R²=0.3711 Gap=0.0177  
[2025-11-30 15:18:41]     Epoch  8/100: Val R²=0.3544 Train R²=0.3715 Gap=0.0171  
[2025-11-30 15:44:45]     Epoch  9/100: Val R²=0.3561 Train R²=0.3775 Gap=0.0214  
[2025-11-30 16:08:51]     Epoch 10/100: Val R²=0.3560 Train R²=0.3777 Gap=0.0218  
[2025-11-30 16:32:38]     Epoch 11/100: Val R²=0.3227 Train R²=0.3786 Gap=0.0559  
[2025-11-30 16:56:47]     Epoch 12/100: Val R²=0.3453 Train R²=0.3792 Gap=0.0339  
[2025-11-30 17:20:00]     Epoch 13/100: Val R²=0.3646 Train R²=0.3826 Gap=0.0180 ✓
[2025-11-30 17:47:05]     Epoch 14/100: Val R²=0.3656 Train R²=0.3833 Gap=0.0177 ✓
[2025-11-30 18:11:41]     Epoch 15/100: Val R²=0.3583 Train R²=0.3837 Gap=0.0254  
[2025-11-30 18:36:32]     Epoch 16/100: Val R²=0.3680 Train R²=0.3839 Gap=0.0159 ✓
[2025-11-30 19:01:50]     Epoch 17/100: Val R²=0.3581 Train R²=0.3842 Gap=0.0261  
[2025-11-30 19:30:29]     Epoch 18/100: Val R²=0.3547 Train R²=0.3842 Gap=0.0295  
[2025-11-30 19:56:39]     Epoch 19/100: Val R²=0.3671 Train R²=0.3846 Gap=0.0175  
[2025-11-30 20:23:51]     Epoch 20/100: Val R²=0.3638 Train R²=0.3850 Gap=0.0212  
[2025-11-30 20:54:11]     Epoch 21/100: Val R²=0.3706 Train R²=0.3873 Gap=0.0167 ✓
[2025-11-30 21:22:27]     Epoch 22/100: Val R²=0.3665 Train R²=0.3880 Gap=0.0215  
[2025-11-30 21:50:03]     Epoch 23/100: Val R²=0.3669 Train R²=0.3882 Gap=0.0213  
[2025-11-30 22:28:13]     Epoch 24/100: Val R²=0.3702 Train R²=0.3885 Gap=0.0182  
[2025-11-30 22:58:40]     Epoch 25/100: Val R²=0.3719 Train R²=0.3885 Gap=0.0166 ✓
[2025-11-30 23:28:43]     Epoch 26/100: Val R²=0.3675 Train R²=0.3881 Gap=0.0206  
[2025-11-30 23:55:28]     Epoch 27/100: Val R²=0.3710 Train R²=0.3889 Gap=0.0179  
[2025-12-01 00:21:48]     Epoch 28/100: Val R²=0.3630 Train R²=0.3887 Gap=0.0257  
[2025-12-01 00:49:33]     Epoch 29/100: Val R²=0.3673 Train R²=0.3892 Gap=0.0219  
[2025-12-01 01:15:50]     Epoch 30/100: Val R²=0.3727 Train R²=0.3907 Gap=0.0180 ✓
[2025-12-01 01:42:14]     Epoch 31/100: Val R²=0.3740 Train R²=0.3909 Gap=0.0169 ✓
[2025-12-01 02:08:24]     Epoch 32/100: Val R²=0.3717 Train R²=0.3909 Gap=0.0193  
[2025-12-01 02:34:45]     Epoch 33/100: Val R²=0.3731 Train R²=0.3911 Gap=0.0179  
[2025-12-01 03:01:01]     Epoch 34/100: Val R²=0.3705 Train R²=0.3913 Gap=0.0208  
[2025-12-01 03:27:20]     Epoch 35/100: Val R²=0.3718 Train R²=0.3912 Gap=0.0193  
[2025-12-01 03:53:44]     Epoch 36/100: Val R²=0.3742 Train R²=0.3924 Gap=0.0181 ✓
[2025-12-01 04:20:05]     Epoch 37/100: Val R²=0.3740 Train R²=0.3925 Gap=0.0186  
[2025-12-01 04:46:27]     Epoch 38/100: Val R²=0.3740 Train R²=0.3925 Gap=0.0185  
[2025-12-01 05:12:54]     Epoch 39/100: Val R²=0.3733 Train R²=0.3927 Gap=0.0194  
[2025-12-01 05:39:27]     Epoch 40/100: Val R²=0.3739 Train R²=0.3930 Gap=0.0191  
[2025-12-01 06:05:18]     Epoch 41/100: Val R²=0.3744 Train R²=0.3934 Gap=0.0190 ✓
[2025-12-01 06:29:40]     Epoch 42/100: Val R²=0.3746 Train R²=0.3934 Gap=0.0188 ✓
[2025-12-01 06:53:57]     Epoch 43/100: Val R²=0.3745 Train R²=0.3935 Gap=0.0190  
[2025-12-01 07:18:27]     Epoch 44/100: Val R²=0.3749 Train R²=0.3936 Gap=0.0187 ✓
[2025-12-01 07:42:54]     Epoch 45/100: Val R²=0.3747 Train R²=0.3937 Gap=0.0191  
[2025-12-01 08:03:42]     Epoch 46/100: Val R²=0.3740 Train R²=0.3939 Gap=0.0199  
[2025-12-01 08:24:17]     Epoch 47/100: Val R²=0.3745 Train R²=0.3939 Gap=0.0194  
[2025-12-01 08:41:18]     Epoch 48/100: Val R²=0.3748 Train R²=0.3939 Gap=0.0191  
[2025-12-01 08:58:00]     Epoch 49/100: Val R²=0.3748 Train R²=0.3939 Gap=0.0191  
[2025-12-01 09:14:39]     Epoch 50/100: Val R²=0.3748 Train R²=0.3943 Gap=0.0195  
[2025-12-01 09:30:15]     Epoch 51/100: Val R²=0.3750 Train R²=0.3940 Gap=0.0190 ✓
[2025-12-01 09:44:37]     Epoch 52/100: Val R²=0.3750 Train R²=0.3941 Gap=0.0191 ✓
[2025-12-01 09:59:04]     Epoch 53/100: Val R²=0.3746 Train R²=0.3942 Gap=0.0196  
[2025-12-01 10:11:56]     Epoch 54/100: Val R²=0.3747 Train R²=0.3944 Gap=0.0196  
[2025-12-01 10:24:41]     Epoch 55/100: Val R²=0.3746 Train R²=0.3944 Gap=0.0198  
[2025-12-01 10:37:27]     Epoch 56/100: Val R²=0.3750 Train R²=0.3944 Gap=0.0194  
[2025-12-01 10:50:12]     Epoch 57/100: Val R²=0.3750 Train R²=0.3946 Gap=0.0197  
[2025-12-01 11:02:49]     Epoch 58/100: Val R²=0.3752 Train R²=0.3947 Gap=0.0195 ✓
[2025-12-01 11:14:42]     Epoch 59/100: Val R²=0.3748 Train R²=0.3945 Gap=0.0197  
[2025-12-01 11:26:36]     Epoch 60/100: Val R²=0.3747 Train R²=0.3947 Gap=0.0200  
[2025-12-01 11:38:29]     Epoch 61/100: Val R²=0.3747 Train R²=0.3947 Gap=0.0200  
[2025-12-01 11:50:21]     Epoch 62/100: Val R²=0.3749 Train R²=0.3946 Gap=0.0196  
[2025-12-01 12:02:12]     Epoch 63/100: Val R²=0.3750 Train R²=0.3948 Gap=0.0199  
[2025-12-01 12:14:05]     Epoch 64/100: Val R²=0.3751 Train R²=0.3948 Gap=0.0197  
[2025-12-01 12:25:58]     Epoch 65/100: Val R²=0.3750 Train R²=0.3947 Gap=0.0197  
[2025-12-01 12:37:51]     Epoch 66/100: Val R²=0.3750 Train R²=0.3947 Gap=0.0197  
[2025-12-01 12:49:44]     Epoch 67/100: Val R²=0.3750 Train R²=0.3950 Gap=0.0200  
[2025-12-01 13:01:43]     Epoch 68/100: Val R²=0.3752 Train R²=0.3949 Gap=0.0198  
[2025-12-01 13:01:43]     Early stopped at epoch 68
[2025-12-01 13:01:43] 
======================================================================
[2025-12-01 13:01:43] Config 1/1 Complete:
[2025-12-01 13:01:43]   Best Val R²: 0.375202 (epoch 58)
[2025-12-01 13:01:43]   Best Global R²: 0.340000
[2025-12-01 13:01:43]   Overfitting Gap: 0.019490
[2025-12-01 13:01:43]   Parameters: 2,708,192
[2025-12-01 13:01:43]   Training Time: 90668.6s
[2025-12-01 13:01:43] 
🎉🎉🎉 NEW GLOBAL BEST! R² improved from 0.340000 to 0.375202
[2025-12-01 13:01:43] 
======================================================================
[2025-12-01 13:01:43] 🏆 CREATING SUBMISSION - NEW BEST MODEL!
[2025-12-01 13:01:43] ======================================================================
[2025-12-01 13:01:43]   Val R²: 0.375202
[2025-12-01 13:01:43]   Directory: ../submissions/bruteforce_r2_03752_20251130_115034_cfg1
[2025-12-01 13:01:43]   Saved model: model_best.pt
[2025-12-01 13:01:43]   Generated: solution.py
[2025-12-01 13:01:43]   Copied: utils.py
[2025-12-01 13:01:43]   Saved: metadata.json
[2025-12-01 13:01:43] ======================================================================

[2025-12-01 13:01:43]   Results saved to models/bruteforce_search_results_20251130_115034.csv
[2025-12-01 13:01:43] 
======================================================================
[2025-12-01 13:01:43] SEARCH COMPLETE
[2025-12-01 13:01:43] ======================================================================
[2025-12-01 13:01:43] Total time: 1511.1 minutes
[2025-12-01 13:01:43] Successful configs: 1/1
[2025-12-01 13:01:43] Final best R²: 0.375202
[2025-12-01 13:01:43] Submissions created: 1
[2025-12-01 13:01:43] Results saved: models/bruteforce_search_results_20251130_115034.csv
[2025-12-01 13:01:43] 
[2025-12-01 13:01:43] Top 5 configurations:
[2025-12-01 13:01:43] 
 config_id  best_val_r2  overfitting_gap  lookback  hidden_size  num_layers  dropout  n_parameters
         1     0.375202          0.01949       100          256           2      0.1       2708192
[2025-12-01 13:01:43] 
Submissions log saved: models/bruteforce_submissions_log.csv
[2025-12-01 13:01:43] 
Submissions created:
[2025-12-01 13:01:43]   ../submissions/bruteforce_r2_03752_20251130_115034_cfg1 (R²=0.375202)
