[2025-11-27 19:36:16] ======================================================================
[2025-11-27 19:36:16] BRUTE FORCE HYPERPARAMETER SEARCH WITH AUTO-SUBMISSION (EXHAUSTIVE MODE)
[2025-11-27 19:36:16] ======================================================================
[2025-11-27 19:36:16] Started at: 2025-11-27 19:36:16
[2025-11-27 19:36:16] Mode: FULL
[2025-11-27 19:36:16] Best R² to beat: 0.340000
[2025-11-27 19:36:16] Log file: logs/bruteforce_20251127_193616.log
[2025-11-27 19:36:16] 
[2025-11-27 19:36:16] Device Detection:
[2025-11-27 19:36:16]   PyTorch version: 2.7.1
[2025-11-27 19:36:16]   Requested: auto
[2025-11-27 19:36:16]   MPS available: ✓
[2025-11-27 19:36:16]   CUDA available: ✗
[2025-11-27 19:36:16]   Using: MPS
[2025-11-27 19:36:16] 
[2025-11-27 19:36:16] Loading data...
[2025-11-27 19:36:16] Preprocessing data...
[2025-11-27 19:36:17] Saved scaler.pkl
[2025-11-27 19:36:17] Train: 465,000 rows, 465 sequences
[2025-11-27 19:36:17] Val:   52,000 rows, 52 sequences
[2025-11-27 19:36:17] Features: 32
[2025-11-27 19:36:17] 
[2025-11-27 19:36:17] Total possible combinations (Cartesian product): 1
[2025-11-27 19:36:17] Configurations to run (cap): 1
[2025-11-27 19:36:17] Starting exhaustive brute force search...
[2025-11-27 19:36:17] 
[2025-11-27 19:36:17] 
======================================================================
[2025-11-27 19:36:17] Config 1/1 - Starting Training:
[2025-11-27 19:36:17]   Architecture:
[2025-11-27 19:36:17]     Lookback: 100, Hidden: 256, Layers: 1, Dropout: 0.1
[2025-11-27 19:36:17]     Bidirectional: True, GRU: True
[2025-11-27 19:36:17]   Output Head:
[2025-11-27 19:36:17]     FC Layers: 2, FC Hidden: 256, Activation: relu
[2025-11-27 19:36:17]     FC Dropout: 0.2, Batch Norm: True
[2025-11-27 19:36:17]   Training:
[2025-11-27 19:36:17]     Batch Size: 256, LR: 0.001, Weight Decay: 0.0001
[2025-11-27 19:36:17]     Optimizer: adam, Grad Clip: 5.0, LR Patience: 3
