[2025-11-27 10:49:51] ======================================================================
[2025-11-27 10:49:51] BRUTE FORCE HYPERPARAMETER SEARCH WITH AUTO-SUBMISSION (EXHAUSTIVE MODE)
[2025-11-27 10:49:51] ======================================================================
[2025-11-27 10:49:51] Started at: 2025-11-27 10:49:51
[2025-11-27 10:49:51] Mode: FULL
[2025-11-27 10:49:51] Best R² to beat: 0.340000
[2025-11-27 10:49:51] Log file: logs/bruteforce_20251127_104951.log
[2025-11-27 10:49:51] 
[2025-11-27 10:49:51] Device Detection:
[2025-11-27 10:49:51]   PyTorch version: 2.7.1
[2025-11-27 10:49:51]   Requested: auto
[2025-11-27 10:49:51]   MPS available: ✓
[2025-11-27 10:49:51]   CUDA available: ✗
[2025-11-27 10:49:51]   Using: MPS
[2025-11-27 10:49:51] 
[2025-11-27 10:49:51] Loading data...
[2025-11-27 10:49:52] Train: 465,000 rows, 465 sequences
[2025-11-27 10:49:52] Val:   52,000 rows, 52 sequences
[2025-11-27 10:49:52] Features: 32
[2025-11-27 10:49:52] 
[2025-11-27 10:49:52] Total possible combinations (Cartesian product): 1
[2025-11-27 10:49:52] Configurations to run (cap): 1
[2025-11-27 10:49:52] Starting exhaustive brute force search...
[2025-11-27 10:49:52] 
[2025-11-27 10:49:52] 
======================================================================
[2025-11-27 10:49:52] Config 1/1 - Starting Training:
[2025-11-27 10:49:52]   Architecture:
[2025-11-27 10:49:52]     Lookback: 100, Hidden: 800, Layers: 1, Dropout: 0.1
[2025-11-27 10:49:52]     Bidirectional: True, GRU: True
[2025-11-27 10:49:52]   Output Head:
[2025-11-27 10:49:52]     FC Layers: 2, FC Hidden: 256, Activation: relu
[2025-11-27 10:49:52]     FC Dropout: 0.2, Batch Norm: True
[2025-11-27 10:49:52]   Training:
[2025-11-27 10:49:52]     Batch Size: 256, LR: 0.001, Weight Decay: 0.0001
[2025-11-27 10:49:52]     Optimizer: adam, Grad Clip: 5.0, LR Patience: 3
[2025-11-27 11:12:00]     Epoch  1/60: Val R²=0.3517 Train R²=0.3437 Gap=-0.0081 ✓
[2025-11-27 11:30:14]     Epoch  2/60: Val R²=0.3512 Train R²=0.3657 Gap=0.0145  
[2025-11-27 11:51:41]     Epoch  3/60: Val R²=0.3567 Train R²=0.3710 Gap=0.0143 ✓
[2025-11-27 12:10:53]     Epoch  4/60: Val R²=0.3566 Train R²=0.3734 Gap=0.0168  
[2025-11-27 12:29:23]     Epoch  5/60: Val R²=0.3635 Train R²=0.3755 Gap=0.0120 ✓
[2025-11-27 12:51:01]     Epoch  6/60: Val R²=0.3627 Train R²=0.3764 Gap=0.0137  
[2025-11-27 13:12:29]     Epoch  7/60: Val R²=0.3652 Train R²=0.3778 Gap=0.0125 ✓
[2025-11-27 13:30:25]     Epoch  8/60: Val R²=0.3647 Train R²=0.3783 Gap=0.0136  
[2025-11-27 13:46:40]     Epoch  9/60: Val R²=0.3636 Train R²=0.3787 Gap=0.0151  
[2025-11-27 14:01:39]     Epoch 10/60: Val R²=0.3645 Train R²=0.3792 Gap=0.0146  
[2025-11-27 14:16:18]     Epoch 11/60: Val R²=0.3309 Train R²=0.3797 Gap=0.0488  
[2025-11-27 14:32:55]     Epoch 12/60: Val R²=0.3703 Train R²=0.3850 Gap=0.0148 ✓
[2025-11-27 14:49:44]     Epoch 13/60: Val R²=0.3696 Train R²=0.3852 Gap=0.0156  
[2025-11-27 15:07:25]     Epoch 14/60: Val R²=0.3676 Train R²=0.3860 Gap=0.0184  
