[2025-11-26 23:07:44] ======================================================================
[2025-11-26 23:07:44] BRUTE FORCE HYPERPARAMETER SEARCH WITH AUTO-SUBMISSION (EXHAUSTIVE MODE)
[2025-11-26 23:07:44] ======================================================================
[2025-11-26 23:07:44] Started at: 2025-11-26 23:07:44
[2025-11-26 23:07:44] Mode: FULL
[2025-11-26 23:07:44] Best R² to beat: 0.340000
[2025-11-26 23:07:44] Log file: logs/bruteforce_20251126_230744.log
[2025-11-26 23:07:44] 
[2025-11-26 23:07:44] Device Detection:
[2025-11-26 23:07:44]   PyTorch version: 2.7.1
[2025-11-26 23:07:44]   Requested: auto
[2025-11-26 23:07:44]   MPS available: ✓
[2025-11-26 23:07:44]   CUDA available: ✗
[2025-11-26 23:07:44]   Using: MPS
[2025-11-26 23:07:44] 
[2025-11-26 23:07:44] Loading data...
[2025-11-26 23:07:44] Train: 465,000 rows, 465 sequences
[2025-11-26 23:07:44] Val:   52,000 rows, 52 sequences
[2025-11-26 23:07:44] Features: 32
[2025-11-26 23:07:44] 
[2025-11-26 23:07:44] Total possible combinations (Cartesian product): 1
[2025-11-26 23:07:44] Configurations to run (cap): 1
[2025-11-26 23:07:44] Starting exhaustive brute force search...
[2025-11-26 23:07:44] 
[2025-11-26 23:07:44] 
======================================================================
[2025-11-26 23:07:44] Config 1/1 - Starting Training:
[2025-11-26 23:07:44]   Architecture:
[2025-11-26 23:07:44]     Lookback: 100, Hidden: 512, Layers: 1, Dropout: 0.1
[2025-11-26 23:07:44]     Bidirectional: True, GRU: True
[2025-11-26 23:07:44]   Output Head:
[2025-11-26 23:07:44]     FC Layers: 2, FC Hidden: 256, Activation: relu
[2025-11-26 23:07:44]     FC Dropout: 0.2, Batch Norm: True
[2025-11-26 23:07:44]   Training:
[2025-11-26 23:07:44]     Batch Size: 256, LR: 0.001, Weight Decay: 0.0001
[2025-11-26 23:07:44]     Optimizer: adam, Grad Clip: 5.0, LR Patience: 3
[2025-11-26 23:22:00]     Epoch  1/60: Val R²=0.3530 Train R²=0.3435 Gap=-0.0095 ✓
[2025-11-26 23:38:43]     Epoch  2/60: Val R²=0.3559 Train R²=0.3657 Gap=0.0098 ✓
[2025-11-26 23:55:51]     Epoch  3/60: Val R²=0.3567 Train R²=0.3711 Gap=0.0144 ✓
[2025-11-27 00:13:04]     Epoch  4/60: Val R²=0.3620 Train R²=0.3738 Gap=0.0117 ✓
[2025-11-27 00:30:27]     Epoch  5/60: Val R²=0.3583 Train R²=0.3760 Gap=0.0177  
[2025-11-27 00:47:32]     Epoch  6/60: Val R²=0.3626 Train R²=0.3772 Gap=0.0146 ✓
[2025-11-27 01:04:39]     Epoch  7/60: Val R²=0.3645 Train R²=0.3782 Gap=0.0137 ✓
[2025-11-27 01:21:31]     Epoch  8/60: Val R²=0.3612 Train R²=0.3789 Gap=0.0177  
[2025-11-27 01:38:23]     Epoch  9/60: Val R²=0.3636 Train R²=0.3795 Gap=0.0159  
[2025-11-27 01:55:28]     Epoch 10/60: Val R²=0.3643 Train R²=0.3802 Gap=0.0159  
[2025-11-27 02:12:30]     Epoch 11/60: Val R²=0.3664 Train R²=0.3805 Gap=0.0142 ✓
[2025-11-27 02:29:37]     Epoch 12/60: Val R²=0.3661 Train R²=0.3809 Gap=0.0148  
[2025-11-27 02:46:40]     Epoch 13/60: Val R²=0.3634 Train R²=0.3812 Gap=0.0178  
[2025-11-27 03:03:37]     Epoch 14/60: Val R²=0.3647 Train R²=0.3813 Gap=0.0166  
[2025-11-27 03:20:34]     Epoch 15/60: Val R²=0.3629 Train R²=0.3817 Gap=0.0188  
[2025-11-27 03:37:31]     Epoch 16/60: Val R²=0.3693 Train R²=0.3866 Gap=0.0173 ✓
[2025-11-27 03:54:29]     Epoch 17/60: Val R²=0.3703 Train R²=0.3873 Gap=0.0170 ✓
[2025-11-27 04:11:24]     Epoch 18/60: Val R²=0.3695 Train R²=0.3876 Gap=0.0181  
[2025-11-27 04:28:27]     Epoch 19/60: Val R²=0.3703 Train R²=0.3877 Gap=0.0173 ✓
[2025-11-27 04:45:26]     Epoch 20/60: Val R²=0.3702 Train R²=0.3881 Gap=0.0179  
[2025-11-27 05:02:24]     Epoch 21/60: Val R²=0.3709 Train R²=0.3882 Gap=0.0173 ✓
[2025-11-27 05:19:17]     Epoch 22/60: Val R²=0.3712 Train R²=0.3884 Gap=0.0172 ✓
[2025-11-27 05:36:20]     Epoch 23/60: Val R²=0.3706 Train R²=0.3886 Gap=0.0180  
[2025-11-27 05:53:14]     Epoch 24/60: Val R²=0.3662 Train R²=0.3887 Gap=0.0226  
[2025-11-27 06:10:09]     Epoch 25/60: Val R²=0.3654 Train R²=0.3891 Gap=0.0237  
[2025-11-27 06:27:09]     Epoch 26/60: Val R²=0.3697 Train R²=0.3889 Gap=0.0192  
[2025-11-27 06:44:06]     Epoch 27/60: Val R²=0.3716 Train R²=0.3925 Gap=0.0209 ✓
[2025-11-27 07:01:05]     Epoch 28/60: Val R²=0.3728 Train R²=0.3931 Gap=0.0202 ✓
[2025-11-27 07:17:55]     Epoch 29/60: Val R²=0.3726 Train R²=0.3933 Gap=0.0207  
[2025-11-27 07:34:48]     Epoch 30/60: Val R²=0.3744 Train R²=0.3935 Gap=0.0191 ✓
[2025-11-27 07:50:58]     Epoch 31/60: Val R²=0.3741 Train R²=0.3936 Gap=0.0195  
[2025-11-27 08:06:13]     Epoch 32/60: Val R²=0.3729 Train R²=0.3938 Gap=0.0208  
[2025-11-27 08:21:24]     Epoch 33/60: Val R²=0.3741 Train R²=0.3938 Gap=0.0198  
[2025-11-27 08:36:38]     Epoch 34/60: Val R²=0.3736 Train R²=0.3941 Gap=0.0206  
[2025-11-27 08:51:52]     Epoch 35/60: Val R²=0.3756 Train R²=0.3963 Gap=0.0207 ✓
[2025-11-27 09:07:11]     Epoch 36/60: Val R²=0.3750 Train R²=0.3965 Gap=0.0215  
[2025-11-27 09:22:24]     Epoch 37/60: Val R²=0.3753 Train R²=0.3969 Gap=0.0216  
[2025-11-27 09:37:44]     Epoch 38/60: Val R²=0.3751 Train R²=0.3970 Gap=0.0219  
[2025-11-27 09:52:39]     Epoch 39/60: Val R²=0.3747 Train R²=0.3971 Gap=0.0224  
[2025-11-27 10:07:48]     Epoch 40/60: Val R²=0.3756 Train R²=0.3986 Gap=0.0229 ✓
[2025-11-27 10:23:30]     Epoch 41/60: Val R²=0.3762 Train R²=0.3987 Gap=0.0225 ✓
[2025-11-27 10:40:27]     Epoch 42/60: Val R²=0.3761 Train R²=0.3987 Gap=0.0226  
