[2025-10-25 22:28:54] ======================================================================
[2025-10-25 22:28:54] BRUTE FORCE HYPERPARAMETER SEARCH WITH AUTO-SUBMISSION (EXHAUSTIVE MODE)
[2025-10-25 22:28:54] ======================================================================
[2025-10-25 22:28:54] Started at: 2025-10-25 22:28:54
[2025-10-25 22:28:54] Mode: FULL
[2025-10-25 22:28:54] Best R² to beat: 0.340000
[2025-10-25 22:28:54] Log file: logs/bruteforce_20251025_222854.log
[2025-10-25 22:28:54] 
[2025-10-25 22:28:54] Device Detection:
[2025-10-25 22:28:54]   PyTorch version: 2.7.1
[2025-10-25 22:28:54]   Requested: auto
[2025-10-25 22:28:54]   MPS available: ✓
[2025-10-25 22:28:54]   CUDA available: ✗
[2025-10-25 22:28:54]   Using: MPS
[2025-10-25 22:28:54] 
[2025-10-25 22:28:54] Loading data...
[2025-10-25 22:28:54] Train: 413,000 rows, 413 sequences
[2025-10-25 22:28:54] Val:   104,000 rows, 104 sequences
[2025-10-25 22:28:54] Features: 32
[2025-10-25 22:28:54] 
[2025-10-25 22:28:54] Total possible combinations (Cartesian product): 3,779,136
[2025-10-25 22:28:54] Configurations to run (cap): 100
[2025-10-25 22:28:54] Starting exhaustive brute force search...
[2025-10-25 22:28:54] 
[2025-10-25 22:28:54] 
======================================================================
[2025-10-25 22:28:54] Config 1/100 - Starting Training:
[2025-10-25 22:28:54]   Architecture:
[2025-10-25 22:28:54]     Lookback: 20, Hidden: 64, Layers: 1, Dropout: 0.0
[2025-10-25 22:28:54]     Bidirectional: False, GRU: True
[2025-10-25 22:28:54]   Output Head:
[2025-10-25 22:28:54]     FC Layers: 2, FC Hidden: 64, Activation: relu
[2025-10-25 22:28:54]     FC Dropout: 0.0, Batch Norm: True
[2025-10-25 22:28:54]   Training:
[2025-10-25 22:28:54]     Batch Size: 128, LR: 0.0001, Weight Decay: 0.0
[2025-10-25 22:28:54]     Optimizer: adam, Grad Clip: None, LR Patience: 3
[2025-10-25 22:30:22]     Epoch  1/40: Val R²=0.2980 Train R²=0.2898 Gap=-0.0082 ✓
[2025-10-25 22:31:45]     Epoch  2/40: Val R²=0.3137 Train R²=0.3411 Gap=0.0274 ✓
[2025-10-25 22:33:09]     Epoch  3/40: Val R²=0.3205 Train R²=0.3557 Gap=0.0352 ✓
[2025-10-25 22:34:33]     Epoch  4/40: Val R²=0.3264 Train R²=0.3623 Gap=0.0359 ✓
[2025-10-25 22:35:57]     Epoch  5/40: Val R²=0.3289 Train R²=0.3665 Gap=0.0376 ✓
[2025-10-25 22:37:19]     Epoch  6/40: Val R²=0.3305 Train R²=0.3694 Gap=0.0389 ✓
[2025-10-25 22:38:41]     Epoch  7/40: Val R²=0.3306 Train R²=0.3714 Gap=0.0408 ✓
[2025-10-25 22:40:04]     Epoch  8/40: Val R²=0.3353 Train R²=0.3734 Gap=0.0381 ✓
[2025-10-25 22:41:26]     Epoch  9/40: Val R²=0.3347 Train R²=0.3749 Gap=0.0402  
[2025-10-25 22:42:48]     Epoch 10/40: Val R²=0.3371 Train R²=0.3761 Gap=0.0391 ✓
[2025-10-25 22:44:10]     Epoch 11/40: Val R²=0.3385 Train R²=0.3774 Gap=0.0388 ✓
[2025-10-25 22:45:33]     Epoch 12/40: Val R²=0.3384 Train R²=0.3784 Gap=0.0400  
[2025-10-25 22:46:56]     Epoch 13/40: Val R²=0.3404 Train R²=0.3794 Gap=0.0390 ✓
[2025-10-25 22:48:18]     Epoch 14/40: Val R²=0.3395 Train R²=0.3800 Gap=0.0404  
[2025-10-25 22:49:40]     Epoch 15/40: Val R²=0.3406 Train R²=0.3809 Gap=0.0403 ✓
[2025-10-25 22:51:02]     Epoch 16/40: Val R²=0.3408 Train R²=0.3816 Gap=0.0408 ✓
[2025-10-25 22:58:59]     Epoch 17/40: Val R²=0.3393 Train R²=0.3822 Gap=0.0428  
[2025-10-25 23:00:24]     Epoch 18/40: Val R²=0.3410 Train R²=0.3826 Gap=0.0416 ✓
[2025-10-25 23:02:10]     Epoch 19/40: Val R²=0.3377 Train R²=0.3832 Gap=0.0455  
[2025-10-25 23:03:51]     Epoch 20/40: Val R²=0.3437 Train R²=0.3835 Gap=0.0398 ✓
[2025-10-25 23:05:29]     Epoch 21/40: Val R²=0.3432 Train R²=0.3841 Gap=0.0410  
[2025-10-25 23:07:11]     Epoch 22/40: Val R²=0.3410 Train R²=0.3847 Gap=0.0437  
[2025-10-25 23:08:51]     Epoch 23/40: Val R²=0.3442 Train R²=0.3850 Gap=0.0407 ✓
[2025-10-25 23:10:27]     Epoch 24/40: Val R²=0.3360 Train R²=0.3855 Gap=0.0495  
[2025-10-25 23:11:59]     Epoch 25/40: Val R²=0.3448 Train R²=0.3859 Gap=0.0411 ✓
[2025-10-25 23:23:26]     Epoch 26/40: Val R²=0.3449 Train R²=0.3862 Gap=0.0413 ✓
[2025-10-25 23:34:58]     Epoch 27/40: Val R²=0.3436 Train R²=0.3865 Gap=0.0429  
[2025-10-25 23:46:44]     Epoch 28/40: Val R²=0.3453 Train R²=0.3870 Gap=0.0417 ✓
[2025-10-25 23:58:20]     Epoch 29/40: Val R²=0.3454 Train R²=0.3874 Gap=0.0419 ✓
[2025-10-26 00:00:03]     Epoch 30/40: Val R²=0.3450 Train R²=0.3876 Gap=0.0426  
[2025-10-26 00:01:47]     Epoch 31/40: Val R²=0.3464 Train R²=0.3879 Gap=0.0415 ✓
[2025-10-26 00:03:25]     Epoch 32/40: Val R²=0.3450 Train R²=0.3881 Gap=0.0431  
[2025-10-26 00:05:00]     Epoch 33/40: Val R²=0.3434 Train R²=0.3883 Gap=0.0449  
[2025-10-26 00:06:37]     Epoch 34/40: Val R²=0.3438 Train R²=0.3890 Gap=0.0452  
[2025-10-26 00:08:15]     Epoch 35/40: Val R²=0.3462 Train R²=0.3888 Gap=0.0427  
[2025-10-26 00:09:53]     Epoch 36/40: Val R²=0.3440 Train R²=0.3902 Gap=0.0462  
[2025-10-26 00:11:30]     Epoch 37/40: Val R²=0.3450 Train R²=0.3904 Gap=0.0454  
[2025-10-26 00:13:08]     Epoch 38/40: Val R²=0.3451 Train R²=0.3906 Gap=0.0455  
[2025-10-26 00:13:08]     Early stopped at epoch 38
[2025-10-26 00:13:08] 
======================================================================
[2025-10-26 00:13:08] Config 1/100 Complete:
[2025-10-26 00:13:08]   Best Val R²: 0.346414 (epoch 31)
[2025-10-26 00:13:08]   Best Global R²: 0.340000
[2025-10-26 00:13:08]   Overfitting Gap: 0.041509
[2025-10-26 00:13:08]   Parameters: 25,184
[2025-10-26 00:13:08]   Training Time: 6253.3s
[2025-10-26 00:13:08] 
🎉🎉🎉 NEW GLOBAL BEST! R² improved from 0.340000 to 0.346414
[2025-10-26 00:13:08] 
======================================================================
[2025-10-26 00:13:08] 🏆 CREATING SUBMISSION - NEW BEST MODEL!
[2025-10-26 00:13:08] ======================================================================
[2025-10-26 00:13:08]   Val R²: 0.346414
[2025-10-26 00:13:08]   Directory: ../submissions/bruteforce_r2_03464_20251025_222854_cfg1
[2025-10-26 00:13:08]   Saved model: model_best.pt
[2025-10-26 00:13:08]   Generated: solution.py
[2025-10-26 00:13:08]   Copied: utils.py
[2025-10-26 00:13:08]   Saved: metadata.json
[2025-10-26 00:13:08] ======================================================================

[2025-10-26 00:13:08]   Results saved to models/bruteforce_search_results_20251025_222854.csv
[2025-10-26 00:13:08] 
======================================================================
[2025-10-26 00:13:08] Config 2/100 - Starting Training:
[2025-10-26 00:13:08]   Architecture:
[2025-10-26 00:13:08]     Lookback: 20, Hidden: 64, Layers: 1, Dropout: 0.0
[2025-10-26 00:13:08]     Bidirectional: False, GRU: True
[2025-10-26 00:13:08]   Output Head:
[2025-10-26 00:13:08]     FC Layers: 2, FC Hidden: 64, Activation: relu
[2025-10-26 00:13:08]     FC Dropout: 0.0, Batch Norm: True
[2025-10-26 00:13:08]   Training:
[2025-10-26 00:13:08]     Batch Size: 128, LR: 0.0001, Weight Decay: 0.0
[2025-10-26 00:13:08]     Optimizer: adamw, Grad Clip: None, LR Patience: 3
[2025-10-26 00:14:46]     Epoch  1/40: Val R²=0.3008 Train R²=0.2924 Gap=-0.0084 ✓
[2025-10-26 00:16:23]     Epoch  2/40: Val R²=0.3172 Train R²=0.3454 Gap=0.0282 ✓
[2025-10-26 00:18:00]     Epoch  3/40: Val R²=0.3251 Train R²=0.3581 Gap=0.0330 ✓
[2025-10-26 00:19:37]     Epoch  4/40: Val R²=0.3268 Train R²=0.3641 Gap=0.0373 ✓
[2025-10-26 00:21:13]     Epoch  5/40: Val R²=0.3290 Train R²=0.3679 Gap=0.0389 ✓
[2025-10-26 00:22:50]     Epoch  6/40: Val R²=0.3317 Train R²=0.3701 Gap=0.0384 ✓
[2025-10-26 00:24:27]     Epoch  7/40: Val R²=0.3336 Train R²=0.3720 Gap=0.0384 ✓
[2025-10-26 00:26:04]     Epoch  8/40: Val R²=0.3344 Train R²=0.3735 Gap=0.0391 ✓
[2025-10-26 00:27:41]     Epoch  9/40: Val R²=0.3363 Train R²=0.3749 Gap=0.0386 ✓
[2025-10-26 00:29:17]     Epoch 10/40: Val R²=0.3367 Train R²=0.3760 Gap=0.0392 ✓
[2025-10-26 00:30:50]     Epoch 11/40: Val R²=0.3364 Train R²=0.3769 Gap=0.0406  
[2025-10-26 00:42:21]     Epoch 12/40: Val R²=0.3381 Train R²=0.3780 Gap=0.0400 ✓
[2025-10-26 01:03:53]     Epoch 13/40: Val R²=0.3373 Train R²=0.3786 Gap=0.0413  
[2025-10-26 01:15:20]     Epoch 14/40: Val R²=0.3404 Train R²=0.3795 Gap=0.0391 ✓
[2025-10-26 01:36:55]     Epoch 15/40: Val R²=0.3395 Train R²=0.3801 Gap=0.0405  
[2025-10-26 01:48:20]     Epoch 16/40: Val R²=0.3405 Train R²=0.3809 Gap=0.0404 ✓
[2025-10-26 02:00:14]     Epoch 17/40: Val R²=0.3395 Train R²=0.3814 Gap=0.0419  
[2025-10-26 02:01:41]     Epoch 18/40: Val R²=0.3409 Train R²=0.3820 Gap=0.0412 ✓
[2025-10-26 02:08:32]     Epoch 19/40: Val R²=0.3403 Train R²=0.3826 Gap=0.0423  
[2025-10-26 02:19:59]     Epoch 20/40: Val R²=0.3425 Train R²=0.3831 Gap=0.0406 ✓
[2025-10-26 02:31:49]     Epoch 21/40: Val R²=0.3420 Train R²=0.3835 Gap=0.0415  
[2025-10-26 02:53:16]     Epoch 22/40: Val R²=0.3427 Train R²=0.3840 Gap=0.0413 ✓
[2025-10-26 02:54:49]     Epoch 23/40: Val R²=0.3423 Train R²=0.3847 Gap=0.0423  
[2025-10-26 03:16:34]     Epoch 24/40: Val R²=0.3423 Train R²=0.3849 Gap=0.0426  
[2025-10-26 03:18:05]     Epoch 25/40: Val R²=0.3431 Train R²=0.3853 Gap=0.0422 ✓
[2025-10-26 03:32:24]     Epoch 26/40: Val R²=0.3431 Train R²=0.3857 Gap=0.0426 ✓
[2025-10-26 03:43:51]     Epoch 27/40: Val R²=0.3442 Train R²=0.3862 Gap=0.0420 ✓
[2025-10-26 03:55:18]     Epoch 28/40: Val R²=0.3448 Train R²=0.3863 Gap=0.0415 ✓
[2025-10-26 04:07:06]     Epoch 29/40: Val R²=0.3422 Train R²=0.3866 Gap=0.0444  
[2025-10-26 04:18:36]     Epoch 30/40: Val R²=0.3435 Train R²=0.3871 Gap=0.0436  
[2025-10-26 04:30:28]     Epoch 31/40: Val R²=0.3441 Train R²=0.3873 Gap=0.0431  
[2025-10-26 04:44:22]     Epoch 32/40: Val R²=0.3449 Train R²=0.3877 Gap=0.0428 ✓
[2025-10-26 04:55:45]     Epoch 33/40: Val R²=0.3460 Train R²=0.3879 Gap=0.0419 ✓
[2025-10-26 04:57:12]     Epoch 34/40: Val R²=0.3455 Train R²=0.3881 Gap=0.0426  
[2025-10-26 05:18:58]     Epoch 35/40: Val R²=0.3455 Train R²=0.3884 Gap=0.0430  
[2025-10-26 05:20:22]     Epoch 36/40: Val R²=0.3450 Train R²=0.3889 Gap=0.0438  
[2025-10-26 05:32:13]     Epoch 37/40: Val R²=0.3396 Train R²=0.3891 Gap=0.0495  
[2025-10-26 05:45:18]     Epoch 38/40: Val R²=0.3452 Train R²=0.3902 Gap=0.0451  
[2025-10-26 05:56:44]     Epoch 39/40: Val R²=0.3468 Train R²=0.3904 Gap=0.0437 ✓
[2025-10-26 06:08:14]     Epoch 40/40: Val R²=0.3454 Train R²=0.3906 Gap=0.0452  
[2025-10-26 06:08:14] 
======================================================================
[2025-10-26 06:08:14] Config 2/100 Complete:
[2025-10-26 06:08:14]   Best Val R²: 0.346754 (epoch 39)
[2025-10-26 06:08:14]   Best Global R²: 0.346414
[2025-10-26 06:08:14]   Overfitting Gap: 0.043650
[2025-10-26 06:08:14]   Parameters: 25,184
[2025-10-26 06:08:14]   Training Time: 21306.1s
[2025-10-26 06:08:14] 
🎉🎉🎉 NEW GLOBAL BEST! R² improved from 0.346414 to 0.346754
[2025-10-26 06:08:14] 
======================================================================
[2025-10-26 06:08:14] 🏆 CREATING SUBMISSION - NEW BEST MODEL!
[2025-10-26 06:08:14] ======================================================================
[2025-10-26 06:08:14]   Val R²: 0.346754
[2025-10-26 06:08:14]   Directory: ../submissions/bruteforce_r2_03468_20251025_222854_cfg2
[2025-10-26 06:08:14]   Saved model: model_best.pt
[2025-10-26 06:08:14]   Generated: solution.py
[2025-10-26 06:08:14]   Copied: utils.py
[2025-10-26 06:08:14]   Saved: metadata.json
[2025-10-26 06:08:14] ======================================================================

[2025-10-26 06:08:14]   Results saved to models/bruteforce_search_results_20251025_222854.csv
[2025-10-26 06:08:14] 
======================================================================
[2025-10-26 06:08:14] Config 3/100 - Starting Training:
[2025-10-26 06:08:14]   Architecture:
[2025-10-26 06:08:14]     Lookback: 20, Hidden: 64, Layers: 1, Dropout: 0.0
[2025-10-26 06:08:14]     Bidirectional: False, GRU: True
[2025-10-26 06:08:14]   Output Head:
[2025-10-26 06:08:14]     FC Layers: 2, FC Hidden: 64, Activation: relu
[2025-10-26 06:08:14]     FC Dropout: 0.0, Batch Norm: True
[2025-10-26 06:08:14]   Training:
[2025-10-26 06:08:14]     Batch Size: 128, LR: 0.0001, Weight Decay: 0.0
[2025-10-26 06:08:14]     Optimizer: adam, Grad Clip: 0.5, LR Patience: 3
[2025-10-26 06:19:43]     Epoch  1/40: Val R²=0.2974 Train R²=0.2978 Gap=0.0003 ✓
[2025-10-26 06:31:08]     Epoch  2/40: Val R²=0.3145 Train R²=0.3443 Gap=0.0297 ✓
[2025-10-26 06:35:27]     Epoch  3/40: Val R²=0.3224 Train R²=0.3567 Gap=0.0343 ✓
[2025-10-26 06:46:52]     Epoch  4/40: Val R²=0.3269 Train R²=0.3632 Gap=0.0363 ✓
[2025-10-26 06:58:19]     Epoch  5/40: Val R²=0.3264 Train R²=0.3667 Gap=0.0403  
[2025-10-26 07:00:09]     Epoch  6/40: Val R²=0.3292 Train R²=0.3697 Gap=0.0405 ✓
[2025-10-26 07:21:46]     Epoch  7/40: Val R²=0.3332 Train R²=0.3716 Gap=0.0384 ✓
[2025-10-26 07:23:16]     Epoch  8/40: Val R²=0.3333 Train R²=0.3733 Gap=0.0401 ✓
[2025-10-26 07:37:23]     Epoch  9/40: Val R²=0.3362 Train R²=0.3751 Gap=0.0389 ✓
[2025-10-26 07:58:57]     Epoch 10/40: Val R²=0.3376 Train R²=0.3764 Gap=0.0389 ✓
[2025-10-26 08:00:26]     Epoch 11/40: Val R²=0.3372 Train R²=0.3775 Gap=0.0403  
[2025-10-26 08:12:14]     Epoch 12/40: Val R²=0.3398 Train R²=0.3783 Gap=0.0386 ✓
[2025-10-26 08:23:43]     Epoch 13/40: Val R²=0.3387 Train R²=0.3793 Gap=0.0406  
[2025-10-26 08:25:27]     Epoch 14/40: Val R²=0.3365 Train R²=0.3803 Gap=0.0438  
[2025-10-26 08:43:47]     Epoch 15/40: Val R²=0.3400 Train R²=0.3810 Gap=0.0410 ✓
[2025-10-26 08:45:13]     Epoch 16/40: Val R²=0.3406 Train R²=0.3816 Gap=0.0410 ✓
[2025-10-26 08:56:46]     Epoch 17/40: Val R²=0.3409 Train R²=0.3823 Gap=0.0414 ✓
[2025-10-26 09:08:19]     Epoch 18/40: Val R²=0.3419 Train R²=0.3830 Gap=0.0411 ✓
[2025-10-26 09:19:53]     Epoch 19/40: Val R²=0.3424 Train R²=0.3834 Gap=0.0410 ✓
[2025-10-26 09:31:52]     Epoch 20/40: Val R²=0.3411 Train R²=0.3840 Gap=0.0430  
[2025-10-26 09:43:43]     Epoch 21/40: Val R²=0.3415 Train R²=0.3844 Gap=0.0429  
[2025-10-26 10:05:22]     Epoch 22/40: Val R²=0.3426 Train R²=0.3849 Gap=0.0424 ✓
[2025-10-26 10:14:44]     Epoch 23/40: Val R²=0.3428 Train R²=0.3854 Gap=0.0426 ✓
[2025-10-26 10:26:16]     Epoch 24/40: Val R²=0.3439 Train R²=0.3858 Gap=0.0419 ✓
[2025-10-26 10:28:14]     Epoch 25/40: Val R²=0.3436 Train R²=0.3864 Gap=0.0427  
[2025-10-26 10:46:28]     Epoch 26/40: Val R²=0.3439 Train R²=0.3865 Gap=0.0426 ✓
[2025-10-26 10:58:01]     Epoch 27/40: Val R²=0.3437 Train R²=0.3870 Gap=0.0433  
[2025-10-26 11:09:48]     Epoch 28/40: Val R²=0.3444 Train R²=0.3873 Gap=0.0429 ✓
[2025-10-26 11:21:21]     Epoch 29/40: Val R²=0.3440 Train R²=0.3875 Gap=0.0434  
[2025-10-26 11:33:10]     Epoch 30/40: Val R²=0.3456 Train R²=0.3880 Gap=0.0425 ✓
[2025-10-26 11:47:40]     Epoch 31/40: Val R²=0.3427 Train R²=0.3883 Gap=0.0456  
[2025-10-26 11:59:27]     Epoch 32/40: Val R²=0.3456 Train R²=0.3886 Gap=0.0430  
[2025-10-26 12:10:59]     Epoch 33/40: Val R²=0.3446 Train R²=0.3889 Gap=0.0444  
[2025-10-26 12:22:45]     Epoch 34/40: Val R²=0.3459 Train R²=0.3891 Gap=0.0432 ✓
[2025-10-26 12:34:22]     Epoch 35/40: Val R²=0.3445 Train R²=0.3894 Gap=0.0449  
[2025-10-26 12:46:14]     Epoch 36/40: Val R²=0.3461 Train R²=0.3897 Gap=0.0436 ✓
[2025-10-26 12:50:59]     Epoch 37/40: Val R²=0.3450 Train R²=0.3900 Gap=0.0450  
[2025-10-26 12:52:58]     Epoch 38/40: Val R²=0.3464 Train R²=0.3902 Gap=0.0438 ✓
[2025-10-26 12:54:43]     Epoch 39/40: Val R²=0.3454 Train R²=0.3906 Gap=0.0452  
