[2025-10-25 22:40:39] ======================================================================
[2025-10-25 22:40:39] BRUTE FORCE HYPERPARAMETER SEARCH WITH AUTO-SUBMISSION (EXHAUSTIVE MODE)
[2025-10-25 22:40:39] ======================================================================
[2025-10-25 22:40:39] Started at: 2025-10-25 22:40:39
[2025-10-25 22:40:39] Mode: FULL
[2025-10-25 22:40:39] Best R² to beat: 0.340000
[2025-10-25 22:40:39] Log file: logs/bruteforce_20251025_224039.log
[2025-10-25 22:40:39] 
[2025-10-25 22:40:39] Device Detection:
[2025-10-25 22:40:39]   PyTorch version: 2.7.1
[2025-10-25 22:40:39]   Requested: auto
[2025-10-25 22:40:39]   MPS available: ✓
[2025-10-25 22:40:39]   CUDA available: ✗
[2025-10-25 22:40:39]   Using: MPS
[2025-10-25 22:40:39] 
[2025-10-25 22:40:39] Loading data...
[2025-10-25 22:40:39] Train: 413,000 rows, 413 sequences
[2025-10-25 22:40:39] Val:   104,000 rows, 104 sequences
[2025-10-25 22:40:39] Features: 32
[2025-10-25 22:40:39] 
[2025-10-25 22:40:39] Total possible combinations (Cartesian product): 1
[2025-10-25 22:40:39] Configurations to run (cap): 1
[2025-10-25 22:40:39] Starting exhaustive brute force search...
[2025-10-25 22:40:39] 
[2025-10-25 22:40:39] 
======================================================================
[2025-10-25 22:40:39] Config 1/1 - Starting Training:
[2025-10-25 22:40:39]   Architecture:
[2025-10-25 22:40:39]     Lookback: 100, Hidden: 384, Layers: 3, Dropout: 0.2
[2025-10-25 22:40:39]     Bidirectional: True, GRU: True
[2025-10-25 22:40:39]   Output Head:
[2025-10-25 22:40:39]     FC Layers: 3, FC Hidden: 256, Activation: gelu
[2025-10-25 22:40:39]     FC Dropout: 0.2, Batch Norm: True
[2025-10-25 22:40:39]   Training:
[2025-10-25 22:40:39]     Batch Size: 128, LR: 0.0001, Weight Decay: 0.0005
[2025-10-25 22:40:39]     Optimizer: adamw, Grad Clip: 1.0, LR Patience: 3
[2025-10-26 00:05:16]     Epoch  1/100: Val R²=0.3339 Train R²=0.3174 Gap=-0.0165 ✓
[2025-10-26 02:19:47]     Epoch  2/100: Val R²=0.3430 Train R²=0.3598 Gap=0.0168 ✓
[2025-10-26 06:57:46]     Epoch  3/100: Val R²=0.3461 Train R²=0.3703 Gap=0.0243 ✓
[2025-10-26 11:09:53]     Epoch  4/100: Val R²=0.3500 Train R²=0.3762 Gap=0.0262 ✓
[2025-10-26 14:26:18]     Epoch  5/100: Val R²=0.3520 Train R²=0.3809 Gap=0.0289 ✓
[2025-10-26 15:21:41]     Epoch  6/100: Val R²=0.3535 Train R²=0.3847 Gap=0.0312 ✓
[2025-10-26 17:26:49]     Epoch  7/100: Val R²=0.3553 Train R²=0.3881 Gap=0.0328 ✓
[2025-10-26 18:35:45]     Epoch  8/100: Val R²=0.3564 Train R²=0.3911 Gap=0.0346 ✓
[2025-10-26 19:35:50]     Epoch  9/100: Val R²=0.3550 Train R²=0.3943 Gap=0.0392  
[2025-10-26 20:36:11]     Epoch 10/100: Val R²=0.3565 Train R²=0.3981 Gap=0.0416 ✓
[2025-10-26 21:28:29]     Epoch 11/100: Val R²=0.3548 Train R²=0.4018 Gap=0.0469  
[2025-10-26 22:18:18]     Epoch 12/100: Val R²=0.3564 Train R²=0.4061 Gap=0.0497  
[2025-10-26 23:09:58]     Epoch 13/100: Val R²=0.3530 Train R²=0.4108 Gap=0.0579  
[2025-10-26 23:58:39]     Epoch 14/100: Val R²=0.3477 Train R²=0.4161 Gap=0.0685  
[2025-10-27 00:45:12]     Epoch 15/100: Val R²=0.3429 Train R²=0.4290 Gap=0.0861  
[2025-10-27 01:26:12]     Epoch 16/100: Val R²=0.3407 Train R²=0.4351 Gap=0.0944  
[2025-10-27 02:05:13]     Epoch 17/100: Val R²=0.3330 Train R²=0.4408 Gap=0.1078  
[2025-10-27 02:05:13]     Early stopped at epoch 17
[2025-10-27 02:05:13] 
======================================================================
[2025-10-27 02:05:13] Config 1/1 Complete:
[2025-10-27 02:05:13]   Best Val R²: 0.356528 (epoch 10)
[2025-10-27 02:05:13]   Best Global R²: 0.340000
[2025-10-27 02:05:13]   Overfitting Gap: 0.041559
[2025-10-27 02:05:13]   Parameters: 6,552,608
[2025-10-27 02:05:13]   Training Time: 98674.3s
[2025-10-27 02:05:13] 
🎉🎉🎉 NEW GLOBAL BEST! R² improved from 0.340000 to 0.356528
[2025-10-27 02:05:13] 
======================================================================
[2025-10-27 02:05:13] 🏆 CREATING SUBMISSION - NEW BEST MODEL!
[2025-10-27 02:05:13] ======================================================================
[2025-10-27 02:05:13]   Val R²: 0.356528
[2025-10-27 02:05:13]   Directory: ../submissions/bruteforce_r2_03565_20251025_224039_cfg1
[2025-10-27 02:05:13]   Saved model: model_best.pt
[2025-10-27 02:05:13]   Generated: solution.py
[2025-10-27 02:05:13]   Copied: utils.py
[2025-10-27 02:05:13]   Saved: metadata.json
[2025-10-27 02:05:13] ======================================================================

[2025-10-27 02:05:13]   Results saved to models/bruteforce_search_results_20251025_224039.csv
[2025-10-27 02:05:13] 
======================================================================
[2025-10-27 02:05:13] SEARCH COMPLETE
[2025-10-27 02:05:13] ======================================================================
[2025-10-27 02:05:13] Total time: 1644.6 minutes
[2025-10-27 02:05:13] Successful configs: 1/1
[2025-10-27 02:05:13] Final best R²: 0.356528
[2025-10-27 02:05:13] Submissions created: 1
[2025-10-27 02:05:13] Results saved: models/bruteforce_search_results_20251025_224039.csv
[2025-10-27 02:05:13] 
[2025-10-27 02:05:13] Top 5 configurations:
[2025-10-27 02:05:13] 
 config_id  best_val_r2  overfitting_gap  lookback  hidden_size  num_layers  dropout  n_parameters
         1     0.356528         0.041559       100          384           3      0.2       6552608
[2025-10-27 02:05:13] 
Submissions log saved: models/bruteforce_submissions_log.csv
[2025-10-27 02:05:13] 
Submissions created:
[2025-10-27 02:05:13]   ../submissions/bruteforce_r2_03565_20251025_224039_cfg1 (R²=0.356528)
