[2025-11-20 09:40:57] ======================================================================
[2025-11-20 09:40:57] BRUTE FORCE HYPERPARAMETER SEARCH (ENC-DEC LSTM)
[2025-11-20 09:40:57] ======================================================================
[2025-11-20 09:40:57] Started at: 2025-11-20 09:40:57
[2025-11-20 09:40:57] Mode: FULL
[2025-11-20 09:40:57] Best R² to beat: 0.340000
[2025-11-20 09:40:57] Log file: logs/bruteforce_20251120_094057.log
[2025-11-20 09:40:57] 
[2025-11-20 09:40:57] Device Detection:
[2025-11-20 09:40:57]   PyTorch version: 2.7.1
[2025-11-20 09:40:57]   Requested: auto
[2025-11-20 09:40:57]   MPS available: ✓
[2025-11-20 09:40:57]   CUDA available: ✗
[2025-11-20 09:40:57]   Using: MPS
[2025-11-20 09:40:57] 
[2025-11-20 09:40:57] Loading data...
[2025-11-20 09:40:57] Train: 465,000 rows, 465 sequences
[2025-11-20 09:40:57] Val:   52,000 rows, 52 sequences
[2025-11-20 09:40:57] Features: 32
[2025-11-20 09:40:57] 
[2025-11-20 09:40:57] Total possible combinations (Cartesian product): 1
[2025-11-20 09:40:57] Configurations to run (cap): 1
[2025-11-20 09:40:57] Starting exhaustive brute force search...

[2025-11-20 09:40:57] 
======================================================================
[2025-11-20 09:40:57] Config 1/1 - Starting Training:
[2025-11-20 09:40:57]   Architecture:
[2025-11-20 09:40:57]     Lookback: 50, Hidden: 128, Layers: 1, Dropout: 0.1
[2025-11-20 09:40:57]     Bidirectional: True, GRU: False
[2025-11-20 09:40:57]   Output Head:
[2025-11-20 09:40:57]     FC Layers: 2, FC Hidden: 256, Activation: relu
[2025-11-20 09:40:57]     FC Dropout: 0.2, Batch Norm: True
[2025-11-20 09:40:57]   Training:
[2025-11-20 09:40:57]     Batch Size: 256, LR: 0.001, Weight Decay: 0.0001
[2025-11-20 09:40:57]     Optimizer: adamw, Grad Clip: 5.0, LR Patience: 3
[2025-11-20 09:41:37]     Epoch  1/1: Val R²=0.3561 Train R²=0.3441 Gap=-0.0120 ✓
[2025-11-20 09:41:37] 
======================================================================
[2025-11-20 09:41:37] Config 1/1 Complete:
[2025-11-20 09:41:37]   Best Val R²: 0.356146 (epoch 1)
[2025-11-20 09:41:37]   Best Global R²: 0.340000
[2025-11-20 09:41:37]   Overfitting Gap: -0.012015
[2025-11-20 09:41:37]   Parameters: 600,992
[2025-11-20 09:41:37]   Training Time: 39.5s
[2025-11-20 09:41:37] 
🎉🎉🎉 NEW GLOBAL BEST! R² improved from 0.340000 to 0.356146
[2025-11-20 09:41:37] 
======================================================================
[2025-11-20 09:41:37] 🏆 CREATING SUBMISSION - NEW BEST MODEL!
[2025-11-20 09:41:37] ======================================================================
[2025-11-20 09:41:37]   Val R²: 0.356146
[2025-11-20 09:41:37]   Directory: ../submissions/bruteforce_r2_03561_20251120_094057_cfg1
[2025-11-20 09:41:37]   Saved model: model_best.pt
[2025-11-20 09:41:37]   Generated: solution.py
[2025-11-20 09:41:37]   Copied: utils.py
[2025-11-20 09:41:37]   Copied: models.py
[2025-11-20 09:41:37]   Saved: metadata.json
[2025-11-20 09:41:37] ======================================================================

[2025-11-20 09:41:37]   Results saved to models/bruteforce_search_results_20251120_094057.csv
[2025-11-20 09:41:37] 
======================================================================
[2025-11-20 09:41:37] SEARCH COMPLETE
[2025-11-20 09:41:37] ======================================================================
[2025-11-20 09:41:37] Total time: 0.7 minutes
[2025-11-20 09:41:37] Successful configs: 1/1
[2025-11-20 09:41:37] Final best R²: 0.356146
[2025-11-20 09:41:37] Submissions created: 1
[2025-11-20 09:41:37] Results saved: models/bruteforce_search_results_20251120_094057.csv
[2025-11-20 09:41:37] 
[2025-11-20 09:41:37] Top 5 configurations:
[2025-11-20 09:41:37] 
 config_id  best_val_r2  overfitting_gap  lookback  hidden_size  num_layers  dropout  n_parameters
         1     0.356146        -0.012015        50          128           1      0.1        600992
[2025-11-20 09:41:37] 
Submissions log saved: models/bruteforce_submissions_log.csv
[2025-11-20 09:41:37] 
Submissions created:
[2025-11-20 09:41:37]   ../submissions/bruteforce_r2_03561_20251120_094057_cfg1 (R²=0.356146)
