[2025-12-01 15:56:32] ======================================================================
[2025-12-01 15:56:32] BRUTE FORCE HYPERPARAMETER SEARCH WITH AUTO-SUBMISSION (EXHAUSTIVE MODE)
[2025-12-01 15:56:32] ======================================================================
[2025-12-01 15:56:32] Started at: 2025-12-01 15:56:32
[2025-12-01 15:56:32] Mode: FULL
[2025-12-01 15:56:32] Best R² to beat: 0.340000
[2025-12-01 15:56:32] Log file: logs/bruteforce_20251201_155632.log
[2025-12-01 15:56:32] 
[2025-12-01 15:56:32] Device Detection:
[2025-12-01 15:56:32]   PyTorch version: 2.7.1
[2025-12-01 15:56:32]   Requested: auto
[2025-12-01 15:56:32]   MPS available: ✓
[2025-12-01 15:56:32]   CUDA available: ✗
[2025-12-01 15:56:32]   Using: MPS
[2025-12-01 15:56:32] 
[2025-12-01 15:56:32] Loading data...
[2025-12-01 15:56:33] Train: 465,000 rows, 465 sequences
[2025-12-01 15:56:33] Val:   52,000 rows, 52 sequences
[2025-12-01 15:56:33] Features: 32
[2025-12-01 15:56:33] 
[2025-12-01 15:56:33] Total possible combinations (Cartesian product): 1
[2025-12-01 15:56:33] Configurations to run (cap): 1
[2025-12-01 15:56:33] Starting exhaustive brute force search...
[2025-12-01 15:56:33] 
[2025-12-01 15:56:33] 
======================================================================
[2025-12-01 15:56:33] Config 1/1 - Starting Training:
[2025-12-01 15:56:33]   Architecture:
[2025-12-01 15:56:33]     Lookback: 100, Hidden: 256, Layers: 1, Dropout: 0.1
[2025-12-01 15:56:33]     Bidirectional: True, GRU: True
[2025-12-01 15:56:33]   Output Head:
[2025-12-01 15:56:33]     FC Layers: 3, FC Hidden: 1024, Activation: gelu
[2025-12-01 15:56:33]     FC Dropout: 0.2, Batch Norm: True
[2025-12-01 15:56:33]   Training:
[2025-12-01 15:56:33]     Batch Size: 256, LR: 0.001, Weight Decay: 0.0001
[2025-12-01 15:56:33]     Optimizer: adam, Grad Clip: 5.0, LR Patience: 3
[2025-12-01 16:05:30]     Epoch  1/100: Val R²=0.3422 Train R²=0.3444 Gap=0.0022 ✓
[2025-12-01 16:14:10]     Epoch  2/100: Val R²=0.3490 Train R²=0.3643 Gap=0.0153 ✓
[2025-12-01 16:22:49]     Epoch  3/100: Val R²=0.3549 Train R²=0.3685 Gap=0.0136 ✓
[2025-12-01 16:31:27]     Epoch  4/100: Val R²=0.3578 Train R²=0.3712 Gap=0.0134 ✓
[2025-12-01 16:40:06]     Epoch  5/100: Val R²=0.3602 Train R²=0.3731 Gap=0.0129 ✓
[2025-12-01 16:50:23]     Epoch  6/100: Val R²=0.3583 Train R²=0.3739 Gap=0.0156  
[2025-12-01 17:00:11]     Epoch  7/100: Val R²=0.3619 Train R²=0.3750 Gap=0.0131 ✓
[2025-12-01 17:10:06]     Epoch  8/100: Val R²=0.3614 Train R²=0.3753 Gap=0.0139  
[2025-12-01 17:20:00]     Epoch  9/100: Val R²=0.3633 Train R²=0.3761 Gap=0.0128 ✓
[2025-12-01 17:29:51]     Epoch 10/100: Val R²=0.3642 Train R²=0.3762 Gap=0.0120 ✓
[2025-12-01 17:39:41]     Epoch 11/100: Val R²=0.3616 Train R²=0.3769 Gap=0.0153  
[2025-12-01 17:49:34]     Epoch 12/100: Val R²=0.3618 Train R²=0.3773 Gap=0.0154  
[2025-12-01 17:59:24]     Epoch 13/100: Val R²=0.3651 Train R²=0.3773 Gap=0.0122 ✓
[2025-12-01 18:09:11]     Epoch 14/100: Val R²=0.3578 Train R²=0.3775 Gap=0.0197  
[2025-12-01 18:19:06]     Epoch 15/100: Val R²=0.3659 Train R²=0.3776 Gap=0.0118 ✓
[2025-12-01 18:28:50]     Epoch 16/100: Val R²=0.3624 Train R²=0.3782 Gap=0.0157  
[2025-12-01 18:36:42]     Epoch 17/100: Val R²=0.3662 Train R²=0.3777 Gap=0.0115 ✓
[2025-12-01 18:44:36]     Epoch 18/100: Val R²=0.3635 Train R²=0.3779 Gap=0.0144  
[2025-12-01 18:52:31]     Epoch 19/100: Val R²=0.3653 Train R²=0.3784 Gap=0.0130  
[2025-12-01 19:00:25]     Epoch 20/100: Val R²=0.3675 Train R²=0.3786 Gap=0.0111 ✓
[2025-12-01 19:08:53]     Epoch 21/100: Val R²=0.3649 Train R²=0.3788 Gap=0.0139  
[2025-12-01 19:17:47]     Epoch 22/100: Val R²=0.3653 Train R²=0.3786 Gap=0.0134  
[2025-12-01 19:26:29]     Epoch 23/100: Val R²=0.3630 Train R²=0.3787 Gap=0.0157  
[2025-12-01 19:35:06]     Epoch 24/100: Val R²=0.3641 Train R²=0.3793 Gap=0.0151  
[2025-12-01 19:43:39]     Epoch 25/100: Val R²=0.3691 Train R²=0.3842 Gap=0.0151 ✓
[2025-12-01 19:51:53]     Epoch 26/100: Val R²=0.3697 Train R²=0.3848 Gap=0.0151 ✓
[2025-12-01 19:59:49]     Epoch 27/100: Val R²=0.3690 Train R²=0.3851 Gap=0.0161  
[2025-12-01 20:07:52]     Epoch 28/100: Val R²=0.3704 Train R²=0.3856 Gap=0.0152 ✓
[2025-12-01 20:15:55]     Epoch 29/100: Val R²=0.3706 Train R²=0.3857 Gap=0.0151 ✓
[2025-12-01 20:24:35]     Epoch 30/100: Val R²=0.3689 Train R²=0.3859 Gap=0.0170  
[2025-12-01 20:33:23]     Epoch 31/100: Val R²=0.3700 Train R²=0.3858 Gap=0.0158  
[2025-12-01 20:42:17]     Epoch 32/100: Val R²=0.3685 Train R²=0.3862 Gap=0.0177  
[2025-12-01 20:51:04]     Epoch 33/100: Val R²=0.3678 Train R²=0.3859 Gap=0.0182  
[2025-12-01 21:00:21]     Epoch 34/100: Val R²=0.3727 Train R²=0.3898 Gap=0.0171 ✓
[2025-12-01 21:10:20]     Epoch 35/100: Val R²=0.3735 Train R²=0.3906 Gap=0.0170 ✓
[2025-12-01 21:19:49]     Epoch 36/100: Val R²=0.3714 Train R²=0.3905 Gap=0.0191  
[2025-12-01 21:28:41]     Epoch 37/100: Val R²=0.3733 Train R²=0.3908 Gap=0.0175  
[2025-12-01 21:37:27]     Epoch 38/100: Val R²=0.3710 Train R²=0.3909 Gap=0.0198  
[2025-12-01 21:46:16]     Epoch 39/100: Val R²=0.3702 Train R²=0.3906 Gap=0.0204  
[2025-12-01 21:55:00]     Epoch 40/100: Val R²=0.3741 Train R²=0.3931 Gap=0.0190 ✓
[2025-12-01 22:03:08]     Epoch 41/100: Val R²=0.3745 Train R²=0.3935 Gap=0.0190 ✓
[2025-12-01 22:09:47]     Epoch 42/100: Val R²=0.3750 Train R²=0.3939 Gap=0.0189 ✓
[2025-12-01 22:16:29]     Epoch 43/100: Val R²=0.3753 Train R²=0.3941 Gap=0.0188 ✓
[2025-12-01 22:23:10]     Epoch 44/100: Val R²=0.3754 Train R²=0.3944 Gap=0.0190 ✓
[2025-12-01 22:29:48]     Epoch 45/100: Val R²=0.3750 Train R²=0.3945 Gap=0.0195  
[2025-12-01 22:36:35]     Epoch 46/100: Val R²=0.3744 Train R²=0.3945 Gap=0.0201  
[2025-12-01 22:43:34]     Epoch 47/100: Val R²=0.3741 Train R²=0.3945 Gap=0.0204  
[2025-12-01 22:50:35]     Epoch 48/100: Val R²=0.3729 Train R²=0.3949 Gap=0.0220  
[2025-12-01 22:57:33]     Epoch 49/100: Val R²=0.3752 Train R²=0.3962 Gap=0.0210  
[2025-12-01 23:04:02]     Epoch 50/100: Val R²=0.3753 Train R²=0.3967 Gap=0.0214  
[2025-12-01 23:10:22]     Epoch 51/100: Val R²=0.3746 Train R²=0.3965 Gap=0.0219  
[2025-12-01 23:16:45]     Epoch 52/100: Val R²=0.3748 Train R²=0.3964 Gap=0.0216  
