[2025-12-01 16:41:00] ======================================================================
[2025-12-01 16:41:00] BRUTE FORCE HYPERPARAMETER SEARCH WITH AUTO-SUBMISSION (EXHAUSTIVE MODE)
[2025-12-01 16:41:00] ======================================================================
[2025-12-01 16:41:00] Started at: 2025-12-01 16:41:00
[2025-12-01 16:41:00] Mode: FULL
[2025-12-01 16:41:00] Best R² to beat: 0.340000
[2025-12-01 16:41:00] Log file: logs/bruteforce_20251201_164100.log
[2025-12-01 16:41:00] 
[2025-12-01 16:41:00] Device Detection:
[2025-12-01 16:41:00]   PyTorch version: 2.7.1
[2025-12-01 16:41:00]   Requested: auto
[2025-12-01 16:41:00]   MPS available: ✓
[2025-12-01 16:41:00]   CUDA available: ✗
[2025-12-01 16:41:00]   Using: MPS
[2025-12-01 16:41:00] 
[2025-12-01 16:41:00] Loading data...
[2025-12-01 16:41:00] Train: 465,000 rows, 465 sequences
[2025-12-01 16:41:00] Val:   52,000 rows, 52 sequences
[2025-12-01 16:41:00] Features: 32
[2025-12-01 16:41:00] 
[2025-12-01 16:41:00] Total possible combinations (Cartesian product): 1
[2025-12-01 16:41:00] Configurations to run (cap): 1
[2025-12-01 16:41:00] Starting exhaustive brute force search...
[2025-12-01 16:41:00] 
[2025-12-01 16:41:00] 
======================================================================
[2025-12-01 16:41:00] Config 1/1 - Starting Training:
[2025-12-01 16:41:00]   Architecture:
[2025-12-01 16:41:00]     Lookback: 100, Hidden: 256, Layers: 1, Dropout: 0.1
[2025-12-01 16:41:00]     Bidirectional: True, GRU: True
[2025-12-01 16:41:00]   Output Head:
[2025-12-01 16:41:00]     FC Layers: 3, FC Hidden: 1024, Activation: relu
[2025-12-01 16:41:00]     FC Dropout: 0.2, Batch Norm: True
[2025-12-01 16:41:00]   Training:
[2025-12-01 16:41:00]     Batch Size: 256, LR: 0.0001, Weight Decay: 0.0001
[2025-12-01 16:41:00]     Optimizer: adam, Grad Clip: 5.0, LR Patience: 3
[2025-12-01 16:51:06]     Epoch  1/100: Val R²=0.3429 Train R²=0.3145 Gap=-0.0284 ✓
[2025-12-01 17:00:54]     Epoch  2/100: Val R²=0.3514 Train R²=0.3567 Gap=0.0053 ✓
[2025-12-01 17:10:49]     Epoch  3/100: Val R²=0.3573 Train R²=0.3663 Gap=0.0090 ✓
[2025-12-01 17:20:48]     Epoch  4/100: Val R²=0.3596 Train R²=0.3711 Gap=0.0116 ✓
[2025-12-01 17:30:42]     Epoch  5/100: Val R²=0.3593 Train R²=0.3747 Gap=0.0154  
[2025-12-01 17:40:36]     Epoch  6/100: Val R²=0.3652 Train R²=0.3766 Gap=0.0113 ✓
[2025-12-01 17:50:31]     Epoch  7/100: Val R²=0.3664 Train R²=0.3789 Gap=0.0125 ✓
[2025-12-01 18:00:24]     Epoch  8/100: Val R²=0.3666 Train R²=0.3800 Gap=0.0134 ✓
[2025-12-01 18:10:15]     Epoch  9/100: Val R²=0.3671 Train R²=0.3813 Gap=0.0142 ✓
[2025-12-01 18:20:11]     Epoch 10/100: Val R²=0.3673 Train R²=0.3824 Gap=0.0151 ✓
[2025-12-01 18:29:43]     Epoch 11/100: Val R²=0.3665 Train R²=0.3836 Gap=0.0172  
[2025-12-01 18:37:37]     Epoch 12/100: Val R²=0.3668 Train R²=0.3847 Gap=0.0179  
[2025-12-01 18:45:33]     Epoch 13/100: Val R²=0.3703 Train R²=0.3855 Gap=0.0152 ✓
[2025-12-01 18:53:31]     Epoch 14/100: Val R²=0.3678 Train R²=0.3866 Gap=0.0188  
[2025-12-01 19:01:26]     Epoch 15/100: Val R²=0.3717 Train R²=0.3875 Gap=0.0159 ✓
[2025-12-01 19:10:09]     Epoch 16/100: Val R²=0.3695 Train R²=0.3885 Gap=0.0190  
[2025-12-01 19:19:00]     Epoch 17/100: Val R²=0.3728 Train R²=0.3890 Gap=0.0163 ✓
[2025-12-01 19:27:46]     Epoch 18/100: Val R²=0.3693 Train R²=0.3894 Gap=0.0201  
[2025-12-01 19:36:27]     Epoch 19/100: Val R²=0.3728 Train R²=0.3905 Gap=0.0178  
[2025-12-01 19:45:02]     Epoch 20/100: Val R²=0.3737 Train R²=0.3914 Gap=0.0177 ✓
[2025-12-01 19:53:10]     Epoch 21/100: Val R²=0.3726 Train R²=0.3920 Gap=0.0194  
[2025-12-01 20:01:08]     Epoch 22/100: Val R²=0.3725 Train R²=0.3927 Gap=0.0202  
[2025-12-01 20:09:13]     Epoch 23/100: Val R²=0.3708 Train R²=0.3931 Gap=0.0223  
[2025-12-01 20:17:17]     Epoch 24/100: Val R²=0.3711 Train R²=0.3941 Gap=0.0231  
[2025-12-01 20:26:06]     Epoch 25/100: Val R²=0.3750 Train R²=0.3983 Gap=0.0232 ✓
[2025-12-01 20:34:55]     Epoch 26/100: Val R²=0.3763 Train R²=0.3996 Gap=0.0233 ✓
[2025-12-01 20:43:51]     Epoch 27/100: Val R²=0.3765 Train R²=0.4003 Gap=0.0237 ✓
[2025-12-01 20:52:43]     Epoch 28/100: Val R²=0.3782 Train R²=0.4010 Gap=0.0228 ✓
[2025-12-01 21:02:21]     Epoch 29/100: Val R²=0.3769 Train R²=0.4014 Gap=0.0244  
[2025-12-01 21:12:22]     Epoch 30/100: Val R²=0.3762 Train R²=0.4018 Gap=0.0257  
[2025-12-01 21:21:38]     Epoch 31/100: Val R²=0.3773 Train R²=0.4023 Gap=0.0250  
[2025-12-01 21:30:37]     Epoch 32/100: Val R²=0.3762 Train R²=0.4032 Gap=0.0270  
[2025-12-01 21:39:18]     Epoch 33/100: Val R²=0.3774 Train R²=0.4062 Gap=0.0288  
[2025-12-01 21:48:18]     Epoch 34/100: Val R²=0.3790 Train R²=0.4072 Gap=0.0282 ✓
[2025-12-01 21:57:01]     Epoch 35/100: Val R²=0.3786 Train R²=0.4079 Gap=0.0293  
