[2025-11-20 10:20:33] ======================================================================
[2025-11-20 10:20:33] BRUTE FORCE HYPERPARAMETER SEARCH (ENC-DEC LSTM)
[2025-11-20 10:20:33] ======================================================================
[2025-11-20 10:20:33] Started at: 2025-11-20 10:20:33
[2025-11-20 10:20:33] Mode: FULL
[2025-11-20 10:20:33] Best R² to beat: 0.340000
[2025-11-20 10:20:33] Log file: logs/bruteforce_20251120_102033.log
[2025-11-20 10:20:33] 
[2025-11-20 10:20:33] Device Detection:
[2025-11-20 10:20:33]   PyTorch version: 2.7.1
[2025-11-20 10:20:33]   Requested: auto
[2025-11-20 10:20:33]   MPS available: ✓
[2025-11-20 10:20:33]   CUDA available: ✗
[2025-11-20 10:20:33]   Using: MPS
[2025-11-20 10:20:33] 
[2025-11-20 10:20:33] Loading data...
[2025-11-20 10:20:34] Train: 413,000 rows, 413 sequences
[2025-11-20 10:20:34] Val:   104,000 rows, 104 sequences
[2025-11-20 10:20:34] Features: 32
[2025-11-20 10:20:34] 
[2025-11-20 10:20:34] Total possible combinations (Cartesian product): 12,288
[2025-11-20 10:20:34] Configurations to run (cap): 100
[2025-11-20 10:20:34] Starting exhaustive brute force search...

[2025-11-20 10:20:34] 
======================================================================
[2025-11-20 10:20:34] Config 1/100 - Starting Training:
[2025-11-20 10:20:34]   Architecture:
[2025-11-20 10:20:34]     Lookback: 50, Hidden: 64, Layers: 1, Dropout: 0.1
[2025-11-20 10:20:34]     Bidirectional: True, GRU: False
[2025-11-20 10:20:34]   Output Head:
[2025-11-20 10:20:34]     FC Layers: 2, FC Hidden: 64, Activation: relu
[2025-11-20 10:20:34]     FC Dropout: 0.1, Batch Norm: True
[2025-11-20 10:20:34]   Training:
[2025-11-20 10:20:34]     Batch Size: 128, LR: 0.0001, Weight Decay: 0.0001
[2025-11-20 10:20:34]     Optimizer: adam, Grad Clip: 5.0, LR Patience: 3
