[2025-11-26 23:06:03] ======================================================================
[2025-11-26 23:06:03] BRUTE FORCE HYPERPARAMETER SEARCH WITH AUTO-SUBMISSION (EXHAUSTIVE MODE)
[2025-11-26 23:06:03] ======================================================================
[2025-11-26 23:06:03] Started at: 2025-11-26 23:06:03
[2025-11-26 23:06:03] Mode: FULL
[2025-11-26 23:06:03] Best R² to beat: 0.340000
[2025-11-26 23:06:03] Log file: logs/bruteforce_20251126_230603.log
[2025-11-26 23:06:03] 
[2025-11-26 23:06:03] Device Detection:
[2025-11-26 23:06:03]   PyTorch version: 2.7.1
[2025-11-26 23:06:03]   Requested: auto
[2025-11-26 23:06:03]   MPS available: ✓
[2025-11-26 23:06:03]   CUDA available: ✗
[2025-11-26 23:06:03]   Using: MPS
[2025-11-26 23:06:03] 
[2025-11-26 23:06:03] Loading data...
[2025-11-26 23:06:03] Train: 465,000 rows, 465 sequences
[2025-11-26 23:06:03] Val:   52,000 rows, 52 sequences
[2025-11-26 23:06:03] Features: 32
[2025-11-26 23:06:03] 
[2025-11-26 23:06:03] Total possible combinations (Cartesian product): 1
[2025-11-26 23:06:03] Configurations to run (cap): 1
[2025-11-26 23:06:03] Starting exhaustive brute force search...
[2025-11-26 23:06:03] 
[2025-11-26 23:06:03] 
======================================================================
[2025-11-26 23:06:03] Config 1/1 - Starting Training:
[2025-11-26 23:06:03]   Architecture:
[2025-11-26 23:06:03]     Lookback: 100, Hidden: 256, Layers: 3, Dropout: 0.1
[2025-11-26 23:06:03]     Bidirectional: True, GRU: True
[2025-11-26 23:06:03]   Output Head:
[2025-11-26 23:06:03]     FC Layers: 2, FC Hidden: 256, Activation: relu
[2025-11-26 23:06:03]     FC Dropout: 0.2, Batch Norm: True
[2025-11-26 23:06:03]   Training:
[2025-11-26 23:06:03]     Batch Size: 256, LR: 0.001, Weight Decay: 0.0001
[2025-11-26 23:06:03]     Optimizer: adam, Grad Clip: 5.0, LR Patience: 3
