[2025-11-20 09:58:50] ======================================================================
[2025-11-20 09:58:50] BRUTE FORCE HYPERPARAMETER SEARCH (ENC-DEC LSTM)
[2025-11-20 09:58:50] ======================================================================
[2025-11-20 09:58:50] Started at: 2025-11-20 09:58:50
[2025-11-20 09:58:50] Mode: FULL
[2025-11-20 09:58:50] Best R² to beat: 0.340000
[2025-11-20 09:58:50] Log file: logs/bruteforce_20251120_095850.log
[2025-11-20 09:58:50] 
[2025-11-20 09:58:50] Device Detection:
[2025-11-20 09:58:50]   PyTorch version: 2.7.1
[2025-11-20 09:58:50]   Requested: auto
[2025-11-20 09:58:50]   MPS available: ✓
[2025-11-20 09:58:50]   CUDA available: ✗
[2025-11-20 09:58:50]   Using: MPS
[2025-11-20 09:58:50] 
[2025-11-20 09:58:50] Loading data...
[2025-11-20 09:58:50] Train: 465,000 rows, 465 sequences
[2025-11-20 09:58:50] Val:   52,000 rows, 52 sequences
[2025-11-20 09:58:50] Features: 32
[2025-11-20 09:58:50] 
[2025-11-20 09:58:50] Total possible combinations (Cartesian product): 1
[2025-11-20 09:58:50] Configurations to run (cap): 1
[2025-11-20 09:58:50] Starting exhaustive brute force search...

[2025-11-20 09:58:50] 
======================================================================
[2025-11-20 09:58:50] Config 1/1 - Starting Training:
[2025-11-20 09:58:50]   Architecture:
[2025-11-20 09:58:50]     Lookback: 50, Hidden: 128, Layers: 1, Dropout: 0.1
[2025-11-20 09:58:50]     Bidirectional: True, GRU: False
[2025-11-20 09:58:50]   Output Head:
[2025-11-20 09:58:50]     FC Layers: 2, FC Hidden: 256, Activation: relu
[2025-11-20 09:58:50]     FC Dropout: 0.2, Batch Norm: True
[2025-11-20 09:58:50]   Training:
[2025-11-20 09:58:50]     Batch Size: 256, LR: 0.0001, Weight Decay: 0.0001
[2025-11-20 09:58:50]     Optimizer: adam, Grad Clip: 5.0, LR Patience: 3
[2025-11-20 09:59:30]     Epoch  1/100: Val R²=0.3403 Train R²=0.2970 Gap=-0.0433 ✓
[2025-11-20 10:00:07]     Epoch  2/100: Val R²=0.3501 Train R²=0.3490 Gap=-0.0011 ✓
[2025-11-20 10:00:45]     Epoch  3/100: Val R²=0.3564 Train R²=0.3594 Gap=0.0030 ✓
[2025-11-20 10:01:25]     Epoch  4/100: Val R²=0.3589 Train R²=0.3655 Gap=0.0066 ✓
[2025-11-20 10:02:05]     Epoch  5/100: Val R²=0.3607 Train R²=0.3691 Gap=0.0084 ✓
[2025-11-20 10:02:48]     Epoch  6/100: Val R²=0.3636 Train R²=0.3723 Gap=0.0087 ✓
[2025-11-20 10:03:30]     Epoch  7/100: Val R²=0.3643 Train R²=0.3745 Gap=0.0103 ✓
[2025-11-20 10:04:09]     Epoch  8/100: Val R²=0.3647 Train R²=0.3759 Gap=0.0112 ✓
[2025-11-20 10:04:50]     Epoch  9/100: Val R²=0.3666 Train R²=0.3776 Gap=0.0110 ✓
[2025-11-20 10:05:32]     Epoch 10/100: Val R²=0.3675 Train R²=0.3790 Gap=0.0114 ✓
[2025-11-20 10:06:14]     Epoch 11/100: Val R²=0.3697 Train R²=0.3800 Gap=0.0103 ✓
[2025-11-20 10:06:56]     Epoch 12/100: Val R²=0.3676 Train R²=0.3810 Gap=0.0134  
[2025-11-20 10:07:39]     Epoch 13/100: Val R²=0.3687 Train R²=0.3819 Gap=0.0132  
[2025-11-20 10:08:22]     Epoch 14/100: Val R²=0.3700 Train R²=0.3828 Gap=0.0128 ✓
[2025-11-20 10:09:05]     Epoch 15/100: Val R²=0.3696 Train R²=0.3840 Gap=0.0144  
[2025-11-20 10:09:49]     Epoch 16/100: Val R²=0.3705 Train R²=0.3842 Gap=0.0138 ✓
[2025-11-20 10:10:32]     Epoch 17/100: Val R²=0.3721 Train R²=0.3853 Gap=0.0132 ✓
[2025-11-20 10:11:17]     Epoch 18/100: Val R²=0.3710 Train R²=0.3858 Gap=0.0148  
[2025-11-20 10:12:02]     Epoch 19/100: Val R²=0.3699 Train R²=0.3862 Gap=0.0163  
[2025-11-20 10:12:47]     Epoch 20/100: Val R²=0.3734 Train R²=0.3869 Gap=0.0135 ✓
[2025-11-20 10:13:33]     Epoch 21/100: Val R²=0.3714 Train R²=0.3876 Gap=0.0162  
[2025-11-20 10:14:19]     Epoch 22/100: Val R²=0.3727 Train R²=0.3878 Gap=0.0151  
[2025-11-20 10:15:03]     Epoch 23/100: Val R²=0.3731 Train R²=0.3888 Gap=0.0157  
[2025-11-20 10:15:44]     Epoch 24/100: Val R²=0.3721 Train R²=0.3891 Gap=0.0171  
[2025-11-20 10:16:27]     Epoch 25/100: Val R²=0.3743 Train R²=0.3921 Gap=0.0179 ✓
[2025-11-20 10:17:08]     Epoch 26/100: Val R²=0.3738 Train R²=0.3931 Gap=0.0193  
[2025-11-20 10:17:49]     Epoch 27/100: Val R²=0.3737 Train R²=0.3937 Gap=0.0200  
[2025-11-20 10:18:30]     Epoch 28/100: Val R²=0.3738 Train R²=0.3939 Gap=0.0201  
[2025-11-20 10:19:12]     Epoch 29/100: Val R²=0.3747 Train R²=0.3944 Gap=0.0197 ✓
[2025-11-20 10:19:52]     Epoch 30/100: Val R²=0.3749 Train R²=0.3946 Gap=0.0197 ✓
[2025-11-20 10:20:33]     Epoch 31/100: Val R²=0.3743 Train R²=0.3954 Gap=0.0211  
[2025-11-20 10:21:14]     Epoch 32/100: Val R²=0.3734 Train R²=0.3953 Gap=0.0219  
[2025-11-20 10:21:53]     Epoch 33/100: Val R²=0.3751 Train R²=0.3958 Gap=0.0206 ✓
[2025-11-20 10:22:34]     Epoch 34/100: Val R²=0.3753 Train R²=0.3963 Gap=0.0210 ✓
[2025-11-20 10:23:14]     Epoch 35/100: Val R²=0.3738 Train R²=0.3967 Gap=0.0228  
[2025-11-20 10:23:53]     Epoch 36/100: Val R²=0.3747 Train R²=0.3972 Gap=0.0224  
[2025-11-20 10:24:47]     Epoch 37/100: Val R²=0.3745 Train R²=0.3975 Gap=0.0230  
[2025-11-20 10:25:39]     Epoch 38/100: Val R²=0.3731 Train R²=0.3978 Gap=0.0246  
[2025-11-20 10:26:32]     Epoch 39/100: Val R²=0.3743 Train R²=0.4002 Gap=0.0259  
[2025-11-20 10:27:29]     Epoch 40/100: Val R²=0.3743 Train R²=0.4011 Gap=0.0267  
[2025-11-20 10:28:25]     Epoch 41/100: Val R²=0.3737 Train R²=0.4013 Gap=0.0276  
[2025-11-20 10:29:21]     Epoch 42/100: Val R²=0.3729 Train R²=0.4018 Gap=0.0289  
[2025-11-20 10:30:17]     Epoch 43/100: Val R²=0.3732 Train R²=0.4030 Gap=0.0298  
[2025-11-20 10:31:14]     Epoch 44/100: Val R²=0.3730 Train R²=0.4039 Gap=0.0309  
[2025-11-20 10:31:14]     Early stopped at epoch 44
[2025-11-20 10:31:14] 
======================================================================
[2025-11-20 10:31:14] Config 1/1 Complete:
[2025-11-20 10:31:14]   Best Val R²: 0.375269 (epoch 34)
[2025-11-20 10:31:14]   Best Global R²: 0.340000
[2025-11-20 10:31:14]   Overfitting Gap: 0.021024
[2025-11-20 10:31:14]   Parameters: 600,992
[2025-11-20 10:31:14]   Training Time: 1944.0s
[2025-11-20 10:31:14] 
🎉🎉🎉 NEW GLOBAL BEST! R² improved from 0.340000 to 0.375269
[2025-11-20 10:31:14] 
======================================================================
[2025-11-20 10:31:14] 🏆 CREATING SUBMISSION - NEW BEST MODEL!
[2025-11-20 10:31:14] ======================================================================
[2025-11-20 10:31:14]   Val R²: 0.375269
[2025-11-20 10:31:14]   Directory: ../submissions/bruteforce_r2_03753_20251120_095850_cfg1
[2025-11-20 10:31:14]   Saved model: model_best.pt
[2025-11-20 10:31:14]   Generated: solution.py
[2025-11-20 10:31:14]   Copied: utils.py
[2025-11-20 10:31:14]   Copied: models.py
[2025-11-20 10:31:14]   Saved: metadata.json
[2025-11-20 10:31:14] ======================================================================

[2025-11-20 10:31:14]   Results saved to models/bruteforce_search_results_20251120_095850.csv
[2025-11-20 10:31:14] 
======================================================================
[2025-11-20 10:31:14] SEARCH COMPLETE
[2025-11-20 10:31:14] ======================================================================
[2025-11-20 10:31:14] Total time: 32.4 minutes
[2025-11-20 10:31:14] Successful configs: 1/1
[2025-11-20 10:31:14] Final best R²: 0.375269
[2025-11-20 10:31:14] Submissions created: 1
[2025-11-20 10:31:14] Results saved: models/bruteforce_search_results_20251120_095850.csv
[2025-11-20 10:31:14] 
[2025-11-20 10:31:14] Top 5 configurations:
[2025-11-20 10:31:14] 
 config_id  best_val_r2  overfitting_gap  lookback  hidden_size  num_layers  dropout  n_parameters
         1     0.375269         0.021024        50          128           1      0.1        600992
[2025-11-20 10:31:14] 
Submissions log saved: models/bruteforce_submissions_log.csv
[2025-11-20 10:31:14] 
Submissions created:
[2025-11-20 10:31:14]   ../submissions/bruteforce_r2_03753_20251120_095850_cfg1 (R²=0.375269)
