[2025-11-25 01:59:06] ======================================================================
[2025-11-25 01:59:06] BRUTE FORCE HYPERPARAMETER SEARCH WITH AUTO-SUBMISSION (EXHAUSTIVE MODE)
[2025-11-25 01:59:06] ======================================================================
[2025-11-25 01:59:06] Started at: 2025-11-25 01:59:06
[2025-11-25 01:59:06] Mode: FULL
[2025-11-25 01:59:06] Best R² to beat: 0.340000
[2025-11-25 01:59:06] Log file: logs/bruteforce_20251125_015906.log
[2025-11-25 01:59:06] 
[2025-11-25 01:59:06] Device Detection:
[2025-11-25 01:59:06]   PyTorch version: 2.7.1
[2025-11-25 01:59:06]   Requested: auto
[2025-11-25 01:59:06]   MPS available: ✓
[2025-11-25 01:59:06]   CUDA available: ✗
[2025-11-25 01:59:06]   Using: MPS
[2025-11-25 01:59:06] 
[2025-11-25 01:59:06] Loading data...
[2025-11-25 01:59:06] Train: 465,000 rows, 465 sequences
[2025-11-25 01:59:06] Val:   52,000 rows, 52 sequences
[2025-11-25 01:59:06] Features: 32
[2025-11-25 01:59:06] 
[2025-11-25 01:59:06] Total possible combinations (Cartesian product): 1
[2025-11-25 01:59:06] Configurations to run (cap): 1
[2025-11-25 01:59:06] Starting exhaustive brute force search...
[2025-11-25 01:59:06] 
[2025-11-25 01:59:06] 
======================================================================
[2025-11-25 01:59:06] Config 1/1 - Starting Training:
[2025-11-25 01:59:06]   Architecture:
[2025-11-25 01:59:06]     Lookback: 250, Hidden: 128, Layers: 1, Dropout: 0.1
[2025-11-25 01:59:06]     Bidirectional: True, GRU: True
[2025-11-25 01:59:06]   Output Head:
[2025-11-25 01:59:06]     FC Layers: 2, FC Hidden: 256, Activation: relu
[2025-11-25 01:59:06]     FC Dropout: 0.2, Batch Norm: True
[2025-11-25 01:59:06]   Training:
[2025-11-25 01:59:06]     Batch Size: 256, LR: 0.001, Weight Decay: 0.0001
[2025-11-25 01:59:06]     Optimizer: adam, Grad Clip: 5.0, LR Patience: 3
[2025-11-25 02:11:41]     Epoch  1/100: Val R²=0.3512 Train R²=0.3406 Gap=-0.0106 ✓
[2025-11-25 02:24:16]     Epoch  2/100: Val R²=0.3563 Train R²=0.3667 Gap=0.0105 ✓
[2025-11-25 02:36:50]     Epoch  3/100: Val R²=0.3577 Train R²=0.3713 Gap=0.0136 ✓
[2025-11-25 02:49:24]     Epoch  4/100: Val R²=0.3587 Train R²=0.3743 Gap=0.0156 ✓
[2025-11-25 03:01:56]     Epoch  5/100: Val R²=0.3574 Train R²=0.3763 Gap=0.0189  
[2025-11-25 03:14:30]     Epoch  6/100: Val R²=0.3614 Train R²=0.3782 Gap=0.0167 ✓
[2025-11-25 03:27:03]     Epoch  7/100: Val R²=0.3616 Train R²=0.3791 Gap=0.0174 ✓
[2025-11-25 03:39:36]     Epoch  8/100: Val R²=0.3641 Train R²=0.3801 Gap=0.0160 ✓
[2025-11-25 03:52:09]     Epoch  9/100: Val R²=0.3625 Train R²=0.3808 Gap=0.0183  
[2025-11-25 04:04:41]     Epoch 10/100: Val R²=0.3625 Train R²=0.3818 Gap=0.0193  
[2025-11-25 04:17:13]     Epoch 11/100: Val R²=0.3646 Train R²=0.3822 Gap=0.0176 ✓
[2025-11-25 04:29:45]     Epoch 12/100: Val R²=0.3651 Train R²=0.3832 Gap=0.0181 ✓
[2025-11-25 04:42:18]     Epoch 13/100: Val R²=0.3670 Train R²=0.3836 Gap=0.0166 ✓
[2025-11-25 04:54:50]     Epoch 14/100: Val R²=0.3672 Train R²=0.3836 Gap=0.0164 ✓
[2025-11-25 05:07:22]     Epoch 15/100: Val R²=0.3670 Train R²=0.3841 Gap=0.0171  
[2025-11-25 05:19:56]     Epoch 16/100: Val R²=0.3637 Train R²=0.3845 Gap=0.0207  
[2025-11-25 05:32:30]     Epoch 17/100: Val R²=0.3696 Train R²=0.3845 Gap=0.0149 ✓
[2025-11-25 05:45:04]     Epoch 18/100: Val R²=0.3615 Train R²=0.3851 Gap=0.0236  
[2025-11-25 05:57:37]     Epoch 19/100: Val R²=0.3659 Train R²=0.3855 Gap=0.0196  
[2025-11-25 06:10:10]     Epoch 20/100: Val R²=0.3671 Train R²=0.3851 Gap=0.0180  
[2025-11-25 06:22:44]     Epoch 21/100: Val R²=0.3669 Train R²=0.3856 Gap=0.0187  
[2025-11-25 06:35:17]     Epoch 22/100: Val R²=0.3689 Train R²=0.3897 Gap=0.0208  
[2025-11-25 06:47:50]     Epoch 23/100: Val R²=0.3688 Train R²=0.3905 Gap=0.0217  
[2025-11-25 07:00:23]     Epoch 24/100: Val R²=0.3703 Train R²=0.3909 Gap=0.0206 ✓
[2025-11-25 07:12:56]     Epoch 25/100: Val R²=0.3669 Train R²=0.3914 Gap=0.0245  
[2025-11-25 07:25:30]     Epoch 26/100: Val R²=0.3708 Train R²=0.3917 Gap=0.0209 ✓
[2025-11-25 07:38:03]     Epoch 27/100: Val R²=0.3688 Train R²=0.3918 Gap=0.0230  
[2025-11-25 07:50:36]     Epoch 28/100: Val R²=0.3714 Train R²=0.3918 Gap=0.0205 ✓
[2025-11-25 08:03:09]     Epoch 29/100: Val R²=0.3701 Train R²=0.3920 Gap=0.0219  
[2025-11-25 08:15:42]     Epoch 30/100: Val R²=0.3684 Train R²=0.3923 Gap=0.0239  
[2025-11-25 08:28:21]     Epoch 31/100: Val R²=0.3705 Train R²=0.3921 Gap=0.0217  
[2025-11-25 08:40:54]     Epoch 32/100: Val R²=0.3703 Train R²=0.3927 Gap=0.0224  
[2025-11-25 08:53:27]     Epoch 33/100: Val R²=0.3725 Train R²=0.3957 Gap=0.0233 ✓
[2025-11-25 09:06:09]     Epoch 34/100: Val R²=0.3715 Train R²=0.3963 Gap=0.0248  
[2025-11-25 09:19:40]     Epoch 35/100: Val R²=0.3716 Train R²=0.3966 Gap=0.0250  
[2025-11-25 09:33:03]     Epoch 36/100: Val R²=0.3715 Train R²=0.3969 Gap=0.0253  
[2025-11-25 09:46:24]     Epoch 37/100: Val R²=0.3721 Train R²=0.3970 Gap=0.0249  
[2025-11-25 09:59:11]     Epoch 38/100: Val R²=0.3730 Train R²=0.3990 Gap=0.0260 ✓
[2025-11-25 10:13:24]     Epoch 39/100: Val R²=0.3731 Train R²=0.3995 Gap=0.0264 ✓
[2025-11-25 10:26:28]     Epoch 40/100: Val R²=0.3725 Train R²=0.3997 Gap=0.0272  
[2025-11-25 10:39:54]     Epoch 41/100: Val R²=0.3714 Train R²=0.3998 Gap=0.0284  
