[2025-10-26 15:10:07] ======================================================================
[2025-10-26 15:10:07] GRU+ATTENTION HYPERPARAMETER SEARCH WITH AUTO-SUBMISSION
[2025-10-26 15:10:07] ======================================================================
[2025-10-26 15:10:07] Started at: 2025-10-26 15:10:07
[2025-10-26 15:10:07] Mode: FULL (100%)
[2025-10-26 15:10:07] Base: Best GRU config (Val R² = 0.356600)
[2025-10-26 15:10:07] Tuning: attention_heads [2, 4, 8] × attention_dropout [0.0, 0.1, 0.2, 0.3]
[2025-10-26 15:10:07] Target: Beat baseline R² > 0.356600
[2025-10-26 15:10:07] Log file: logs/bruteforce_20251026_151007.log
[2025-10-26 15:10:07] 
[2025-10-26 15:10:07] Device Detection:
[2025-10-26 15:10:07]   PyTorch version: 2.7.1
[2025-10-26 15:10:07]   Requested: auto
[2025-10-26 15:10:07]   MPS available: ✓
[2025-10-26 15:10:07]   CUDA available: ✗
[2025-10-26 15:10:07]   Using: MPS
[2025-10-26 15:10:07] 
[2025-10-26 15:10:07] Loading data...
[2025-10-26 15:10:07] Train: 413,000 rows, 413 sequences
[2025-10-26 15:10:07] Val:   104,000 rows, 104 sequences
[2025-10-26 15:10:07] Features: 32
[2025-10-26 15:10:07] Configurations to test: 16
[2025-10-26 15:10:07] Max epochs per config: 40
[2025-10-26 15:10:07] 
[2025-10-26 15:10:07] Starting brute force search...
[2025-10-26 15:10:07] 
[2025-10-26 15:10:07] 
======================================================================
[2025-10-26 15:10:07] Config 1/16 - Starting Training:
[2025-10-26 15:10:07]   Architecture:
[2025-10-26 15:10:07]     Lookback: 50, Hidden: 64, Layers: 1, Dropout: 0.3
[2025-10-26 15:10:07]     Bidirectional: True, GRU: True
[2025-10-26 15:10:07]   Output Head:
[2025-10-26 15:10:07]     FC Layers: 2, FC Hidden: 256, Activation: relu
[2025-10-26 15:10:07]     FC Dropout: 0.0, Batch Norm: True
[2025-10-26 15:10:07]   Training:
[2025-10-26 15:10:07]     Batch Size: 256, LR: 0.0001, Weight Decay: 0
[2025-10-26 15:10:07]     Optimizer: adam, Grad Clip: 0.5, LR Patience: 3
[2025-10-26 15:13:59]     Epoch  1/40: Val R²=0.3249 Train R²=0.3304 Gap=0.0055 ✓
[2025-10-26 15:17:44]     Epoch  2/40: Val R²=0.3333 Train R²=0.3675 Gap=0.0342 ✓
[2025-10-26 15:22:01]     Epoch  3/40: Val R²=0.3392 Train R²=0.3751 Gap=0.0359 ✓
[2025-10-26 15:26:36]     Epoch  4/40: Val R²=0.3417 Train R²=0.3793 Gap=0.0376 ✓
[2025-10-26 15:31:05]     Epoch  5/40: Val R²=0.3442 Train R²=0.3821 Gap=0.0379 ✓
[2025-10-26 15:35:53]     Epoch  6/40: Val R²=0.3444 Train R²=0.3840 Gap=0.0396 ✓
[2025-10-26 15:40:32]     Epoch  7/40: Val R²=0.3476 Train R²=0.3861 Gap=0.0384 ✓
[2025-10-26 16:15:14]     Epoch  8/40: Val R²=0.3483 Train R²=0.3876 Gap=0.0394 ✓
[2025-10-26 16:50:03]     Epoch  9/40: Val R²=0.3478 Train R²=0.3890 Gap=0.0412  
[2025-10-26 17:03:09]     Epoch 10/40: Val R²=0.3492 Train R²=0.3901 Gap=0.0409 ✓
[2025-10-26 17:08:16]     Epoch 11/40: Val R²=0.3496 Train R²=0.3911 Gap=0.0415 ✓
[2025-10-26 17:13:20]     Epoch 12/40: Val R²=0.3507 Train R²=0.3921 Gap=0.0413 ✓
[2025-10-26 17:18:16]     Epoch 13/40: Val R²=0.3512 Train R²=0.3930 Gap=0.0418 ✓
[2025-10-26 17:27:27]     Epoch 14/40: Val R²=0.3514 Train R²=0.3938 Gap=0.0424 ✓
[2025-10-26 17:32:46]     Epoch 15/40: Val R²=0.3523 Train R²=0.3946 Gap=0.0422 ✓
[2025-10-26 17:52:09]     Epoch 16/40: Val R²=0.3523 Train R²=0.3954 Gap=0.0430 ✓
[2025-10-26 17:57:17]     Epoch 17/40: Val R²=0.3510 Train R²=0.3960 Gap=0.0450  
[2025-10-26 18:02:06]     Epoch 18/40: Val R²=0.3531 Train R²=0.3967 Gap=0.0436 ✓
[2025-10-26 18:06:56]     Epoch 19/40: Val R²=0.3531 Train R²=0.3973 Gap=0.0442  
[2025-10-26 18:11:47]     Epoch 20/40: Val R²=0.3525 Train R²=0.3980 Gap=0.0455  
[2025-10-26 18:16:36]     Epoch 21/40: Val R²=0.3530 Train R²=0.3986 Gap=0.0457  
[2025-10-26 18:21:30]     Epoch 22/40: Val R²=0.3539 Train R²=0.3991 Gap=0.0452 ✓
[2025-10-26 18:26:28]     Epoch 23/40: Val R²=0.3540 Train R²=0.3995 Gap=0.0455 ✓
[2025-10-26 18:31:20]     Epoch 24/40: Val R²=0.3524 Train R²=0.4002 Gap=0.0478  
[2025-10-26 18:36:34]     Epoch 25/40: Val R²=0.3548 Train R²=0.4007 Gap=0.0459 ✓
[2025-10-26 18:42:10]     Epoch 26/40: Val R²=0.3534 Train R²=0.4013 Gap=0.0479  
[2025-10-26 18:47:41]     Epoch 27/40: Val R²=0.3545 Train R²=0.4017 Gap=0.0472  
[2025-10-26 18:53:00]     Epoch 28/40: Val R²=0.3546 Train R²=0.4024 Gap=0.0478  
[2025-10-26 18:58:25]     Epoch 29/40: Val R²=0.3544 Train R²=0.4028 Gap=0.0484  
[2025-10-26 19:03:54]     Epoch 30/40: Val R²=0.3546 Train R²=0.4050 Gap=0.0504  
[2025-10-26 19:09:25]     Epoch 31/40: Val R²=0.3548 Train R²=0.4057 Gap=0.0508 ✓
[2025-10-26 19:14:55]     Epoch 32/40: Val R²=0.3548 Train R²=0.4058 Gap=0.0510  
[2025-10-26 19:20:25]     Epoch 33/40: Val R²=0.3555 Train R²=0.4063 Gap=0.0508 ✓
[2025-10-26 19:25:57]     Epoch 34/40: Val R²=0.3555 Train R²=0.4065 Gap=0.0510 ✓
[2025-10-26 19:31:28]     Epoch 35/40: Val R²=0.3551 Train R²=0.4069 Gap=0.0518  
[2025-10-26 19:36:48]     Epoch 36/40: Val R²=0.3544 Train R²=0.4071 Gap=0.0528  
[2025-10-26 19:42:16]     Epoch 37/40: Val R²=0.3549 Train R²=0.4075 Gap=0.0526  
[2025-10-26 19:47:49]     Epoch 38/40: Val R²=0.3548 Train R²=0.4087 Gap=0.0539  
[2025-10-26 19:53:23]     Epoch 39/40: Val R²=0.3550 Train R²=0.4089 Gap=0.0540  
[2025-10-26 19:58:55]     Epoch 40/40: Val R²=0.3553 Train R²=0.4092 Gap=0.0539  
[2025-10-26 19:58:55] 
======================================================================
[2025-10-26 19:58:55] Config 1/16 Complete:
[2025-10-26 19:58:55]   Best Val R²: 0.355499 (epoch 34)
[2025-10-26 19:58:55]   Best Global R²: 0.356600
[2025-10-26 19:58:55]   Overfitting Gap: 0.050961
[2025-10-26 19:58:55]   Parameters: 145,696
[2025-10-26 19:58:55]   Training Time: 17327.8s
[2025-10-26 19:58:55]   Not better than global best (0.356600)
[2025-10-26 19:58:55]   Results saved to models/attention_search_results_20251026_151007.csv
[2025-10-26 19:58:55] 
======================================================================
[2025-10-26 19:58:55] Config 2/16 - Starting Training:
[2025-10-26 19:58:55]   Architecture:
[2025-10-26 19:58:55]     Lookback: 50, Hidden: 64, Layers: 4, Dropout: 0.3
[2025-10-26 19:58:55]     Bidirectional: True, GRU: True
[2025-10-26 19:58:55]   Output Head:
[2025-10-26 19:58:55]     FC Layers: 2, FC Hidden: 256, Activation: relu
[2025-10-26 19:58:55]     FC Dropout: 0.0, Batch Norm: True
[2025-10-26 19:58:55]   Training:
[2025-10-26 19:58:55]     Batch Size: 256, LR: 0.0001, Weight Decay: 0
[2025-10-26 19:58:55]     Optimizer: adam, Grad Clip: 0.5, LR Patience: 3
[2025-10-26 20:20:37]     Epoch  1/40: Val R²=0.3061 Train R²=0.2990 Gap=-0.0071 ✓
[2025-10-26 20:41:54]     Epoch  2/40: Val R²=0.3162 Train R²=0.3380 Gap=0.0218 ✓
[2025-10-26 21:01:16]     Epoch  3/40: Val R²=0.3290 Train R²=0.3496 Gap=0.0206 ✓
[2025-10-26 21:20:15]     Epoch  4/40: Val R²=0.3365 Train R²=0.3608 Gap=0.0243 ✓
[2025-10-26 21:35:53]     Epoch  5/40: Val R²=0.3386 Train R²=0.3670 Gap=0.0284 ✓
[2025-10-26 21:53:14]     Epoch  6/40: Val R²=0.3391 Train R²=0.3704 Gap=0.0313 ✓
[2025-10-26 22:12:22]     Epoch  7/40: Val R²=0.3425 Train R²=0.3726 Gap=0.0301 ✓
[2025-10-26 22:31:28]     Epoch  8/40: Val R²=0.3434 Train R²=0.3751 Gap=0.0317 ✓
[2025-10-26 22:49:45]     Epoch  9/40: Val R²=0.3444 Train R²=0.3768 Gap=0.0323 ✓
[2025-10-26 23:07:55]     Epoch 10/40: Val R²=0.3471 Train R²=0.3783 Gap=0.0312 ✓
[2025-10-26 23:25:35]     Epoch 11/40: Val R²=0.3473 Train R²=0.3795 Gap=0.0323 ✓
[2025-10-26 23:42:57]     Epoch 12/40: Val R²=0.3486 Train R²=0.3808 Gap=0.0323 ✓
[2025-10-27 00:00:07]     Epoch 13/40: Val R²=0.3487 Train R²=0.3821 Gap=0.0334 ✓
[2025-10-27 00:17:30]     Epoch 14/40: Val R²=0.3493 Train R²=0.3833 Gap=0.0340 ✓
[2025-10-27 00:34:41]     Epoch 15/40: Val R²=0.3502 Train R²=0.3844 Gap=0.0342 ✓
[2025-10-27 00:49:12]     Epoch 16/40: Val R²=0.3503 Train R²=0.3851 Gap=0.0349 ✓
[2025-10-27 01:04:00]     Epoch 17/40: Val R²=0.3511 Train R²=0.3860 Gap=0.0349 ✓
[2025-10-27 01:18:59]     Epoch 18/40: Val R²=0.3526 Train R²=0.3870 Gap=0.0344 ✓
[2025-10-27 01:32:49]     Epoch 19/40: Val R²=0.3529 Train R²=0.3880 Gap=0.0351 ✓
