[2025-11-30 19:57:52] ======================================================================
[2025-11-30 19:57:52] BRUTE FORCE HYPERPARAMETER SEARCH WITH AUTO-SUBMISSION (EXHAUSTIVE MODE)
[2025-11-30 19:57:52] ======================================================================
[2025-11-30 19:57:52] Started at: 2025-11-30 19:57:52
[2025-11-30 19:57:52] Mode: FULL
[2025-11-30 19:57:52] Best R² to beat: 0.340000
[2025-11-30 19:57:52] Log file: logs/bruteforce_20251130_195752.log
[2025-11-30 19:57:52] 
[2025-11-30 19:57:52] Device Detection:
[2025-11-30 19:57:52]   PyTorch version: 2.7.1
[2025-11-30 19:57:52]   Requested: auto
[2025-11-30 19:57:52]   MPS available: ✓
[2025-11-30 19:57:52]   CUDA available: ✗
[2025-11-30 19:57:52]   Using: MPS
[2025-11-30 19:57:52] 
[2025-11-30 19:57:52] Loading data...
[2025-11-30 19:57:52] Train: 465,000 rows, 465 sequences
[2025-11-30 19:57:52] Val:   52,000 rows, 52 sequences
[2025-11-30 19:57:52] Features: 32
[2025-11-30 19:57:52] 
[2025-11-30 19:57:52] Total possible combinations (Cartesian product): 1
[2025-11-30 19:57:52] Configurations to run (cap): 1
[2025-11-30 19:57:52] Starting exhaustive brute force search...
[2025-11-30 19:57:52] 
[2025-11-30 19:57:52] 
======================================================================
[2025-11-30 19:57:52] Config 1/1 - Starting Training:
[2025-11-30 19:57:52]   Architecture:
[2025-11-30 19:57:52]     Lookback: 100, Hidden: 256, Layers: 1, Dropout: 0.1
[2025-11-30 19:57:52]     Bidirectional: True, GRU: True
[2025-11-30 19:57:52]   Output Head:
[2025-11-30 19:57:52]     FC Layers: 1, FC Hidden: 1024, Activation: relu
[2025-11-30 19:57:52]     FC Dropout: 0.2, Batch Norm: True
[2025-11-30 19:57:52]   Training:
[2025-11-30 19:57:52]     Batch Size: 256, LR: 0.001, Weight Decay: 0.0001
[2025-11-30 19:57:52]     Optimizer: adam, Grad Clip: 5.0, LR Patience: 3
[2025-11-30 20:09:50]     Epoch  1/100: Val R²=0.3478 Train R²=0.3526 Gap=0.0048 ✓
[2025-11-30 20:24:59]     Epoch  2/100: Val R²=0.3564 Train R²=0.3722 Gap=0.0159 ✓
[2025-11-30 20:40:39]     Epoch  3/100: Val R²=0.3613 Train R²=0.3769 Gap=0.0156 ✓
[2025-11-30 20:56:06]     Epoch  4/100: Val R²=0.3566 Train R²=0.3795 Gap=0.0228  
[2025-11-30 21:10:39]     Epoch  5/100: Val R²=0.3615 Train R²=0.3809 Gap=0.0195 ✓
[2025-11-30 21:25:17]     Epoch  6/100: Val R²=0.3625 Train R²=0.3828 Gap=0.0203 ✓
[2025-11-30 21:39:26]     Epoch  7/100: Val R²=0.3636 Train R²=0.3832 Gap=0.0195 ✓
[2025-11-30 21:54:47]     Epoch  8/100: Val R²=0.3632 Train R²=0.3842 Gap=0.0210  
[2025-11-30 22:14:38]     Epoch  9/100: Val R²=0.3653 Train R²=0.3848 Gap=0.0195 ✓
[2025-11-30 22:32:43]     Epoch 10/100: Val R²=0.3621 Train R²=0.3831 Gap=0.0211  
[2025-11-30 22:47:10]     Epoch 11/100: Val R²=0.3627 Train R²=0.3853 Gap=0.0226  
[2025-11-30 23:04:32]     Epoch 12/100: Val R²=0.3631 Train R²=0.3856 Gap=0.0225  
[2025-11-30 23:20:21]     Epoch 13/100: Val R²=0.3644 Train R²=0.3860 Gap=0.0217  
[2025-11-30 23:33:39]     Epoch 14/100: Val R²=0.3683 Train R²=0.3899 Gap=0.0217 ✓
[2025-11-30 23:47:21]     Epoch 15/100: Val R²=0.3645 Train R²=0.3905 Gap=0.0259  
[2025-11-30 23:59:51]     Epoch 16/100: Val R²=0.3660 Train R²=0.3909 Gap=0.0249  
