[2025-11-20 10:37:57] ======================================================================
[2025-11-20 10:37:57] BRUTE FORCE HYPERPARAMETER SEARCH (ENC-DEC LSTM)
[2025-11-20 10:37:57] ======================================================================
[2025-11-20 10:37:57] Started at: 2025-11-20 10:37:57
[2025-11-20 10:37:57] Mode: TEST
[2025-11-20 10:37:57] Best R² to beat: 0.010000
[2025-11-20 10:37:57] Log file: logs/bruteforce_20251120_103757.log
[2025-11-20 10:37:57] 
[2025-11-20 10:37:57] Device Detection:
[2025-11-20 10:37:57]   PyTorch version: 2.7.1
[2025-11-20 10:37:57]   Requested: auto
[2025-11-20 10:37:57]   MPS available: ✓
[2025-11-20 10:37:57]   CUDA available: ✗
[2025-11-20 10:37:57]   Using: MPS
[2025-11-20 10:37:57] 
[2025-11-20 10:37:57] Loading data...
[2025-11-20 10:37:57] Train: 8,000 rows, 8 sequences
[2025-11-20 10:37:57] Val:   2,000 rows, 2 sequences
[2025-11-20 10:37:57] Features: 32
[2025-11-20 10:37:57] 
[2025-11-20 10:37:57] Total possible combinations (Cartesian product): 2,048
[2025-11-20 10:37:57] Configurations to run (cap): 1000
[2025-11-20 10:37:57] Starting exhaustive brute force search...

[2025-11-20 10:37:57] 
======================================================================
[2025-11-20 10:37:57] Config 1/1000 - Starting Training:
[2025-11-20 10:37:57]   Architecture:
[2025-11-20 10:37:57]     Lookback: 50, Hidden: 128, Layers: 1, Dropout: 0.1
[2025-11-20 10:37:57]     Bidirectional: True, GRU: False
[2025-11-20 10:37:57]   Output Head:
[2025-11-20 10:37:57]     FC Layers: 1, FC Hidden: 128, Activation: relu
[2025-11-20 10:37:57]     FC Dropout: 0.1, Batch Norm: True
[2025-11-20 10:37:57]   Training:
[2025-11-20 10:37:57]     Batch Size: 128, LR: 0.0001, Weight Decay: 0.0001
[2025-11-20 10:37:57]     Optimizer: adam, Grad Clip: 5.0, LR Patience: 3
[2025-11-20 10:37:59]     Epoch  1/30: Val R²=-0.0189 Train R²=0.0258 Gap=0.0447 ✓
[2025-11-20 10:38:01]     Epoch  2/30: Val R²=0.0078 Train R²=0.1431 Gap=0.1353 ✓
[2025-11-20 10:38:02]     Epoch  3/30: Val R²=0.0168 Train R²=0.2363 Gap=0.2195 ✓
[2025-11-20 10:38:03]     Epoch  4/30: Val R²=0.0311 Train R²=0.2784 Gap=0.2473 ✓
[2025-11-20 10:38:04]     Epoch  5/30: Val R²=0.0445 Train R²=0.2997 Gap=0.2552 ✓
[2025-11-20 10:38:06]     Epoch  6/30: Val R²=0.0390 Train R²=0.3108 Gap=0.2718  
[2025-11-20 10:38:07]     Epoch  7/30: Val R²=0.0479 Train R²=0.3163 Gap=0.2684 ✓
[2025-11-20 10:38:08]     Epoch  8/30: Val R²=0.0520 Train R²=0.3234 Gap=0.2714 ✓
[2025-11-20 10:38:10]     Epoch  9/30: Val R²=0.0530 Train R²=0.3256 Gap=0.2726 ✓
[2025-11-20 10:38:11]     Epoch 10/30: Val R²=0.0536 Train R²=0.3336 Gap=0.2800 ✓
[2025-11-20 10:38:12]     Epoch 11/30: Val R²=0.0524 Train R²=0.3353 Gap=0.2829  
[2025-11-20 10:38:13]     Epoch 12/30: Val R²=0.0517 Train R²=0.3379 Gap=0.2862  
[2025-11-20 10:38:15]     Epoch 13/30: Val R²=0.0567 Train R²=0.3419 Gap=0.2852 ✓
[2025-11-20 10:38:16]     Epoch 14/30: Val R²=0.0533 Train R²=0.3441 Gap=0.2909  
[2025-11-20 10:38:17]     Epoch 15/30: Val R²=0.0610 Train R²=0.3462 Gap=0.2852 ✓
[2025-11-20 10:38:18]     Epoch 16/30: Val R²=0.0613 Train R²=0.3458 Gap=0.2845 ✓
[2025-11-20 10:38:20]     Epoch 17/30: Val R²=0.0572 Train R²=0.3508 Gap=0.2937  
[2025-11-20 10:38:21]     Epoch 18/30: Val R²=0.0557 Train R²=0.3525 Gap=0.2968  
[2025-11-20 10:38:22]     Epoch 19/30: Val R²=0.0643 Train R²=0.3515 Gap=0.2872 ✓
[2025-11-20 10:38:23]     Epoch 20/30: Val R²=0.0597 Train R²=0.3559 Gap=0.2962  
[2025-11-20 10:38:24]     Epoch 21/30: Val R²=0.0597 Train R²=0.3572 Gap=0.2975  
[2025-11-20 10:38:26]     Epoch 22/30: Val R²=0.0694 Train R²=0.3616 Gap=0.2922 ✓
[2025-11-20 10:38:27]     Epoch 23/30: Val R²=0.0633 Train R²=0.3582 Gap=0.2949  
[2025-11-20 10:38:28]     Epoch 24/30: Val R²=0.0569 Train R²=0.3634 Gap=0.3065  
[2025-11-20 10:38:29]     Epoch 25/30: Val R²=0.0679 Train R²=0.3619 Gap=0.2940  
[2025-11-20 10:38:31]     Epoch 26/30: Val R²=0.0522 Train R²=0.3619 Gap=0.3097  
[2025-11-20 10:38:32]     Epoch 27/30: Val R²=0.0643 Train R²=0.3696 Gap=0.3052  
[2025-11-20 10:38:33]     Epoch 28/30: Val R²=0.0644 Train R²=0.3708 Gap=0.3064  
[2025-11-20 10:38:35]     Epoch 29/30: Val R²=0.0679 Train R²=0.3693 Gap=0.3015  
[2025-11-20 10:38:35]     Early stopped at epoch 29
[2025-11-20 10:38:35] 
======================================================================
[2025-11-20 10:38:35] Config 1/1000 Complete:
[2025-11-20 10:38:35]   Best Val R²: 0.069408 (epoch 22)
[2025-11-20 10:38:35]   Best Global R²: 0.010000
[2025-11-20 10:38:35]   Overfitting Gap: 0.292182
[2025-11-20 10:38:35]   Parameters: 600,992
[2025-11-20 10:38:35]   Training Time: 38.0s
[2025-11-20 10:38:35] 
🎉🎉🎉 NEW GLOBAL BEST! R² improved from 0.010000 to 0.069408
[2025-11-20 10:38:35] 
======================================================================
[2025-11-20 10:38:35] 🏆 CREATING SUBMISSION - NEW BEST MODEL!
[2025-11-20 10:38:35] ======================================================================
[2025-11-20 10:38:35]   Val R²: 0.069408
[2025-11-20 10:38:35]   Directory: ../submissions/bruteforce_r2_00694_20251120_103757_cfg1
[2025-11-20 10:38:35]   Saved model: model_best.pt
[2025-11-20 10:38:35]   Generated: solution.py
[2025-11-20 10:38:35]   Copied: utils.py
[2025-11-20 10:38:35]   Copied: models.py
[2025-11-20 10:38:35]   Saved: metadata.json
[2025-11-20 10:38:35] ======================================================================

[2025-11-20 10:38:35]   Results saved to models/test_bruteforce_search_results.csv
[2025-11-20 10:38:35] 
======================================================================
[2025-11-20 10:38:35] Config 2/1000 - Starting Training:
[2025-11-20 10:38:35]   Architecture:
[2025-11-20 10:38:35]     Lookback: 50, Hidden: 128, Layers: 1, Dropout: 0.1
[2025-11-20 10:38:35]     Bidirectional: True, GRU: False
[2025-11-20 10:38:35]   Output Head:
[2025-11-20 10:38:35]     FC Layers: 1, FC Hidden: 128, Activation: relu
[2025-11-20 10:38:35]     FC Dropout: 0.1, Batch Norm: True
[2025-11-20 10:38:35]   Training:
[2025-11-20 10:38:35]     Batch Size: 128, LR: 0.0001, Weight Decay: 0.0001
[2025-11-20 10:38:35]     Optimizer: adamw, Grad Clip: 5.0, LR Patience: 3
[2025-11-20 10:38:36]     Epoch  1/30: Val R²=-0.0545 Train R²=0.0485 Gap=0.1030 ✓
[2025-11-20 10:38:37]     Epoch  2/30: Val R²=-0.0101 Train R²=0.1478 Gap=0.1578 ✓
[2025-11-20 10:38:39]     Epoch  3/30: Val R²=0.0190 Train R²=0.2197 Gap=0.2006 ✓
[2025-11-20 10:38:40]     Epoch  4/30: Val R²=0.0356 Train R²=0.2697 Gap=0.2340 ✓
[2025-11-20 10:38:41]     Epoch  5/30: Val R²=0.0419 Train R²=0.2960 Gap=0.2541 ✓
[2025-11-20 10:38:42]     Epoch  6/30: Val R²=0.0466 Train R²=0.3098 Gap=0.2632 ✓
[2025-11-20 10:38:44]     Epoch  7/30: Val R²=0.0446 Train R²=0.3182 Gap=0.2736  
[2025-11-20 10:38:45]     Epoch  8/30: Val R²=0.0507 Train R²=0.3242 Gap=0.2735 ✓
[2025-11-20 10:38:46]     Epoch  9/30: Val R²=0.0615 Train R²=0.3304 Gap=0.2689 ✓
[2025-11-20 10:38:48]     Epoch 10/30: Val R²=0.0552 Train R²=0.3359 Gap=0.2807  
[2025-11-20 10:38:49]     Epoch 11/30: Val R²=0.0651 Train R²=0.3385 Gap=0.2734 ✓
[2025-11-20 10:38:50]     Epoch 12/30: Val R²=0.0607 Train R²=0.3366 Gap=0.2760  
[2025-11-20 10:38:51]     Epoch 13/30: Val R²=0.0672 Train R²=0.3428 Gap=0.2755 ✓
[2025-11-20 10:38:52]     Epoch 14/30: Val R²=0.0609 Train R²=0.3447 Gap=0.2838  
[2025-11-20 10:38:54]     Epoch 15/30: Val R²=0.0645 Train R²=0.3490 Gap=0.2845  
[2025-11-20 10:38:55]     Epoch 16/30: Val R²=0.0675 Train R²=0.3503 Gap=0.2828 ✓
[2025-11-20 10:38:56]     Epoch 17/30: Val R²=0.0726 Train R²=0.3515 Gap=0.2789 ✓
[2025-11-20 10:38:57]     Epoch 18/30: Val R²=0.0588 Train R²=0.3553 Gap=0.2965  
[2025-11-20 10:38:59]     Epoch 19/30: Val R²=0.0715 Train R²=0.3547 Gap=0.2832  
[2025-11-20 10:39:00]     Epoch 20/30: Val R²=0.0666 Train R²=0.3567 Gap=0.2901  
[2025-11-20 10:39:01]     Epoch 21/30: Val R²=0.0663 Train R²=0.3589 Gap=0.2926  
[2025-11-20 10:39:03]     Epoch 22/30: Val R²=0.0683 Train R²=0.3633 Gap=0.2949  
[2025-11-20 10:39:04]     Epoch 23/30: Val R²=0.0667 Train R²=0.3639 Gap=0.2972  
[2025-11-20 10:39:05]     Epoch 24/30: Val R²=0.0633 Train R²=0.3617 Gap=0.2985  
[2025-11-20 10:39:05]     Early stopped at epoch 24
[2025-11-20 10:39:05] 
======================================================================
[2025-11-20 10:39:05] Config 2/1000 Complete:
[2025-11-20 10:39:05]   Best Val R²: 0.072596 (epoch 17)
[2025-11-20 10:39:05]   Best Global R²: 0.069408
[2025-11-20 10:39:05]   Overfitting Gap: 0.278933
[2025-11-20 10:39:05]   Parameters: 600,992
[2025-11-20 10:39:05]   Training Time: 30.5s
[2025-11-20 10:39:05] 
🎉🎉🎉 NEW GLOBAL BEST! R² improved from 0.069408 to 0.072596
[2025-11-20 10:39:05] 
======================================================================
[2025-11-20 10:39:05] 🏆 CREATING SUBMISSION - NEW BEST MODEL!
[2025-11-20 10:39:05] ======================================================================
[2025-11-20 10:39:05]   Val R²: 0.072596
[2025-11-20 10:39:05]   Directory: ../submissions/bruteforce_r2_00726_20251120_103757_cfg2
[2025-11-20 10:39:05]   Saved model: model_best.pt
[2025-11-20 10:39:05]   Generated: solution.py
[2025-11-20 10:39:05]   Copied: utils.py
[2025-11-20 10:39:05]   Copied: models.py
[2025-11-20 10:39:05]   Saved: metadata.json
[2025-11-20 10:39:05] ======================================================================

[2025-11-20 10:39:05]   Results saved to models/test_bruteforce_search_results.csv
[2025-11-20 10:39:05] 
======================================================================
[2025-11-20 10:39:05] Config 3/1000 - Starting Training:
[2025-11-20 10:39:05]   Architecture:
[2025-11-20 10:39:05]     Lookback: 50, Hidden: 128, Layers: 1, Dropout: 0.1
[2025-11-20 10:39:05]     Bidirectional: True, GRU: False
[2025-11-20 10:39:05]   Output Head:
[2025-11-20 10:39:05]     FC Layers: 1, FC Hidden: 128, Activation: relu
[2025-11-20 10:39:05]     FC Dropout: 0.1, Batch Norm: True
[2025-11-20 10:39:05]   Training:
[2025-11-20 10:39:05]     Batch Size: 128, LR: 0.0005, Weight Decay: 0.0001
[2025-11-20 10:39:05]     Optimizer: adam, Grad Clip: 5.0, LR Patience: 3
[2025-11-20 10:39:07]     Epoch  1/30: Val R²=0.0055 Train R²=0.1712 Gap=0.1657 ✓
[2025-11-20 10:39:08]     Epoch  2/30: Val R²=0.0335 Train R²=0.3008 Gap=0.2673 ✓
[2025-11-20 10:39:09]     Epoch  3/30: Val R²=0.0368 Train R²=0.3211 Gap=0.2843 ✓
[2025-11-20 10:39:10]     Epoch  4/30: Val R²=0.0397 Train R²=0.3308 Gap=0.2911 ✓
[2025-11-20 10:39:11]     Epoch  5/30: Val R²=0.0457 Train R²=0.3371 Gap=0.2914 ✓
[2025-11-20 10:39:13]     Epoch  6/30: Val R²=0.0450 Train R²=0.3407 Gap=0.2957  
[2025-11-20 10:39:14]     Epoch  7/30: Val R²=0.0537 Train R²=0.3490 Gap=0.2953 ✓
[2025-11-20 10:39:15]     Epoch  8/30: Val R²=0.0534 Train R²=0.3562 Gap=0.3028  
[2025-11-20 10:39:16]     Epoch  9/30: Val R²=0.0521 Train R²=0.3566 Gap=0.3045  
[2025-11-20 10:39:18]     Epoch 10/30: Val R²=0.0563 Train R²=0.3589 Gap=0.3026 ✓
[2025-11-20 10:39:19]     Epoch 11/30: Val R²=0.0637 Train R²=0.3604 Gap=0.2967 ✓
[2025-11-20 10:39:20]     Epoch 12/30: Val R²=0.0564 Train R²=0.3634 Gap=0.3070  
[2025-11-20 10:39:21]     Epoch 13/30: Val R²=0.0628 Train R²=0.3699 Gap=0.3072  
[2025-11-20 10:39:23]     Epoch 14/30: Val R²=0.0693 Train R²=0.3700 Gap=0.3007 ✓
[2025-11-20 10:39:24]     Epoch 15/30: Val R²=0.0454 Train R²=0.3724 Gap=0.3270  
[2025-11-20 10:39:25]     Epoch 16/30: Val R²=0.0428 Train R²=0.3763 Gap=0.3335  
[2025-11-20 10:39:26]     Epoch 17/30: Val R²=0.0429 Train R²=0.3820 Gap=0.3391  
[2025-11-20 10:39:28]     Epoch 18/30: Val R²=0.0202 Train R²=0.3816 Gap=0.3614  
[2025-11-20 10:39:29]     Epoch 19/30: Val R²=0.0473 Train R²=0.3919 Gap=0.3446  
[2025-11-20 10:39:30]     Epoch 20/30: Val R²=0.0314 Train R²=0.3958 Gap=0.3644  
[2025-11-20 10:39:31]     Epoch 21/30: Val R²=0.0391 Train R²=0.3980 Gap=0.3589  
[2025-11-20 10:39:31]     Early stopped at epoch 21
[2025-11-20 10:39:31] 
======================================================================
[2025-11-20 10:39:31] Config 3/1000 Complete:
[2025-11-20 10:39:31]   Best Val R²: 0.069281 (epoch 14)
[2025-11-20 10:39:31]   Best Global R²: 0.072596
[2025-11-20 10:39:31]   Overfitting Gap: 0.300693
[2025-11-20 10:39:31]   Parameters: 600,992
[2025-11-20 10:39:31]   Training Time: 26.3s
[2025-11-20 10:39:31]   Not better than global best (0.072596)
[2025-11-20 10:39:31]   Results saved to models/test_bruteforce_search_results.csv
[2025-11-20 10:39:31] 
======================================================================
[2025-11-20 10:39:31] Config 4/1000 - Starting Training:
[2025-11-20 10:39:31]   Architecture:
[2025-11-20 10:39:31]     Lookback: 50, Hidden: 128, Layers: 1, Dropout: 0.1
[2025-11-20 10:39:31]     Bidirectional: True, GRU: False
[2025-11-20 10:39:31]   Output Head:
[2025-11-20 10:39:31]     FC Layers: 1, FC Hidden: 128, Activation: relu
[2025-11-20 10:39:31]     FC Dropout: 0.1, Batch Norm: True
[2025-11-20 10:39:31]   Training:
[2025-11-20 10:39:31]     Batch Size: 128, LR: 0.0005, Weight Decay: 0.0001
[2025-11-20 10:39:31]     Optimizer: adamw, Grad Clip: 5.0, LR Patience: 3
[2025-11-20 10:39:33]     Epoch  1/30: Val R²=0.0029 Train R²=0.1597 Gap=0.1567 ✓
[2025-11-20 10:39:34]     Epoch  2/30: Val R²=0.0265 Train R²=0.2965 Gap=0.2701 ✓
[2025-11-20 10:39:35]     Epoch  3/30: Val R²=0.0451 Train R²=0.3198 Gap=0.2747 ✓
[2025-11-20 10:39:37]     Epoch  4/30: Val R²=0.0378 Train R²=0.3321 Gap=0.2942  
[2025-11-20 10:39:38]     Epoch  5/30: Val R²=0.0422 Train R²=0.3342 Gap=0.2921  
[2025-11-20 10:39:39]     Epoch  6/30: Val R²=0.0478 Train R²=0.3448 Gap=0.2970 ✓
[2025-11-20 10:39:40]     Epoch  7/30: Val R²=0.0425 Train R²=0.3460 Gap=0.3035  
[2025-11-20 10:39:42]     Epoch  8/30: Val R²=0.0484 Train R²=0.3555 Gap=0.3071 ✓
[2025-11-20 10:39:43]     Epoch  9/30: Val R²=0.0581 Train R²=0.3603 Gap=0.3022 ✓
[2025-11-20 10:39:44]     Epoch 10/30: Val R²=0.0504 Train R²=0.3608 Gap=0.3105  
[2025-11-20 10:39:46]     Epoch 11/30: Val R²=0.0508 Train R²=0.3673 Gap=0.3165  
[2025-11-20 10:39:47]     Epoch 12/30: Val R²=0.0495 Train R²=0.3679 Gap=0.3183  
[2025-11-20 10:39:48]     Epoch 13/30: Val R²=0.0701 Train R²=0.3726 Gap=0.3025 ✓
[2025-11-20 10:39:49]     Epoch 14/30: Val R²=0.0499 Train R²=0.3763 Gap=0.3263  
[2025-11-20 10:39:51]     Epoch 15/30: Val R²=0.0339 Train R²=0.3795 Gap=0.3456  
[2025-11-20 10:39:52]     Epoch 16/30: Val R²=0.0362 Train R²=0.3794 Gap=0.3432  
[2025-11-20 10:39:53]     Epoch 17/30: Val R²=0.0590 Train R²=0.3865 Gap=0.3275  
[2025-11-20 10:39:54]     Epoch 18/30: Val R²=0.0519 Train R²=0.4006 Gap=0.3486  
[2025-11-20 10:39:56]     Epoch 19/30: Val R²=0.0473 Train R²=0.4062 Gap=0.3589  
[2025-11-20 10:39:57]     Epoch 20/30: Val R²=0.0466 Train R²=0.4080 Gap=0.3614  
[2025-11-20 10:39:57]     Early stopped at epoch 20
[2025-11-20 10:39:57] 
======================================================================
[2025-11-20 10:39:57] Config 4/1000 Complete:
[2025-11-20 10:39:57]   Best Val R²: 0.070082 (epoch 13)
[2025-11-20 10:39:57]   Best Global R²: 0.072596
[2025-11-20 10:39:57]   Overfitting Gap: 0.302537
[2025-11-20 10:39:57]   Parameters: 600,992
[2025-11-20 10:39:57]   Training Time: 25.4s
[2025-11-20 10:39:57]   Not better than global best (0.072596)
[2025-11-20 10:39:57]   Results saved to models/test_bruteforce_search_results.csv
[2025-11-20 10:39:57] 
======================================================================
[2025-11-20 10:39:57] Config 5/1000 - Starting Training:
[2025-11-20 10:39:57]   Architecture:
[2025-11-20 10:39:57]     Lookback: 50, Hidden: 128, Layers: 1, Dropout: 0.1
[2025-11-20 10:39:57]     Bidirectional: True, GRU: False
[2025-11-20 10:39:57]   Output Head:
[2025-11-20 10:39:57]     FC Layers: 1, FC Hidden: 128, Activation: relu
[2025-11-20 10:39:57]     FC Dropout: 0.1, Batch Norm: False
[2025-11-20 10:39:57]   Training:
[2025-11-20 10:39:57]     Batch Size: 128, LR: 0.0001, Weight Decay: 0.0001
[2025-11-20 10:39:57]     Optimizer: adam, Grad Clip: 5.0, LR Patience: 3
[2025-11-20 10:39:58]     Epoch  1/30: Val R²=-0.0424 Train R²=0.0163 Gap=0.0587 ✓
[2025-11-20 10:39:59]     Epoch  2/30: Val R²=-0.0301 Train R²=0.1354 Gap=0.1655 ✓
[2025-11-20 10:40:00]     Epoch  3/30: Val R²=-0.0112 Train R²=0.2227 Gap=0.2339 ✓
[2025-11-20 10:40:02]     Epoch  4/30: Val R²=0.0025 Train R²=0.2715 Gap=0.2690 ✓
[2025-11-20 10:40:03]     Epoch  5/30: Val R²=0.0164 Train R²=0.2927 Gap=0.2763 ✓
[2025-11-20 10:40:04]     Epoch  6/30: Val R²=0.0221 Train R²=0.3036 Gap=0.2815 ✓
[2025-11-20 10:40:05]     Epoch  7/30: Val R²=0.0235 Train R²=0.3063 Gap=0.2828 ✓
[2025-11-20 10:40:06]     Epoch  8/30: Val R²=0.0408 Train R²=0.3140 Gap=0.2731 ✓
[2025-11-20 10:40:07]     Epoch  9/30: Val R²=0.0409 Train R²=0.3158 Gap=0.2749 ✓
[2025-11-20 10:40:09]     Epoch 10/30: Val R²=0.0425 Train R²=0.3202 Gap=0.2777 ✓
[2025-11-20 10:40:10]     Epoch 11/30: Val R²=0.0461 Train R²=0.3217 Gap=0.2756 ✓
[2025-11-20 10:40:11]     Epoch 12/30: Val R²=0.0487 Train R²=0.3255 Gap=0.2769 ✓
[2025-11-20 10:40:12]     Epoch 13/30: Val R²=0.0506 Train R²=0.3277 Gap=0.2770 ✓
[2025-11-20 10:40:13]     Epoch 14/30: Val R²=0.0492 Train R²=0.3305 Gap=0.2812  
[2025-11-20 10:40:15]     Epoch 15/30: Val R²=0.0492 Train R²=0.3328 Gap=0.2836  
[2025-11-20 10:40:16]     Epoch 16/30: Val R²=0.0517 Train R²=0.3341 Gap=0.2824 ✓
[2025-11-20 10:40:17]     Epoch 17/30: Val R²=0.0516 Train R²=0.3374 Gap=0.2859  
[2025-11-20 10:40:18]     Epoch 18/30: Val R²=0.0497 Train R²=0.3383 Gap=0.2886  
[2025-11-20 10:40:19]     Epoch 19/30: Val R²=0.0537 Train R²=0.3381 Gap=0.2844 ✓
[2025-11-20 10:40:20]     Epoch 20/30: Val R²=0.0515 Train R²=0.3419 Gap=0.2904  
[2025-11-20 10:40:22]     Epoch 21/30: Val R²=0.0482 Train R²=0.3436 Gap=0.2954  
[2025-11-20 10:40:23]     Epoch 22/30: Val R²=0.0525 Train R²=0.3419 Gap=0.2894  
[2025-11-20 10:40:24]     Epoch 23/30: Val R²=0.0540 Train R²=0.3455 Gap=0.2915 ✓
[2025-11-20 10:40:25]     Epoch 24/30: Val R²=0.0530 Train R²=0.3456 Gap=0.2925  
[2025-11-20 10:40:26]     Epoch 25/30: Val R²=0.0602 Train R²=0.3482 Gap=0.2880 ✓
[2025-11-20 10:40:28]     Epoch 26/30: Val R²=0.0601 Train R²=0.3465 Gap=0.2863  
[2025-11-20 10:40:29]     Epoch 27/30: Val R²=0.0589 Train R²=0.3507 Gap=0.2918  
[2025-11-20 10:40:30]     Epoch 28/30: Val R²=0.0548 Train R²=0.3507 Gap=0.2959  
[2025-11-20 10:40:31]     Epoch 29/30: Val R²=0.0573 Train R²=0.3503 Gap=0.2930  
[2025-11-20 10:40:33]     Epoch 30/30: Val R²=0.0586 Train R²=0.3534 Gap=0.2949  
[2025-11-20 10:40:33] 
======================================================================
[2025-11-20 10:40:33] Config 5/1000 Complete:
[2025-11-20 10:40:33]   Best Val R²: 0.060158 (epoch 25)
[2025-11-20 10:40:33]   Best Global R²: 0.072596
[2025-11-20 10:40:33]   Overfitting Gap: 0.288005
[2025-11-20 10:40:33]   Parameters: 599,456
[2025-11-20 10:40:33]   Training Time: 35.7s
[2025-11-20 10:40:33]   Not better than global best (0.072596)
[2025-11-20 10:40:33]   Results saved to models/test_bruteforce_search_results.csv
[2025-11-20 10:40:33] 
======================================================================
[2025-11-20 10:40:33] Config 6/1000 - Starting Training:
[2025-11-20 10:40:33]   Architecture:
[2025-11-20 10:40:33]     Lookback: 50, Hidden: 128, Layers: 1, Dropout: 0.1
[2025-11-20 10:40:33]     Bidirectional: True, GRU: False
[2025-11-20 10:40:33]   Output Head:
[2025-11-20 10:40:33]     FC Layers: 1, FC Hidden: 128, Activation: relu
[2025-11-20 10:40:33]     FC Dropout: 0.1, Batch Norm: False
[2025-11-20 10:40:33]   Training:
[2025-11-20 10:40:33]     Batch Size: 128, LR: 0.0001, Weight Decay: 0.0001
[2025-11-20 10:40:33]     Optimizer: adamw, Grad Clip: 5.0, LR Patience: 3
[2025-11-20 10:40:34]     Epoch  1/30: Val R²=-0.0526 Train R²=0.0128 Gap=0.0654 ✓
[2025-11-20 10:40:35]     Epoch  2/30: Val R²=-0.0316 Train R²=0.1263 Gap=0.1579 ✓
[2025-11-20 10:40:36]     Epoch  3/30: Val R²=-0.0063 Train R²=0.2209 Gap=0.2272 ✓
[2025-11-20 10:40:37]     Epoch  4/30: Val R²=0.0106 Train R²=0.2664 Gap=0.2558 ✓
[2025-11-20 10:40:38]     Epoch  5/30: Val R²=0.0128 Train R²=0.2919 Gap=0.2791 ✓
[2025-11-20 10:40:40]     Epoch  6/30: Val R²=0.0188 Train R²=0.2996 Gap=0.2808 ✓
[2025-11-20 10:40:41]     Epoch  7/30: Val R²=0.0253 Train R²=0.3082 Gap=0.2829 ✓
[2025-11-20 10:40:42]     Epoch  8/30: Val R²=0.0277 Train R²=0.3147 Gap=0.2870 ✓
[2025-11-20 10:40:43]     Epoch  9/30: Val R²=0.0306 Train R²=0.3184 Gap=0.2879 ✓
[2025-11-20 10:40:44]     Epoch 10/30: Val R²=0.0380 Train R²=0.3228 Gap=0.2848 ✓
[2025-11-20 10:40:45]     Epoch 11/30: Val R²=0.0396 Train R²=0.3261 Gap=0.2865 ✓
[2025-11-20 10:40:47]     Epoch 12/30: Val R²=0.0337 Train R²=0.3305 Gap=0.2968  
[2025-11-20 10:40:48]     Epoch 13/30: Val R²=0.0295 Train R²=0.3315 Gap=0.3020  
[2025-11-20 10:40:49]     Epoch 14/30: Val R²=0.0381 Train R²=0.3362 Gap=0.2981  
[2025-11-20 10:40:50]     Epoch 15/30: Val R²=0.0339 Train R²=0.3356 Gap=0.3017  
[2025-11-20 10:40:51]     Epoch 16/30: Val R²=0.0342 Train R²=0.3414 Gap=0.3072  
[2025-11-20 10:40:52]     Epoch 17/30: Val R²=0.0421 Train R²=0.3400 Gap=0.2979 ✓
[2025-11-20 10:40:53]     Epoch 18/30: Val R²=0.0372 Train R²=0.3433 Gap=0.3062  
[2025-11-20 10:40:55]     Epoch 19/30: Val R²=0.0394 Train R²=0.3422 Gap=0.3028  
[2025-11-20 10:40:56]     Epoch 20/30: Val R²=0.0416 Train R²=0.3433 Gap=0.3016  
[2025-11-20 10:40:57]     Epoch 21/30: Val R²=0.0364 Train R²=0.3445 Gap=0.3082  
[2025-11-20 10:40:58]     Epoch 22/30: Val R²=0.0370 Train R²=0.3467 Gap=0.3097  
[2025-11-20 10:40:59]     Epoch 23/30: Val R²=0.0391 Train R²=0.3474 Gap=0.3083  
[2025-11-20 10:41:01]     Epoch 24/30: Val R²=0.0376 Train R²=0.3482 Gap=0.3106  
[2025-11-20 10:41:01]     Early stopped at epoch 24
[2025-11-20 10:41:01] 
======================================================================
[2025-11-20 10:41:01] Config 6/1000 Complete:
[2025-11-20 10:41:01]   Best Val R²: 0.042094 (epoch 17)
[2025-11-20 10:41:01]   Best Global R²: 0.072596
[2025-11-20 10:41:01]   Overfitting Gap: 0.297903
[2025-11-20 10:41:01]   Parameters: 599,456
[2025-11-20 10:41:01]   Training Time: 28.0s
[2025-11-20 10:41:01]   Not better than global best (0.072596)
[2025-11-20 10:41:01]   Results saved to models/test_bruteforce_search_results.csv
[2025-11-20 10:41:01] 
======================================================================
[2025-11-20 10:41:01] Config 7/1000 - Starting Training:
[2025-11-20 10:41:01]   Architecture:
[2025-11-20 10:41:01]     Lookback: 50, Hidden: 128, Layers: 1, Dropout: 0.1
[2025-11-20 10:41:01]     Bidirectional: True, GRU: False
[2025-11-20 10:41:01]   Output Head:
[2025-11-20 10:41:01]     FC Layers: 1, FC Hidden: 128, Activation: relu
[2025-11-20 10:41:01]     FC Dropout: 0.1, Batch Norm: False
[2025-11-20 10:41:01]   Training:
[2025-11-20 10:41:01]     Batch Size: 128, LR: 0.0005, Weight Decay: 0.0001
[2025-11-20 10:41:01]     Optimizer: adam, Grad Clip: 5.0, LR Patience: 3
[2025-11-20 10:41:02]     Epoch  1/30: Val R²=-0.0150 Train R²=0.1473 Gap=0.1622 ✓
[2025-11-20 10:41:03]     Epoch  2/30: Val R²=0.0270 Train R²=0.2925 Gap=0.2655 ✓
[2025-11-20 10:41:04]     Epoch  3/30: Val R²=0.0268 Train R²=0.3136 Gap=0.2868  
[2025-11-20 10:41:05]     Epoch  4/30: Val R²=0.0347 Train R²=0.3250 Gap=0.2903 ✓
[2025-11-20 10:41:06]     Epoch  5/30: Val R²=0.0384 Train R²=0.3340 Gap=0.2956 ✓
[2025-11-20 10:41:08]     Epoch  6/30: Val R²=0.0470 Train R²=0.3388 Gap=0.2918 ✓
[2025-11-20 10:41:09]     Epoch  7/30: Val R²=0.0322 Train R²=0.3406 Gap=0.3083  
[2025-11-20 10:41:10]     Epoch  8/30: Val R²=0.0592 Train R²=0.3470 Gap=0.2879 ✓
[2025-11-20 10:41:11]     Epoch  9/30: Val R²=0.0551 Train R²=0.3493 Gap=0.2942  
[2025-11-20 10:41:12]     Epoch 10/30: Val R²=0.0601 Train R²=0.3505 Gap=0.2905 ✓
[2025-11-20 10:41:14]     Epoch 11/30: Val R²=0.0519 Train R²=0.3541 Gap=0.3022  
[2025-11-20 10:41:15]     Epoch 12/30: Val R²=0.0664 Train R²=0.3553 Gap=0.2889 ✓
[2025-11-20 10:41:16]     Epoch 13/30: Val R²=0.0676 Train R²=0.3587 Gap=0.2911 ✓
[2025-11-20 10:41:17]     Epoch 14/30: Val R²=0.0635 Train R²=0.3591 Gap=0.2956  
[2025-11-20 10:41:18]     Epoch 15/30: Val R²=0.0722 Train R²=0.3617 Gap=0.2894 ✓
[2025-11-20 10:41:20]     Epoch 16/30: Val R²=0.0692 Train R²=0.3656 Gap=0.2964  
