[2025-11-23 18:28:29] ======================================================================
[2025-11-23 18:28:29] BRUTE FORCE HYPERPARAMETER SEARCH WITH AUTO-SUBMISSION (EXHAUSTIVE MODE)
[2025-11-23 18:28:29] ======================================================================
[2025-11-23 18:28:29] Started at: 2025-11-23 18:28:29
[2025-11-23 18:28:29] Mode: FULL
[2025-11-23 18:28:29] Best R² to beat: 0.375100
[2025-11-23 18:28:29] Log file: logs/bruteforce_20251123_182829.log
[2025-11-23 18:28:29] 
[2025-11-23 18:28:29] Device Detection:
[2025-11-23 18:28:29]   PyTorch version: 2.7.1
[2025-11-23 18:28:29]   Requested: auto
[2025-11-23 18:28:29]   MPS available: ✓
[2025-11-23 18:28:29]   CUDA available: ✗
[2025-11-23 18:28:29]   Using: MPS
[2025-11-23 18:28:29] 
[2025-11-23 18:28:29] Loading data...
[2025-11-23 18:28:29] Train: 465,000 rows, 465 sequences
[2025-11-23 18:28:29] Val:   52,000 rows, 52 sequences
[2025-11-23 18:28:29] Features: 32
[2025-11-23 18:28:29] 
[2025-11-23 18:28:29] Total possible combinations (Cartesian product): 1,024
[2025-11-23 18:28:29] Configurations to run (cap): 3
[2025-11-23 18:28:29] Starting exhaustive brute force search...
[2025-11-23 18:28:29] 
[2025-11-23 18:28:29] 
======================================================================
[2025-11-23 18:28:29] Config 1/3 - Starting Training:
[2025-11-23 18:28:29]   Architecture (Encoder-Decoder):
[2025-11-23 18:28:29]     Lookback: 30, GRU: True, Bidirectional: True
[2025-11-23 18:28:29]     Encoder: 1 layers, 128 hidden
[2025-11-23 18:28:29]     Decoder: 1 layers, 64 hidden
[2025-11-23 18:28:29]     Attention Dim: 64
[2025-11-23 18:28:29]     Dropout: 0.2, DropConnect: 0.1, BatchNorm: True
[2025-11-23 18:28:29]   Training:
[2025-11-23 18:28:29]     Batch Size: 256, LR: 0.0005, Weight Decay: 0.0
[2025-11-23 18:28:29]     Optimizer: adamw, Grad Clip: 1.0, LR Patience: 5
