[2025-11-26 16:55:49] ======================================================================
[2025-11-26 16:55:49] BRUTE FORCE HYPERPARAMETER SEARCH WITH AUTO-SUBMISSION (EXHAUSTIVE MODE)
[2025-11-26 16:55:49] ======================================================================
[2025-11-26 16:55:49] Started at: 2025-11-26 16:55:49
[2025-11-26 16:55:49] Mode: FULL
[2025-11-26 16:55:49] Best R² to beat: 0.340000
[2025-11-26 16:55:49] Log file: logs/bruteforce_20251126_165549.log
[2025-11-26 16:55:49] 
[2025-11-26 16:55:49] Device Detection:
[2025-11-26 16:55:49]   PyTorch version: 2.7.1
[2025-11-26 16:55:49]   Requested: auto
[2025-11-26 16:55:49]   MPS available: ✓
[2025-11-26 16:55:49]   CUDA available: ✗
[2025-11-26 16:55:49]   Using: MPS
[2025-11-26 16:55:49] 
[2025-11-26 16:55:49] Loading data...
[2025-11-26 16:55:50] Train: 465,000 rows, 465 sequences
[2025-11-26 16:55:50] Val:   52,000 rows, 52 sequences
[2025-11-26 16:55:50] Features: 32
[2025-11-26 16:55:50] 
[2025-11-26 16:55:50] Total possible combinations (Cartesian product): 256
[2025-11-26 16:55:50] Configurations to run (cap): 256
[2025-11-26 16:55:50] Starting exhaustive brute force search...
[2025-11-26 16:55:50] 
[2025-11-26 16:55:50] 
======================================================================
[2025-11-26 16:55:50] Config 1/256 - Starting Training:
[2025-11-26 16:55:50]   Architecture:
[2025-11-26 16:55:50]     Lookback: 100, Hidden: 192, Layers: 2, Dropout: 0.05
[2025-11-26 16:55:50]     Bidirectional: True, GRU: True
[2025-11-26 16:55:50]   Output Head:
[2025-11-26 16:55:50]     FC Layers: 2, FC Hidden: 256, Activation: gelu
[2025-11-26 16:55:50]     FC Dropout: 0.1, Batch Norm: True
[2025-11-26 16:55:50]   Training:
[2025-11-26 16:55:50]     Batch Size: 128, LR: 0.001, Weight Decay: 5e-05
[2025-11-26 16:55:50]     Optimizer: adam, Grad Clip: 5.0, LR Patience: 3
