[2025-12-01 14:56:38] ======================================================================
[2025-12-01 14:56:38] BRUTE FORCE HYPERPARAMETER SEARCH WITH AUTO-SUBMISSION (EXHAUSTIVE MODE)
[2025-12-01 14:56:38] ======================================================================
[2025-12-01 14:56:38] Started at: 2025-12-01 14:56:38
[2025-12-01 14:56:38] Mode: FULL
[2025-12-01 14:56:38] Best R² to beat: 0.340000
[2025-12-01 14:56:38] Log file: logs/bruteforce_20251201_145638.log
[2025-12-01 14:56:38] 
[2025-12-01 14:56:38] Device Detection:
[2025-12-01 14:56:38]   PyTorch version: 2.7.1
[2025-12-01 14:56:38]   Requested: auto
[2025-12-01 14:56:38]   MPS available: ✓
[2025-12-01 14:56:38]   CUDA available: ✗
[2025-12-01 14:56:38]   Using: MPS
[2025-12-01 14:56:38] 
[2025-12-01 14:56:38] Loading data...
[2025-12-01 14:56:38] Train: 465,000 rows, 465 sequences
[2025-12-01 14:56:38] Val:   52,000 rows, 52 sequences
[2025-12-01 14:56:38] Features: 32
[2025-12-01 14:56:38] 
[2025-12-01 14:56:38] Total possible combinations (Cartesian product): 1
[2025-12-01 14:56:38] Configurations to run (cap): 1
[2025-12-01 14:56:38] Starting exhaustive brute force search...
[2025-12-01 14:56:38] 
[2025-12-01 14:56:38] 
======================================================================
[2025-12-01 14:56:38] Config 1/1 - Starting Training:
[2025-12-01 14:56:38]   Architecture:
[2025-12-01 14:56:38]     Lookback: 100, Hidden: 256, Layers: 1, Dropout: 0.1
[2025-12-01 14:56:38]     Bidirectional: True, GRU: True
[2025-12-01 14:56:38]   Output Head:
[2025-12-01 14:56:38]     FC Layers: 3, FC Hidden: 1536, Activation: relu
[2025-12-01 14:56:38]     FC Dropout: 0.2, Batch Norm: True
[2025-12-01 14:56:38]   Training:
[2025-12-01 14:56:38]     Batch Size: 256, LR: 0.001, Weight Decay: 0.0001
[2025-12-01 14:56:38]     Optimizer: adam, Grad Clip: 5.0, LR Patience: 3
[2025-12-01 15:02:25]     Epoch  1/100: Val R²=0.3474 Train R²=0.3409 Gap=-0.0065 ✓
[2025-12-01 15:07:59]     Epoch  2/100: Val R²=0.3554 Train R²=0.3644 Gap=0.0090 ✓
[2025-12-01 15:13:28]     Epoch  3/100: Val R²=0.3537 Train R²=0.3692 Gap=0.0155  
[2025-12-01 15:18:58]     Epoch  4/100: Val R²=0.3617 Train R²=0.3721 Gap=0.0104 ✓
[2025-12-01 15:24:28]     Epoch  5/100: Val R²=0.3616 Train R²=0.3738 Gap=0.0122  
[2025-12-01 15:29:58]     Epoch  6/100: Val R²=0.3637 Train R²=0.3753 Gap=0.0116 ✓
[2025-12-01 15:35:27]     Epoch  7/100: Val R²=0.3625 Train R²=0.3768 Gap=0.0143  
[2025-12-01 15:40:56]     Epoch  8/100: Val R²=0.3627 Train R²=0.3772 Gap=0.0145  
[2025-12-01 15:46:54]     Epoch  9/100: Val R²=0.3630 Train R²=0.3779 Gap=0.0149  
[2025-12-01 15:53:29]     Epoch 10/100: Val R²=0.3517 Train R²=0.3783 Gap=0.0266  
[2025-12-01 16:01:25]     Epoch 11/100: Val R²=0.3702 Train R²=0.3846 Gap=0.0144 ✓
[2025-12-01 16:10:18]     Epoch 12/100: Val R²=0.3688 Train R²=0.3859 Gap=0.0171  
[2025-12-01 16:18:59]     Epoch 13/100: Val R²=0.3685 Train R²=0.3865 Gap=0.0181  
[2025-12-01 16:27:35]     Epoch 14/100: Val R²=0.3711 Train R²=0.3873 Gap=0.0162 ✓
[2025-12-01 16:36:26]     Epoch 15/100: Val R²=0.3663 Train R²=0.3877 Gap=0.0214  
