[2025-11-23 22:46:11] ======================================================================
[2025-11-23 22:46:11] BRUTE FORCE HYPERPARAMETER SEARCH WITH AUTO-SUBMISSION (EXHAUSTIVE MODE)
[2025-11-23 22:46:11] ======================================================================
[2025-11-23 22:46:11] Started at: 2025-11-23 22:46:11
[2025-11-23 22:46:11] Mode: FULL
[2025-11-23 22:46:11] Best R² to beat: 0.340000
[2025-11-23 22:46:11] Log file: logs/bruteforce_20251123_224611.log
[2025-11-23 22:46:11] 
[2025-11-23 22:46:11] Device Detection:
[2025-11-23 22:46:11]   PyTorch version: 2.7.1
[2025-11-23 22:46:11]   Requested: auto
[2025-11-23 22:46:11]   MPS available: ✓
[2025-11-23 22:46:11]   CUDA available: ✗
[2025-11-23 22:46:11]   Using: MPS
[2025-11-23 22:46:11] 
[2025-11-23 22:46:11] Loading data...
[2025-11-23 22:46:11] Train: 465,000 rows, 465 sequences
[2025-11-23 22:46:11] Val:   52,000 rows, 52 sequences
[2025-11-23 22:46:11] Features: 32
[2025-11-23 22:46:11] 
[2025-11-23 22:46:11] Total possible combinations (Cartesian product): 1
[2025-11-23 22:46:11] Configurations to run (cap): 1
[2025-11-23 22:46:11] Starting exhaustive brute force search...
[2025-11-23 22:46:11] 
[2025-11-23 22:46:11] 
======================================================================
[2025-11-23 22:46:11] Config 1/1 - Starting Training:
[2025-11-23 22:46:11]   Architecture:
[2025-11-23 22:46:11]     Lookback: 100, Hidden: 128, Layers: 1, Dropout: 0.1
[2025-11-23 22:46:11]     Bidirectional: True, GRU: True
[2025-11-23 22:46:11]   Output Head:
[2025-11-23 22:46:11]     FC Layers: 2, FC Hidden: 256, Activation: relu
[2025-11-23 22:46:11]     FC Dropout: 0.2, Batch Norm: True
[2025-11-23 22:46:11]   Training:
[2025-11-23 22:46:11]     Batch Size: 256, LR: 0.001, Weight Decay: 0.0001
[2025-11-23 22:46:11]     Optimizer: adam, Grad Clip: 5.0, LR Patience: 3
[2025-11-23 22:52:41]     Epoch  1/60: Val R²=0.3516 Train R²=0.3435 Gap=-0.0080 ✓
[2025-11-23 22:59:07]     Epoch  2/60: Val R²=0.3568 Train R²=0.3671 Gap=0.0103 ✓
[2025-11-23 23:05:19]     Epoch  3/60: Val R²=0.3621 Train R²=0.3720 Gap=0.0098 ✓
[2025-11-23 23:11:35]     Epoch  4/60: Val R²=0.3641 Train R²=0.3744 Gap=0.0103 ✓
[2025-11-23 23:18:06]     Epoch  5/60: Val R²=0.3621 Train R²=0.3763 Gap=0.0142  
[2025-11-23 23:24:39]     Epoch  6/60: Val R²=0.3660 Train R²=0.3777 Gap=0.0117 ✓
[2025-11-23 23:31:03]     Epoch  7/60: Val R²=0.3617 Train R²=0.3788 Gap=0.0170  
[2025-11-23 23:37:24]     Epoch  8/60: Val R²=0.3649 Train R²=0.3795 Gap=0.0146  
[2025-11-23 23:43:44]     Epoch  9/60: Val R²=0.3672 Train R²=0.3805 Gap=0.0133 ✓
[2025-11-23 23:49:59]     Epoch 10/60: Val R²=0.3653 Train R²=0.3806 Gap=0.0153  
[2025-11-23 23:56:14]     Epoch 11/60: Val R²=0.3670 Train R²=0.3811 Gap=0.0141  
[2025-11-24 00:02:29]     Epoch 12/60: Val R²=0.3683 Train R²=0.3815 Gap=0.0132 ✓
[2025-11-24 00:08:47]     Epoch 13/60: Val R²=0.3690 Train R²=0.3820 Gap=0.0130 ✓
[2025-11-24 00:15:09]     Epoch 14/60: Val R²=0.3644 Train R²=0.3821 Gap=0.0177  
[2025-11-24 00:21:35]     Epoch 15/60: Val R²=0.3692 Train R²=0.3824 Gap=0.0132 ✓
[2025-11-24 00:27:54]     Epoch 16/60: Val R²=0.3689 Train R²=0.3831 Gap=0.0142  
[2025-11-24 00:34:20]     Epoch 17/60: Val R²=0.3673 Train R²=0.3831 Gap=0.0158  
[2025-11-24 00:40:40]     Epoch 18/60: Val R²=0.3675 Train R²=0.3828 Gap=0.0153  
[2025-11-24 00:46:57]     Epoch 19/60: Val R²=0.3667 Train R²=0.3834 Gap=0.0167  
[2025-11-24 00:53:05]     Epoch 20/60: Val R²=0.3707 Train R²=0.3875 Gap=0.0168 ✓
[2025-11-24 00:59:15]     Epoch 21/60: Val R²=0.3719 Train R²=0.3884 Gap=0.0164 ✓
[2025-11-24 01:05:27]     Epoch 22/60: Val R²=0.3707 Train R²=0.3890 Gap=0.0183  
[2025-11-24 01:11:38]     Epoch 23/60: Val R²=0.3712 Train R²=0.3888 Gap=0.0176  
[2025-11-24 01:17:49]     Epoch 24/60: Val R²=0.3706 Train R²=0.3893 Gap=0.0187  
[2025-11-24 01:23:59]     Epoch 25/60: Val R²=0.3707 Train R²=0.3894 Gap=0.0187  
[2025-11-24 01:30:02]     Epoch 26/60: Val R²=0.3715 Train R²=0.3923 Gap=0.0208  
[2025-11-24 01:36:06]     Epoch 27/60: Val R²=0.3733 Train R²=0.3928 Gap=0.0195 ✓
[2025-11-24 01:42:10]     Epoch 28/60: Val R²=0.3736 Train R²=0.3932 Gap=0.0196 ✓
[2025-11-24 01:48:22]     Epoch 29/60: Val R²=0.3733 Train R²=0.3931 Gap=0.0199  
[2025-11-24 01:54:34]     Epoch 30/60: Val R²=0.3737 Train R²=0.3934 Gap=0.0197 ✓
[2025-11-24 02:00:48]     Epoch 31/60: Val R²=0.3741 Train R²=0.3936 Gap=0.0194 ✓
[2025-11-24 02:07:00]     Epoch 32/60: Val R²=0.3731 Train R²=0.3938 Gap=0.0208  
[2025-11-24 02:13:07]     Epoch 33/60: Val R²=0.3746 Train R²=0.3938 Gap=0.0192 ✓
[2025-11-24 02:19:11]     Epoch 34/60: Val R²=0.3725 Train R²=0.3940 Gap=0.0215  
[2025-11-24 02:25:15]     Epoch 35/60: Val R²=0.3734 Train R²=0.3939 Gap=0.0205  
[2025-11-24 02:31:22]     Epoch 36/60: Val R²=0.3729 Train R²=0.3942 Gap=0.0213  
[2025-11-24 02:37:33]     Epoch 37/60: Val R²=0.3742 Train R²=0.3943 Gap=0.0201  
[2025-11-24 02:43:44]     Epoch 38/60: Val R²=0.3733 Train R²=0.3964 Gap=0.0231  
[2025-11-24 02:49:54]     Epoch 39/60: Val R²=0.3744 Train R²=0.3968 Gap=0.0224  
[2025-11-24 02:56:05]     Epoch 40/60: Val R²=0.3738 Train R²=0.3969 Gap=0.0231  
[2025-11-24 03:02:11]     Epoch 41/60: Val R²=0.3735 Train R²=0.3971 Gap=0.0236  
[2025-11-24 03:08:14]     Epoch 42/60: Val R²=0.3747 Train R²=0.3985 Gap=0.0238 ✓
[2025-11-24 03:14:16]     Epoch 43/60: Val R²=0.3752 Train R²=0.3988 Gap=0.0235 ✓
[2025-11-24 03:20:25]     Epoch 44/60: Val R²=0.3743 Train R²=0.3986 Gap=0.0244  
[2025-11-24 03:26:35]     Epoch 45/60: Val R²=0.3743 Train R²=0.3989 Gap=0.0246  
[2025-11-24 03:32:46]     Epoch 46/60: Val R²=0.3748 Train R²=0.3988 Gap=0.0240  
[2025-11-24 03:38:56]     Epoch 47/60: Val R²=0.3743 Train R²=0.3992 Gap=0.0249  
[2025-11-24 03:45:06]     Epoch 48/60: Val R²=0.3748 Train R²=0.3996 Gap=0.0249  
[2025-11-24 03:51:10]     Epoch 49/60: Val R²=0.3750 Train R²=0.3997 Gap=0.0247  
[2025-11-24 03:57:14]     Epoch 50/60: Val R²=0.3748 Train R²=0.3999 Gap=0.0251  
[2025-11-24 04:03:17]     Epoch 51/60: Val R²=0.3747 Train R²=0.4001 Gap=0.0254  
[2025-11-24 04:09:27]     Epoch 52/60: Val R²=0.3748 Train R²=0.4005 Gap=0.0257  
[2025-11-24 04:15:38]     Epoch 53/60: Val R²=0.3750 Train R²=0.4005 Gap=0.0255  
[2025-11-24 04:15:38]     Early stopped at epoch 53
[2025-11-24 04:15:38] 
======================================================================
[2025-11-24 04:15:38] Config 1/1 Complete:
[2025-11-24 04:15:38]   Best Val R²: 0.375249 (epoch 43)
[2025-11-24 04:15:38]   Best Global R²: 0.340000
[2025-11-24 04:15:38]   Overfitting Gap: 0.023515
[2025-11-24 04:15:38]   Parameters: 198,944
[2025-11-24 04:15:38]   Training Time: 19766.9s
[2025-11-24 04:15:38] 
🎉🎉🎉 NEW GLOBAL BEST! R² improved from 0.340000 to 0.375249
[2025-11-24 04:15:38] 
======================================================================
[2025-11-24 04:15:38] 🏆 CREATING SUBMISSION - NEW BEST MODEL!
[2025-11-24 04:15:38] ======================================================================
[2025-11-24 04:15:38]   Val R²: 0.375249
[2025-11-24 04:15:38]   Directory: ../submissions/bruteforce_r2_03752_20251123_224611_cfg1
[2025-11-24 04:15:38]   Saved model: model_best.pt
[2025-11-24 04:15:38]   Generated: solution.py
[2025-11-24 04:15:38]   Copied: utils.py
[2025-11-24 04:15:38]   Saved: metadata.json
[2025-11-24 04:15:38] ======================================================================

[2025-11-24 04:15:38]   Results saved to models/bruteforce_search_results_20251123_224611.csv
[2025-11-24 04:15:38] 
======================================================================
[2025-11-24 04:15:38] SEARCH COMPLETE
[2025-11-24 04:15:38] ======================================================================
[2025-11-24 04:15:38] Total time: 329.4 minutes
[2025-11-24 04:15:38] Successful configs: 1/1
[2025-11-24 04:15:38] Final best R²: 0.375249
[2025-11-24 04:15:38] Submissions created: 1
[2025-11-24 04:15:38] Results saved: models/bruteforce_search_results_20251123_224611.csv
[2025-11-24 04:15:38] 
[2025-11-24 04:15:38] Top 5 configurations:
[2025-11-24 04:15:38] 
 config_id  best_val_r2  overfitting_gap  lookback  hidden_size  num_layers  dropout  n_parameters
         1     0.375249         0.023515       100          128           1      0.1        198944
[2025-11-24 04:15:38] 
Submissions log saved: models/bruteforce_submissions_log.csv
[2025-11-24 04:15:38] 
Submissions created:
[2025-11-24 04:15:38]   ../submissions/bruteforce_r2_03752_20251123_224611_cfg1 (R²=0.375249)
