[2025-10-29 21:48:32] ======================================================================
[2025-10-29 21:48:32] BRUTE FORCE TRANSFORMER SEARCH
[2025-10-29 21:48:32] ======================================================================
[2025-10-29 21:48:32] Using device: mps
[2025-10-29 21:48:32] Loading data...
[2025-10-29 21:48:32] Train: 413,000 rows, 413 sequences
[2025-10-29 21:48:32] Val:   104,000 rows, 104 sequences
[2025-10-29 21:48:32] Features: 32
[2025-10-29 21:48:32] Total possible combinations (Cartesian product): 16
[2025-10-29 21:48:32] Configurations to run (cap): 16
[2025-10-29 21:48:32] Starting transformer brute force search...
[2025-10-29 21:48:32] 
======================================================================
[2025-10-29 21:48:32] Config 1/16 - Starting Training:
[2025-10-29 21:48:32]   Lookback: 50, d_model: 128, nhead: 4
[2025-10-29 21:49:11]     Epoch  1/60: Val R²=0.3212 Train R²=0.3030 Gap=-0.0181 ✓
[2025-10-29 21:49:51]     Epoch  2/60: Val R²=0.3321 Train R²=0.3464 Gap=0.0143 ✓
[2025-10-29 21:50:27]     Epoch  3/60: Val R²=0.3374 Train R²=0.3574 Gap=0.0200 ✓
[2025-10-29 21:51:07]     Epoch  4/60: Val R²=0.3410 Train R²=0.3639 Gap=0.0229 ✓
[2025-10-29 21:51:51]     Epoch  5/60: Val R²=0.3428 Train R²=0.3679 Gap=0.0251 ✓
[2025-10-29 21:52:31]     Epoch  6/60: Val R²=0.3426 Train R²=0.3713 Gap=0.0287  
[2025-10-29 21:53:09]     Epoch  7/60: Val R²=0.3443 Train R²=0.3732 Gap=0.0289 ✓
[2025-10-29 21:53:47]     Epoch  8/60: Val R²=0.3438 Train R²=0.3752 Gap=0.0314  
[2025-10-29 21:54:28]     Epoch  9/60: Val R²=0.3460 Train R²=0.3766 Gap=0.0306 ✓
[2025-10-29 21:55:07]     Epoch 10/60: Val R²=0.3464 Train R²=0.3778 Gap=0.0314 ✓
[2025-10-29 21:55:45]     Epoch 11/60: Val R²=0.3491 Train R²=0.3791 Gap=0.0300 ✓
[2025-10-29 21:56:25]     Epoch 12/60: Val R²=0.3485 Train R²=0.3801 Gap=0.0316  
[2025-10-29 21:57:01]     Epoch 13/60: Val R²=0.3487 Train R²=0.3813 Gap=0.0326  
[2025-10-29 21:57:37]     Epoch 14/60: Val R²=0.3496 Train R²=0.3821 Gap=0.0324 ✓
[2025-10-29 21:58:12]     Epoch 15/60: Val R²=0.3506 Train R²=0.3827 Gap=0.0322 ✓
[2025-10-29 21:58:46]     Epoch 16/60: Val R²=0.3506 Train R²=0.3835 Gap=0.0329 ✓
[2025-10-29 21:59:24]     Epoch 17/60: Val R²=0.3494 Train R²=0.3842 Gap=0.0347  
[2025-10-29 22:00:00]     Epoch 18/60: Val R²=0.3484 Train R²=0.3849 Gap=0.0365  
[2025-10-29 22:00:39]     Epoch 19/60: Val R²=0.3513 Train R²=0.3853 Gap=0.0340 ✓
[2025-10-29 22:01:15]     Epoch 20/60: Val R²=0.3516 Train R²=0.3860 Gap=0.0344 ✓
[2025-10-29 22:01:50]     Epoch 21/60: Val R²=0.3505 Train R²=0.3865 Gap=0.0360  
[2025-10-29 22:02:25]     Epoch 22/60: Val R²=0.3518 Train R²=0.3869 Gap=0.0352 ✓
[2025-10-29 22:03:00]     Epoch 23/60: Val R²=0.3517 Train R²=0.3876 Gap=0.0359  
[2025-10-29 22:03:38]     Epoch 24/60: Val R²=0.3491 Train R²=0.3883 Gap=0.0392  
[2025-10-29 22:04:16]     Epoch 25/60: Val R²=0.3501 Train R²=0.3884 Gap=0.0383  
[2025-10-29 22:04:52]     Epoch 26/60: Val R²=0.3510 Train R²=0.3891 Gap=0.0381  
[2025-10-29 22:05:32]     Epoch 27/60: Val R²=0.3530 Train R²=0.3912 Gap=0.0382 ✓
[2025-10-29 22:06:06]     Epoch 28/60: Val R²=0.3516 Train R²=0.3911 Gap=0.0395  
[2025-10-29 22:06:46]     Epoch 29/60: Val R²=0.3516 Train R²=0.3919 Gap=0.0403  
[2025-10-29 22:07:21]     Epoch 30/60: Val R²=0.3528 Train R²=0.3920 Gap=0.0392  
[2025-10-29 22:08:03]     Epoch 31/60: Val R²=0.3536 Train R²=0.3921 Gap=0.0385 ✓
[2025-10-29 22:08:39]     Epoch 32/60: Val R²=0.3529 Train R²=0.3925 Gap=0.0396  
[2025-10-29 22:09:15]     Epoch 33/60: Val R²=0.3524 Train R²=0.3925 Gap=0.0401  
[2025-10-29 22:09:52]     Epoch 34/60: Val R²=0.3530 Train R²=0.3932 Gap=0.0402  
