[2025-10-29 23:31:48] ======================================================================
[2025-10-29 23:31:48] BRUTE FORCE HYPERPARAMETER SEARCH WITH AUTO-SUBMISSION (EXHAUSTIVE MODE)
[2025-10-29 23:31:48] ======================================================================
[2025-10-29 23:31:48] Started at: 2025-10-29 23:31:48
[2025-10-29 23:31:48] Mode: FULL
[2025-10-29 23:31:48] Best R² to beat: 0.340000
[2025-10-29 23:31:48] Log file: logs/bruteforce_20251029_233148.log
[2025-10-29 23:31:48] 
[2025-10-29 23:31:48] Device Detection:
[2025-10-29 23:31:48]   PyTorch version: 2.7.1
[2025-10-29 23:31:48]   Requested: auto
[2025-10-29 23:31:48]   MPS available: ✓
[2025-10-29 23:31:48]   CUDA available: ✗
[2025-10-29 23:31:48]   Using: MPS
[2025-10-29 23:31:48] 
[2025-10-29 23:31:48] Loading data...
[2025-10-29 23:31:48] Train: 465,000 rows, 465 sequences
[2025-10-29 23:31:48] Val:   52,000 rows, 52 sequences
[2025-10-29 23:31:48] Features: 32
[2025-10-29 23:31:48] 
[2025-10-29 23:31:48] Total possible combinations (Cartesian product): 1
[2025-10-29 23:31:48] Configurations to run (cap): 1
[2025-10-29 23:31:48] Starting exhaustive brute force search...
[2025-10-29 23:31:48] 
[2025-10-29 23:31:48] 
======================================================================
[2025-10-29 23:31:48] Config 1/1 - Starting Training:
[2025-10-29 23:31:48]   Architecture:
[2025-10-29 23:31:48]     Lookback: 50, Hidden: 128, Layers: 1, Dropout: 0.1
[2025-10-29 23:31:48]     Bidirectional: True, GRU: True
[2025-10-29 23:31:48]   Output Head:
[2025-10-29 23:31:48]     FC Layers: 2, FC Hidden: 256, Activation: relu
[2025-10-29 23:31:48]     FC Dropout: 0.2, Batch Norm: True
[2025-10-29 23:31:48]   Training:
[2025-10-29 23:31:48]     Batch Size: 256, LR: 0.001, Weight Decay: 0.0001
[2025-10-29 23:31:48]     Optimizer: adam, Grad Clip: 5.0, LR Patience: 3
[2025-10-29 23:35:09]     Epoch  1/100: Val R²=0.3490 Train R²=0.3430 Gap=-0.0059 ✓
[2025-10-29 23:38:33]     Epoch  2/100: Val R²=0.3554 Train R²=0.3662 Gap=0.0108 ✓
[2025-10-29 23:41:58]     Epoch  3/100: Val R²=0.3561 Train R²=0.3710 Gap=0.0149 ✓
[2025-10-29 23:45:27]     Epoch  4/100: Val R²=0.3582 Train R²=0.3739 Gap=0.0157 ✓
[2025-10-29 23:48:55]     Epoch  5/100: Val R²=0.3634 Train R²=0.3755 Gap=0.0121 ✓
[2025-10-29 23:52:18]     Epoch  6/100: Val R²=0.3632 Train R²=0.3770 Gap=0.0138  
[2025-10-29 23:55:36]     Epoch  7/100: Val R²=0.3650 Train R²=0.3779 Gap=0.0128 ✓
[2025-10-29 23:58:53]     Epoch  8/100: Val R²=0.3662 Train R²=0.3788 Gap=0.0126 ✓
[2025-10-30 00:02:09]     Epoch  9/100: Val R²=0.3656 Train R²=0.3795 Gap=0.0139  
[2025-10-30 00:05:32]     Epoch 10/100: Val R²=0.3649 Train R²=0.3800 Gap=0.0151  
[2025-10-30 00:08:48]     Epoch 11/100: Val R²=0.3669 Train R²=0.3806 Gap=0.0137 ✓
[2025-10-30 00:12:03]     Epoch 12/100: Val R²=0.3633 Train R²=0.3809 Gap=0.0176  
[2025-10-30 00:15:19]     Epoch 13/100: Val R²=0.3644 Train R²=0.3816 Gap=0.0172  
[2025-10-30 00:18:32]     Epoch 14/100: Val R²=0.3672 Train R²=0.3814 Gap=0.0142 ✓
[2025-10-30 00:21:46]     Epoch 15/100: Val R²=0.3654 Train R²=0.3819 Gap=0.0164  
[2025-10-30 00:25:00]     Epoch 16/100: Val R²=0.3629 Train R²=0.3820 Gap=0.0191  
[2025-10-30 00:28:15]     Epoch 17/100: Val R²=0.3666 Train R²=0.3823 Gap=0.0158  
[2025-10-30 00:31:34]     Epoch 18/100: Val R²=0.3641 Train R²=0.3823 Gap=0.0182  
[2025-10-30 00:34:48]     Epoch 19/100: Val R²=0.3714 Train R²=0.3866 Gap=0.0152 ✓
[2025-10-30 00:38:02]     Epoch 20/100: Val R²=0.3693 Train R²=0.3873 Gap=0.0179  
[2025-10-30 00:41:18]     Epoch 21/100: Val R²=0.3695 Train R²=0.3878 Gap=0.0183  
[2025-10-30 00:44:32]     Epoch 22/100: Val R²=0.3701 Train R²=0.3879 Gap=0.0178  
[2025-10-30 00:47:49]     Epoch 23/100: Val R²=0.3690 Train R²=0.3880 Gap=0.0190  
[2025-10-30 00:51:07]     Epoch 24/100: Val R²=0.3724 Train R²=0.3911 Gap=0.0187 ✓
[2025-10-30 00:54:24]     Epoch 25/100: Val R²=0.3733 Train R²=0.3915 Gap=0.0182 ✓
[2025-10-30 00:57:42]     Epoch 26/100: Val R²=0.3728 Train R²=0.3915 Gap=0.0187  
[2025-10-30 01:01:00]     Epoch 27/100: Val R²=0.3730 Train R²=0.3919 Gap=0.0189  
[2025-10-30 01:04:18]     Epoch 28/100: Val R²=0.3729 Train R²=0.3919 Gap=0.0190  
[2025-10-30 01:07:34]     Epoch 29/100: Val R²=0.3731 Train R²=0.3921 Gap=0.0191  
[2025-10-30 01:10:50]     Epoch 30/100: Val R²=0.3735 Train R²=0.3941 Gap=0.0205 ✓
[2025-10-30 01:14:06]     Epoch 31/100: Val R²=0.3748 Train R²=0.3944 Gap=0.0196 ✓
[2025-10-30 01:17:17]     Epoch 32/100: Val R²=0.3735 Train R²=0.3947 Gap=0.0212  
[2025-10-30 01:20:29]     Epoch 33/100: Val R²=0.3739 Train R²=0.3948 Gap=0.0209  
[2025-10-30 01:23:42]     Epoch 34/100: Val R²=0.3747 Train R²=0.3948 Gap=0.0201  
[2025-10-30 01:26:55]     Epoch 35/100: Val R²=0.3738 Train R²=0.3951 Gap=0.0213  
[2025-10-30 01:30:11]     Epoch 36/100: Val R²=0.3746 Train R²=0.3961 Gap=0.0215  
[2025-10-30 01:33:28]     Epoch 37/100: Val R²=0.3749 Train R²=0.3965 Gap=0.0216 ✓
[2025-10-30 01:36:51]     Epoch 38/100: Val R²=0.3748 Train R²=0.3968 Gap=0.0220  
[2025-10-30 01:40:15]     Epoch 39/100: Val R²=0.3746 Train R²=0.3966 Gap=0.0220  
[2025-10-30 01:43:41]     Epoch 40/100: Val R²=0.3747 Train R²=0.3968 Gap=0.0221  
[2025-10-30 01:47:00]     Epoch 41/100: Val R²=0.3749 Train R²=0.3969 Gap=0.0220  
[2025-10-30 01:50:15]     Epoch 42/100: Val R²=0.3749 Train R²=0.3975 Gap=0.0227  
[2025-10-30 01:53:34]     Epoch 43/100: Val R²=0.3744 Train R²=0.3977 Gap=0.0233  
[2025-10-30 01:56:46]     Epoch 44/100: Val R²=0.3746 Train R²=0.3979 Gap=0.0232  
[2025-10-30 02:00:00]     Epoch 45/100: Val R²=0.3747 Train R²=0.3978 Gap=0.0231  
[2025-10-30 02:03:12]     Epoch 46/100: Val R²=0.3750 Train R²=0.3982 Gap=0.0232 ✓
[2025-10-30 02:06:25]     Epoch 47/100: Val R²=0.3752 Train R²=0.3983 Gap=0.0230 ✓
[2025-10-30 02:09:38]     Epoch 48/100: Val R²=0.3751 Train R²=0.3985 Gap=0.0234  
[2025-10-30 02:12:54]     Epoch 49/100: Val R²=0.3751 Train R²=0.3985 Gap=0.0234  
[2025-10-30 02:16:07]     Epoch 50/100: Val R²=0.3749 Train R²=0.3984 Gap=0.0235  
[2025-10-30 02:19:18]     Epoch 51/100: Val R²=0.3749 Train R²=0.3983 Gap=0.0234  
[2025-10-30 02:22:29]     Epoch 52/100: Val R²=0.3747 Train R²=0.3986 Gap=0.0240  
[2025-10-30 02:25:42]     Epoch 53/100: Val R²=0.3749 Train R²=0.3984 Gap=0.0235  
[2025-10-30 02:28:55]     Epoch 54/100: Val R²=0.3749 Train R²=0.3985 Gap=0.0236  
[2025-10-30 02:32:09]     Epoch 55/100: Val R²=0.3750 Train R²=0.3986 Gap=0.0236  
[2025-10-30 02:35:30]     Epoch 56/100: Val R²=0.3750 Train R²=0.3989 Gap=0.0239  
[2025-10-30 02:38:56]     Epoch 57/100: Val R²=0.3749 Train R²=0.3987 Gap=0.0239  
[2025-10-30 02:42:19]     Epoch 58/100: Val R²=0.3751 Train R²=0.3990 Gap=0.0239  
[2025-10-30 02:45:41]     Epoch 59/100: Val R²=0.3749 Train R²=0.3990 Gap=0.0241  
[2025-10-30 02:49:04]     Epoch 60/100: Val R²=0.3749 Train R²=0.3991 Gap=0.0242  
[2025-10-30 02:52:25]     Epoch 61/100: Val R²=0.3748 Train R²=0.3990 Gap=0.0242  
[2025-10-30 02:55:43]     Epoch 62/100: Val R²=0.3750 Train R²=0.3988 Gap=0.0239  
[2025-10-30 02:55:43]     Early stopped at epoch 62
[2025-10-30 02:55:43] 
======================================================================
[2025-10-30 02:55:43] Config 1/1 Complete:
[2025-10-30 02:55:43]   Best Val R²: 0.375229 (epoch 47)
[2025-10-30 02:55:43]   Best Global R²: 0.340000
[2025-10-30 02:55:43]   Overfitting Gap: 0.023032
[2025-10-30 02:55:43]   Parameters: 198,944
[2025-10-30 02:55:43]   Training Time: 12235.2s
[2025-10-30 02:55:43] 
🎉🎉🎉 NEW GLOBAL BEST! R² improved from 0.340000 to 0.375229
[2025-10-30 02:55:43] 
======================================================================
[2025-10-30 02:55:43] 🏆 CREATING SUBMISSION - NEW BEST MODEL!
[2025-10-30 02:55:43] ======================================================================
[2025-10-30 02:55:43]   Val R²: 0.375229
[2025-10-30 02:55:43]   Directory: ../submissions/bruteforce_r2_03752_20251029_233148_cfg1
[2025-10-30 02:55:43]   Saved model: model_best.pt
[2025-10-30 02:55:43]   Generated: solution.py
[2025-10-30 02:55:43]   Copied: utils.py
[2025-10-30 02:55:43]   Saved: metadata.json
[2025-10-30 02:55:43] ======================================================================

[2025-10-30 02:55:43]   Results saved to models/bruteforce_search_results_20251029_233148.csv
[2025-10-30 02:55:43] 
======================================================================
[2025-10-30 02:55:43] SEARCH COMPLETE
[2025-10-30 02:55:43] ======================================================================
[2025-10-30 02:55:43] Total time: 203.9 minutes
[2025-10-30 02:55:43] Successful configs: 1/1
[2025-10-30 02:55:43] Final best R²: 0.375229
[2025-10-30 02:55:43] Submissions created: 1
[2025-10-30 02:55:43] Results saved: models/bruteforce_search_results_20251029_233148.csv
[2025-10-30 02:55:43] 
[2025-10-30 02:55:43] Top 5 configurations:
[2025-10-30 02:55:43] 
 config_id  best_val_r2  overfitting_gap  lookback  hidden_size  num_layers  dropout  n_parameters
         1     0.375229         0.023032        50          128           1      0.1        198944
[2025-10-30 02:55:43] 
Submissions log saved: models/bruteforce_submissions_log.csv
[2025-10-30 02:55:43] 
Submissions created:
[2025-10-30 02:55:43]   ../submissions/bruteforce_r2_03752_20251029_233148_cfg1 (R²=0.375229)
