[2025-11-23 22:45:41] ======================================================================
[2025-11-23 22:45:41] BRUTE FORCE HYPERPARAMETER SEARCH WITH AUTO-SUBMISSION (EXHAUSTIVE MODE)
[2025-11-23 22:45:41] ======================================================================
[2025-11-23 22:45:41] Started at: 2025-11-23 22:45:41
[2025-11-23 22:45:41] Mode: FULL
[2025-11-23 22:45:41] Best R² to beat: 0.340000
[2025-11-23 22:45:41] Log file: logs/bruteforce_20251123_224541.log
[2025-11-23 22:45:41] 
[2025-11-23 22:45:41] Device Detection:
[2025-11-23 22:45:41]   PyTorch version: 2.7.1
[2025-11-23 22:45:41]   Requested: auto
[2025-11-23 22:45:41]   MPS available: ✓
[2025-11-23 22:45:41]   CUDA available: ✗
[2025-11-23 22:45:41]   Using: MPS
[2025-11-23 22:45:41] 
[2025-11-23 22:45:41] Loading data...
[2025-11-23 22:45:42] Train: 465,000 rows, 465 sequences
[2025-11-23 22:45:42] Val:   52,000 rows, 52 sequences
[2025-11-23 22:45:42] Features: 32
[2025-11-23 22:45:42] 
[2025-11-23 22:45:42] Total possible combinations (Cartesian product): 1
[2025-11-23 22:45:42] Configurations to run (cap): 1
[2025-11-23 22:45:42] Starting exhaustive brute force search...
[2025-11-23 22:45:42] 
[2025-11-23 22:45:42] 
======================================================================
[2025-11-23 22:45:42] Config 1/1 - Starting Training:
[2025-11-23 22:45:42]   Architecture:
[2025-11-23 22:45:42]     Lookback: 100, Hidden: 128, Layers: 1, Dropout: 0.1
[2025-11-23 22:45:42]     Bidirectional: True, GRU: True
[2025-11-23 22:45:42]   Output Head:
[2025-11-23 22:45:42]     FC Layers: 2, FC Hidden: 256, Activation: relu
[2025-11-23 22:45:42]     FC Dropout: 0.2, Batch Norm: True
[2025-11-23 22:45:42]   Training:
[2025-11-23 22:45:42]     Batch Size: 256, LR: 0.001, Weight Decay: 0.0001
[2025-11-23 22:45:42]     Optimizer: adam, Grad Clip: 5.0, LR Patience: 3
