[2025-11-25 09:29:39] ======================================================================
[2025-11-25 09:29:39] BRUTE FORCE HYPERPARAMETER SEARCH WITH AUTO-SUBMISSION (EXHAUSTIVE MODE)
[2025-11-25 09:29:39] ======================================================================
[2025-11-25 09:29:39] Started at: 2025-11-25 09:29:39
[2025-11-25 09:29:39] Mode: FULL
[2025-11-25 09:29:39] Best R² to beat: 0.340000
[2025-11-25 09:29:39] Log file: logs/bruteforce_20251125_092939.log
[2025-11-25 09:29:39] 
[2025-11-25 09:29:39] Device Detection:
[2025-11-25 09:29:39]   PyTorch version: 2.7.1
[2025-11-25 09:29:39]   Requested: auto
[2025-11-25 09:29:39]   MPS available: ✓
[2025-11-25 09:29:39]   CUDA available: ✗
[2025-11-25 09:29:39]   Using: MPS
[2025-11-25 09:29:39] 
[2025-11-25 09:29:39] Loading data...
[2025-11-25 09:29:39] Train: 465,000 rows, 465 sequences
[2025-11-25 09:29:39] Val:   52,000 rows, 52 sequences
[2025-11-25 09:29:39] Features: 32
[2025-11-25 09:29:39] 
[2025-11-25 09:29:39] Total possible combinations (Cartesian product): 1
[2025-11-25 09:29:39] Configurations to run (cap): 1
[2025-11-25 09:29:39] Starting exhaustive brute force search...
[2025-11-25 09:29:39] 
[2025-11-25 09:29:39] 
======================================================================
[2025-11-25 09:29:39] Config 1/1 - Starting Training:
[2025-11-25 09:29:39]   Architecture:
[2025-11-25 09:29:39]     Lookback: 200, Hidden: 128, Layers: 1, Dropout: 0.1
[2025-11-25 09:29:39]     Bidirectional: True, GRU: True
[2025-11-25 09:29:39]   Output Head:
[2025-11-25 09:29:39]     FC Layers: 2, FC Hidden: 256, Activation: relu
[2025-11-25 09:29:39]     FC Dropout: 0.2, Batch Norm: True
[2025-11-25 09:29:39]   Training:
[2025-11-25 09:29:39]     Batch Size: 256, LR: 0.001, Weight Decay: 0.0001
[2025-11-25 09:29:39]     Optimizer: adam, Grad Clip: 5.0, LR Patience: 3
[2025-11-25 09:41:37]     Epoch  1/43: Val R²=0.3501 Train R²=0.3412 Gap=-0.0089 ✓
[2025-11-25 09:52:39]     Epoch  2/43: Val R²=0.3601 Train R²=0.3664 Gap=0.0063 ✓
[2025-11-25 10:03:52]     Epoch  3/43: Val R²=0.3606 Train R²=0.3715 Gap=0.0108 ✓
[2025-11-25 10:16:12]     Epoch  4/43: Val R²=0.3632 Train R²=0.3743 Gap=0.0112 ✓
[2025-11-25 10:27:16]     Epoch  5/43: Val R²=0.3637 Train R²=0.3761 Gap=0.0124 ✓
[2025-11-25 10:38:42]     Epoch  6/43: Val R²=0.3648 Train R²=0.3777 Gap=0.0129 ✓
[2025-11-25 10:51:11]     Epoch  7/43: Val R²=0.3662 Train R²=0.3789 Gap=0.0127 ✓
[2025-11-25 11:02:22]     Epoch  8/43: Val R²=0.3664 Train R²=0.3797 Gap=0.0133 ✓
