[2025-11-20 00:14:54] ======================================================================
[2025-11-20 00:14:54] BRUTE FORCE HYPERPARAMETER SEARCH (ENC-DEC LSTM)
[2025-11-20 00:14:54] ======================================================================
[2025-11-20 00:14:54] Started at: 2025-11-20 00:14:54
[2025-11-20 00:14:54] Mode: FULL
[2025-11-20 00:14:54] Best R² to beat: 0.340000
[2025-11-20 00:14:54] Log file: logs/bruteforce_20251120_001454.log
[2025-11-20 00:14:54] 
[2025-11-20 00:14:54] Device Detection:
[2025-11-20 00:14:54]   PyTorch version: 2.7.1
[2025-11-20 00:14:54]   Requested: auto
[2025-11-20 00:14:54]   MPS available: ✓
[2025-11-20 00:14:54]   CUDA available: ✗
[2025-11-20 00:14:54]   Using: MPS
[2025-11-20 00:14:54] 
[2025-11-20 00:14:54] Loading data...
[2025-11-20 00:14:54] Train: 465,000 rows, 465 sequences
[2025-11-20 00:14:54] Val:   52,000 rows, 52 sequences
[2025-11-20 00:14:54] Features: 32
[2025-11-20 00:14:54] 
[2025-11-20 00:14:54] Total possible combinations (Cartesian product): 1
[2025-11-20 00:14:54] Configurations to run (cap): 1
[2025-11-20 00:14:54] Starting exhaustive brute force search...

[2025-11-20 00:14:54] 
======================================================================
[2025-11-20 00:14:54] Config 1/1 - Starting Training:
[2025-11-20 00:14:54]   Architecture:
[2025-11-20 00:14:54]     Lookback: 50, Hidden: 128, Layers: 1, Dropout: 0.1
[2025-11-20 00:14:54]     Bidirectional: True, GRU: True
[2025-11-20 00:14:54]   Output Head:
[2025-11-20 00:14:54]     FC Layers: 2, FC Hidden: 256, Activation: relu
[2025-11-20 00:14:54]     FC Dropout: 0.2, Batch Norm: True
[2025-11-20 00:14:54]   Training:
[2025-11-20 00:14:54]     Batch Size: 256, LR: 0.001, Weight Decay: 0.0001
[2025-11-20 00:14:54]     Optimizer: adam, Grad Clip: 5.0, LR Patience: 3
