[2025-11-20 14:45:49] ======================================================================
[2025-11-20 14:45:49] BRUTE FORCE HYPERPARAMETER SEARCH (ENC-DEC LSTM)
[2025-11-20 14:45:49] ======================================================================
[2025-11-20 14:45:49] Started at: 2025-11-20 14:45:49
[2025-11-20 14:45:49] Mode: FULL
[2025-11-20 14:45:49] Best R² to beat: 0.340000
[2025-11-20 14:45:49] Log file: logs/bruteforce_20251120_144549.log
[2025-11-20 14:45:49] 
[2025-11-20 14:45:49] Device Detection:
[2025-11-20 14:45:49]   PyTorch version: 2.7.1
[2025-11-20 14:45:49]   Requested: auto
[2025-11-20 14:45:49]   MPS available: ✓
[2025-11-20 14:45:49]   CUDA available: ✗
[2025-11-20 14:45:49]   Using: MPS
[2025-11-20 14:45:49] 
[2025-11-20 14:45:49] Loading data...
[2025-11-20 14:45:49] Train: 465,000 rows, 465 sequences
[2025-11-20 14:45:49] Val:   52,000 rows, 52 sequences
[2025-11-20 14:45:49] Features: 32
[2025-11-20 14:45:49] 
[2025-11-20 14:45:49] Total possible combinations (Cartesian product): 1
[2025-11-20 14:45:49] Configurations to run (cap): 1
[2025-11-20 14:45:49] Starting exhaustive brute force search...

[2025-11-20 14:45:49] 
======================================================================
[2025-11-20 14:45:49] Config 1/1 - Starting Training:
[2025-11-20 14:45:49]   Architecture:
[2025-11-20 14:45:49]     Lookback: 50, Hidden: 128, Layers: 3, Dropout: 0.3
[2025-11-20 14:45:49]     Bidirectional: True, GRU: True
[2025-11-20 14:45:49]   Output Head:
[2025-11-20 14:45:49]     FC Layers: 2, FC Hidden: 128, Activation: relu
[2025-11-20 14:45:49]     FC Dropout: 0.2, Batch Norm: True
[2025-11-20 14:45:49]   Training:
[2025-11-20 14:45:49]     Batch Size: 128, LR: 0.001, Weight Decay: 0.0001
[2025-11-20 14:45:49]     Optimizer: adam, Grad Clip: 5.0, LR Patience: 3
[2025-11-20 15:08:33]     Epoch  1/100: Val R²=0.3186 Train R²=0.2923 Gap=-0.0263 ✓
[2025-11-20 15:31:21]     Epoch  2/100: Val R²=0.3208 Train R²=0.3093 Gap=-0.0115 ✓
[2025-11-20 15:53:04]     Epoch  3/100: Val R²=0.3239 Train R²=0.3118 Gap=-0.0121 ✓
[2025-11-20 16:14:45]     Epoch  4/100: Val R²=0.3231 Train R²=0.3136 Gap=-0.0095  
