[2025-10-18 16:19:12] ======================================================================
[2025-10-18 16:19:12] BRUTE FORCE HYPERPARAMETER SEARCH WITH AUTO-SUBMISSION
[2025-10-18 16:19:12] ======================================================================
[2025-10-18 16:19:12] Started at: 2025-10-18 16:19:12
[2025-10-18 16:19:12] Mode: FULL
[2025-10-18 16:19:12] Best R² to beat: 0.340000
[2025-10-18 16:19:12] Log file: logs/bruteforce_20251018_161912.log
[2025-10-18 16:19:12] 
[2025-10-18 16:19:12] Device Detection:
[2025-10-18 16:19:12]   PyTorch version: 2.9.0
[2025-10-18 16:19:12]   Requested: mps
[2025-10-18 16:19:12]   MPS available: ✓
[2025-10-18 16:19:12]   CUDA available: ✗
[2025-10-18 16:19:12]   Using: MPS
[2025-10-18 16:19:12] 
[2025-10-18 16:19:12] Loading data...
[2025-10-18 16:19:12] Train: 413,000 rows, 413 sequences
[2025-10-18 16:19:12] Val:   104,000 rows, 104 sequences
[2025-10-18 16:19:12] Features: 32
[2025-10-18 16:19:12] Configurations to test: 100
[2025-10-18 16:19:12] Max epochs per config: 30
[2025-10-18 16:19:12] 
[2025-10-18 16:19:12] Starting brute force search...
[2025-10-18 16:19:12] 
[2025-10-18 16:19:12] 
======================================================================
[2025-10-18 16:19:12] Config 1/100 - Starting Training:
[2025-10-18 16:19:12]   Architecture:
[2025-10-18 16:19:12]     Lookback: 50, Hidden: 32, Layers: 1, Dropout: 0.3
[2025-10-18 16:19:12]     Bidirectional: False, GRU: False
[2025-10-18 16:19:12]   Output Head:
[2025-10-18 16:19:12]     FC Layers: 1, FC Hidden: 256, Activation: relu
[2025-10-18 16:19:12]     FC Dropout: 0.0, Batch Norm: True
[2025-10-18 16:19:12]   Training:
[2025-10-18 16:19:12]     Batch Size: 32, LR: 0.0001, Weight Decay: 0
[2025-10-18 16:19:12]     Optimizer: adam, Grad Clip: 0.5, LR Patience: 3
[2025-10-18 16:21:08]     Epoch  1/30: Val R²=0.2952 Train R²=0.2886 Gap=-0.0066 ✓
[2025-10-18 16:22:42]     Epoch  2/30: Val R²=0.3100 Train R²=0.3396 Gap=0.0296 ✓
[2025-10-18 16:24:22]     Epoch  3/30: Val R²=0.3176 Train R²=0.3523 Gap=0.0346 ✓
[2025-10-18 16:26:00]     Epoch  4/30: Val R²=0.3224 Train R²=0.3600 Gap=0.0376 ✓
[2025-10-18 16:28:12]     Epoch  5/30: Val R²=0.3230 Train R²=0.3645 Gap=0.0415 ✓
[2025-10-18 16:30:42]     Epoch  6/30: Val R²=0.3269 Train R²=0.3675 Gap=0.0405 ✓
[2025-10-18 16:33:40]     Epoch  7/30: Val R²=0.3288 Train R²=0.3696 Gap=0.0409 ✓
[2025-10-18 16:36:18]     Epoch  8/30: Val R²=0.3301 Train R²=0.3713 Gap=0.0412 ✓
[2025-10-18 16:38:56]     Epoch  9/30: Val R²=0.3303 Train R²=0.3727 Gap=0.0425 ✓
[2025-10-18 16:41:29]     Epoch 10/30: Val R²=0.3315 Train R²=0.3738 Gap=0.0423 ✓
[2025-10-18 16:44:17]     Epoch 11/30: Val R²=0.3328 Train R²=0.3749 Gap=0.0422 ✓
[2025-10-18 16:47:32]     Epoch 12/30: Val R²=0.3336 Train R²=0.3759 Gap=0.0423 ✓
[2025-10-18 16:50:49]     Epoch 13/30: Val R²=0.3333 Train R²=0.3766 Gap=0.0433  
[2025-10-18 16:53:51]     Epoch 14/30: Val R²=0.3340 Train R²=0.3774 Gap=0.0434 ✓
[2025-10-18 16:56:20]     Epoch 15/30: Val R²=0.3350 Train R²=0.3781 Gap=0.0431 ✓
[2025-10-18 16:58:24]     Epoch 16/30: Val R²=0.3357 Train R²=0.3787 Gap=0.0431 ✓
[2025-10-18 17:00:33]     Epoch 17/30: Val R²=0.3361 Train R²=0.3794 Gap=0.0433 ✓
[2025-10-18 17:03:28]     Epoch 18/30: Val R²=0.3357 Train R²=0.3799 Gap=0.0442  
[2025-10-18 17:06:25]     Epoch 19/30: Val R²=0.3370 Train R²=0.3804 Gap=0.0435 ✓
[2025-10-18 17:09:02]     Epoch 20/30: Val R²=0.3378 Train R²=0.3809 Gap=0.0431 ✓
[2025-10-18 17:12:03]     Epoch 21/30: Val R²=0.3380 Train R²=0.3814 Gap=0.0434 ✓
[2025-10-18 17:15:25]     Epoch 22/30: Val R²=0.3388 Train R²=0.3818 Gap=0.0430 ✓
[2025-10-18 17:18:38]     Epoch 23/30: Val R²=0.3388 Train R²=0.3822 Gap=0.0435  
[2025-10-18 17:21:19]     Epoch 24/30: Val R²=0.3389 Train R²=0.3826 Gap=0.0437 ✓
[2025-10-18 17:23:21]     Epoch 25/30: Val R²=0.3396 Train R²=0.3830 Gap=0.0434 ✓
[2025-10-18 17:25:04]     Epoch 26/30: Val R²=0.3395 Train R²=0.3833 Gap=0.0438  
[2025-10-18 17:26:57]     Epoch 27/30: Val R²=0.3403 Train R²=0.3836 Gap=0.0433 ✓
[2025-10-18 17:29:22]     Epoch 28/30: Val R²=0.3403 Train R²=0.3840 Gap=0.0437  
[2025-10-18 17:31:38]     Epoch 29/30: Val R²=0.3405 Train R²=0.3843 Gap=0.0438 ✓
[2025-10-18 17:34:07]     Epoch 30/30: Val R²=0.3414 Train R²=0.3846 Gap=0.0432 ✓
[2025-10-18 17:34:07] 
======================================================================
[2025-10-18 17:34:07] Config 1/100 Complete:
[2025-10-18 17:34:07]   Best Val R²: 0.341385 (epoch 30)
[2025-10-18 17:34:07]   Best Global R²: 0.340000
[2025-10-18 17:34:07]   Overfitting Gap: 0.043166
[2025-10-18 17:34:07]   Parameters: 9,504
[2025-10-18 17:34:07]   Training Time: 4495.2s
[2025-10-18 17:34:07] 
🎉🎉🎉 NEW GLOBAL BEST! R² improved from 0.340000 to 0.341385
[2025-10-18 17:34:07] 
ERROR in config 1: name 'logger' is not defined
[2025-10-18 17:34:07] 
======================================================================
[2025-10-18 17:34:07] Config 2/100 - Starting Training:
[2025-10-18 17:34:07]   Architecture:
[2025-10-18 17:34:07]     Lookback: 30, Hidden: 64, Layers: 4, Dropout: 0.2
[2025-10-18 17:34:07]     Bidirectional: True, GRU: True
[2025-10-18 17:34:07]   Output Head:
[2025-10-18 17:34:07]     FC Layers: 1, FC Hidden: 64, Activation: gelu
[2025-10-18 17:34:07]     FC Dropout: 0.4, Batch Norm: True
[2025-10-18 17:34:07]   Training:
[2025-10-18 17:34:07]     Batch Size: 128, LR: 0.0005, Weight Decay: 0.0001
[2025-10-18 17:34:07]     Optimizer: adam, Grad Clip: 1.0, LR Patience: 3
