[2025-12-01 15:56:11] ======================================================================
[2025-12-01 15:56:11] BRUTE FORCE HYPERPARAMETER SEARCH WITH AUTO-SUBMISSION (EXHAUSTIVE MODE)
[2025-12-01 15:56:11] ======================================================================
[2025-12-01 15:56:11] Started at: 2025-12-01 15:56:11
[2025-12-01 15:56:11] Mode: FULL
[2025-12-01 15:56:11] Best R² to beat: 0.340000
[2025-12-01 15:56:11] Log file: logs/bruteforce_20251201_155611.log
[2025-12-01 15:56:11] 
[2025-12-01 15:56:11] Device Detection:
[2025-12-01 15:56:11]   PyTorch version: 2.7.1
[2025-12-01 15:56:11]   Requested: auto
[2025-12-01 15:56:11]   MPS available: ✓
[2025-12-01 15:56:11]   CUDA available: ✗
[2025-12-01 15:56:11]   Using: MPS
[2025-12-01 15:56:11] 
[2025-12-01 15:56:11] Loading data...
[2025-12-01 15:56:12] Train: 465,000 rows, 465 sequences
[2025-12-01 15:56:12] Val:   52,000 rows, 52 sequences
[2025-12-01 15:56:12] Features: 32
[2025-12-01 15:56:12] 
[2025-12-01 15:56:12] Total possible combinations (Cartesian product): 1
[2025-12-01 15:56:12] Configurations to run (cap): 1
[2025-12-01 15:56:12] Starting exhaustive brute force search...
[2025-12-01 15:56:12] 
[2025-12-01 15:56:12] 
======================================================================
[2025-12-01 15:56:12] Config 1/1 - Starting Training:
[2025-12-01 15:56:12]   Architecture:
[2025-12-01 15:56:12]     Lookback: 100, Hidden: 256, Layers: 1, Dropout: 0.1
[2025-12-01 15:56:12]     Bidirectional: True, GRU: True
[2025-12-01 15:56:12]   Output Head:
[2025-12-01 15:56:12]     FC Layers: 3, FC Hidden: 1024, Activation: relu
[2025-12-01 15:56:12]     FC Dropout: 0.2, Batch Norm: True
[2025-12-01 15:56:12]   Training:
[2025-12-01 15:56:12]     Batch Size: 256, LR: 0.001, Weight Decay: 0.0001
[2025-12-01 15:56:12]     Optimizer: adamw, Grad Clip: 5.0, LR Patience: 3
[2025-12-01 16:05:07]     Epoch  1/100: Val R²=0.3489 Train R²=0.3458 Gap=-0.0030 ✓
[2025-12-01 16:13:47]     Epoch  2/100: Val R²=0.3606 Train R²=0.3730 Gap=0.0123 ✓
[2025-12-01 16:22:28]     Epoch  3/100: Val R²=0.3641 Train R²=0.3809 Gap=0.0168 ✓
[2025-12-01 16:31:07]     Epoch  4/100: Val R²=0.3677 Train R²=0.3834 Gap=0.0158 ✓
[2025-12-01 16:39:49]     Epoch  5/100: Val R²=0.3660 Train R²=0.3903 Gap=0.0243  
[2025-12-01 16:50:01]     Epoch  6/100: Val R²=0.3718 Train R²=0.3942 Gap=0.0224 ✓
[2025-12-01 16:59:44]     Epoch  7/100: Val R²=0.3717 Train R²=0.3954 Gap=0.0237  
[2025-12-01 17:09:35]     Epoch  8/100: Val R²=0.3652 Train R²=0.4023 Gap=0.0371  
[2025-12-01 17:19:27]     Epoch  9/100: Val R²=0.3703 Train R²=0.4079 Gap=0.0376  
[2025-12-01 17:29:16]     Epoch 10/100: Val R²=0.3666 Train R²=0.4137 Gap=0.0471  
[2025-12-01 17:39:06]     Epoch 11/100: Val R²=0.3630 Train R²=0.4298 Gap=0.0669  
[2025-12-01 17:48:57]     Epoch 12/100: Val R²=0.3548 Train R²=0.4406 Gap=0.0858  
[2025-12-01 17:58:48]     Epoch 13/100: Val R²=0.3518 Train R²=0.4479 Gap=0.0960  
[2025-12-01 18:08:36]     Epoch 14/100: Val R²=0.3421 Train R²=0.4577 Gap=0.1157  
[2025-12-01 18:18:30]     Epoch 15/100: Val R²=0.3348 Train R²=0.4750 Gap=0.1401  
[2025-12-01 18:28:18]     Epoch 16/100: Val R²=0.3289 Train R²=0.4831 Gap=0.1542  
[2025-12-01 18:28:18]     Early stopped at epoch 16
[2025-12-01 18:28:18] 
======================================================================
[2025-12-01 18:28:18] Config 1/1 Complete:
[2025-12-01 18:28:18]   Best Val R²: 0.371779 (epoch 6)
[2025-12-01 18:28:18]   Best Global R²: 0.340000
[2025-12-01 18:28:18]   Overfitting Gap: 0.022414
[2025-12-01 18:28:18]   Parameters: 2,057,248
[2025-12-01 18:28:18]   Training Time: 9126.8s
[2025-12-01 18:28:18] 
🎉🎉🎉 NEW GLOBAL BEST! R² improved from 0.340000 to 0.371779
[2025-12-01 18:28:18] 
======================================================================
[2025-12-01 18:28:18] 🏆 CREATING SUBMISSION - NEW BEST MODEL!
[2025-12-01 18:28:18] ======================================================================
[2025-12-01 18:28:18]   Val R²: 0.371779
[2025-12-01 18:28:18]   Directory: ../submissions/bruteforce_r2_03718_20251201_155611_cfg1
[2025-12-01 18:28:19]   Saved model: model_best.pt
[2025-12-01 18:28:19]   Generated: solution.py
[2025-12-01 18:28:19]   Copied: utils.py
[2025-12-01 18:28:19]   Saved: metadata.json
[2025-12-01 18:28:19] ======================================================================

[2025-12-01 18:28:19]   Results saved to models/bruteforce_search_results_20251201_155612.csv
[2025-12-01 18:28:19] 
======================================================================
[2025-12-01 18:28:19] SEARCH COMPLETE
[2025-12-01 18:28:19] ======================================================================
[2025-12-01 18:28:19] Total time: 152.1 minutes
[2025-12-01 18:28:19] Successful configs: 1/1
[2025-12-01 18:28:19] Final best R²: 0.371779
[2025-12-01 18:28:19] Submissions created: 1
[2025-12-01 18:28:19] Results saved: models/bruteforce_search_results_20251201_155612.csv
[2025-12-01 18:28:19] 
[2025-12-01 18:28:19] Top 5 configurations:
[2025-12-01 18:28:19] 
 config_id  best_val_r2  overfitting_gap  lookback  hidden_size  num_layers  dropout  n_parameters
         1     0.371779         0.022414       100          256           1      0.1       2057248
[2025-12-01 18:28:19] 
Submissions log saved: models/bruteforce_submissions_log.csv
[2025-12-01 18:28:19] 
Submissions created:
[2025-12-01 18:28:19]   ../submissions/bruteforce_r2_03718_20251201_155611_cfg1 (R²=0.371779)
