[2025-11-30 20:27:59] ======================================================================
[2025-11-30 20:27:59] BRUTE FORCE HYPERPARAMETER SEARCH WITH AUTO-SUBMISSION (EXHAUSTIVE MODE)
[2025-11-30 20:27:59] ======================================================================
[2025-11-30 20:27:59] Started at: 2025-11-30 20:27:59
[2025-11-30 20:27:59] Mode: FULL
[2025-11-30 20:27:59] Best R² to beat: 0.340000
[2025-11-30 20:27:59] Log file: logs/bruteforce_20251130_202759.log
[2025-11-30 20:27:59] 
[2025-11-30 20:27:59] Device Detection:
[2025-11-30 20:27:59]   PyTorch version: 2.7.1
[2025-11-30 20:27:59]   Requested: auto
[2025-11-30 20:27:59]   MPS available: ✓
[2025-11-30 20:27:59]   CUDA available: ✗
[2025-11-30 20:27:59]   Using: MPS
[2025-11-30 20:27:59] 
[2025-11-30 20:27:59] Loading data...
[2025-11-30 20:27:59] Train: 465,000 rows, 465 sequences
[2025-11-30 20:27:59] Val:   52,000 rows, 52 sequences
[2025-11-30 20:27:59] Features: 32
[2025-11-30 20:27:59] 
[2025-11-30 20:27:59] Total possible combinations (Cartesian product): 1
[2025-11-30 20:27:59] Configurations to run (cap): 1
[2025-11-30 20:27:59] Starting exhaustive brute force search...
[2025-11-30 20:27:59] 
[2025-11-30 20:27:59] 
======================================================================
[2025-11-30 20:27:59] Config 1/1 - Starting Training:
[2025-11-30 20:27:59]   Architecture:
[2025-11-30 20:27:59]     Lookback: 100, Hidden: 256, Layers: 1, Dropout: 0.1
[2025-11-30 20:27:59]     Bidirectional: True, GRU: True
[2025-11-30 20:27:59]   Output Head:
[2025-11-30 20:27:59]     FC Layers: 3, FC Hidden: 2048, Activation: relu
[2025-11-30 20:27:59]     FC Dropout: 0.2, Batch Norm: True
[2025-11-30 20:27:59]   Training:
[2025-11-30 20:27:59]     Batch Size: 256, LR: 0.001, Weight Decay: 0.0001
[2025-11-30 20:27:59]     Optimizer: adam, Grad Clip: 5.0, LR Patience: 3
[2025-11-30 20:43:45]     Epoch  1/100: Val R²=0.3461 Train R²=0.3397 Gap=-0.0065 ✓
[2025-11-30 20:59:21]     Epoch  2/100: Val R²=0.3542 Train R²=0.3645 Gap=0.0103 ✓
[2025-11-30 21:14:27]     Epoch  3/100: Val R²=0.3555 Train R²=0.3696 Gap=0.0141 ✓
[2025-11-30 21:29:15]     Epoch  4/100: Val R²=0.3603 Train R²=0.3723 Gap=0.0121 ✓
[2025-11-30 21:43:55]     Epoch  5/100: Val R²=0.3613 Train R²=0.3744 Gap=0.0131 ✓
[2025-11-30 22:01:55]     Epoch  6/100: Val R²=0.3630 Train R²=0.3757 Gap=0.0127 ✓
[2025-11-30 22:21:47]     Epoch  7/100: Val R²=0.3567 Train R²=0.3770 Gap=0.0204  
[2025-11-30 22:38:40]     Epoch  8/100: Val R²=0.3611 Train R²=0.3774 Gap=0.0162  
[2025-11-30 22:54:19]     Epoch  9/100: Val R²=0.3659 Train R²=0.3767 Gap=0.0108 ✓
[2025-11-30 23:12:38]     Epoch 10/100: Val R²=0.3650 Train R²=0.3784 Gap=0.0134  
[2025-11-30 23:26:26]     Epoch 11/100: Val R²=0.3626 Train R²=0.3790 Gap=0.0164  
[2025-11-30 23:41:02]     Epoch 12/100: Val R²=0.3638 Train R²=0.3789 Gap=0.0150  
[2025-11-30 23:54:12]     Epoch 13/100: Val R²=0.3607 Train R²=0.3797 Gap=0.0190  
[2025-12-01 00:07:52]     Epoch 14/100: Val R²=0.3699 Train R²=0.3858 Gap=0.0159 ✓
[2025-12-01 00:21:37]     Epoch 15/100: Val R²=0.3682 Train R²=0.3866 Gap=0.0184  
[2025-12-01 00:36:43]     Epoch 16/100: Val R²=0.3703 Train R²=0.3870 Gap=0.0166 ✓
[2025-12-01 00:50:47]     Epoch 17/100: Val R²=0.3716 Train R²=0.3875 Gap=0.0159 ✓
[2025-12-01 01:04:33]     Epoch 18/100: Val R²=0.3693 Train R²=0.3881 Gap=0.0188  
[2025-12-01 01:18:13]     Epoch 19/100: Val R²=0.3719 Train R²=0.3886 Gap=0.0167 ✓
[2025-12-01 01:31:59]     Epoch 20/100: Val R²=0.3695 Train R²=0.3886 Gap=0.0191  
[2025-12-01 01:45:45]     Epoch 21/100: Val R²=0.3714 Train R²=0.3887 Gap=0.0173  
[2025-12-01 01:59:29]     Epoch 22/100: Val R²=0.3710 Train R²=0.3894 Gap=0.0184  
[2025-12-01 02:13:15]     Epoch 23/100: Val R²=0.3715 Train R²=0.3894 Gap=0.0180  
[2025-12-01 02:26:58]     Epoch 24/100: Val R²=0.3745 Train R²=0.3944 Gap=0.0199 ✓
[2025-12-01 02:40:41]     Epoch 25/100: Val R²=0.3744 Train R²=0.3951 Gap=0.0207  
[2025-12-01 02:54:21]     Epoch 26/100: Val R²=0.3754 Train R²=0.3953 Gap=0.0200 ✓
[2025-12-01 03:08:10]     Epoch 27/100: Val R²=0.3759 Train R²=0.3960 Gap=0.0200 ✓
[2025-12-01 03:21:58]     Epoch 28/100: Val R²=0.3762 Train R²=0.3964 Gap=0.0202 ✓
[2025-12-01 03:35:43]     Epoch 29/100: Val R²=0.3728 Train R²=0.3966 Gap=0.0238  
[2025-12-01 03:49:31]     Epoch 30/100: Val R²=0.3691 Train R²=0.3971 Gap=0.0280  
[2025-12-01 04:03:15]     Epoch 31/100: Val R²=0.3759 Train R²=0.3973 Gap=0.0215  
[2025-12-01 04:17:05]     Epoch 32/100: Val R²=0.3751 Train R²=0.3976 Gap=0.0224  
[2025-12-01 04:30:50]     Epoch 33/100: Val R²=0.3758 Train R²=0.4012 Gap=0.0253  
[2025-12-01 04:44:40]     Epoch 34/100: Val R²=0.3763 Train R²=0.4018 Gap=0.0254 ✓
[2025-12-01 04:58:26]     Epoch 35/100: Val R²=0.3746 Train R²=0.4027 Gap=0.0282  
[2025-12-01 05:12:17]     Epoch 36/100: Val R²=0.3763 Train R²=0.4027 Gap=0.0264  
[2025-12-01 05:26:05]     Epoch 37/100: Val R²=0.3769 Train R²=0.4032 Gap=0.0262 ✓
[2025-12-01 05:39:55]     Epoch 38/100: Val R²=0.3773 Train R²=0.4034 Gap=0.0261 ✓
[2025-12-01 05:53:45]     Epoch 39/100: Val R²=0.3754 Train R²=0.4037 Gap=0.0282  
[2025-12-01 06:06:37]     Epoch 40/100: Val R²=0.3748 Train R²=0.4041 Gap=0.0294  
[2025-12-01 06:18:56]     Epoch 41/100: Val R²=0.3746 Train R²=0.4043 Gap=0.0298  
[2025-12-01 06:31:15]     Epoch 42/100: Val R²=0.3773 Train R²=0.4046 Gap=0.0273 ✓
[2025-12-01 06:43:37]     Epoch 43/100: Val R²=0.3772 Train R²=0.4047 Gap=0.0275  
[2025-12-01 06:55:50]     Epoch 44/100: Val R²=0.3745 Train R²=0.4052 Gap=0.0306  
[2025-12-01 07:08:16]     Epoch 45/100: Val R²=0.3755 Train R²=0.4056 Gap=0.0302  
[2025-12-01 07:20:42]     Epoch 46/100: Val R²=0.3736 Train R²=0.4059 Gap=0.0322  
[2025-12-01 07:33:10]     Epoch 47/100: Val R²=0.3760 Train R²=0.4087 Gap=0.0326  
[2025-12-01 07:45:18]     Epoch 48/100: Val R²=0.3752 Train R²=0.4093 Gap=0.0341  
[2025-12-01 07:55:34]     Epoch 49/100: Val R²=0.3754 Train R²=0.4099 Gap=0.0346  
[2025-12-01 08:05:51]     Epoch 50/100: Val R²=0.3750 Train R²=0.4100 Gap=0.0350  
[2025-12-01 08:16:06]     Epoch 51/100: Val R²=0.3763 Train R²=0.4120 Gap=0.0357  
[2025-12-01 08:26:20]     Epoch 52/100: Val R²=0.3758 Train R²=0.4121 Gap=0.0363  
[2025-12-01 08:26:20]     Early stopped at epoch 52
[2025-12-01 08:26:21] 
======================================================================
[2025-12-01 08:26:21] Config 1/1 Complete:
[2025-12-01 08:26:21]   Best Val R²: 0.377340 (epoch 42)
[2025-12-01 08:26:21]   Best Global R²: 0.340000
[2025-12-01 08:26:21]   Overfitting Gap: 0.027295
[2025-12-01 08:26:21]   Parameters: 5,766,176
[2025-12-01 08:26:21]   Training Time: 43101.8s
[2025-12-01 08:26:21] 
🎉🎉🎉 NEW GLOBAL BEST! R² improved from 0.340000 to 0.377340
[2025-12-01 08:26:21] 
======================================================================
[2025-12-01 08:26:21] 🏆 CREATING SUBMISSION - NEW BEST MODEL!
[2025-12-01 08:26:21] ======================================================================
[2025-12-01 08:26:21]   Val R²: 0.377340
[2025-12-01 08:26:21]   Directory: ../submissions/bruteforce_r2_03773_20251130_202759_cfg1
[2025-12-01 08:26:21]   Saved model: model_best.pt
[2025-12-01 08:26:21]   Generated: solution.py
[2025-12-01 08:26:21]   Copied: utils.py
[2025-12-01 08:26:21]   Saved: metadata.json
[2025-12-01 08:26:21] ======================================================================

[2025-12-01 08:26:21]   Results saved to models/bruteforce_search_results_20251130_202759.csv
[2025-12-01 08:26:21] 
======================================================================
[2025-12-01 08:26:21] SEARCH COMPLETE
[2025-12-01 08:26:21] ======================================================================
[2025-12-01 08:26:21] Total time: 718.4 minutes
[2025-12-01 08:26:21] Successful configs: 1/1
[2025-12-01 08:26:21] Final best R²: 0.377340
[2025-12-01 08:26:21] Submissions created: 1
[2025-12-01 08:26:21] Results saved: models/bruteforce_search_results_20251130_202759.csv
[2025-12-01 08:26:21] 
[2025-12-01 08:26:21] Top 5 configurations:
[2025-12-01 08:26:21] 
 config_id  best_val_r2  overfitting_gap  lookback  hidden_size  num_layers  dropout  n_parameters
         1      0.37734         0.027295       100          256           1      0.1       5766176
[2025-12-01 08:26:21] 
Submissions log saved: models/bruteforce_submissions_log.csv
[2025-12-01 08:26:21] 
Submissions created:
[2025-12-01 08:26:21]   ../submissions/bruteforce_r2_03773_20251130_202759_cfg1 (R²=0.377340)
