[2025-11-20 01:43:13] ======================================================================
[2025-11-20 01:43:13] BRUTE FORCE HYPERPARAMETER SEARCH (ENC-DEC LSTM)
[2025-11-20 01:43:13] ======================================================================
[2025-11-20 01:43:13] Started at: 2025-11-20 01:43:13
[2025-11-20 01:43:13] Mode: FULL
[2025-11-20 01:43:13] Best R² to beat: 0.340000
[2025-11-20 01:43:13] Log file: logs/bruteforce_20251120_014313.log
[2025-11-20 01:43:13] 
[2025-11-20 01:43:13] Device Detection:
[2025-11-20 01:43:13]   PyTorch version: 2.7.1
[2025-11-20 01:43:13]   Requested: auto
[2025-11-20 01:43:13]   MPS available: ✓
[2025-11-20 01:43:13]   CUDA available: ✗
[2025-11-20 01:43:13]   Using: MPS
[2025-11-20 01:43:13] 
[2025-11-20 01:43:13] Loading data...
[2025-11-20 01:43:13] Train: 465,000 rows, 465 sequences
[2025-11-20 01:43:13] Val:   52,000 rows, 52 sequences
[2025-11-20 01:43:13] Features: 32
[2025-11-20 01:43:13] 
[2025-11-20 01:43:13] Total possible combinations (Cartesian product): 1
[2025-11-20 01:43:13] Configurations to run (cap): 1
[2025-11-20 01:43:13] Starting exhaustive brute force search...

[2025-11-20 01:43:14] 
======================================================================
[2025-11-20 01:43:14] Config 1/1 - Starting Training:
[2025-11-20 01:43:14]   Architecture:
[2025-11-20 01:43:14]     Lookback: 50, Hidden: 128, Layers: 1, Dropout: 0.1
[2025-11-20 01:43:14]     Bidirectional: True, GRU: True
[2025-11-20 01:43:14]   Output Head:
[2025-11-20 01:43:14]     FC Layers: 2, FC Hidden: 256, Activation: relu
[2025-11-20 01:43:14]     FC Dropout: 0.2, Batch Norm: True
[2025-11-20 01:43:14]   Training:
[2025-11-20 01:43:14]     Batch Size: 256, LR: 0.001, Weight Decay: 0.0001
[2025-11-20 01:43:14]     Optimizer: adam, Grad Clip: 5.0, LR Patience: 3
[2025-11-20 01:48:31]     Epoch  1/100: Val R²=0.3430 Train R²=0.3426 Gap=-0.0004 ✓
[2025-11-20 01:53:56]     Epoch  2/100: Val R²=0.3547 Train R²=0.3639 Gap=0.0093 ✓
[2025-11-20 01:59:01]     Epoch  3/100: Val R²=0.3611 Train R²=0.3688 Gap=0.0077 ✓
[2025-11-20 02:04:05]     Epoch  4/100: Val R²=0.3615 Train R²=0.3716 Gap=0.0101 ✓
[2025-11-20 02:09:39]     Epoch  5/100: Val R²=0.3633 Train R²=0.3736 Gap=0.0102 ✓
[2025-11-20 02:14:34]     Epoch  6/100: Val R²=0.3646 Train R²=0.3752 Gap=0.0106 ✓
[2025-11-20 02:19:38]     Epoch  7/100: Val R²=0.3649 Train R²=0.3764 Gap=0.0115 ✓
[2025-11-20 02:25:07]     Epoch  8/100: Val R²=0.3634 Train R²=0.3774 Gap=0.0140  
[2025-11-20 02:30:35]     Epoch  9/100: Val R²=0.3650 Train R²=0.3782 Gap=0.0132 ✓
[2025-11-20 02:35:45]     Epoch 10/100: Val R²=0.3651 Train R²=0.3786 Gap=0.0136 ✓
[2025-11-20 02:40:47]     Epoch 11/100: Val R²=0.3622 Train R²=0.3795 Gap=0.0173  
[2025-11-20 02:45:46]     Epoch 12/100: Val R²=0.3661 Train R²=0.3800 Gap=0.0138 ✓
[2025-11-20 02:50:35]     Epoch 13/100: Val R²=0.3677 Train R²=0.3807 Gap=0.0129 ✓
[2025-11-20 02:55:19]     Epoch 14/100: Val R²=0.3673 Train R²=0.3807 Gap=0.0134  
[2025-11-20 03:00:07]     Epoch 15/100: Val R²=0.3682 Train R²=0.3810 Gap=0.0128 ✓
[2025-11-20 03:04:49]     Epoch 16/100: Val R²=0.3638 Train R²=0.3817 Gap=0.0179  
[2025-11-20 03:09:25]     Epoch 17/100: Val R²=0.3646 Train R²=0.3820 Gap=0.0173  
[2025-11-20 03:14:29]     Epoch 18/100: Val R²=0.3682 Train R²=0.3822 Gap=0.0140 ✓
[2025-11-20 03:19:21]     Epoch 19/100: Val R²=0.3673 Train R²=0.3824 Gap=0.0151  
[2025-11-20 03:24:06]     Epoch 20/100: Val R²=0.3709 Train R²=0.3873 Gap=0.0164 ✓
[2025-11-20 03:28:47]     Epoch 21/100: Val R²=0.3715 Train R²=0.3879 Gap=0.0164 ✓
[2025-11-20 03:33:28]     Epoch 22/100: Val R²=0.3693 Train R²=0.3884 Gap=0.0191  
[2025-11-20 03:38:16]     Epoch 23/100: Val R²=0.3719 Train R²=0.3887 Gap=0.0168 ✓
[2025-11-20 03:43:04]     Epoch 24/100: Val R²=0.3714 Train R²=0.3890 Gap=0.0176  
[2025-11-20 03:47:55]     Epoch 25/100: Val R²=0.3725 Train R²=0.3894 Gap=0.0169 ✓
[2025-11-20 03:52:40]     Epoch 26/100: Val R²=0.3728 Train R²=0.3895 Gap=0.0167 ✓
[2025-11-20 03:57:18]     Epoch 27/100: Val R²=0.3724 Train R²=0.3897 Gap=0.0173  
[2025-11-20 04:02:03]     Epoch 28/100: Val R²=0.3698 Train R²=0.3900 Gap=0.0202  
[2025-11-20 04:06:39]     Epoch 29/100: Val R²=0.3721 Train R²=0.3899 Gap=0.0178  
[2025-11-20 04:11:26]     Epoch 30/100: Val R²=0.3712 Train R²=0.3906 Gap=0.0194  
[2025-11-20 04:16:02]     Epoch 31/100: Val R²=0.3738 Train R²=0.3938 Gap=0.0199 ✓
[2025-11-20 04:20:51]     Epoch 32/100: Val R²=0.3744 Train R²=0.3943 Gap=0.0200 ✓
[2025-11-20 04:25:43]     Epoch 33/100: Val R²=0.3737 Train R²=0.3946 Gap=0.0209  
[2025-11-20 04:30:25]     Epoch 34/100: Val R²=0.3737 Train R²=0.3950 Gap=0.0213  
[2025-11-20 04:35:15]     Epoch 35/100: Val R²=0.3742 Train R²=0.3955 Gap=0.0214  
[2025-11-20 04:39:58]     Epoch 36/100: Val R²=0.3741 Train R²=0.3954 Gap=0.0212  
[2025-11-20 04:44:36]     Epoch 37/100: Val R²=0.3739 Train R²=0.3974 Gap=0.0235  
[2025-11-20 04:49:18]     Epoch 38/100: Val R²=0.3737 Train R²=0.3982 Gap=0.0245  
[2025-11-20 04:54:06]     Epoch 39/100: Val R²=0.3740 Train R²=0.3984 Gap=0.0244  
[2025-11-20 04:54:06]     Early stopped at epoch 39
[2025-11-20 04:54:06] 
======================================================================
[2025-11-20 04:54:06] Config 1/1 Complete:
[2025-11-20 04:54:06]   Best Val R²: 0.374353 (epoch 32)
[2025-11-20 04:54:06]   Best Global R²: 0.340000
[2025-11-20 04:54:06]   Overfitting Gap: 0.019994
[2025-11-20 04:54:06]   Parameters: 538,912
[2025-11-20 04:54:06]   Training Time: 11452.3s
[2025-11-20 04:54:06] 
🎉🎉🎉 NEW GLOBAL BEST! R² improved from 0.340000 to 0.374353
[2025-11-20 04:54:06] 
======================================================================
[2025-11-20 04:54:06] 🏆 CREATING SUBMISSION - NEW BEST MODEL!
[2025-11-20 04:54:06] ======================================================================
[2025-11-20 04:54:06]   Val R²: 0.374353
[2025-11-20 04:54:06]   Directory: ../submissions/bruteforce_r2_03744_20251120_014313_cfg1
[2025-11-20 04:54:06]   Saved model: model_best.pt
[2025-11-20 04:54:06]   Generated: solution.py
[2025-11-20 04:54:06]   Copied: utils.py
[2025-11-20 04:54:06]   Copied: models.py
[2025-11-20 04:54:06]   Saved: metadata.json
[2025-11-20 04:54:06] ======================================================================

[2025-11-20 04:54:06]   Results saved to models/bruteforce_search_results_20251120_014313.csv
[2025-11-20 04:54:06] 
======================================================================
[2025-11-20 04:54:06] SEARCH COMPLETE
[2025-11-20 04:54:06] ======================================================================
[2025-11-20 04:54:06] Total time: 190.9 minutes
[2025-11-20 04:54:06] Successful configs: 1/1
[2025-11-20 04:54:06] Final best R²: 0.374353
[2025-11-20 04:54:06] Submissions created: 1
[2025-11-20 04:54:06] Results saved: models/bruteforce_search_results_20251120_014313.csv
[2025-11-20 04:54:06] 
[2025-11-20 04:54:06] Top 5 configurations:
[2025-11-20 04:54:06] 
 config_id  best_val_r2  overfitting_gap  lookback  hidden_size  num_layers  dropout  n_parameters
         1     0.374353         0.019994        50          128           1      0.1        538912
[2025-11-20 04:54:06] 
Submissions log saved: models/bruteforce_submissions_log.csv
[2025-11-20 04:54:06] 
Submissions created:
[2025-11-20 04:54:06]   ../submissions/bruteforce_r2_03744_20251120_014313_cfg1 (R²=0.374353)
