[2025-11-30 18:51:01] ======================================================================
[2025-11-30 18:51:01] BRUTE FORCE HYPERPARAMETER SEARCH WITH AUTO-SUBMISSION (EXHAUSTIVE MODE)
[2025-11-30 18:51:01] ======================================================================
[2025-11-30 18:51:01] Started at: 2025-11-30 18:51:01
[2025-11-30 18:51:01] Mode: FULL
[2025-11-30 18:51:01] Best R² to beat: 0.340000
[2025-11-30 18:51:01] Log file: logs/bruteforce_20251130_185101.log
[2025-11-30 18:51:01] 
[2025-11-30 18:51:01] Device Detection:
[2025-11-30 18:51:01]   PyTorch version: 2.7.1
[2025-11-30 18:51:01]   Requested: auto
[2025-11-30 18:51:01]   MPS available: ✓
[2025-11-30 18:51:01]   CUDA available: ✗
[2025-11-30 18:51:01]   Using: MPS
[2025-11-30 18:51:01] 
[2025-11-30 18:51:01] Loading data...
[2025-11-30 18:51:01] Train: 465,000 rows, 465 sequences
[2025-11-30 18:51:01] Val:   52,000 rows, 52 sequences
[2025-11-30 18:51:01] Features: 32
[2025-11-30 18:51:01] 
[2025-11-30 18:51:01] Total possible combinations (Cartesian product): 1
[2025-11-30 18:51:01] Configurations to run (cap): 1
[2025-11-30 18:51:01] Starting exhaustive brute force search...
[2025-11-30 18:51:01] 
[2025-11-30 18:51:01] 
======================================================================
[2025-11-30 18:51:01] Config 1/1 - Starting Training:
[2025-11-30 18:51:01]   Architecture:
[2025-11-30 18:51:01]     Lookback: 100, Hidden: 256, Layers: 1, Dropout: 0.1
[2025-11-30 18:51:01]     Bidirectional: True, GRU: True
[2025-11-30 18:51:01]   Output Head:
[2025-11-30 18:51:01]     FC Layers: 2, FC Hidden: 1024, Activation: relu
[2025-11-30 18:51:01]     FC Dropout: 0.2, Batch Norm: True
[2025-11-30 18:51:01]   Training:
[2025-11-30 18:51:01]     Batch Size: 256, LR: 0.001, Weight Decay: 0.0001
[2025-11-30 18:51:01]     Optimizer: adam, Grad Clip: 5.0, LR Patience: 3
[2025-11-30 19:04:54]     Epoch  1/100: Val R²=0.3457 Train R²=0.3416 Gap=-0.0041 ✓
[2025-11-30 19:20:23]     Epoch  2/100: Val R²=0.3573 Train R²=0.3685 Gap=0.0112 ✓
[2025-11-30 19:35:25]     Epoch  3/100: Val R²=0.3637 Train R²=0.3742 Gap=0.0105 ✓
