[2025-11-30 13:20:44] ======================================================================
[2025-11-30 13:20:44] BRUTE FORCE HYPERPARAMETER SEARCH WITH AUTO-SUBMISSION (EXHAUSTIVE MODE)
[2025-11-30 13:20:44] ======================================================================
[2025-11-30 13:20:44] Started at: 2025-11-30 13:20:44
[2025-11-30 13:20:44] Mode: FULL
[2025-11-30 13:20:44] Best R² to beat: 0.340000
[2025-11-30 13:20:44] Log file: logs/bruteforce_20251130_132044.log
[2025-11-30 13:20:44] 
[2025-11-30 13:20:44] Device Detection:
[2025-11-30 13:20:44]   PyTorch version: 2.7.1
[2025-11-30 13:20:44]   Requested: auto
[2025-11-30 13:20:44]   MPS available: ✓
[2025-11-30 13:20:44]   CUDA available: ✗
[2025-11-30 13:20:44]   Using: MPS
[2025-11-30 13:20:44] 
[2025-11-30 13:20:44] Loading data...
[2025-11-30 13:20:44] Train: 465,000 rows, 465 sequences
[2025-11-30 13:20:44] Val:   52,000 rows, 52 sequences
[2025-11-30 13:20:44] Features: 32
[2025-11-30 13:20:44] 
[2025-11-30 13:20:44] Total possible combinations (Cartesian product): 1
[2025-11-30 13:20:44] Configurations to run (cap): 1
[2025-11-30 13:20:44] Starting exhaustive brute force search...
[2025-11-30 13:20:44] 
[2025-11-30 13:20:44] 
======================================================================
[2025-11-30 13:20:44] Config 1/1 - Starting Training:
[2025-11-30 13:20:44]   Architecture:
[2025-11-30 13:20:44]     Lookback: 100, Hidden: 256, Layers: 1, Dropout: 0.1
[2025-11-30 13:20:44]     Bidirectional: True, GRU: True
[2025-11-30 13:20:44]   Output Head:
[2025-11-30 13:20:44]     FC Layers: 4, FC Hidden: 1024, Activation: relu
[2025-11-30 13:20:44]     FC Dropout: 0.2, Batch Norm: True
[2025-11-30 13:20:44]   Training:
[2025-11-30 13:20:44]     Batch Size: 256, LR: 0.001, Weight Decay: 0.0001
[2025-11-30 13:20:44]     Optimizer: adam, Grad Clip: 5.0, LR Patience: 3
[2025-11-30 13:34:07]     Epoch  1/100: Val R²=0.3470 Train R²=0.3397 Gap=-0.0072 ✓
[2025-11-30 13:48:14]     Epoch  2/100: Val R²=0.3465 Train R²=0.3595 Gap=0.0130  
[2025-11-30 14:02:19]     Epoch  3/100: Val R²=0.3554 Train R²=0.3642 Gap=0.0088 ✓
[2025-11-30 14:17:49]     Epoch  4/100: Val R²=0.3603 Train R²=0.3674 Gap=0.0071 ✓
[2025-11-30 14:33:41]     Epoch  5/100: Val R²=0.3597 Train R²=0.3694 Gap=0.0097  
[2025-11-30 14:48:00]     Epoch  6/100: Val R²=0.3608 Train R²=0.3708 Gap=0.0100 ✓
[2025-11-30 15:02:16]     Epoch  7/100: Val R²=0.3562 Train R²=0.3722 Gap=0.0160  
[2025-11-30 15:16:31]     Epoch  8/100: Val R²=0.3613 Train R²=0.3727 Gap=0.0115 ✓
[2025-11-30 15:30:44]     Epoch  9/100: Val R²=0.3627 Train R²=0.3733 Gap=0.0107 ✓
[2025-11-30 15:44:14]     Epoch 10/100: Val R²=0.3620 Train R²=0.3739 Gap=0.0120  
[2025-11-30 15:56:32]     Epoch 11/100: Val R²=0.3621 Train R²=0.3743 Gap=0.0121  
[2025-11-30 16:08:40]     Epoch 12/100: Val R²=0.3636 Train R²=0.3744 Gap=0.0108 ✓
[2025-11-30 16:20:55]     Epoch 13/100: Val R²=0.3628 Train R²=0.3747 Gap=0.0119  
[2025-11-30 16:33:05]     Epoch 14/100: Val R²=0.3630 Train R²=0.3753 Gap=0.0123  
[2025-11-30 16:45:14]     Epoch 15/100: Val R²=0.3595 Train R²=0.3761 Gap=0.0166  
[2025-11-30 16:57:26]     Epoch 16/100: Val R²=0.3612 Train R²=0.3757 Gap=0.0144  
[2025-11-30 17:09:43]     Epoch 17/100: Val R²=0.3698 Train R²=0.3826 Gap=0.0128 ✓
[2025-11-30 17:21:00]     Epoch 18/100: Val R²=0.3698 Train R²=0.3840 Gap=0.0142  
[2025-11-30 17:34:11]     Epoch 19/100: Val R²=0.3710 Train R²=0.3845 Gap=0.0135 ✓
[2025-11-30 17:48:23]     Epoch 20/100: Val R²=0.3687 Train R²=0.3850 Gap=0.0163  
