[2025-11-28 16:42:41] ======================================================================
[2025-11-28 16:42:41] BRUTE FORCE HYPERPARAMETER SEARCH WITH AUTO-SUBMISSION (EXHAUSTIVE MODE)
[2025-11-28 16:42:41] ======================================================================
[2025-11-28 16:42:41] Started at: 2025-11-28 16:42:41
[2025-11-28 16:42:41] Mode: FULL
[2025-11-28 16:42:41] Best R² to beat: 0.340000
[2025-11-28 16:42:41] Log file: logs/bruteforce_20251128_164241.log
[2025-11-28 16:42:41] 
[2025-11-28 16:42:41] Device Detection:
[2025-11-28 16:42:41]   PyTorch version: 2.7.1
[2025-11-28 16:42:41]   Requested: auto
[2025-11-28 16:42:41]   MPS available: ✓
[2025-11-28 16:42:41]   CUDA available: ✗
[2025-11-28 16:42:41]   Using: MPS
[2025-11-28 16:42:41] 
[2025-11-28 16:42:41] Loading data...
[2025-11-28 16:42:42] Train: 465,000 rows, 465 sequences
[2025-11-28 16:42:42] Val:   52,000 rows, 52 sequences
[2025-11-28 16:42:42] Features: 32
[2025-11-28 16:42:42] 
[2025-11-28 16:42:42] Total possible combinations (Cartesian product): 1
[2025-11-28 16:42:42] Configurations to run (cap): 1
[2025-11-28 16:42:42] Starting exhaustive brute force search...
[2025-11-28 16:42:42] 
[2025-11-28 16:42:42] 
======================================================================
[2025-11-28 16:42:42] Config 1/1 - Starting Training:
[2025-11-28 16:42:42]   Architecture:
[2025-11-28 16:42:42]     Lookback: 100, Hidden: 256, Layers: 1, Dropout: 0.1
[2025-11-28 16:42:42]     Bidirectional: True, GRU: True
[2025-11-28 16:42:42]   Output Head:
[2025-11-28 16:42:42]     FC Layers: 3, FC Hidden: 512, Activation: relu
[2025-11-28 16:42:42]     FC Dropout: 0.2, Batch Norm: True
[2025-11-28 16:42:42]   Training:
[2025-11-28 16:42:42]     Batch Size: 256, LR: 0.001, Weight Decay: 0.0001
[2025-11-28 16:42:42]     Optimizer: adam, Grad Clip: 5.0, LR Patience: 3
[2025-11-28 16:50:52]     Epoch  1/100: Val R²=0.3522 Train R²=0.3430 Gap=-0.0092 ✓
[2025-11-28 17:03:42]     Epoch  2/100: Val R²=0.3540 Train R²=0.3650 Gap=0.0110 ✓
[2025-11-28 17:16:59]     Epoch  3/100: Val R²=0.3604 Train R²=0.3702 Gap=0.0099 ✓
[2025-11-28 17:30:15]     Epoch  4/100: Val R²=0.3568 Train R²=0.3725 Gap=0.0157  
[2025-11-28 17:43:37]     Epoch  5/100: Val R²=0.3594 Train R²=0.3742 Gap=0.0147  
[2025-11-28 17:57:01]     Epoch  6/100: Val R²=0.3619 Train R²=0.3757 Gap=0.0138 ✓
[2025-11-28 18:10:16]     Epoch  7/100: Val R²=0.3587 Train R²=0.3766 Gap=0.0179  
[2025-11-28 18:23:34]     Epoch  8/100: Val R²=0.3565 Train R²=0.3774 Gap=0.0209  
[2025-11-28 18:36:52]     Epoch  9/100: Val R²=0.3631 Train R²=0.3779 Gap=0.0148 ✓
[2025-11-28 18:50:28]     Epoch 10/100: Val R²=0.3641 Train R²=0.3786 Gap=0.0145 ✓
[2025-11-28 19:05:36]     Epoch 11/100: Val R²=0.3625 Train R²=0.3787 Gap=0.0162  
[2025-11-28 19:20:47]     Epoch 12/100: Val R²=0.3656 Train R²=0.3794 Gap=0.0138 ✓
[2025-11-28 19:35:06]     Epoch 13/100: Val R²=0.3654 Train R²=0.3795 Gap=0.0140  
[2025-11-28 19:49:41]     Epoch 14/100: Val R²=0.3604 Train R²=0.3797 Gap=0.0193  
[2025-11-28 20:04:30]     Epoch 15/100: Val R²=0.3643 Train R²=0.3802 Gap=0.0159  
[2025-11-28 20:19:40]     Epoch 16/100: Val R²=0.3562 Train R²=0.3804 Gap=0.0242  
[2025-11-28 20:34:22]     Epoch 17/100: Val R²=0.3707 Train R²=0.3863 Gap=0.0156 ✓
[2025-11-28 20:45:44]     Epoch 18/100: Val R²=0.3696 Train R²=0.3871 Gap=0.0175  
[2025-11-28 20:57:04]     Epoch 19/100: Val R²=0.3708 Train R²=0.3876 Gap=0.0168 ✓
[2025-11-28 21:08:02]     Epoch 20/100: Val R²=0.3696 Train R²=0.3882 Gap=0.0185  
[2025-11-28 21:19:48]     Epoch 21/100: Val R²=0.3710 Train R²=0.3885 Gap=0.0175 ✓
[2025-11-28 21:31:20]     Epoch 22/100: Val R²=0.3719 Train R²=0.3887 Gap=0.0168 ✓
[2025-11-28 21:42:58]     Epoch 23/100: Val R²=0.3695 Train R²=0.3889 Gap=0.0194  
[2025-11-28 21:54:42]     Epoch 24/100: Val R²=0.3736 Train R²=0.3893 Gap=0.0158 ✓
[2025-11-28 22:06:24]     Epoch 25/100: Val R²=0.3733 Train R²=0.3898 Gap=0.0165  
[2025-11-28 22:17:38]     Epoch 26/100: Val R²=0.3711 Train R²=0.3898 Gap=0.0187  
[2025-11-28 22:29:04]     Epoch 27/100: Val R²=0.3730 Train R²=0.3898 Gap=0.0168  
[2025-11-28 22:40:28]     Epoch 28/100: Val R²=0.3727 Train R²=0.3901 Gap=0.0174  
[2025-11-28 22:51:47]     Epoch 29/100: Val R²=0.3754 Train R²=0.3946 Gap=0.0192 ✓
[2025-11-28 23:03:04]     Epoch 30/100: Val R²=0.3756 Train R²=0.3956 Gap=0.0200 ✓
[2025-11-28 23:14:28]     Epoch 31/100: Val R²=0.3757 Train R²=0.3958 Gap=0.0201 ✓
[2025-11-28 23:25:52]     Epoch 32/100: Val R²=0.3766 Train R²=0.3964 Gap=0.0197 ✓
[2025-11-28 23:37:16]     Epoch 33/100: Val R²=0.3742 Train R²=0.3970 Gap=0.0228  
[2025-11-28 23:48:34]     Epoch 34/100: Val R²=0.3757 Train R²=0.3975 Gap=0.0218  
[2025-11-29 00:00:00]     Epoch 35/100: Val R²=0.3751 Train R²=0.3975 Gap=0.0224  
[2025-11-29 00:11:28]     Epoch 36/100: Val R²=0.3771 Train R²=0.3977 Gap=0.0206 ✓
[2025-11-29 00:22:43]     Epoch 37/100: Val R²=0.3757 Train R²=0.3979 Gap=0.0222  
[2025-11-29 00:34:07]     Epoch 38/100: Val R²=0.3755 Train R²=0.3982 Gap=0.0228  
[2025-11-29 00:45:34]     Epoch 39/100: Val R²=0.3758 Train R²=0.3986 Gap=0.0227  
[2025-11-29 00:57:01]     Epoch 40/100: Val R²=0.3760 Train R²=0.3985 Gap=0.0225  
[2025-11-29 01:08:29]     Epoch 41/100: Val R²=0.3774 Train R²=0.4022 Gap=0.0248 ✓
[2025-11-29 01:19:49]     Epoch 42/100: Val R²=0.3784 Train R²=0.4034 Gap=0.0250 ✓
[2025-11-29 01:31:07]     Epoch 43/100: Val R²=0.3771 Train R²=0.4037 Gap=0.0267  
[2025-11-29 01:42:29]     Epoch 44/100: Val R²=0.3769 Train R²=0.4040 Gap=0.0271  
[2025-11-29 01:53:49]     Epoch 45/100: Val R²=0.3757 Train R²=0.4044 Gap=0.0287  
[2025-11-29 02:05:07]     Epoch 46/100: Val R²=0.3775 Train R²=0.4050 Gap=0.0274  
[2025-11-29 02:16:35]     Epoch 47/100: Val R²=0.3783 Train R²=0.4070 Gap=0.0287  
[2025-11-29 02:27:56]     Epoch 48/100: Val R²=0.3785 Train R²=0.4078 Gap=0.0293 ✓
[2025-11-29 02:39:20]     Epoch 49/100: Val R²=0.3779 Train R²=0.4082 Gap=0.0303  
[2025-11-29 02:50:36]     Epoch 50/100: Val R²=0.3777 Train R²=0.4081 Gap=0.0304  
[2025-11-29 03:02:04]     Epoch 51/100: Val R²=0.3778 Train R²=0.4085 Gap=0.0307  
[2025-11-29 03:13:31]     Epoch 52/100: Val R²=0.3773 Train R²=0.4088 Gap=0.0315  
[2025-11-29 03:24:51]     Epoch 53/100: Val R²=0.3780 Train R²=0.4105 Gap=0.0325  
[2025-11-29 03:36:12]     Epoch 54/100: Val R²=0.3780 Train R²=0.4107 Gap=0.0327  
[2025-11-29 03:47:36]     Epoch 55/100: Val R²=0.3778 Train R²=0.4110 Gap=0.0332  
[2025-11-29 03:59:06]     Epoch 56/100: Val R²=0.3776 Train R²=0.4108 Gap=0.0332  
[2025-11-29 04:10:32]     Epoch 57/100: Val R²=0.3778 Train R²=0.4121 Gap=0.0343  
[2025-11-29 04:22:04]     Epoch 58/100: Val R²=0.3780 Train R²=0.4123 Gap=0.0343  
[2025-11-29 04:22:04]     Early stopped at epoch 58
[2025-11-29 04:22:04] 
======================================================================
[2025-11-29 04:22:04] Config 1/1 Complete:
[2025-11-29 04:22:04]   Best Val R²: 0.378530 (epoch 48)
[2025-11-29 04:22:04]   Best Global R²: 0.340000
[2025-11-29 04:22:04]   Overfitting Gap: 0.029308
[2025-11-29 04:22:04]   Parameters: 989,216
[2025-11-29 04:22:04]   Training Time: 41962.5s
[2025-11-29 04:22:04] 
🎉🎉🎉 NEW GLOBAL BEST! R² improved from 0.340000 to 0.378530
[2025-11-29 04:22:04] 
======================================================================
[2025-11-29 04:22:04] 🏆 CREATING SUBMISSION - NEW BEST MODEL!
[2025-11-29 04:22:04] ======================================================================
[2025-11-29 04:22:04]   Val R²: 0.378530
[2025-11-29 04:22:04]   Directory: ../submissions/bruteforce_r2_03785_20251128_164241_cfg1
[2025-11-29 04:22:04]   Saved model: model_best.pt
[2025-11-29 04:22:04]   Generated: solution.py
[2025-11-29 04:22:04]   Copied: utils.py
[2025-11-29 04:22:04]   Saved: metadata.json
[2025-11-29 04:22:04] ======================================================================

[2025-11-29 04:22:05]   Results saved to models/bruteforce_search_results_20251128_164242.csv
[2025-11-29 04:22:05] 
======================================================================
[2025-11-29 04:22:05] SEARCH COMPLETE
[2025-11-29 04:22:05] ======================================================================
[2025-11-29 04:22:05] Total time: 699.4 minutes
[2025-11-29 04:22:05] Successful configs: 1/1
[2025-11-29 04:22:05] Final best R²: 0.378530
[2025-11-29 04:22:05] Submissions created: 1
[2025-11-29 04:22:05] Results saved: models/bruteforce_search_results_20251128_164242.csv
[2025-11-29 04:22:05] 
[2025-11-29 04:22:05] Top 5 configurations:
[2025-11-29 04:22:05] 
 config_id  best_val_r2  overfitting_gap  lookback  hidden_size  num_layers  dropout  n_parameters
         1      0.37853         0.029308       100          256           1      0.1        989216
[2025-11-29 04:22:05] 
Submissions log saved: models/bruteforce_submissions_log.csv
[2025-11-29 04:22:05] 
Submissions created:
[2025-11-29 04:22:05]   ../submissions/bruteforce_r2_03785_20251128_164241_cfg1 (R²=0.378530)
