[2025-12-01 15:45:08] ======================================================================
[2025-12-01 15:45:08] BRUTE FORCE HYPERPARAMETER SEARCH WITH AUTO-SUBMISSION (EXHAUSTIVE MODE)
[2025-12-01 15:45:08] ======================================================================
[2025-12-01 15:45:08] Started at: 2025-12-01 15:45:08
[2025-12-01 15:45:08] Mode: FULL
[2025-12-01 15:45:08] Best R² to beat: 0.340000
[2025-12-01 15:45:08] Log file: logs/bruteforce_20251201_154508.log
[2025-12-01 15:45:08] 
[2025-12-01 15:45:08] Device Detection:
[2025-12-01 15:45:08]   PyTorch version: 2.7.1
[2025-12-01 15:45:08]   Requested: auto
[2025-12-01 15:45:08]   MPS available: ✓
[2025-12-01 15:45:08]   CUDA available: ✗
[2025-12-01 15:45:08]   Using: MPS
[2025-12-01 15:45:08] 
[2025-12-01 15:45:08] Loading data...
[2025-12-01 15:45:08] Train: 465,000 rows, 465 sequences
[2025-12-01 15:45:08] Val:   52,000 rows, 52 sequences
[2025-12-01 15:45:08] Features: 32
[2025-12-01 15:45:08] 
[2025-12-01 15:45:08] Total possible combinations (Cartesian product): 1
[2025-12-01 15:45:08] Configurations to run (cap): 1
[2025-12-01 15:45:08] Starting exhaustive brute force search...
[2025-12-01 15:45:08] 
[2025-12-01 15:45:08] 
======================================================================
[2025-12-01 15:45:08] Config 1/1 - Starting Training:
[2025-12-01 15:45:08]   Architecture:
[2025-12-01 15:45:08]     Lookback: 100, Hidden: 256, Layers: 1, Dropout: 0.1
[2025-12-01 15:45:08]     Bidirectional: True, GRU: True
[2025-12-01 15:45:08]   Output Head:
[2025-12-01 15:45:08]     FC Layers: 3, FC Hidden: 1024, Activation: relu
[2025-12-01 15:45:08]     FC Dropout: 0.2, Batch Norm: True
[2025-12-01 15:45:08]   Training:
[2025-12-01 15:45:08]     Batch Size: 128, LR: 0.001, Weight Decay: 0.0001
[2025-12-01 15:45:08]     Optimizer: adam, Grad Clip: 5.0, LR Patience: 3
[2025-12-01 15:58:45]     Epoch  1/100: Val R²=0.3421 Train R²=0.3402 Gap=-0.0019 ✓
[2025-12-01 16:16:20]     Epoch  2/100: Val R²=0.3462 Train R²=0.3605 Gap=0.0143 ✓
[2025-12-01 16:33:42]     Epoch  3/100: Val R²=0.3552 Train R²=0.3652 Gap=0.0100 ✓
[2025-12-01 16:52:46]     Epoch  4/100: Val R²=0.3539 Train R²=0.3676 Gap=0.0137  
[2025-12-01 17:12:32]     Epoch  5/100: Val R²=0.3576 Train R²=0.3688 Gap=0.0111 ✓
[2025-12-01 17:32:19]     Epoch  6/100: Val R²=0.3583 Train R²=0.3697 Gap=0.0114 ✓
[2025-12-01 17:52:12]     Epoch  7/100: Val R²=0.3609 Train R²=0.3708 Gap=0.0099 ✓
[2025-12-01 18:12:01]     Epoch  8/100: Val R²=0.3629 Train R²=0.3716 Gap=0.0086 ✓
[2025-12-01 18:31:08]     Epoch  9/100: Val R²=0.3632 Train R²=0.3718 Gap=0.0086 ✓
[2025-12-01 18:46:50]     Epoch 10/100: Val R²=0.3619 Train R²=0.3721 Gap=0.0102  
[2025-12-01 19:02:32]     Epoch 11/100: Val R²=0.3571 Train R²=0.3724 Gap=0.0153  
[2025-12-01 19:20:05]     Epoch 12/100: Val R²=0.3566 Train R²=0.3731 Gap=0.0165  
[2025-12-01 19:37:27]     Epoch 13/100: Val R²=0.3644 Train R²=0.3727 Gap=0.0083 ✓
[2025-12-01 19:54:02]     Epoch 14/100: Val R²=0.3564 Train R²=0.3734 Gap=0.0169  
[2025-12-01 20:09:55]     Epoch 15/100: Val R²=0.3574 Train R²=0.3729 Gap=0.0155  
[2025-12-01 20:26:45]     Epoch 16/100: Val R²=0.3626 Train R²=0.3729 Gap=0.0103  
[2025-12-01 20:44:28]     Epoch 17/100: Val R²=0.3653 Train R²=0.3736 Gap=0.0083 ✓
[2025-12-01 21:02:51]     Epoch 18/100: Val R²=0.3631 Train R²=0.3733 Gap=0.0102  
[2025-12-01 21:21:56]     Epoch 19/100: Val R²=0.3604 Train R²=0.3740 Gap=0.0136  
[2025-12-01 21:39:26]     Epoch 20/100: Val R²=0.3580 Train R²=0.3737 Gap=0.0157  
[2025-12-01 21:57:02]     Epoch 21/100: Val R²=0.3632 Train R²=0.3740 Gap=0.0108  
