[2025-11-27 20:11:24] ======================================================================
[2025-11-27 20:11:24] BRUTE FORCE HYPERPARAMETER SEARCH WITH AUTO-SUBMISSION (EXHAUSTIVE MODE)
[2025-11-27 20:11:24] ======================================================================
[2025-11-27 20:11:24] Started at: 2025-11-27 20:11:24
[2025-11-27 20:11:24] Mode: FULL
[2025-11-27 20:11:24] Best R² to beat: 0.340000
[2025-11-27 20:11:24] Log file: logs/bruteforce_20251127_201124.log
[2025-11-27 20:11:24] 
[2025-11-27 20:11:24] Device Detection:
[2025-11-27 20:11:24]   PyTorch version: 2.7.1
[2025-11-27 20:11:24]   Requested: auto
[2025-11-27 20:11:24]   MPS available: ✓
[2025-11-27 20:11:24]   CUDA available: ✗
[2025-11-27 20:11:24]   Using: MPS
[2025-11-27 20:11:24] 
[2025-11-27 20:11:24] Loading data...
[2025-11-27 20:11:24] Preprocessing data...
[2025-11-27 20:11:25] Saved preprocessing.pkl
[2025-11-27 20:11:25] Saved scaler.pkl
[2025-11-27 20:11:25] Train: 465,000 rows, 465 sequences
[2025-11-27 20:11:25] Val:   52,000 rows, 52 sequences
[2025-11-27 20:11:25] Features: 32
[2025-11-27 20:11:25] 
[2025-11-27 20:11:25] Total possible combinations (Cartesian product): 1
[2025-11-27 20:11:25] Configurations to run (cap): 1
[2025-11-27 20:11:25] Starting exhaustive brute force search...
[2025-11-27 20:11:25] 
[2025-11-27 20:11:25] 
======================================================================
[2025-11-27 20:11:25] Config 1/1 - Starting Training:
[2025-11-27 20:11:25]   Architecture:
[2025-11-27 20:11:25]     Lookback: 100, Hidden: 256, Layers: 1, Dropout: 0.1
[2025-11-27 20:11:25]     Bidirectional: True, GRU: True
[2025-11-27 20:11:25]   Output Head:
[2025-11-27 20:11:25]     FC Layers: 2, FC Hidden: 256, Activation: relu
[2025-11-27 20:11:25]     FC Dropout: 0.2, Batch Norm: True
[2025-11-27 20:11:25]   Training:
[2025-11-27 20:11:25]     Batch Size: 256, LR: 0.001, Weight Decay: 0.0001
[2025-11-27 20:11:25]     Optimizer: adam, Grad Clip: 5.0, LR Patience: 3
[2025-11-27 20:26:55]     Epoch  1/100: Val R²=0.3568 Train R²=0.3479 Gap=-0.0089 ✓
[2025-11-27 20:44:09]     Epoch  2/100: Val R²=0.3677 Train R²=0.3726 Gap=0.0049 ✓
[2025-11-27 20:59:48]     Epoch  3/100: Val R²=0.3684 Train R²=0.3787 Gap=0.0103 ✓
[2025-11-27 21:17:00]     Epoch  4/100: Val R²=0.3715 Train R²=0.3835 Gap=0.0120 ✓
[2025-11-27 21:34:21]     Epoch  5/100: Val R²=0.3720 Train R²=0.3872 Gap=0.0152 ✓
[2025-11-27 21:49:47]     Epoch  6/100: Val R²=0.3723 Train R²=0.3905 Gap=0.0181 ✓
[2025-11-27 22:05:14]     Epoch  7/100: Val R²=0.3727 Train R²=0.3941 Gap=0.0215 ✓
[2025-11-27 22:20:40]     Epoch  8/100: Val R²=0.3708 Train R²=0.3978 Gap=0.0270  
[2025-11-27 22:36:03]     Epoch  9/100: Val R²=0.3711 Train R²=0.4013 Gap=0.0302  
[2025-11-27 22:51:29]     Epoch 10/100: Val R²=0.3686 Train R²=0.4053 Gap=0.0366  
[2025-11-27 23:06:54]     Epoch 11/100: Val R²=0.3648 Train R²=0.4100 Gap=0.0452  
[2025-11-27 23:22:21]     Epoch 12/100: Val R²=0.3643 Train R²=0.4236 Gap=0.0593  
[2025-11-27 23:37:55]     Epoch 13/100: Val R²=0.3580 Train R²=0.4305 Gap=0.0725  
