[2025-10-29 19:53:36] ======================================================================
[2025-10-29 19:53:36] BRUTE FORCE HYPERPARAMETER SEARCH WITH AUTO-SUBMISSION (EXHAUSTIVE MODE)
[2025-10-29 19:53:36] ======================================================================
[2025-10-29 19:53:36] Started at: 2025-10-29 19:53:36
[2025-10-29 19:53:36] Mode: FULL
[2025-10-29 19:53:36] Best R² to beat: 0.340000
[2025-10-29 19:53:36] Log file: logs/bruteforce_20251029_195336.log
[2025-10-29 19:53:36] 
[2025-10-29 19:53:36] Device Detection:
[2025-10-29 19:53:36]   PyTorch version: 2.7.1
[2025-10-29 19:53:36]   Requested: auto
[2025-10-29 19:53:36]   MPS available: ✓
[2025-10-29 19:53:36]   CUDA available: ✗
[2025-10-29 19:53:36]   Using: MPS
[2025-10-29 19:53:36] 
[2025-10-29 19:53:36] Loading data...
[2025-10-29 19:53:36] Train: 465,000 rows, 465 sequences
[2025-10-29 19:53:36] Val:   52,000 rows, 52 sequences
[2025-10-29 19:53:36] Features: 32
[2025-10-29 19:53:36] 
[2025-10-29 19:53:36] Total possible combinations (Cartesian product): 1
[2025-10-29 19:53:36] Configurations to run (cap): 1
[2025-10-29 19:53:36] Starting exhaustive brute force search...
[2025-10-29 19:53:36] 
[2025-10-29 19:53:36] 
======================================================================
[2025-10-29 19:53:36] Config 1/1 - Starting Training:
[2025-10-29 19:53:36]   Architecture:
[2025-10-29 19:53:36]     Lookback: 50, Hidden: 128, Layers: 1, Dropout: 0.1
[2025-10-29 19:53:36]     Bidirectional: True, GRU: True
[2025-10-29 19:53:36]   Output Head:
[2025-10-29 19:53:36]     FC Layers: 2, FC Hidden: 256, Activation: relu
[2025-10-29 19:53:36]     FC Dropout: 0.2, Batch Norm: True
[2025-10-29 19:53:36]   Training:
[2025-10-29 19:53:36]     Batch Size: 256, LR: 0.001, Weight Decay: 0.0001
[2025-10-29 19:53:36]     Optimizer: adam, Grad Clip: 5.0, LR Patience: 3
[2025-10-29 19:56:42]     Epoch  1/60: Val R²=0.3490 Train R²=0.3430 Gap=-0.0059 ✓
[2025-10-29 19:59:44]     Epoch  2/60: Val R²=0.3554 Train R²=0.3662 Gap=0.0108 ✓
[2025-10-29 20:02:47]     Epoch  3/60: Val R²=0.3561 Train R²=0.3710 Gap=0.0149 ✓
[2025-10-29 20:05:47]     Epoch  4/60: Val R²=0.3582 Train R²=0.3739 Gap=0.0157 ✓
[2025-10-29 20:08:41]     Epoch  5/60: Val R²=0.3634 Train R²=0.3755 Gap=0.0121 ✓
[2025-10-29 20:11:35]     Epoch  6/60: Val R²=0.3632 Train R²=0.3770 Gap=0.0138  
[2025-10-29 20:14:31]     Epoch  7/60: Val R²=0.3650 Train R²=0.3779 Gap=0.0128 ✓
[2025-10-29 20:17:25]     Epoch  8/60: Val R²=0.3662 Train R²=0.3788 Gap=0.0126 ✓
[2025-10-29 20:20:20]     Epoch  9/60: Val R²=0.3656 Train R²=0.3795 Gap=0.0139  
[2025-10-29 20:23:15]     Epoch 10/60: Val R²=0.3649 Train R²=0.3800 Gap=0.0151  
[2025-10-29 20:26:09]     Epoch 11/60: Val R²=0.3669 Train R²=0.3806 Gap=0.0137 ✓
[2025-10-29 20:29:04]     Epoch 12/60: Val R²=0.3633 Train R²=0.3809 Gap=0.0176  
[2025-10-29 20:31:59]     Epoch 13/60: Val R²=0.3644 Train R²=0.3816 Gap=0.0172  
[2025-10-29 20:34:54]     Epoch 14/60: Val R²=0.3672 Train R²=0.3814 Gap=0.0142 ✓
[2025-10-29 20:37:49]     Epoch 15/60: Val R²=0.3654 Train R²=0.3819 Gap=0.0164  
[2025-10-29 20:40:43]     Epoch 16/60: Val R²=0.3629 Train R²=0.3820 Gap=0.0191  
[2025-10-29 20:43:37]     Epoch 17/60: Val R²=0.3666 Train R²=0.3823 Gap=0.0158  
[2025-10-29 20:46:33]     Epoch 18/60: Val R²=0.3641 Train R²=0.3823 Gap=0.0182  
[2025-10-29 20:49:34]     Epoch 19/60: Val R²=0.3714 Train R²=0.3866 Gap=0.0152 ✓
[2025-10-29 20:52:46]     Epoch 20/60: Val R²=0.3693 Train R²=0.3873 Gap=0.0179  
[2025-10-29 20:56:02]     Epoch 21/60: Val R²=0.3695 Train R²=0.3878 Gap=0.0183  
[2025-10-29 20:59:16]     Epoch 22/60: Val R²=0.3701 Train R²=0.3879 Gap=0.0178  
[2025-10-29 21:02:29]     Epoch 23/60: Val R²=0.3690 Train R²=0.3880 Gap=0.0190  
[2025-10-29 21:05:38]     Epoch 24/60: Val R²=0.3724 Train R²=0.3911 Gap=0.0187 ✓
[2025-10-29 21:08:48]     Epoch 25/60: Val R²=0.3733 Train R²=0.3915 Gap=0.0182 ✓
[2025-10-29 21:11:59]     Epoch 26/60: Val R²=0.3728 Train R²=0.3915 Gap=0.0187  
[2025-10-29 21:15:12]     Epoch 27/60: Val R²=0.3730 Train R²=0.3919 Gap=0.0189  
[2025-10-29 21:18:23]     Epoch 28/60: Val R²=0.3729 Train R²=0.3919 Gap=0.0190  
[2025-10-29 21:21:33]     Epoch 29/60: Val R²=0.3731 Train R²=0.3921 Gap=0.0191  
[2025-10-29 21:24:43]     Epoch 30/60: Val R²=0.3735 Train R²=0.3941 Gap=0.0205 ✓
[2025-10-29 21:27:50]     Epoch 31/60: Val R²=0.3748 Train R²=0.3944 Gap=0.0196 ✓
[2025-10-29 21:31:01]     Epoch 32/60: Val R²=0.3735 Train R²=0.3947 Gap=0.0212  
[2025-10-29 21:34:11]     Epoch 33/60: Val R²=0.3739 Train R²=0.3948 Gap=0.0209  
[2025-10-29 21:37:21]     Epoch 34/60: Val R²=0.3747 Train R²=0.3948 Gap=0.0201  
[2025-10-29 21:40:42]     Epoch 35/60: Val R²=0.3738 Train R²=0.3951 Gap=0.0213  
[2025-10-29 21:44:11]     Epoch 36/60: Val R²=0.3746 Train R²=0.3961 Gap=0.0215  
[2025-10-29 21:47:36]     Epoch 37/60: Val R²=0.3749 Train R²=0.3965 Gap=0.0216 ✓
[2025-10-29 21:52:08]     Epoch 38/60: Val R²=0.3748 Train R²=0.3968 Gap=0.0220  
[2025-10-29 21:56:49]     Epoch 39/60: Val R²=0.3746 Train R²=0.3966 Gap=0.0220  
[2025-10-29 22:01:14]     Epoch 40/60: Val R²=0.3747 Train R²=0.3968 Gap=0.0221  
[2025-10-29 22:05:38]     Epoch 41/60: Val R²=0.3749 Train R²=0.3969 Gap=0.0220  
[2025-10-29 22:10:05]     Epoch 42/60: Val R²=0.3749 Train R²=0.3975 Gap=0.0227  
[2025-10-29 22:14:36]     Epoch 43/60: Val R²=0.3744 Train R²=0.3977 Gap=0.0233  
[2025-10-29 22:19:28]     Epoch 44/60: Val R²=0.3746 Train R²=0.3979 Gap=0.0232  
[2025-10-29 22:24:18]     Epoch 45/60: Val R²=0.3747 Train R²=0.3978 Gap=0.0231  
[2025-10-29 22:29:15]     Epoch 46/60: Val R²=0.3750 Train R²=0.3982 Gap=0.0232 ✓
