[2025-11-26 23:04:10] ======================================================================
[2025-11-26 23:04:10] BRUTE FORCE HYPERPARAMETER SEARCH WITH AUTO-SUBMISSION (EXHAUSTIVE MODE)
[2025-11-26 23:04:10] ======================================================================
[2025-11-26 23:04:10] Started at: 2025-11-26 23:04:10
[2025-11-26 23:04:10] Mode: FULL
[2025-11-26 23:04:10] Best R² to beat: 0.340000
[2025-11-26 23:04:10] Log file: logs/bruteforce_20251126_230410.log
[2025-11-26 23:04:10] 
[2025-11-26 23:04:10] Device Detection:
[2025-11-26 23:04:10]   PyTorch version: 2.7.1
[2025-11-26 23:04:10]   Requested: auto
[2025-11-26 23:04:10]   MPS available: ✓
[2025-11-26 23:04:10]   CUDA available: ✗
[2025-11-26 23:04:10]   Using: MPS
[2025-11-26 23:04:10] 
[2025-11-26 23:04:10] Loading data...
[2025-11-26 23:04:10] Train: 465,000 rows, 465 sequences
[2025-11-26 23:04:10] Val:   52,000 rows, 52 sequences
[2025-11-26 23:04:10] Features: 32
[2025-11-26 23:04:10] 
[2025-11-26 23:04:10] Total possible combinations (Cartesian product): 1
[2025-11-26 23:04:10] Configurations to run (cap): 1
[2025-11-26 23:04:10] Starting exhaustive brute force search...
[2025-11-26 23:04:10] 
[2025-11-26 23:04:10] 
======================================================================
[2025-11-26 23:04:10] Config 1/1 - Starting Training:
[2025-11-26 23:04:10]   Architecture:
[2025-11-26 23:04:10]     Lookback: 100, Hidden: 256, Layers: 2, Dropout: 0.1
[2025-11-26 23:04:10]     Bidirectional: True, GRU: True
[2025-11-26 23:04:10]   Output Head:
[2025-11-26 23:04:10]     FC Layers: 1, FC Hidden: 256, Activation: relu
[2025-11-26 23:04:10]     FC Dropout: 0.2, Batch Norm: True
[2025-11-26 23:04:10]   Training:
[2025-11-26 23:04:10]     Batch Size: 256, LR: 0.001, Weight Decay: 0.0001
[2025-11-26 23:04:10]     Optimizer: adam, Grad Clip: 5.0, LR Patience: 3
[2025-11-26 23:30:11]     Epoch  1/60: Val R²=0.3512 Train R²=0.3516 Gap=0.0004 ✓
[2025-11-27 00:04:05]     Epoch  2/60: Val R²=0.3572 Train R²=0.3713 Gap=0.0141 ✓
[2025-11-27 00:37:54]     Epoch  3/60: Val R²=0.3542 Train R²=0.3755 Gap=0.0213  
[2025-11-27 01:11:05]     Epoch  4/60: Val R²=0.3579 Train R²=0.3785 Gap=0.0206 ✓
[2025-11-27 01:44:06]     Epoch  5/60: Val R²=0.3571 Train R²=0.3799 Gap=0.0228  
[2025-11-27 02:17:21]     Epoch  6/60: Val R²=0.3624 Train R²=0.3810 Gap=0.0187 ✓
[2025-11-27 02:50:38]     Epoch  7/60: Val R²=0.3595 Train R²=0.3820 Gap=0.0225  
[2025-11-27 03:23:37]     Epoch  8/60: Val R²=0.3627 Train R²=0.3826 Gap=0.0199 ✓
[2025-11-27 03:56:35]     Epoch  9/60: Val R²=0.3613 Train R²=0.3830 Gap=0.0217  
[2025-11-27 04:29:35]     Epoch 10/60: Val R²=0.3642 Train R²=0.3837 Gap=0.0195 ✓
[2025-11-27 05:02:37]     Epoch 11/60: Val R²=0.3620 Train R²=0.3839 Gap=0.0219  
[2025-11-27 05:35:32]     Epoch 12/60: Val R²=0.3649 Train R²=0.3843 Gap=0.0194 ✓
[2025-11-27 06:08:22]     Epoch 13/60: Val R²=0.3635 Train R²=0.3846 Gap=0.0211  
[2025-11-27 06:41:09]     Epoch 14/60: Val R²=0.3655 Train R²=0.3849 Gap=0.0193 ✓
[2025-11-27 07:13:53]     Epoch 15/60: Val R²=0.3646 Train R²=0.3853 Gap=0.0206  
[2025-11-27 07:46:26]     Epoch 16/60: Val R²=0.3652 Train R²=0.3852 Gap=0.0200  
[2025-11-27 08:16:29]     Epoch 17/60: Val R²=0.3656 Train R²=0.3855 Gap=0.0199 ✓
[2025-11-27 08:46:25]     Epoch 18/60: Val R²=0.3622 Train R²=0.3857 Gap=0.0236  
[2025-11-27 09:16:43]     Epoch 19/60: Val R²=0.3682 Train R²=0.3897 Gap=0.0215 ✓
[2025-11-27 09:46:49]     Epoch 20/60: Val R²=0.3661 Train R²=0.3882 Gap=0.0221  
[2025-11-27 10:16:39]     Epoch 21/60: Val R²=0.3679 Train R²=0.3900 Gap=0.0221  
