[2025-10-29 23:39:46] ======================================================================
[2025-10-29 23:39:46] BRUTE FORCE TRANSFORMER SEARCH
[2025-10-29 23:39:46] ======================================================================
[2025-10-29 23:39:46] Using device: mps
[2025-10-29 23:39:46] Loading data...
[2025-10-29 23:39:46] Train: 413,000 rows, 413 sequences
[2025-10-29 23:39:46] Val:   104,000 rows, 104 sequences
[2025-10-29 23:39:46] Features: 32
[2025-10-29 23:39:46] Total possible combinations (Cartesian product): 559,872
[2025-10-29 23:39:46] Configurations to run (cap): 100
[2025-10-29 23:39:46] Starting transformer brute force search...
[2025-10-29 23:39:46] 
======================================================================
[2025-10-29 23:39:46] Config 1/100 - Starting Training:
[2025-10-29 23:39:46]   Lookback: 50, d_model: 128, nhead: 4
[2025-10-29 23:40:46]     Epoch  1/40: Val R²=0.3259 Train R²=0.3099 Gap=-0.0160 ✓
[2025-10-29 23:41:42]     Epoch  2/40: Val R²=0.3329 Train R²=0.3479 Gap=0.0150 ✓
[2025-10-29 23:42:38]     Epoch  3/40: Val R²=0.3370 Train R²=0.3578 Gap=0.0208 ✓
[2025-10-29 23:43:37]     Epoch  4/40: Val R²=0.3415 Train R²=0.3635 Gap=0.0220 ✓
[2025-10-29 23:44:37]     Epoch  5/40: Val R²=0.3408 Train R²=0.3672 Gap=0.0264  
[2025-10-29 23:45:36]     Epoch  6/40: Val R²=0.3436 Train R²=0.3702 Gap=0.0266 ✓
[2025-10-29 23:46:34]     Epoch  7/40: Val R²=0.3444 Train R²=0.3721 Gap=0.0277 ✓
[2025-10-29 23:47:33]     Epoch  8/40: Val R²=0.3456 Train R²=0.3740 Gap=0.0284 ✓
[2025-10-29 23:48:31]     Epoch  9/40: Val R²=0.3462 Train R²=0.3752 Gap=0.0290 ✓
[2025-10-29 23:49:27]     Epoch 10/40: Val R²=0.3466 Train R²=0.3764 Gap=0.0298 ✓
[2025-10-29 23:50:22]     Epoch 11/40: Val R²=0.3482 Train R²=0.3771 Gap=0.0289 ✓
[2025-10-29 23:51:17]     Epoch 12/40: Val R²=0.3495 Train R²=0.3783 Gap=0.0288 ✓
[2025-10-29 23:52:13]     Epoch 13/40: Val R²=0.3509 Train R²=0.3789 Gap=0.0280 ✓
[2025-10-29 23:53:07]     Epoch 14/40: Val R²=0.3494 Train R²=0.3796 Gap=0.0302  
[2025-10-29 23:54:01]     Epoch 15/40: Val R²=0.3502 Train R²=0.3807 Gap=0.0304  
[2025-10-29 23:54:56]     Epoch 16/40: Val R²=0.3505 Train R²=0.3816 Gap=0.0311  
[2025-10-29 23:55:50]     Epoch 17/40: Val R²=0.3473 Train R²=0.3821 Gap=0.0348  
[2025-10-29 23:56:44]     Epoch 18/40: Val R²=0.3514 Train R²=0.3847 Gap=0.0334 ✓
[2025-10-29 23:57:38]     Epoch 19/40: Val R²=0.3516 Train R²=0.3851 Gap=0.0334 ✓
[2025-10-29 23:58:33]     Epoch 20/40: Val R²=0.3517 Train R²=0.3857 Gap=0.0339 ✓
[2025-10-29 23:59:27]     Epoch 21/40: Val R²=0.3518 Train R²=0.3864 Gap=0.0346 ✓
[2025-10-30 00:00:22]     Epoch 22/40: Val R²=0.3515 Train R²=0.3862 Gap=0.0347  
[2025-10-30 00:01:16]     Epoch 23/40: Val R²=0.3512 Train R²=0.3867 Gap=0.0355  
[2025-10-30 00:02:11]     Epoch 24/40: Val R²=0.3509 Train R²=0.3873 Gap=0.0363  
[2025-10-30 00:03:05]     Epoch 25/40: Val R²=0.3499 Train R²=0.3875 Gap=0.0376  
[2025-10-30 00:04:00]     Epoch 26/40: Val R²=0.3523 Train R²=0.3887 Gap=0.0364 ✓
[2025-10-30 00:04:55]     Epoch 27/40: Val R²=0.3530 Train R²=0.3891 Gap=0.0361 ✓
[2025-10-30 00:05:50]     Epoch 28/40: Val R²=0.3529 Train R²=0.3892 Gap=0.0363  
[2025-10-30 00:06:44]     Epoch 29/40: Val R²=0.3527 Train R²=0.3892 Gap=0.0365  
[2025-10-30 00:07:39]     Epoch 30/40: Val R²=0.3531 Train R²=0.3894 Gap=0.0362 ✓
[2025-10-30 00:08:34]     Epoch 31/40: Val R²=0.3529 Train R²=0.3900 Gap=0.0371  
[2025-10-30 00:09:27]     Epoch 32/40: Val R²=0.3534 Train R²=0.3898 Gap=0.0364 ✓
[2025-10-30 00:10:21]     Epoch 33/40: Val R²=0.3527 Train R²=0.3897 Gap=0.0369  
[2025-10-30 00:11:16]     Epoch 34/40: Val R²=0.3528 Train R²=0.3902 Gap=0.0374  
[2025-10-30 00:12:11]     Epoch 35/40: Val R²=0.3533 Train R²=0.3907 Gap=0.0375  
[2025-10-30 00:13:04]     Epoch 36/40: Val R²=0.3523 Train R²=0.3908 Gap=0.0385  
[2025-10-30 00:13:58]     Epoch 37/40: Val R²=0.3529 Train R²=0.3913 Gap=0.0383  
[2025-10-30 00:14:53]     Epoch 38/40: Val R²=0.3534 Train R²=0.3917 Gap=0.0384  
[2025-10-30 00:15:46]     Epoch 39/40: Val R²=0.3531 Train R²=0.3913 Gap=0.0382  
[2025-10-30 00:15:46]     Early stopped at epoch 39
[2025-10-30 00:15:46] 
======================================================================
[2025-10-30 00:15:46] Config 1/100 Complete:
[2025-10-30 00:15:46]   Best Val R²: 0.353403 (epoch 32)
[2025-10-30 00:15:46]   Best Global R²: 0.340000
[2025-10-30 00:15:46] 
🎉 NEW GLOBAL BEST! R² improved from 0.340000 to 0.353403
[2025-10-30 00:15:46] 
======================================================================
[2025-10-30 00:15:46] 🏆 CREATING TRANSFORMER SUBMISSION - NEW BEST MODEL!
[2025-10-30 00:15:46] ======================================================================
[2025-10-30 00:15:46]   Val R²: 0.353403
[2025-10-30 00:15:46]   Directory: ../submissions/bruteforce_transformer_r2_03534_20251029_233946_cfg1
[2025-10-30 00:15:47]   Saved model: model_best.pt
[2025-10-30 00:15:47]   Generated: solution.py
[2025-10-30 00:15:47]   Copied: utils.py
[2025-10-30 00:15:47]   Saved: metadata.json
[2025-10-30 00:15:47] ======================================================================

[2025-10-30 00:15:47]   Results saved to models/transformer_bruteforce_search_results_20251029_233946.csv
[2025-10-30 00:15:47] 
======================================================================
[2025-10-30 00:15:47] Config 2/100 - Starting Training:
[2025-10-30 00:15:47]   Lookback: 50, d_model: 128, nhead: 4
[2025-10-30 00:16:42]     Epoch  1/40: Val R²=0.3247 Train R²=0.3112 Gap=-0.0135 ✓
[2025-10-30 00:17:36]     Epoch  2/40: Val R²=0.3330 Train R²=0.3484 Gap=0.0154 ✓
[2025-10-30 00:18:29]     Epoch  3/40: Val R²=0.3378 Train R²=0.3577 Gap=0.0199 ✓
[2025-10-30 00:19:23]     Epoch  4/40: Val R²=0.3412 Train R²=0.3630 Gap=0.0218 ✓
[2025-10-30 00:20:17]     Epoch  5/40: Val R²=0.3421 Train R²=0.3665 Gap=0.0243 ✓
[2025-10-30 00:21:12]     Epoch  6/40: Val R²=0.3438 Train R²=0.3691 Gap=0.0253 ✓
[2025-10-30 00:22:07]     Epoch  7/40: Val R²=0.3441 Train R²=0.3714 Gap=0.0273 ✓
[2025-10-30 00:23:00]     Epoch  8/40: Val R²=0.3451 Train R²=0.3729 Gap=0.0278 ✓
[2025-10-30 00:23:54]     Epoch  9/40: Val R²=0.3463 Train R²=0.3747 Gap=0.0284 ✓
[2025-10-30 00:24:48]     Epoch 10/40: Val R²=0.3484 Train R²=0.3755 Gap=0.0271 ✓
[2025-10-30 00:25:42]     Epoch 11/40: Val R²=0.3486 Train R²=0.3767 Gap=0.0281 ✓
[2025-10-30 00:26:36]     Epoch 12/40: Val R²=0.3484 Train R²=0.3781 Gap=0.0296  
[2025-10-30 00:27:31]     Epoch 13/40: Val R²=0.3502 Train R²=0.3786 Gap=0.0283 ✓
[2025-10-30 00:28:25]     Epoch 14/40: Val R²=0.3494 Train R²=0.3794 Gap=0.0299  
[2025-10-30 00:29:19]     Epoch 15/40: Val R²=0.3515 Train R²=0.3802 Gap=0.0287 ✓
[2025-10-30 00:30:13]     Epoch 16/40: Val R²=0.3503 Train R²=0.3811 Gap=0.0309  
[2025-10-30 00:31:07]     Epoch 17/40: Val R²=0.3515 Train R²=0.3817 Gap=0.0303  
[2025-10-30 00:32:01]     Epoch 18/40: Val R²=0.3512 Train R²=0.3823 Gap=0.0311  
[2025-10-30 00:32:55]     Epoch 19/40: Val R²=0.3517 Train R²=0.3830 Gap=0.0313 ✓
[2025-10-30 00:33:49]     Epoch 20/40: Val R²=0.3526 Train R²=0.3833 Gap=0.0307 ✓
[2025-10-30 00:34:42]     Epoch 21/40: Val R²=0.3514 Train R²=0.3843 Gap=0.0329  
[2025-10-30 00:35:36]     Epoch 22/40: Val R²=0.3522 Train R²=0.3849 Gap=0.0326  
[2025-10-30 00:36:30]     Epoch 23/40: Val R²=0.3527 Train R²=0.3850 Gap=0.0323 ✓
[2025-10-30 00:37:25]     Epoch 24/40: Val R²=0.3520 Train R²=0.3858 Gap=0.0337  
[2025-10-30 00:38:18]     Epoch 25/40: Val R²=0.3533 Train R²=0.3861 Gap=0.0328 ✓
[2025-10-30 00:39:12]     Epoch 26/40: Val R²=0.3511 Train R²=0.3869 Gap=0.0358  
[2025-10-30 00:40:06]     Epoch 27/40: Val R²=0.3525 Train R²=0.3875 Gap=0.0349  
[2025-10-30 00:41:00]     Epoch 28/40: Val R²=0.3524 Train R²=0.3878 Gap=0.0354  
[2025-10-30 00:41:54]     Epoch 29/40: Val R²=0.3540 Train R²=0.3882 Gap=0.0342 ✓
[2025-10-30 00:42:48]     Epoch 30/40: Val R²=0.3538 Train R²=0.3888 Gap=0.0351  
[2025-10-30 00:43:42]     Epoch 31/40: Val R²=0.3538 Train R²=0.3890 Gap=0.0352  
[2025-10-30 00:44:37]     Epoch 32/40: Val R²=0.3536 Train R²=0.3896 Gap=0.0360  
[2025-10-30 00:45:32]     Epoch 33/40: Val R²=0.3528 Train R²=0.3901 Gap=0.0373  
[2025-10-30 00:46:27]     Epoch 34/40: Val R²=0.3540 Train R²=0.3901 Gap=0.0361  
[2025-10-30 00:47:22]     Epoch 35/40: Val R²=0.3524 Train R²=0.3909 Gap=0.0386  
[2025-10-30 00:48:16]     Epoch 36/40: Val R²=0.3557 Train R²=0.3931 Gap=0.0374 ✓
[2025-10-30 00:49:11]     Epoch 37/40: Val R²=0.3554 Train R²=0.3936 Gap=0.0382  
[2025-10-30 00:50:07]     Epoch 38/40: Val R²=0.3537 Train R²=0.3941 Gap=0.0404  
[2025-10-30 00:51:03]     Epoch 39/40: Val R²=0.3553 Train R²=0.3944 Gap=0.0390  
[2025-10-30 00:51:58]     Epoch 40/40: Val R²=0.3547 Train R²=0.3945 Gap=0.0398  
[2025-10-30 00:51:58] 
======================================================================
[2025-10-30 00:51:58] Config 2/100 Complete:
[2025-10-30 00:51:58]   Best Val R²: 0.355655 (epoch 36)
[2025-10-30 00:51:58]   Best Global R²: 0.353403
[2025-10-30 00:51:58] 
🎉 NEW GLOBAL BEST! R² improved from 0.353403 to 0.355655
[2025-10-30 00:51:58] 
======================================================================
[2025-10-30 00:51:58] 🏆 CREATING TRANSFORMER SUBMISSION - NEW BEST MODEL!
[2025-10-30 00:51:58] ======================================================================
[2025-10-30 00:51:58]   Val R²: 0.355655
[2025-10-30 00:51:58]   Directory: ../submissions/bruteforce_transformer_r2_03557_20251029_233946_cfg2
[2025-10-30 00:51:58]   Saved model: model_best.pt
[2025-10-30 00:51:58]   Generated: solution.py
[2025-10-30 00:51:58]   Copied: utils.py
[2025-10-30 00:51:58]   Saved: metadata.json
[2025-10-30 00:51:58] ======================================================================

[2025-10-30 00:51:58]   Results saved to models/transformer_bruteforce_search_results_20251029_233946.csv
[2025-10-30 00:51:58] 
======================================================================
[2025-10-30 00:51:58] Config 3/100 - Starting Training:
[2025-10-30 00:51:58]   Lookback: 50, d_model: 128, nhead: 4
[2025-10-30 00:52:56]     Epoch  1/40: Val R²=0.3311 Train R²=0.3328 Gap=0.0017 ✓
[2025-10-30 00:53:54]     Epoch  2/40: Val R²=0.3364 Train R²=0.3597 Gap=0.0233 ✓
[2025-10-30 00:54:51]     Epoch  3/40: Val R²=0.3392 Train R²=0.3661 Gap=0.0269 ✓
[2025-10-30 00:55:48]     Epoch  4/40: Val R²=0.3403 Train R²=0.3695 Gap=0.0292 ✓
[2025-10-30 00:56:45]     Epoch  5/40: Val R²=0.3449 Train R²=0.3722 Gap=0.0273 ✓
[2025-10-30 00:57:43]     Epoch  6/40: Val R²=0.3444 Train R²=0.3743 Gap=0.0298  
[2025-10-30 00:58:40]     Epoch  7/40: Val R²=0.3476 Train R²=0.3756 Gap=0.0279 ✓
[2025-10-30 00:59:37]     Epoch  8/40: Val R²=0.3469 Train R²=0.3772 Gap=0.0304  
[2025-10-30 01:00:35]     Epoch  9/40: Val R²=0.3465 Train R²=0.3784 Gap=0.0318  
[2025-10-30 01:01:33]     Epoch 10/40: Val R²=0.3486 Train R²=0.3796 Gap=0.0310 ✓
[2025-10-30 01:02:30]     Epoch 11/40: Val R²=0.3442 Train R²=0.3807 Gap=0.0365  
[2025-10-30 01:03:28]     Epoch 12/40: Val R²=0.3482 Train R²=0.3818 Gap=0.0337  
[2025-10-30 01:04:25]     Epoch 13/40: Val R²=0.3488 Train R²=0.3825 Gap=0.0337 ✓
[2025-10-30 01:05:22]     Epoch 14/40: Val R²=0.3501 Train R²=0.3832 Gap=0.0331 ✓
[2025-10-30 01:06:20]     Epoch 15/40: Val R²=0.3521 Train R²=0.3842 Gap=0.0321 ✓
[2025-10-30 01:07:18]     Epoch 16/40: Val R²=0.3472 Train R²=0.3847 Gap=0.0376  
[2025-10-30 01:08:15]     Epoch 17/40: Val R²=0.3499 Train R²=0.3858 Gap=0.0358  
[2025-10-30 01:09:12]     Epoch 18/40: Val R²=0.3490 Train R²=0.3863 Gap=0.0373  
[2025-10-30 01:10:10]     Epoch 19/40: Val R²=0.3509 Train R²=0.3872 Gap=0.0364  
[2025-10-30 01:11:06]     Epoch 20/40: Val R²=0.3494 Train R²=0.3878 Gap=0.0384  
[2025-10-30 01:12:02]     Epoch 21/40: Val R²=0.3515 Train R²=0.3884 Gap=0.0369  
[2025-10-30 01:12:59]     Epoch 22/40: Val R²=0.3550 Train R²=0.3938 Gap=0.0387 ✓
[2025-10-30 01:13:55]     Epoch 23/40: Val R²=0.3537 Train R²=0.3945 Gap=0.0407  
[2025-10-30 01:14:50]     Epoch 24/40: Val R²=0.3539 Train R²=0.3951 Gap=0.0412  
[2025-10-30 01:15:46]     Epoch 25/40: Val R²=0.3524 Train R²=0.3960 Gap=0.0436  
[2025-10-30 01:16:43]     Epoch 26/40: Val R²=0.3529 Train R²=0.3965 Gap=0.0435  
[2025-10-30 01:17:39]     Epoch 27/40: Val R²=0.3522 Train R²=0.3969 Gap=0.0448  
[2025-10-30 01:18:35]     Epoch 28/40: Val R²=0.3541 Train R²=0.3975 Gap=0.0434  
[2025-10-30 01:19:31]     Epoch 29/40: Val R²=0.3546 Train R²=0.4005 Gap=0.0459  
[2025-10-30 01:19:31]     Early stopped at epoch 29
[2025-10-30 01:19:31] 
======================================================================
[2025-10-30 01:19:31] Config 3/100 Complete:
[2025-10-30 01:19:31]   Best Val R²: 0.355039 (epoch 22)
[2025-10-30 01:19:31]   Best Global R²: 0.355655
[2025-10-30 01:19:31]   Not better than global best (0.355655)
[2025-10-30 01:19:31]   Results saved to models/transformer_bruteforce_search_results_20251029_233946.csv
[2025-10-30 01:19:31] 
======================================================================
[2025-10-30 01:19:31] Config 4/100 - Starting Training:
[2025-10-30 01:19:31]   Lookback: 50, d_model: 128, nhead: 4
[2025-10-30 01:20:27]     Epoch  1/40: Val R²=0.3168 Train R²=0.2867 Gap=-0.0301 ✓
[2025-10-30 01:21:21]     Epoch  2/40: Val R²=0.3255 Train R²=0.3346 Gap=0.0091 ✓
[2025-10-30 01:22:15]     Epoch  3/40: Val R²=0.3315 Train R²=0.3463 Gap=0.0149 ✓
[2025-10-30 01:23:10]     Epoch  4/40: Val R²=0.3332 Train R²=0.3530 Gap=0.0198 ✓
[2025-10-30 01:24:04]     Epoch  5/40: Val R²=0.3367 Train R²=0.3579 Gap=0.0211 ✓
[2025-10-30 01:24:58]     Epoch  6/40: Val R²=0.3389 Train R²=0.3616 Gap=0.0226 ✓
[2025-10-30 01:25:53]     Epoch  7/40: Val R²=0.3403 Train R²=0.3642 Gap=0.0239 ✓
[2025-10-30 01:26:47]     Epoch  8/40: Val R²=0.3414 Train R²=0.3662 Gap=0.0249 ✓
[2025-10-30 01:27:41]     Epoch  9/40: Val R²=0.3431 Train R²=0.3681 Gap=0.0249 ✓
[2025-10-30 01:28:35]     Epoch 10/40: Val R²=0.3449 Train R²=0.3699 Gap=0.0249 ✓
[2025-10-30 01:29:31]     Epoch 11/40: Val R²=0.3451 Train R²=0.3710 Gap=0.0258 ✓
[2025-10-30 01:30:25]     Epoch 12/40: Val R²=0.3458 Train R²=0.3721 Gap=0.0263 ✓
[2025-10-30 01:31:19]     Epoch 13/40: Val R²=0.3468 Train R²=0.3734 Gap=0.0266 ✓
[2025-10-30 01:32:14]     Epoch 14/40: Val R²=0.3478 Train R²=0.3742 Gap=0.0264 ✓
[2025-10-30 01:33:10]     Epoch 15/40: Val R²=0.3486 Train R²=0.3750 Gap=0.0264 ✓
[2025-10-30 01:34:07]     Epoch 16/40: Val R²=0.3485 Train R²=0.3757 Gap=0.0272  
[2025-10-30 01:35:04]     Epoch 17/40: Val R²=0.3480 Train R²=0.3762 Gap=0.0281  
[2025-10-30 01:36:01]     Epoch 18/40: Val R²=0.3487 Train R²=0.3768 Gap=0.0281 ✓
[2025-10-30 01:36:58]     Epoch 19/40: Val R²=0.3502 Train R²=0.3779 Gap=0.0277 ✓
[2025-10-30 01:37:56]     Epoch 20/40: Val R²=0.3503 Train R²=0.3783 Gap=0.0280 ✓
[2025-10-30 01:38:53]     Epoch 21/40: Val R²=0.3502 Train R²=0.3791 Gap=0.0290  
[2025-10-30 01:39:51]     Epoch 22/40: Val R²=0.3497 Train R²=0.3798 Gap=0.0300  
[2025-10-30 01:40:49]     Epoch 23/40: Val R²=0.3519 Train R²=0.3800 Gap=0.0281 ✓
[2025-10-30 01:41:46]     Epoch 24/40: Val R²=0.3505 Train R²=0.3807 Gap=0.0302  
[2025-10-30 01:42:45]     Epoch 25/40: Val R²=0.3514 Train R²=0.3808 Gap=0.0295  
[2025-10-30 01:43:42]     Epoch 26/40: Val R²=0.3497 Train R²=0.3814 Gap=0.0317  
[2025-10-30 01:44:38]     Epoch 27/40: Val R²=0.3505 Train R²=0.3822 Gap=0.0317  
[2025-10-30 01:45:34]     Epoch 28/40: Val R²=0.3513 Train R²=0.3828 Gap=0.0314  
[2025-10-30 01:46:29]     Epoch 29/40: Val R²=0.3510 Train R²=0.3825 Gap=0.0315  
[2025-10-30 01:47:24]     Epoch 30/40: Val R²=0.3529 Train R²=0.3840 Gap=0.0311 ✓
[2025-10-30 01:48:18]     Epoch 31/40: Val R²=0.3525 Train R²=0.3846 Gap=0.0321  
[2025-10-30 01:49:13]     Epoch 32/40: Val R²=0.3520 Train R²=0.3850 Gap=0.0331  
[2025-10-30 01:50:07]     Epoch 33/40: Val R²=0.3520 Train R²=0.3850 Gap=0.0330  
[2025-10-30 01:51:00]     Epoch 34/40: Val R²=0.3527 Train R²=0.3852 Gap=0.0325  
[2025-10-30 01:51:54]     Epoch 35/40: Val R²=0.3526 Train R²=0.3856 Gap=0.0330  
[2025-10-30 01:52:48]     Epoch 36/40: Val R²=0.3525 Train R²=0.3860 Gap=0.0335  
[2025-10-30 01:53:43]     Epoch 37/40: Val R²=0.3527 Train R²=0.3865 Gap=0.0338  
[2025-10-30 01:53:43]     Early stopped at epoch 37
[2025-10-30 01:53:43] 
======================================================================
[2025-10-30 01:53:43] Config 4/100 Complete:
[2025-10-30 01:53:43]   Best Val R²: 0.352871 (epoch 30)
[2025-10-30 01:53:43]   Best Global R²: 0.355655
[2025-10-30 01:53:43]   Not better than global best (0.355655)
[2025-10-30 01:53:43]   Results saved to models/transformer_bruteforce_search_results_20251029_233946.csv
[2025-10-30 01:53:43] 
======================================================================
[2025-10-30 01:53:43] Config 5/100 - Starting Training:
[2025-10-30 01:53:43]   Lookback: 50, d_model: 128, nhead: 4
[2025-10-30 01:54:41]     Epoch  1/40: Val R²=0.3220 Train R²=0.3104 Gap=-0.0116 ✓
[2025-10-30 01:55:40]     Epoch  2/40: Val R²=0.3319 Train R²=0.3476 Gap=0.0157 ✓
[2025-10-30 01:56:37]     Epoch  3/40: Val R²=0.3363 Train R²=0.3569 Gap=0.0206 ✓
[2025-10-30 01:57:34]     Epoch  4/40: Val R²=0.3391 Train R²=0.3615 Gap=0.0224 ✓
[2025-10-30 01:58:31]     Epoch  5/40: Val R²=0.3410 Train R²=0.3650 Gap=0.0239 ✓
[2025-10-30 01:59:28]     Epoch  6/40: Val R²=0.3421 Train R²=0.3671 Gap=0.0250 ✓
[2025-10-30 02:00:26]     Epoch  7/40: Val R²=0.3429 Train R²=0.3694 Gap=0.0265 ✓
[2025-10-30 02:01:23]     Epoch  8/40: Val R²=0.3433 Train R²=0.3702 Gap=0.0270 ✓
[2025-10-30 02:02:22]     Epoch  9/40: Val R²=0.3447 Train R²=0.3717 Gap=0.0270 ✓
[2025-10-30 02:03:19]     Epoch 10/40: Val R²=0.3459 Train R²=0.3726 Gap=0.0267 ✓
[2025-10-30 02:04:16]     Epoch 11/40: Val R²=0.3463 Train R²=0.3735 Gap=0.0273 ✓
[2025-10-30 02:05:15]     Epoch 12/40: Val R²=0.3463 Train R²=0.3741 Gap=0.0278 ✓
[2025-10-30 02:06:12]     Epoch 13/40: Val R²=0.3471 Train R²=0.3751 Gap=0.0280 ✓
[2025-10-30 02:07:09]     Epoch 14/40: Val R²=0.3480 Train R²=0.3752 Gap=0.0271 ✓
[2025-10-30 02:08:06]     Epoch 15/40: Val R²=0.3463 Train R²=0.3759 Gap=0.0297  
[2025-10-30 02:09:03]     Epoch 16/40: Val R²=0.3468 Train R²=0.3767 Gap=0.0299  
[2025-10-30 02:09:59]     Epoch 17/40: Val R²=0.3492 Train R²=0.3771 Gap=0.0279 ✓
[2025-10-30 02:10:55]     Epoch 18/40: Val R²=0.3475 Train R²=0.3774 Gap=0.0299  
[2025-10-30 02:11:53]     Epoch 19/40: Val R²=0.3480 Train R²=0.3774 Gap=0.0294  
[2025-10-30 02:12:50]     Epoch 20/40: Val R²=0.3491 Train R²=0.3780 Gap=0.0289  
[2025-10-30 02:13:46]     Epoch 21/40: Val R²=0.3491 Train R²=0.3778 Gap=0.0287  
[2025-10-30 02:14:43]     Epoch 22/40: Val R²=0.3467 Train R²=0.3784 Gap=0.0317  
[2025-10-30 02:15:39]     Epoch 23/40: Val R²=0.3498 Train R²=0.3787 Gap=0.0289 ✓
[2025-10-30 02:16:36]     Epoch 24/40: Val R²=0.3490 Train R²=0.3791 Gap=0.0302  
[2025-10-30 02:17:33]     Epoch 25/40: Val R²=0.3497 Train R²=0.3796 Gap=0.0298  
[2025-10-30 02:18:30]     Epoch 26/40: Val R²=0.3493 Train R²=0.3795 Gap=0.0302  
[2025-10-30 02:19:26]     Epoch 27/40: Val R²=0.3470 Train R²=0.3795 Gap=0.0324  
[2025-10-30 02:20:23]     Epoch 28/40: Val R²=0.3492 Train R²=0.3800 Gap=0.0308  
[2025-10-30 02:21:20]     Epoch 29/40: Val R²=0.3504 Train R²=0.3802 Gap=0.0298 ✓
[2025-10-30 02:22:17]     Epoch 30/40: Val R²=0.3508 Train R²=0.3804 Gap=0.0296 ✓
[2025-10-30 02:23:14]     Epoch 31/40: Val R²=0.3484 Train R²=0.3808 Gap=0.0324  
[2025-10-30 02:24:11]     Epoch 32/40: Val R²=0.3496 Train R²=0.3811 Gap=0.0315  
[2025-10-30 02:25:08]     Epoch 33/40: Val R²=0.3509 Train R²=0.3810 Gap=0.0300 ✓
[2025-10-30 02:26:05]     Epoch 34/40: Val R²=0.3494 Train R²=0.3816 Gap=0.0322  
[2025-10-30 02:27:03]     Epoch 35/40: Val R²=0.3491 Train R²=0.3814 Gap=0.0323  
[2025-10-30 02:28:01]     Epoch 36/40: Val R²=0.3483 Train R²=0.3816 Gap=0.0333  
[2025-10-30 02:28:59]     Epoch 37/40: Val R²=0.3522 Train R²=0.3819 Gap=0.0298 ✓
[2025-10-30 02:29:57]     Epoch 38/40: Val R²=0.3497 Train R²=0.3818 Gap=0.0321  
[2025-10-30 02:30:54]     Epoch 39/40: Val R²=0.3502 Train R²=0.3820 Gap=0.0318  
[2025-10-30 02:31:53]     Epoch 40/40: Val R²=0.3505 Train R²=0.3824 Gap=0.0320  
[2025-10-30 02:31:53] 
======================================================================
[2025-10-30 02:31:53] Config 5/100 Complete:
[2025-10-30 02:31:53]   Best Val R²: 0.352152 (epoch 37)
[2025-10-30 02:31:53]   Best Global R²: 0.355655
[2025-10-30 02:31:53]   Not better than global best (0.355655)
[2025-10-30 02:31:53]   Results saved to models/transformer_bruteforce_search_results_20251029_233946.csv
[2025-10-30 02:31:53] 
======================================================================
[2025-10-30 02:31:53] Config 6/100 - Starting Training:
[2025-10-30 02:31:53]   Lookback: 50, d_model: 128, nhead: 4
[2025-10-30 02:32:46]     Epoch  1/40: Val R²=0.3258 Train R²=0.3107 Gap=-0.0151 ✓
[2025-10-30 02:33:38]     Epoch  2/40: Val R²=0.3340 Train R²=0.3488 Gap=0.0147 ✓
[2025-10-30 02:34:32]     Epoch  3/40: Val R²=0.3360 Train R²=0.3578 Gap=0.0218 ✓
[2025-10-30 02:35:24]     Epoch  4/40: Val R²=0.3403 Train R²=0.3635 Gap=0.0233 ✓
[2025-10-30 02:36:16]     Epoch  5/40: Val R²=0.3425 Train R²=0.3667 Gap=0.0242 ✓
[2025-10-30 02:37:09]     Epoch  6/40: Val R²=0.3446 Train R²=0.3695 Gap=0.0249 ✓
[2025-10-30 02:38:02]     Epoch  7/40: Val R²=0.3446 Train R²=0.3716 Gap=0.0270 ✓
[2025-10-30 02:38:55]     Epoch  8/40: Val R²=0.3472 Train R²=0.3728 Gap=0.0256 ✓
[2025-10-30 02:39:48]     Epoch  9/40: Val R²=0.3469 Train R²=0.3747 Gap=0.0277  
[2025-10-30 02:40:41]     Epoch 10/40: Val R²=0.3469 Train R²=0.3758 Gap=0.0290  
[2025-10-30 02:41:33]     Epoch 11/40: Val R²=0.3482 Train R²=0.3769 Gap=0.0287 ✓
[2025-10-30 02:42:26]     Epoch 12/40: Val R²=0.3497 Train R²=0.3781 Gap=0.0283 ✓
[2025-10-30 02:43:19]     Epoch 13/40: Val R²=0.3493 Train R²=0.3790 Gap=0.0297  
[2025-10-30 02:44:12]     Epoch 14/40: Val R²=0.3496 Train R²=0.3797 Gap=0.0301  
[2025-10-30 02:45:05]     Epoch 15/40: Val R²=0.3508 Train R²=0.3805 Gap=0.0297 ✓
[2025-10-30 02:45:58]     Epoch 16/40: Val R²=0.3484 Train R²=0.3810 Gap=0.0326  
[2025-10-30 02:46:51]     Epoch 17/40: Val R²=0.3498 Train R²=0.3817 Gap=0.0319  
[2025-10-30 02:47:44]     Epoch 18/40: Val R²=0.3501 Train R²=0.3830 Gap=0.0329  
[2025-10-30 02:48:36]     Epoch 19/40: Val R²=0.3515 Train R²=0.3833 Gap=0.0317 ✓
[2025-10-30 02:49:28]     Epoch 20/40: Val R²=0.3521 Train R²=0.3841 Gap=0.0320 ✓
[2025-10-30 02:50:20]     Epoch 21/40: Val R²=0.3516 Train R²=0.3843 Gap=0.0328  
[2025-10-30 02:51:12]     Epoch 22/40: Val R²=0.3510 Train R²=0.3847 Gap=0.0337  
[2025-10-30 02:52:03]     Epoch 23/40: Val R²=0.3519 Train R²=0.3855 Gap=0.0337  
[2025-10-30 02:52:55]     Epoch 24/40: Val R²=0.3524 Train R²=0.3863 Gap=0.0339 ✓
[2025-10-30 02:53:46]     Epoch 25/40: Val R²=0.3525 Train R²=0.3866 Gap=0.0341 ✓
[2025-10-30 02:54:38]     Epoch 26/40: Val R²=0.3520 Train R²=0.3868 Gap=0.0348  
[2025-10-30 02:55:29]     Epoch 27/40: Val R²=0.3539 Train R²=0.3872 Gap=0.0333 ✓
[2025-10-30 02:56:19]     Epoch 28/40: Val R²=0.3520 Train R²=0.3882 Gap=0.0362  
[2025-10-30 02:57:07]     Epoch 29/40: Val R²=0.3536 Train R²=0.3887 Gap=0.0351  
[2025-10-30 02:57:56]     Epoch 30/40: Val R²=0.3534 Train R²=0.3890 Gap=0.0356  
[2025-10-30 02:58:44]     Epoch 31/40: Val R²=0.3528 Train R²=0.3894 Gap=0.0366  
[2025-10-30 02:59:34]     Epoch 32/40: Val R²=0.3544 Train R²=0.3920 Gap=0.0376 ✓
[2025-10-30 03:00:21]     Epoch 33/40: Val R²=0.3547 Train R²=0.3926 Gap=0.0379 ✓
[2025-10-30 03:01:10]     Epoch 34/40: Val R²=0.3537 Train R²=0.3930 Gap=0.0393  
[2025-10-30 03:01:58]     Epoch 35/40: Val R²=0.3550 Train R²=0.3931 Gap=0.0382 ✓
[2025-10-30 03:02:47]     Epoch 36/40: Val R²=0.3545 Train R²=0.3935 Gap=0.0390  
[2025-10-30 03:03:34]     Epoch 37/40: Val R²=0.3549 Train R²=0.3934 Gap=0.0385  
[2025-10-30 03:04:23]     Epoch 38/40: Val R²=0.3543 Train R²=0.3943 Gap=0.0400  
[2025-10-30 03:05:11]     Epoch 39/40: Val R²=0.3543 Train R²=0.3943 Gap=0.0400  
[2025-10-30 03:05:59]     Epoch 40/40: Val R²=0.3545 Train R²=0.3956 Gap=0.0411  
[2025-10-30 03:06:00] 
======================================================================
[2025-10-30 03:06:00] Config 6/100 Complete:
[2025-10-30 03:06:00]   Best Val R²: 0.354960 (epoch 35)
[2025-10-30 03:06:00]   Best Global R²: 0.355655
[2025-10-30 03:06:00]   Not better than global best (0.355655)
[2025-10-30 03:06:00]   Results saved to models/transformer_bruteforce_search_results_20251029_233946.csv
[2025-10-30 03:06:00] 
======================================================================
[2025-10-30 03:06:00] Config 7/100 - Starting Training:
[2025-10-30 03:06:00]   Lookback: 50, d_model: 128, nhead: 4
[2025-10-30 03:06:47]     Epoch  1/40: Val R²=0.3148 Train R²=0.2868 Gap=-0.0280 ✓
[2025-10-30 03:07:34]     Epoch  2/40: Val R²=0.3244 Train R²=0.3348 Gap=0.0104 ✓
[2025-10-30 03:08:21]     Epoch  3/40: Val R²=0.3297 Train R²=0.3460 Gap=0.0164 ✓
[2025-10-30 03:09:08]     Epoch  4/40: Val R²=0.3345 Train R²=0.3532 Gap=0.0187 ✓
[2025-10-30 03:09:55]     Epoch  5/40: Val R²=0.3375 Train R²=0.3578 Gap=0.0203 ✓
[2025-10-30 03:10:42]     Epoch  6/40: Val R²=0.3396 Train R²=0.3615 Gap=0.0219 ✓
[2025-10-30 03:11:29]     Epoch  7/40: Val R²=0.3391 Train R²=0.3637 Gap=0.0247  
[2025-10-30 03:12:16]     Epoch  8/40: Val R²=0.3407 Train R²=0.3659 Gap=0.0252 ✓
[2025-10-30 03:13:02]     Epoch  9/40: Val R²=0.3427 Train R²=0.3681 Gap=0.0254 ✓
[2025-10-30 03:13:50]     Epoch 10/40: Val R²=0.3444 Train R²=0.3694 Gap=0.0250 ✓
[2025-10-30 03:14:37]     Epoch 11/40: Val R²=0.3435 Train R²=0.3705 Gap=0.0270  
[2025-10-30 03:15:24]     Epoch 12/40: Val R²=0.3453 Train R²=0.3715 Gap=0.0262 ✓
[2025-10-30 03:16:10]     Epoch 13/40: Val R²=0.3457 Train R²=0.3727 Gap=0.0270 ✓
[2025-10-30 03:16:58]     Epoch 14/40: Val R²=0.3467 Train R²=0.3739 Gap=0.0271 ✓
[2025-10-30 03:17:45]     Epoch 15/40: Val R²=0.3468 Train R²=0.3746 Gap=0.0278 ✓
[2025-10-30 03:18:32]     Epoch 16/40: Val R²=0.3459 Train R²=0.3757 Gap=0.0298  
[2025-10-30 03:19:19]     Epoch 17/40: Val R²=0.3450 Train R²=0.3760 Gap=0.0309  
[2025-10-30 03:20:06]     Epoch 18/40: Val R²=0.3493 Train R²=0.3768 Gap=0.0275 ✓
[2025-10-30 03:20:53]     Epoch 19/40: Val R²=0.3485 Train R²=0.3772 Gap=0.0288  
[2025-10-30 03:21:40]     Epoch 20/40: Val R²=0.3501 Train R²=0.3781 Gap=0.0280 ✓
[2025-10-30 03:22:27]     Epoch 21/40: Val R²=0.3483 Train R²=0.3786 Gap=0.0303  
[2025-10-30 03:23:14]     Epoch 22/40: Val R²=0.3491 Train R²=0.3791 Gap=0.0300  
[2025-10-30 03:24:01]     Epoch 23/40: Val R²=0.3505 Train R²=0.3795 Gap=0.0290 ✓
[2025-10-30 03:24:48]     Epoch 24/40: Val R²=0.3508 Train R²=0.3801 Gap=0.0293 ✓
[2025-10-30 03:25:35]     Epoch 25/40: Val R²=0.3515 Train R²=0.3804 Gap=0.0289 ✓
[2025-10-30 03:26:22]     Epoch 26/40: Val R²=0.3509 Train R²=0.3813 Gap=0.0304  
[2025-10-30 03:27:09]     Epoch 27/40: Val R²=0.3501 Train R²=0.3816 Gap=0.0314  
[2025-10-30 03:27:56]     Epoch 28/40: Val R²=0.3509 Train R²=0.3816 Gap=0.0306  
[2025-10-30 03:28:44]     Epoch 29/40: Val R²=0.3507 Train R²=0.3820 Gap=0.0313  
[2025-10-30 03:29:33]     Epoch 30/40: Val R²=0.3512 Train R²=0.3827 Gap=0.0315  
[2025-10-30 03:30:21]     Epoch 31/40: Val R²=0.3515 Train R²=0.3830 Gap=0.0315 ✓
[2025-10-30 03:31:10]     Epoch 32/40: Val R²=0.3521 Train R²=0.3847 Gap=0.0326 ✓
[2025-10-30 03:31:58]     Epoch 33/40: Val R²=0.3518 Train R²=0.3847 Gap=0.0329  
[2025-10-30 03:32:46]     Epoch 34/40: Val R²=0.3529 Train R²=0.3850 Gap=0.0321 ✓
[2025-10-30 03:33:34]     Epoch 35/40: Val R²=0.3527 Train R²=0.3851 Gap=0.0324  
[2025-10-30 03:34:21]     Epoch 36/40: Val R²=0.3528 Train R²=0.3854 Gap=0.0326  
[2025-10-30 03:35:08]     Epoch 37/40: Val R²=0.3531 Train R²=0.3860 Gap=0.0328 ✓
[2025-10-30 03:35:54]     Epoch 38/40: Val R²=0.3530 Train R²=0.3857 Gap=0.0327  
[2025-10-30 03:36:41]     Epoch 39/40: Val R²=0.3521 Train R²=0.3857 Gap=0.0337  
[2025-10-30 03:37:28]     Epoch 40/40: Val R²=0.3516 Train R²=0.3861 Gap=0.0344  
[2025-10-30 03:37:29] 
======================================================================
[2025-10-30 03:37:29] Config 7/100 Complete:
[2025-10-30 03:37:29]   Best Val R²: 0.353130 (epoch 37)
[2025-10-30 03:37:29]   Best Global R²: 0.355655
[2025-10-30 03:37:29]   Not better than global best (0.355655)
[2025-10-30 03:37:29]   Results saved to models/transformer_bruteforce_search_results_20251029_233946.csv
[2025-10-30 03:37:29] 
======================================================================
[2025-10-30 03:37:29] Config 8/100 - Starting Training:
[2025-10-30 03:37:29]   Lookback: 50, d_model: 128, nhead: 4
[2025-10-30 03:38:24]     Epoch  1/40: Val R²=0.3229 Train R²=0.3082 Gap=-0.0147 ✓
[2025-10-30 03:39:20]     Epoch  2/40: Val R²=0.3333 Train R²=0.3470 Gap=0.0136 ✓
[2025-10-30 03:40:15]     Epoch  3/40: Val R²=0.3370 Train R²=0.3574 Gap=0.0204 ✓
[2025-10-30 03:41:10]     Epoch  4/40: Val R²=0.3374 Train R²=0.3627 Gap=0.0253 ✓
[2025-10-30 03:42:05]     Epoch  5/40: Val R²=0.3435 Train R²=0.3665 Gap=0.0230 ✓
[2025-10-30 03:43:01]     Epoch  6/40: Val R²=0.3428 Train R²=0.3688 Gap=0.0261  
[2025-10-30 03:43:55]     Epoch  7/40: Val R²=0.3463 Train R²=0.3713 Gap=0.0250 ✓
[2025-10-30 03:44:50]     Epoch  8/40: Val R²=0.3458 Train R²=0.3730 Gap=0.0272  
[2025-10-30 03:45:45]     Epoch  9/40: Val R²=0.3470 Train R²=0.3740 Gap=0.0270 ✓
[2025-10-30 03:46:39]     Epoch 10/40: Val R²=0.3488 Train R²=0.3753 Gap=0.0265 ✓
[2025-10-30 03:47:34]     Epoch 11/40: Val R²=0.3479 Train R²=0.3768 Gap=0.0289  
[2025-10-30 03:48:29]     Epoch 12/40: Val R²=0.3483 Train R²=0.3778 Gap=0.0295  
[2025-10-30 03:49:25]     Epoch 13/40: Val R²=0.3497 Train R²=0.3785 Gap=0.0288 ✓
[2025-10-30 03:50:19]     Epoch 14/40: Val R²=0.3496 Train R²=0.3794 Gap=0.0298  
[2025-10-30 03:51:14]     Epoch 15/40: Val R²=0.3499 Train R²=0.3807 Gap=0.0307 ✓
[2025-10-30 03:52:08]     Epoch 16/40: Val R²=0.3489 Train R²=0.3813 Gap=0.0324  
[2025-10-30 03:53:03]     Epoch 17/40: Val R²=0.3496 Train R²=0.3817 Gap=0.0321  
[2025-10-30 03:53:58]     Epoch 18/40: Val R²=0.3515 Train R²=0.3822 Gap=0.0307 ✓
[2025-10-30 03:54:53]     Epoch 19/40: Val R²=0.3503 Train R²=0.3834 Gap=0.0331  
[2025-10-30 03:55:49]     Epoch 20/40: Val R²=0.3515 Train R²=0.3834 Gap=0.0319  
[2025-10-30 03:56:44]     Epoch 21/40: Val R²=0.3504 Train R²=0.3842 Gap=0.0338  
[2025-10-30 03:57:39]     Epoch 22/40: Val R²=0.3524 Train R²=0.3847 Gap=0.0323 ✓
[2025-10-30 03:58:33]     Epoch 23/40: Val R²=0.3504 Train R²=0.3851 Gap=0.0347  
[2025-10-30 03:59:28]     Epoch 24/40: Val R²=0.3525 Train R²=0.3857 Gap=0.0332 ✓
[2025-10-30 04:00:23]     Epoch 25/40: Val R²=0.3520 Train R²=0.3864 Gap=0.0345  
[2025-10-30 04:01:18]     Epoch 26/40: Val R²=0.3531 Train R²=0.3872 Gap=0.0341 ✓
[2025-10-30 04:02:14]     Epoch 27/40: Val R²=0.3515 Train R²=0.3872 Gap=0.0357  
[2025-10-30 04:03:08]     Epoch 28/40: Val R²=0.3526 Train R²=0.3874 Gap=0.0348  
[2025-10-30 04:04:03]     Epoch 29/40: Val R²=0.3527 Train R²=0.3885 Gap=0.0358  
[2025-10-30 04:04:57]     Epoch 30/40: Val R²=0.3521 Train R²=0.3888 Gap=0.0367  
[2025-10-30 04:05:53]     Epoch 31/40: Val R²=0.3535 Train R²=0.3909 Gap=0.0374 ✓
[2025-10-30 04:06:47]     Epoch 32/40: Val R²=0.3524 Train R²=0.3916 Gap=0.0392  
[2025-10-30 04:07:42]     Epoch 33/40: Val R²=0.3554 Train R²=0.3922 Gap=0.0368 ✓
[2025-10-30 04:08:38]     Epoch 34/40: Val R²=0.3541 Train R²=0.3922 Gap=0.0381  
[2025-10-30 04:09:33]     Epoch 35/40: Val R²=0.3544 Train R²=0.3926 Gap=0.0382  
[2025-10-30 04:10:28]     Epoch 36/40: Val R²=0.3539 Train R²=0.3929 Gap=0.0390  
[2025-10-30 04:11:22]     Epoch 37/40: Val R²=0.3533 Train R²=0.3929 Gap=0.0396  
[2025-10-30 04:12:18]     Epoch 38/40: Val R²=0.3543 Train R²=0.3945 Gap=0.0402  
[2025-10-30 04:13:13]     Epoch 39/40: Val R²=0.3554 Train R²=0.3951 Gap=0.0397 ✓
[2025-10-30 04:14:08]     Epoch 40/40: Val R²=0.3548 Train R²=0.3946 Gap=0.0398  
[2025-10-30 04:14:08] 
======================================================================
[2025-10-30 04:14:08] Config 8/100 Complete:
[2025-10-30 04:14:08]   Best Val R²: 0.355434 (epoch 39)
[2025-10-30 04:14:08]   Best Global R²: 0.355655
[2025-10-30 04:14:08]   Not better than global best (0.355655)
[2025-10-30 04:14:08]   Results saved to models/transformer_bruteforce_search_results_20251029_233946.csv
[2025-10-30 04:14:08] 
======================================================================
[2025-10-30 04:14:08] Config 9/100 - Starting Training:
[2025-10-30 04:14:08]   Lookback: 50, d_model: 128, nhead: 4
[2025-10-30 04:14:59]     Epoch  1/40: Val R²=0.3164 Train R²=0.2885 Gap=-0.0279 ✓
[2025-10-30 04:15:48]     Epoch  2/40: Val R²=0.3251 Train R²=0.3348 Gap=0.0097 ✓
[2025-10-30 04:16:37]     Epoch  3/40: Val R²=0.3302 Train R²=0.3460 Gap=0.0157 ✓
[2025-10-30 04:17:26]     Epoch  4/40: Val R²=0.3332 Train R²=0.3527 Gap=0.0195 ✓
[2025-10-30 04:18:15]     Epoch  5/40: Val R²=0.3348 Train R²=0.3573 Gap=0.0225 ✓
[2025-10-30 04:19:04]     Epoch  6/40: Val R²=0.3395 Train R²=0.3608 Gap=0.0213 ✓
[2025-10-30 04:19:52]     Epoch  7/40: Val R²=0.3406 Train R²=0.3635 Gap=0.0229 ✓
[2025-10-30 04:20:41]     Epoch  8/40: Val R²=0.3412 Train R²=0.3658 Gap=0.0247 ✓
[2025-10-30 04:21:30]     Epoch  9/40: Val R²=0.3427 Train R²=0.3676 Gap=0.0248 ✓
[2025-10-30 04:22:19]     Epoch 10/40: Val R²=0.3419 Train R²=0.3690 Gap=0.0270  
[2025-10-30 04:23:07]     Epoch 11/40: Val R²=0.3436 Train R²=0.3706 Gap=0.0269 ✓
[2025-10-30 04:23:56]     Epoch 12/40: Val R²=0.3444 Train R²=0.3713 Gap=0.0269 ✓
[2025-10-30 04:24:45]     Epoch 13/40: Val R²=0.3461 Train R²=0.3728 Gap=0.0267 ✓
[2025-10-30 04:25:34]     Epoch 14/40: Val R²=0.3449 Train R²=0.3734 Gap=0.0285  
[2025-10-30 04:26:22]     Epoch 15/40: Val R²=0.3461 Train R²=0.3743 Gap=0.0282 ✓
[2025-10-30 04:27:10]     Epoch 16/40: Val R²=0.3477 Train R²=0.3751 Gap=0.0274 ✓
[2025-10-30 04:27:59]     Epoch 17/40: Val R²=0.3469 Train R²=0.3760 Gap=0.0292  
[2025-10-30 04:28:48]     Epoch 18/40: Val R²=0.3488 Train R²=0.3768 Gap=0.0280 ✓
[2025-10-30 04:29:36]     Epoch 19/40: Val R²=0.3489 Train R²=0.3775 Gap=0.0286 ✓
[2025-10-30 04:30:25]     Epoch 20/40: Val R²=0.3494 Train R²=0.3782 Gap=0.0287 ✓
[2025-10-30 04:31:14]     Epoch 21/40: Val R²=0.3495 Train R²=0.3786 Gap=0.0291 ✓
[2025-10-30 04:32:02]     Epoch 22/40: Val R²=0.3500 Train R²=0.3792 Gap=0.0291 ✓
[2025-10-30 04:32:51]     Epoch 23/40: Val R²=0.3495 Train R²=0.3798 Gap=0.0303  
[2025-10-30 04:33:40]     Epoch 24/40: Val R²=0.3498 Train R²=0.3799 Gap=0.0301  
[2025-10-30 04:34:31]     Epoch 25/40: Val R²=0.3495 Train R²=0.3810 Gap=0.0315  
[2025-10-30 04:35:21]     Epoch 26/40: Val R²=0.3504 Train R²=0.3812 Gap=0.0309 ✓
[2025-10-30 04:36:12]     Epoch 27/40: Val R²=0.3511 Train R²=0.3814 Gap=0.0303 ✓
[2025-10-30 04:37:02]     Epoch 28/40: Val R²=0.3516 Train R²=0.3819 Gap=0.0303 ✓
[2025-10-30 04:37:53]     Epoch 29/40: Val R²=0.3519 Train R²=0.3828 Gap=0.0310 ✓
[2025-10-30 04:38:43]     Epoch 30/40: Val R²=0.3509 Train R²=0.3830 Gap=0.0321  
[2025-10-30 04:39:33]     Epoch 31/40: Val R²=0.3496 Train R²=0.3831 Gap=0.0334  
[2025-10-30 04:40:22]     Epoch 32/40: Val R²=0.3509 Train R²=0.3835 Gap=0.0326  
[2025-10-30 04:41:12]     Epoch 33/40: Val R²=0.3499 Train R²=0.3840 Gap=0.0341  
[2025-10-30 04:42:02]     Epoch 34/40: Val R²=0.3520 Train R²=0.3841 Gap=0.0321 ✓
[2025-10-30 04:42:51]     Epoch 35/40: Val R²=0.3522 Train R²=0.3843 Gap=0.0321 ✓
[2025-10-30 04:43:39]     Epoch 36/40: Val R²=0.3514 Train R²=0.3849 Gap=0.0335  
[2025-10-30 04:44:29]     Epoch 37/40: Val R²=0.3520 Train R²=0.3852 Gap=0.0332  
[2025-10-30 04:45:18]     Epoch 38/40: Val R²=0.3527 Train R²=0.3859 Gap=0.0332 ✓
[2025-10-30 04:46:07]     Epoch 39/40: Val R²=0.3520 Train R²=0.3857 Gap=0.0336  
[2025-10-30 04:46:55]     Epoch 40/40: Val R²=0.3533 Train R²=0.3862 Gap=0.0329 ✓
[2025-10-30 04:46:56] 
======================================================================
[2025-10-30 04:46:56] Config 9/100 Complete:
[2025-10-30 04:46:56]   Best Val R²: 0.353342 (epoch 40)
[2025-10-30 04:46:56]   Best Global R²: 0.355655
[2025-10-30 04:46:56]   Not better than global best (0.355655)
[2025-10-30 04:46:56]   Results saved to models/transformer_bruteforce_search_results_20251029_233946.csv
[2025-10-30 04:46:56] 
======================================================================
[2025-10-30 04:46:56] Config 10/100 - Starting Training:
[2025-10-30 04:46:56]   Lookback: 50, d_model: 128, nhead: 4
[2025-10-30 04:47:51]     Epoch  1/40: Val R²=0.3251 Train R²=0.3322 Gap=0.0071 ✓
[2025-10-30 04:48:45]     Epoch  2/40: Val R²=0.3360 Train R²=0.3597 Gap=0.0237 ✓
[2025-10-30 04:49:38]     Epoch  3/40: Val R²=0.3409 Train R²=0.3660 Gap=0.0251 ✓
[2025-10-30 04:50:32]     Epoch  4/40: Val R²=0.3430 Train R²=0.3693 Gap=0.0264 ✓
[2025-10-30 04:51:25]     Epoch  5/40: Val R²=0.3435 Train R²=0.3725 Gap=0.0291 ✓
[2025-10-30 04:52:18]     Epoch  6/40: Val R²=0.3449 Train R²=0.3745 Gap=0.0296 ✓
[2025-10-30 04:53:11]     Epoch  7/40: Val R²=0.3466 Train R²=0.3756 Gap=0.0290 ✓
[2025-10-30 04:54:04]     Epoch  8/40: Val R²=0.3475 Train R²=0.3774 Gap=0.0299 ✓
[2025-10-30 04:54:57]     Epoch  9/40: Val R²=0.3486 Train R²=0.3787 Gap=0.0301 ✓
[2025-10-30 04:55:50]     Epoch 10/40: Val R²=0.3482 Train R²=0.3798 Gap=0.0316  
[2025-10-30 04:56:43]     Epoch 11/40: Val R²=0.3490 Train R²=0.3814 Gap=0.0324 ✓
[2025-10-30 04:57:36]     Epoch 12/40: Val R²=0.3517 Train R²=0.3819 Gap=0.0301 ✓
[2025-10-30 04:58:29]     Epoch 13/40: Val R²=0.3499 Train R²=0.3827 Gap=0.0328  
[2025-10-30 04:59:22]     Epoch 14/40: Val R²=0.3509 Train R²=0.3837 Gap=0.0328  
[2025-10-30 05:00:16]     Epoch 15/40: Val R²=0.3520 Train R²=0.3843 Gap=0.0323 ✓
[2025-10-30 05:01:09]     Epoch 16/40: Val R²=0.3521 Train R²=0.3855 Gap=0.0334 ✓
[2025-10-30 05:02:02]     Epoch 17/40: Val R²=0.3515 Train R²=0.3860 Gap=0.0345  
[2025-10-30 05:02:55]     Epoch 18/40: Val R²=0.3520 Train R²=0.3868 Gap=0.0347  
[2025-10-30 05:03:48]     Epoch 19/40: Val R²=0.3535 Train R²=0.3873 Gap=0.0338 ✓
[2025-10-30 05:04:41]     Epoch 20/40: Val R²=0.3525 Train R²=0.3878 Gap=0.0353  
[2025-10-30 05:05:34]     Epoch 21/40: Val R²=0.3496 Train R²=0.3885 Gap=0.0388  
[2025-10-30 05:06:27]     Epoch 22/40: Val R²=0.3513 Train R²=0.3892 Gap=0.0379  
[2025-10-30 05:07:20]     Epoch 23/40: Val R²=0.3520 Train R²=0.3898 Gap=0.0378  
[2025-10-30 05:08:13]     Epoch 24/40: Val R²=0.3535 Train R²=0.3952 Gap=0.0417  
[2025-10-30 05:09:06]     Epoch 25/40: Val R²=0.3537 Train R²=0.3964 Gap=0.0427 ✓
[2025-10-30 05:09:59]     Epoch 26/40: Val R²=0.3541 Train R²=0.3972 Gap=0.0432 ✓
[2025-10-30 05:10:52]     Epoch 27/40: Val R²=0.3541 Train R²=0.3976 Gap=0.0435 ✓
[2025-10-30 05:11:45]     Epoch 28/40: Val R²=0.3541 Train R²=0.3984 Gap=0.0443 ✓
[2025-10-30 05:12:38]     Epoch 29/40: Val R²=0.3537 Train R²=0.3984 Gap=0.0447  
[2025-10-30 05:13:32]     Epoch 30/40: Val R²=0.3554 Train R²=0.3990 Gap=0.0436 ✓
[2025-10-30 05:14:25]     Epoch 31/40: Val R²=0.3528 Train R²=0.3998 Gap=0.0470  
[2025-10-30 05:15:18]     Epoch 32/40: Val R²=0.3545 Train R²=0.3998 Gap=0.0453  
[2025-10-30 05:16:10]     Epoch 33/40: Val R²=0.3531 Train R²=0.4002 Gap=0.0471  
[2025-10-30 05:17:03]     Epoch 34/40: Val R²=0.3520 Train R²=0.4011 Gap=0.0491  
[2025-10-30 05:17:56]     Epoch 35/40: Val R²=0.3534 Train R²=0.4045 Gap=0.0511  
[2025-10-30 05:18:49]     Epoch 36/40: Val R²=0.3509 Train R²=0.4051 Gap=0.0541  
[2025-10-30 05:19:44]     Epoch 37/40: Val R²=0.3528 Train R²=0.4059 Gap=0.0531  
[2025-10-30 05:19:44]     Early stopped at epoch 37
[2025-10-30 05:19:44] 
======================================================================
[2025-10-30 05:19:44] Config 10/100 Complete:
[2025-10-30 05:19:44]   Best Val R²: 0.355395 (epoch 30)
[2025-10-30 05:19:44]   Best Global R²: 0.355655
[2025-10-30 05:19:44]   Not better than global best (0.355655)
[2025-10-30 05:19:44]   Results saved to models/transformer_bruteforce_search_results_20251029_233946.csv
[2025-10-30 05:19:44] 
======================================================================
[2025-10-30 05:19:44] Config 11/100 - Starting Training:
[2025-10-30 05:19:44]   Lookback: 50, d_model: 128, nhead: 4
[2025-10-30 05:20:37]     Epoch  1/40: Val R²=0.3320 Train R²=0.3310 Gap=-0.0010 ✓
[2025-10-30 05:21:30]     Epoch  2/40: Val R²=0.3388 Train R²=0.3588 Gap=0.0201 ✓
[2025-10-30 05:22:17]     Epoch  3/40: Val R²=0.3414 Train R²=0.3656 Gap=0.0242 ✓
[2025-10-30 05:23:09]     Epoch  4/40: Val R²=0.3393 Train R²=0.3699 Gap=0.0305  
[2025-10-30 05:24:01]     Epoch  5/40: Val R²=0.3445 Train R²=0.3717 Gap=0.0272 ✓
[2025-10-30 05:24:54]     Epoch  6/40: Val R²=0.3463 Train R²=0.3742 Gap=0.0280 ✓
[2025-10-30 05:25:45]     Epoch  7/40: Val R²=0.3467 Train R²=0.3761 Gap=0.0294 ✓
[2025-10-30 05:26:37]     Epoch  8/40: Val R²=0.3457 Train R²=0.3772 Gap=0.0315  
[2025-10-30 05:27:29]     Epoch  9/40: Val R²=0.3475 Train R²=0.3789 Gap=0.0314 ✓
[2025-10-30 05:28:21]     Epoch 10/40: Val R²=0.3487 Train R²=0.3796 Gap=0.0310 ✓
[2025-10-30 05:29:13]     Epoch 11/40: Val R²=0.3490 Train R²=0.3808 Gap=0.0317 ✓
[2025-10-30 05:30:05]     Epoch 12/40: Val R²=0.3508 Train R²=0.3816 Gap=0.0308 ✓
[2025-10-30 05:30:57]     Epoch 13/40: Val R²=0.3506 Train R²=0.3825 Gap=0.0319  
[2025-10-30 05:31:49]     Epoch 14/40: Val R²=0.3509 Train R²=0.3833 Gap=0.0323 ✓
[2025-10-30 05:32:41]     Epoch 15/40: Val R²=0.3504 Train R²=0.3843 Gap=0.0339  
[2025-10-30 05:33:33]     Epoch 16/40: Val R²=0.3511 Train R²=0.3850 Gap=0.0339 ✓
[2025-10-30 05:34:25]     Epoch 17/40: Val R²=0.3503 Train R²=0.3857 Gap=0.0354  
[2025-10-30 05:35:17]     Epoch 18/40: Val R²=0.3514 Train R²=0.3862 Gap=0.0347 ✓
[2025-10-30 05:36:09]     Epoch 19/40: Val R²=0.3523 Train R²=0.3874 Gap=0.0351 ✓
[2025-10-30 05:37:01]     Epoch 20/40: Val R²=0.3525 Train R²=0.3878 Gap=0.0353 ✓
[2025-10-30 05:37:54]     Epoch 21/40: Val R²=0.3517 Train R²=0.3882 Gap=0.0365  
[2025-10-30 05:38:45]     Epoch 22/40: Val R²=0.3513 Train R²=0.3890 Gap=0.0376  
[2025-10-30 05:39:37]     Epoch 23/40: Val R²=0.3516 Train R²=0.3894 Gap=0.0378  
[2025-10-30 05:40:29]     Epoch 24/40: Val R²=0.3524 Train R²=0.3904 Gap=0.0381  
[2025-10-30 05:41:16]     Epoch 25/40: Val R²=0.3512 Train R²=0.3906 Gap=0.0393  
[2025-10-30 05:42:08]     Epoch 26/40: Val R²=0.3527 Train R²=0.3912 Gap=0.0385 ✓
[2025-10-30 05:43:00]     Epoch 27/40: Val R²=0.3526 Train R²=0.3918 Gap=0.0392  
[2025-10-30 05:43:52]     Epoch 28/40: Val R²=0.3490 Train R²=0.3922 Gap=0.0431  
[2025-10-30 05:44:39]     Epoch 29/40: Val R²=0.3496 Train R²=0.3929 Gap=0.0433  
[2025-10-30 05:45:27]     Epoch 30/40: Val R²=0.3534 Train R²=0.3930 Gap=0.0395 ✓
[2025-10-30 05:46:14]     Epoch 31/40: Val R²=0.3538 Train R²=0.3937 Gap=0.0398 ✓
[2025-10-30 05:47:01]     Epoch 32/40: Val R²=0.3514 Train R²=0.3945 Gap=0.0431  
[2025-10-30 05:47:48]     Epoch 33/40: Val R²=0.3538 Train R²=0.3947 Gap=0.0409  
[2025-10-30 05:48:34]     Epoch 34/40: Val R²=0.3502 Train R²=0.3944 Gap=0.0442  
[2025-10-30 05:49:23]     Epoch 35/40: Val R²=0.3505 Train R²=0.3954 Gap=0.0448  
[2025-10-30 05:50:12]     Epoch 36/40: Val R²=0.3506 Train R²=0.3960 Gap=0.0454  
[2025-10-30 05:51:00]     Epoch 37/40: Val R²=0.3514 Train R²=0.3961 Gap=0.0447  
[2025-10-30 05:51:48]     Epoch 38/40: Val R²=0.3543 Train R²=0.4010 Gap=0.0467 ✓
[2025-10-30 05:52:35]     Epoch 39/40: Val R²=0.3529 Train R²=0.4028 Gap=0.0500  
[2025-10-30 05:53:22]     Epoch 40/40: Val R²=0.3525 Train R²=0.4036 Gap=0.0512  
[2025-10-30 05:53:22] 
======================================================================
[2025-10-30 05:53:22] Config 11/100 Complete:
[2025-10-30 05:53:22]   Best Val R²: 0.354296 (epoch 38)
[2025-10-30 05:53:22]   Best Global R²: 0.355655
[2025-10-30 05:53:22]   Not better than global best (0.355655)
[2025-10-30 05:53:22]   Results saved to models/transformer_bruteforce_search_results_20251029_233946.csv
[2025-10-30 05:53:22] 
======================================================================
[2025-10-30 05:53:22] Config 12/100 - Starting Training:
[2025-10-30 05:53:22]   Lookback: 50, d_model: 128, nhead: 4
[2025-10-30 05:54:16]     Epoch  1/40: Val R²=0.3155 Train R²=0.2858 Gap=-0.0297 ✓
[2025-10-30 05:55:10]     Epoch  2/40: Val R²=0.3248 Train R²=0.3348 Gap=0.0101 ✓
[2025-10-30 05:56:03]     Epoch  3/40: Val R²=0.3326 Train R²=0.3466 Gap=0.0140 ✓
[2025-10-30 05:56:56]     Epoch  4/40: Val R²=0.3351 Train R²=0.3532 Gap=0.0182 ✓
[2025-10-30 05:57:49]     Epoch  5/40: Val R²=0.3371 Train R²=0.3576 Gap=0.0205 ✓
[2025-10-30 05:58:43]     Epoch  6/40: Val R²=0.3387 Train R²=0.3608 Gap=0.0221 ✓
[2025-10-30 05:59:36]     Epoch  7/40: Val R²=0.3401 Train R²=0.3633 Gap=0.0233 ✓
[2025-10-30 06:00:29]     Epoch  8/40: Val R²=0.3417 Train R²=0.3657 Gap=0.0240 ✓
[2025-10-30 06:01:21]     Epoch  9/40: Val R²=0.3422 Train R²=0.3676 Gap=0.0254 ✓
[2025-10-30 06:02:14]     Epoch 10/40: Val R²=0.3442 Train R²=0.3692 Gap=0.0250 ✓
[2025-10-30 06:03:07]     Epoch 11/40: Val R²=0.3449 Train R²=0.3708 Gap=0.0259 ✓
[2025-10-30 06:04:00]     Epoch 12/40: Val R²=0.3465 Train R²=0.3718 Gap=0.0253 ✓
[2025-10-30 06:04:54]     Epoch 13/40: Val R²=0.3445 Train R²=0.3729 Gap=0.0284  
[2025-10-30 06:05:47]     Epoch 14/40: Val R²=0.3465 Train R²=0.3739 Gap=0.0274 ✓
[2025-10-30 06:06:40]     Epoch 15/40: Val R²=0.3473 Train R²=0.3743 Gap=0.0270 ✓
[2025-10-30 06:07:33]     Epoch 16/40: Val R²=0.3479 Train R²=0.3755 Gap=0.0276 ✓
[2025-10-30 06:08:26]     Epoch 17/40: Val R²=0.3479 Train R²=0.3763 Gap=0.0284 ✓
[2025-10-30 06:09:19]     Epoch 18/40: Val R²=0.3488 Train R²=0.3770 Gap=0.0282 ✓
[2025-10-30 06:10:12]     Epoch 19/40: Val R²=0.3489 Train R²=0.3776 Gap=0.0286 ✓
[2025-10-30 06:11:05]     Epoch 20/40: Val R²=0.3488 Train R²=0.3783 Gap=0.0295  
[2025-10-30 06:11:58]     Epoch 21/40: Val R²=0.3499 Train R²=0.3792 Gap=0.0294 ✓
[2025-10-30 06:12:51]     Epoch 22/40: Val R²=0.3496 Train R²=0.3793 Gap=0.0297  
[2025-10-30 06:13:44]     Epoch 23/40: Val R²=0.3498 Train R²=0.3799 Gap=0.0301  
[2025-10-30 06:14:38]     Epoch 24/40: Val R²=0.3519 Train R²=0.3805 Gap=0.0286 ✓
[2025-10-30 06:15:31]     Epoch 25/40: Val R²=0.3503 Train R²=0.3811 Gap=0.0308  
[2025-10-30 06:16:24]     Epoch 26/40: Val R²=0.3510 Train R²=0.3815 Gap=0.0305  
[2025-10-30 06:17:17]     Epoch 27/40: Val R²=0.3507 Train R²=0.3819 Gap=0.0312  
[2025-10-30 06:18:10]     Epoch 28/40: Val R²=0.3510 Train R²=0.3820 Gap=0.0310  
[2025-10-30 06:19:03]     Epoch 29/40: Val R²=0.3519 Train R²=0.3839 Gap=0.0319 ✓
[2025-10-30 06:19:56]     Epoch 30/40: Val R²=0.3525 Train R²=0.3838 Gap=0.0313 ✓
[2025-10-30 06:20:48]     Epoch 31/40: Val R²=0.3526 Train R²=0.3843 Gap=0.0318 ✓
[2025-10-30 06:21:42]     Epoch 32/40: Val R²=0.3527 Train R²=0.3843 Gap=0.0316 ✓
[2025-10-30 06:22:35]     Epoch 33/40: Val R²=0.3524 Train R²=0.3849 Gap=0.0325  
[2025-10-30 06:23:28]     Epoch 34/40: Val R²=0.3526 Train R²=0.3850 Gap=0.0324  
[2025-10-30 06:24:21]     Epoch 35/40: Val R²=0.3527 Train R²=0.3856 Gap=0.0328 ✓
[2025-10-30 06:25:14]     Epoch 36/40: Val R²=0.3531 Train R²=0.3855 Gap=0.0324 ✓
[2025-10-30 06:26:07]     Epoch 37/40: Val R²=0.3532 Train R²=0.3859 Gap=0.0327 ✓
[2025-10-30 06:27:00]     Epoch 38/40: Val R²=0.3527 Train R²=0.3859 Gap=0.0332  
[2025-10-30 06:27:53]     Epoch 39/40: Val R²=0.3534 Train R²=0.3858 Gap=0.0324 ✓
[2025-10-30 06:28:46]     Epoch 40/40: Val R²=0.3530 Train R²=0.3864 Gap=0.0334  
[2025-10-30 06:28:46] 
======================================================================
[2025-10-30 06:28:46] Config 12/100 Complete:
[2025-10-30 06:28:46]   Best Val R²: 0.353397 (epoch 39)
[2025-10-30 06:28:46]   Best Global R²: 0.355655
[2025-10-30 06:28:46]   Not better than global best (0.355655)
[2025-10-30 06:28:46]   Results saved to models/transformer_bruteforce_search_results_20251029_233946.csv
[2025-10-30 06:28:46] 
======================================================================
[2025-10-30 06:28:46] Config 13/100 - Starting Training:
[2025-10-30 06:28:46]   Lookback: 50, d_model: 128, nhead: 4
[2025-10-30 06:29:42]     Epoch  1/40: Val R²=0.3229 Train R²=0.3110 Gap=-0.0118 ✓
[2025-10-30 06:30:37]     Epoch  2/40: Val R²=0.3298 Train R²=0.3482 Gap=0.0184 ✓
[2025-10-30 06:31:32]     Epoch  3/40: Val R²=0.3364 Train R²=0.3576 Gap=0.0211 ✓
[2025-10-30 06:32:27]     Epoch  4/40: Val R²=0.3404 Train R²=0.3631 Gap=0.0227 ✓
[2025-10-30 06:33:22]     Epoch  5/40: Val R²=0.3434 Train R²=0.3666 Gap=0.0233 ✓
[2025-10-30 06:34:17]     Epoch  6/40: Val R²=0.3444 Train R²=0.3695 Gap=0.0251 ✓
[2025-10-30 06:35:12]     Epoch  7/40: Val R²=0.3459 Train R²=0.3712 Gap=0.0254 ✓
[2025-10-30 06:36:07]     Epoch  8/40: Val R²=0.3446 Train R²=0.3733 Gap=0.0287  
[2025-10-30 06:37:01]     Epoch  9/40: Val R²=0.3474 Train R²=0.3746 Gap=0.0271 ✓
[2025-10-30 06:37:56]     Epoch 10/40: Val R²=0.3484 Train R²=0.3760 Gap=0.0275 ✓
[2025-10-30 06:38:51]     Epoch 11/40: Val R²=0.3488 Train R²=0.3766 Gap=0.0278 ✓
[2025-10-30 06:39:46]     Epoch 12/40: Val R²=0.3489 Train R²=0.3780 Gap=0.0291 ✓
[2025-10-30 06:40:41]     Epoch 13/40: Val R²=0.3487 Train R²=0.3787 Gap=0.0301  
[2025-10-30 06:41:36]     Epoch 14/40: Val R²=0.3497 Train R²=0.3796 Gap=0.0300 ✓
[2025-10-30 06:42:31]     Epoch 15/40: Val R²=0.3500 Train R²=0.3806 Gap=0.0306 ✓
[2025-10-30 06:43:25]     Epoch 16/40: Val R²=0.3504 Train R²=0.3811 Gap=0.0308 ✓
[2025-10-30 06:44:20]     Epoch 17/40: Val R²=0.3494 Train R²=0.3818 Gap=0.0325  
[2025-10-30 06:45:15]     Epoch 18/40: Val R²=0.3513 Train R²=0.3827 Gap=0.0314 ✓
[2025-10-30 06:46:09]     Epoch 19/40: Val R²=0.3514 Train R²=0.3831 Gap=0.0317 ✓
[2025-10-30 06:47:05]     Epoch 20/40: Val R²=0.3516 Train R²=0.3839 Gap=0.0323 ✓
[2025-10-30 06:48:00]     Epoch 21/40: Val R²=0.3512 Train R²=0.3842 Gap=0.0330  
[2025-10-30 06:48:55]     Epoch 22/40: Val R²=0.3534 Train R²=0.3845 Gap=0.0312 ✓
[2025-10-30 06:49:49]     Epoch 23/40: Val R²=0.3508 Train R²=0.3857 Gap=0.0349  
[2025-10-30 06:50:44]     Epoch 24/40: Val R²=0.3533 Train R²=0.3860 Gap=0.0327  
[2025-10-30 06:51:39]     Epoch 25/40: Val R²=0.3517 Train R²=0.3866 Gap=0.0349  
[2025-10-30 06:52:34]     Epoch 26/40: Val R²=0.3529 Train R²=0.3871 Gap=0.0342  
[2025-10-30 06:53:29]     Epoch 27/40: Val R²=0.3530 Train R²=0.3877 Gap=0.0347  
[2025-10-30 06:54:24]     Epoch 28/40: Val R²=0.3523 Train R²=0.3882 Gap=0.0359  
[2025-10-30 06:55:19]     Epoch 29/40: Val R²=0.3543 Train R²=0.3909 Gap=0.0366 ✓
[2025-10-30 06:56:13]     Epoch 30/40: Val R²=0.3549 Train R²=0.3908 Gap=0.0360 ✓
[2025-10-30 06:57:08]     Epoch 31/40: Val R²=0.3537 Train R²=0.3915 Gap=0.0378  
[2025-10-30 06:58:03]     Epoch 32/40: Val R²=0.3553 Train R²=0.3919 Gap=0.0366 ✓
[2025-10-30 06:58:58]     Epoch 33/40: Val R²=0.3553 Train R²=0.3923 Gap=0.0370  
[2025-10-30 06:59:54]     Epoch 34/40: Val R²=0.3557 Train R²=0.3920 Gap=0.0363 ✓
[2025-10-30 07:00:49]     Epoch 35/40: Val R²=0.3540 Train R²=0.3928 Gap=0.0389  
[2025-10-30 07:01:44]     Epoch 36/40: Val R²=0.3556 Train R²=0.3930 Gap=0.0374  
[2025-10-30 07:02:38]     Epoch 37/40: Val R²=0.3551 Train R²=0.3931 Gap=0.0380  
[2025-10-30 07:03:34]     Epoch 38/40: Val R²=0.3547 Train R²=0.3934 Gap=0.0387  
[2025-10-30 07:04:29]     Epoch 39/40: Val R²=0.3541 Train R²=0.3936 Gap=0.0395  
[2025-10-30 07:05:24]     Epoch 40/40: Val R²=0.3555 Train R²=0.3937 Gap=0.0382  
[2025-10-30 07:05:24] 
======================================================================
[2025-10-30 07:05:24] Config 13/100 Complete:
[2025-10-30 07:05:24]   Best Val R²: 0.355729 (epoch 34)
[2025-10-30 07:05:24]   Best Global R²: 0.355655
[2025-10-30 07:05:24] 
🎉 NEW GLOBAL BEST! R² improved from 0.355655 to 0.355729
[2025-10-30 07:05:24] 
======================================================================
[2025-10-30 07:05:24] 🏆 CREATING TRANSFORMER SUBMISSION - NEW BEST MODEL!
[2025-10-30 07:05:24] ======================================================================
[2025-10-30 07:05:24]   Val R²: 0.355729
[2025-10-30 07:05:24]   Directory: ../submissions/bruteforce_transformer_r2_03557_20251029_233946_cfg13
[2025-10-30 07:05:24]   Saved model: model_best.pt
[2025-10-30 07:05:24]   Generated: solution.py
[2025-10-30 07:05:24]   Copied: utils.py
[2025-10-30 07:05:24]   Saved: metadata.json
[2025-10-30 07:05:24] ======================================================================

[2025-10-30 07:05:24]   Results saved to models/transformer_bruteforce_search_results_20251029_233946.csv
[2025-10-30 07:05:24] 
======================================================================
[2025-10-30 07:05:24] Config 14/100 - Starting Training:
[2025-10-30 07:05:24]   Lookback: 50, d_model: 128, nhead: 4
[2025-10-30 07:06:21]     Epoch  1/40: Val R²=0.3230 Train R²=0.3078 Gap=-0.0153 ✓
[2025-10-30 07:07:16]     Epoch  2/40: Val R²=0.3335 Train R²=0.3473 Gap=0.0137 ✓
[2025-10-30 07:08:12]     Epoch  3/40: Val R²=0.3357 Train R²=0.3571 Gap=0.0214 ✓
[2025-10-30 07:09:07]     Epoch  4/40: Val R²=0.3396 Train R²=0.3626 Gap=0.0230 ✓
[2025-10-30 07:10:08]     Epoch  5/40: Val R²=0.3422 Train R²=0.3661 Gap=0.0238 ✓
[2025-10-30 07:11:09]     Epoch  6/40: Val R²=0.3431 Train R²=0.3690 Gap=0.0259 ✓
[2025-10-30 07:12:10]     Epoch  7/40: Val R²=0.3459 Train R²=0.3712 Gap=0.0253 ✓
[2025-10-30 07:13:10]     Epoch  8/40: Val R²=0.3452 Train R²=0.3727 Gap=0.0275  
[2025-10-30 07:14:11]     Epoch  9/40: Val R²=0.3457 Train R²=0.3741 Gap=0.0283  
[2025-10-30 07:15:12]     Epoch 10/40: Val R²=0.3470 Train R²=0.3754 Gap=0.0284 ✓
[2025-10-30 07:16:13]     Epoch 11/40: Val R²=0.3457 Train R²=0.3766 Gap=0.0309  
[2025-10-30 07:17:14]     Epoch 12/40: Val R²=0.3482 Train R²=0.3774 Gap=0.0292 ✓
[2025-10-30 07:18:14]     Epoch 13/40: Val R²=0.3484 Train R²=0.3783 Gap=0.0299 ✓
[2025-10-30 07:19:15]     Epoch 14/40: Val R²=0.3485 Train R²=0.3789 Gap=0.0304 ✓
[2025-10-30 07:20:16]     Epoch 15/40: Val R²=0.3492 Train R²=0.3799 Gap=0.0307 ✓
[2025-10-30 07:21:17]     Epoch 16/40: Val R²=0.3491 Train R²=0.3806 Gap=0.0316  
[2025-10-30 07:22:11]     Epoch 17/40: Val R²=0.3502 Train R²=0.3807 Gap=0.0305 ✓
[2025-10-30 07:23:12]     Epoch 18/40: Val R²=0.3500 Train R²=0.3821 Gap=0.0321  
[2025-10-30 07:24:13]     Epoch 19/40: Val R²=0.3504 Train R²=0.3824 Gap=0.0320 ✓
[2025-10-30 07:25:14]     Epoch 20/40: Val R²=0.3504 Train R²=0.3830 Gap=0.0326 ✓
[2025-10-30 07:26:15]     Epoch 21/40: Val R²=0.3515 Train R²=0.3838 Gap=0.0324 ✓
[2025-10-30 07:27:16]     Epoch 22/40: Val R²=0.3505 Train R²=0.3840 Gap=0.0335  
[2025-10-30 07:28:12]     Epoch 23/40: Val R²=0.3520 Train R²=0.3848 Gap=0.0328 ✓
[2025-10-30 07:29:13]     Epoch 24/40: Val R²=0.3505 Train R²=0.3850 Gap=0.0345  
[2025-10-30 07:30:14]     Epoch 25/40: Val R²=0.3501 Train R²=0.3855 Gap=0.0354  
[2025-10-30 07:31:15]     Epoch 26/40: Val R²=0.3516 Train R²=0.3858 Gap=0.0342  
[2025-10-30 07:32:16]     Epoch 27/40: Val R²=0.3509 Train R²=0.3868 Gap=0.0360  
[2025-10-30 07:33:17]     Epoch 28/40: Val R²=0.3532 Train R²=0.3888 Gap=0.0356 ✓
[2025-10-30 07:34:18]     Epoch 29/40: Val R²=0.3536 Train R²=0.3896 Gap=0.0360 ✓
[2025-10-30 07:35:19]     Epoch 30/40: Val R²=0.3535 Train R²=0.3899 Gap=0.0365  
[2025-10-30 07:36:15]     Epoch 31/40: Val R²=0.3535 Train R²=0.3900 Gap=0.0365  
[2025-10-30 07:37:16]     Epoch 32/40: Val R²=0.3533 Train R²=0.3908 Gap=0.0374  
[2025-10-30 07:38:16]     Epoch 33/40: Val R²=0.3523 Train R²=0.3907 Gap=0.0383  
[2025-10-30 07:39:17]     Epoch 34/40: Val R²=0.3538 Train R²=0.3919 Gap=0.0381 ✓
[2025-10-30 07:40:13]     Epoch 35/40: Val R²=0.3523 Train R²=0.3921 Gap=0.0398  
[2025-10-30 07:41:14]     Epoch 36/40: Val R²=0.3534 Train R²=0.3924 Gap=0.0390  
[2025-10-30 07:42:15]     Epoch 37/40: Val R²=0.3537 Train R²=0.3926 Gap=0.0389  
[2025-10-30 07:43:16]     Epoch 38/40: Val R²=0.3534 Train R²=0.3927 Gap=0.0392  
[2025-10-30 07:44:17]     Epoch 39/40: Val R²=0.3536 Train R²=0.3937 Gap=0.0401  
[2025-10-30 07:45:18]     Epoch 40/40: Val R²=0.3533 Train R²=0.3937 Gap=0.0404  
[2025-10-30 07:45:18] 
======================================================================
[2025-10-30 07:45:18] Config 14/100 Complete:
[2025-10-30 07:45:18]   Best Val R²: 0.353777 (epoch 34)
[2025-10-30 07:45:18]   Best Global R²: 0.355729
[2025-10-30 07:45:18]   Not better than global best (0.355729)
[2025-10-30 07:45:18]   Results saved to models/transformer_bruteforce_search_results_20251029_233946.csv
[2025-10-30 07:45:18] 
======================================================================
[2025-10-30 07:45:18] Config 15/100 - Starting Training:
[2025-10-30 07:45:18]   Lookback: 50, d_model: 128, nhead: 4
[2025-10-30 07:46:12]     Epoch  1/40: Val R²=0.3297 Train R²=0.3321 Gap=0.0024 ✓
[2025-10-30 07:47:04]     Epoch  2/40: Val R²=0.3375 Train R²=0.3599 Gap=0.0223 ✓
[2025-10-30 07:47:56]     Epoch  3/40: Val R²=0.3398 Train R²=0.3662 Gap=0.0264 ✓
[2025-10-30 07:48:48]     Epoch  4/40: Val R²=0.3439 Train R²=0.3699 Gap=0.0260 ✓
[2025-10-30 07:49:35]     Epoch  5/40: Val R²=0.3451 Train R²=0.3723 Gap=0.0272 ✓
[2025-10-30 07:50:28]     Epoch  6/40: Val R²=0.3461 Train R²=0.3744 Gap=0.0283 ✓
[2025-10-30 07:51:19]     Epoch  7/40: Val R²=0.3453 Train R²=0.3760 Gap=0.0308  
[2025-10-30 07:52:11]     Epoch  8/40: Val R²=0.3480 Train R²=0.3775 Gap=0.0295 ✓
[2025-10-30 07:53:04]     Epoch  9/40: Val R²=0.3477 Train R²=0.3792 Gap=0.0316  
[2025-10-30 07:53:56]     Epoch 10/40: Val R²=0.3492 Train R²=0.3799 Gap=0.0308 ✓
[2025-10-30 07:54:50]     Epoch 11/40: Val R²=0.3505 Train R²=0.3811 Gap=0.0306 ✓
[2025-10-30 07:55:44]     Epoch 12/40: Val R²=0.3464 Train R²=0.3820 Gap=0.0356  
[2025-10-30 07:56:36]     Epoch 13/40: Val R²=0.3506 Train R²=0.3829 Gap=0.0323 ✓
[2025-10-30 07:57:28]     Epoch 14/40: Val R²=0.3504 Train R²=0.3835 Gap=0.0331  
[2025-10-30 07:58:20]     Epoch 15/40: Val R²=0.3500 Train R²=0.3846 Gap=0.0346  
[2025-10-30 07:59:13]     Epoch 16/40: Val R²=0.3501 Train R²=0.3853 Gap=0.0352  
[2025-10-30 08:00:05]     Epoch 17/40: Val R²=0.3494 Train R²=0.3861 Gap=0.0367  
[2025-10-30 08:00:56]     Epoch 18/40: Val R²=0.3550 Train R²=0.3912 Gap=0.0362 ✓
[2025-10-30 08:01:48]     Epoch 19/40: Val R²=0.3535 Train R²=0.3924 Gap=0.0389  
[2025-10-30 08:02:40]     Epoch 20/40: Val R²=0.3548 Train R²=0.3927 Gap=0.0379  
[2025-10-30 08:03:32]     Epoch 21/40: Val R²=0.3552 Train R²=0.3937 Gap=0.0384 ✓
[2025-10-30 08:04:24]     Epoch 22/40: Val R²=0.3546 Train R²=0.3945 Gap=0.0399  
[2025-10-30 08:05:16]     Epoch 23/40: Val R²=0.3546 Train R²=0.3945 Gap=0.0399  
[2025-10-30 08:06:09]     Epoch 24/40: Val R²=0.3540 Train R²=0.3950 Gap=0.0410  
[2025-10-30 08:07:01]     Epoch 25/40: Val R²=0.3546 Train R²=0.3957 Gap=0.0412  
[2025-10-30 08:07:53]     Epoch 26/40: Val R²=0.3560 Train R²=0.3987 Gap=0.0427 ✓
[2025-10-30 08:08:45]     Epoch 27/40: Val R²=0.3542 Train R²=0.3996 Gap=0.0454  
[2025-10-30 08:09:37]     Epoch 28/40: Val R²=0.3557 Train R²=0.3994 Gap=0.0436  
[2025-10-30 08:10:29]     Epoch 29/40: Val R²=0.3557 Train R²=0.4004 Gap=0.0447  
[2025-10-30 08:11:21]     Epoch 30/40: Val R²=0.3542 Train R²=0.4003 Gap=0.0461  
[2025-10-30 08:12:13]     Epoch 31/40: Val R²=0.3543 Train R²=0.4025 Gap=0.0482  
[2025-10-30 08:13:06]     Epoch 32/40: Val R²=0.3553 Train R²=0.4026 Gap=0.0473  
[2025-10-30 08:13:57]     Epoch 33/40: Val R²=0.3560 Train R²=0.4027 Gap=0.0467  
[2025-10-30 08:13:57]     Early stopped at epoch 33
[2025-10-30 08:13:57] 
======================================================================
[2025-10-30 08:13:57] Config 15/100 Complete:
[2025-10-30 08:13:57]   Best Val R²: 0.356014 (epoch 26)
[2025-10-30 08:13:57]   Best Global R²: 0.355729
[2025-10-30 08:13:57] 
🎉 NEW GLOBAL BEST! R² improved from 0.355729 to 0.356014
[2025-10-30 08:13:57] 
======================================================================
[2025-10-30 08:13:57] 🏆 CREATING TRANSFORMER SUBMISSION - NEW BEST MODEL!
[2025-10-30 08:13:57] ======================================================================
[2025-10-30 08:13:57]   Val R²: 0.356014
[2025-10-30 08:13:57]   Directory: ../submissions/bruteforce_transformer_r2_03560_20251029_233946_cfg15
[2025-10-30 08:13:57]   Saved model: model_best.pt
[2025-10-30 08:13:57]   Generated: solution.py
[2025-10-30 08:13:57]   Copied: utils.py
[2025-10-30 08:13:57]   Saved: metadata.json
[2025-10-30 08:13:57] ======================================================================

[2025-10-30 08:13:57]   Results saved to models/transformer_bruteforce_search_results_20251029_233946.csv
[2025-10-30 08:13:57] 
======================================================================
[2025-10-30 08:13:57] Config 16/100 - Starting Training:
[2025-10-30 08:13:57]   Lookback: 50, d_model: 128, nhead: 4
[2025-10-30 08:14:57]     Epoch  1/40: Val R²=0.3228 Train R²=0.3095 Gap=-0.0133 ✓
[2025-10-30 08:15:56]     Epoch  2/40: Val R²=0.3289 Train R²=0.3478 Gap=0.0189 ✓
[2025-10-30 08:16:55]     Epoch  3/40: Val R²=0.3373 Train R²=0.3574 Gap=0.0201 ✓
[2025-10-30 08:17:53]     Epoch  4/40: Val R²=0.3412 Train R²=0.3628 Gap=0.0215 ✓
[2025-10-30 08:18:52]     Epoch  5/40: Val R²=0.3409 Train R²=0.3665 Gap=0.0255  
[2025-10-30 08:19:51]     Epoch  6/40: Val R²=0.3427 Train R²=0.3691 Gap=0.0264 ✓
[2025-10-30 08:20:50]     Epoch  7/40: Val R²=0.3438 Train R²=0.3717 Gap=0.0279 ✓
[2025-10-30 08:21:49]     Epoch  8/40: Val R²=0.3467 Train R²=0.3729 Gap=0.0263 ✓
[2025-10-30 08:22:47]     Epoch  9/40: Val R²=0.3453 Train R²=0.3744 Gap=0.0291  
[2025-10-30 08:23:46]     Epoch 10/40: Val R²=0.3469 Train R²=0.3760 Gap=0.0291 ✓
[2025-10-30 08:24:44]     Epoch 11/40: Val R²=0.3487 Train R²=0.3772 Gap=0.0285 ✓
[2025-10-30 08:25:43]     Epoch 12/40: Val R²=0.3485 Train R²=0.3779 Gap=0.0295  
[2025-10-30 08:26:41]     Epoch 13/40: Val R²=0.3495 Train R²=0.3790 Gap=0.0295 ✓
[2025-10-30 08:27:40]     Epoch 14/40: Val R²=0.3493 Train R²=0.3799 Gap=0.0306  
[2025-10-30 08:28:38]     Epoch 15/40: Val R²=0.3503 Train R²=0.3807 Gap=0.0305 ✓
[2025-10-30 08:29:37]     Epoch 16/40: Val R²=0.3483 Train R²=0.3810 Gap=0.0327  
[2025-10-30 08:30:35]     Epoch 17/40: Val R²=0.3510 Train R²=0.3816 Gap=0.0306 ✓
[2025-10-30 08:31:34]     Epoch 18/40: Val R²=0.3513 Train R²=0.3827 Gap=0.0313 ✓
[2025-10-30 08:32:27]     Epoch 19/40: Val R²=0.3515 Train R²=0.3835 Gap=0.0319 ✓
[2025-10-30 08:33:19]     Epoch 20/40: Val R²=0.3508 Train R²=0.3836 Gap=0.0328  
[2025-10-30 08:34:12]     Epoch 21/40: Val R²=0.3524 Train R²=0.3841 Gap=0.0317 ✓
[2025-10-30 08:35:05]     Epoch 22/40: Val R²=0.3520 Train R²=0.3851 Gap=0.0332  
[2025-10-30 08:35:59]     Epoch 23/40: Val R²=0.3511 Train R²=0.3857 Gap=0.0346  
[2025-10-30 08:36:52]     Epoch 24/40: Val R²=0.3530 Train R²=0.3859 Gap=0.0329 ✓
[2025-10-30 08:37:45]     Epoch 25/40: Val R²=0.3533 Train R²=0.3865 Gap=0.0332 ✓
[2025-10-30 08:38:38]     Epoch 26/40: Val R²=0.3515 Train R²=0.3870 Gap=0.0355  
[2025-10-30 08:39:31]     Epoch 27/40: Val R²=0.3533 Train R²=0.3875 Gap=0.0343  
[2025-10-30 08:40:25]     Epoch 28/40: Val R²=0.3526 Train R²=0.3878 Gap=0.0352  
[2025-10-30 08:41:18]     Epoch 29/40: Val R²=0.3533 Train R²=0.3885 Gap=0.0352  
[2025-10-30 08:42:11]     Epoch 30/40: Val R²=0.3530 Train R²=0.3889 Gap=0.0360  
[2025-10-30 08:43:03]     Epoch 31/40: Val R²=0.3532 Train R²=0.3895 Gap=0.0363  
[2025-10-30 08:43:56]     Epoch 32/40: Val R²=0.3520 Train R²=0.3917 Gap=0.0397  
[2025-10-30 08:43:56]     Early stopped at epoch 32
[2025-10-30 08:43:56] 
======================================================================
[2025-10-30 08:43:56] Config 16/100 Complete:
[2025-10-30 08:43:56]   Best Val R²: 0.353304 (epoch 25)
[2025-10-30 08:43:56]   Best Global R²: 0.356014
[2025-10-30 08:43:56]   Not better than global best (0.356014)
[2025-10-30 08:43:56]   Results saved to models/transformer_bruteforce_search_results_20251029_233946.csv
[2025-10-30 08:43:56] 
======================================================================
[2025-10-30 08:43:56] Config 17/100 - Starting Training:
[2025-10-30 08:43:56]   Lookback: 50, d_model: 128, nhead: 4
[2025-10-30 08:44:47]     Epoch  1/40: Val R²=0.3251 Train R²=0.3099 Gap=-0.0152 ✓
[2025-10-30 08:45:37]     Epoch  2/40: Val R²=0.3327 Train R²=0.3481 Gap=0.0154 ✓
[2025-10-30 08:46:27]     Epoch  3/40: Val R²=0.3378 Train R²=0.3580 Gap=0.0202 ✓
[2025-10-30 08:47:16]     Epoch  4/40: Val R²=0.3399 Train R²=0.3632 Gap=0.0233 ✓
[2025-10-30 08:48:05]     Epoch  5/40: Val R²=0.3441 Train R²=0.3671 Gap=0.0230 ✓
[2025-10-30 08:48:55]     Epoch  6/40: Val R²=0.3449 Train R²=0.3696 Gap=0.0247 ✓
[2025-10-30 08:49:45]     Epoch  7/40: Val R²=0.3453 Train R²=0.3717 Gap=0.0264 ✓
[2025-10-30 08:50:34]     Epoch  8/40: Val R²=0.3460 Train R²=0.3733 Gap=0.0273 ✓
[2025-10-30 08:51:22]     Epoch  9/40: Val R²=0.3476 Train R²=0.3745 Gap=0.0269 ✓
[2025-10-30 08:52:12]     Epoch 10/40: Val R²=0.3472 Train R²=0.3760 Gap=0.0288  
[2025-10-30 08:53:02]     Epoch 11/40: Val R²=0.3485 Train R²=0.3770 Gap=0.0285 ✓
[2025-10-30 08:53:51]     Epoch 12/40: Val R²=0.3475 Train R²=0.3779 Gap=0.0303  
[2025-10-30 08:54:40]     Epoch 13/40: Val R²=0.3494 Train R²=0.3787 Gap=0.0292 ✓
[2025-10-30 08:55:29]     Epoch 14/40: Val R²=0.3501 Train R²=0.3797 Gap=0.0296 ✓
[2025-10-30 08:56:19]     Epoch 15/40: Val R²=0.3499 Train R²=0.3802 Gap=0.0303  
[2025-10-30 08:57:09]     Epoch 16/40: Val R²=0.3506 Train R²=0.3809 Gap=0.0302 ✓
[2025-10-30 08:57:59]     Epoch 17/40: Val R²=0.3486 Train R²=0.3816 Gap=0.0330  
[2025-10-30 08:58:50]     Epoch 18/40: Val R²=0.3500 Train R²=0.3826 Gap=0.0326  
[2025-10-30 08:59:40]     Epoch 19/40: Val R²=0.3519 Train R²=0.3829 Gap=0.0310 ✓
[2025-10-30 09:00:29]     Epoch 20/40: Val R²=0.3513 Train R²=0.3832 Gap=0.0319  
[2025-10-30 09:01:18]     Epoch 21/40: Val R²=0.3506 Train R²=0.3839 Gap=0.0333  
[2025-10-30 09:02:07]     Epoch 22/40: Val R²=0.3520 Train R²=0.3845 Gap=0.0325 ✓
[2025-10-30 09:02:57]     Epoch 23/40: Val R²=0.3524 Train R²=0.3852 Gap=0.0328 ✓
[2025-10-30 09:03:45]     Epoch 24/40: Val R²=0.3530 Train R²=0.3855 Gap=0.0326 ✓
[2025-10-30 09:04:35]     Epoch 25/40: Val R²=0.3528 Train R²=0.3859 Gap=0.0331  
[2025-10-30 09:05:23]     Epoch 26/40: Val R²=0.3511 Train R²=0.3863 Gap=0.0352  
[2025-10-30 09:06:13]     Epoch 27/40: Val R²=0.3533 Train R²=0.3868 Gap=0.0336 ✓
[2025-10-30 09:07:02]     Epoch 28/40: Val R²=0.3527 Train R²=0.3872 Gap=0.0345  
[2025-10-30 09:07:51]     Epoch 29/40: Val R²=0.3528 Train R²=0.3878 Gap=0.0349  
[2025-10-30 09:08:40]     Epoch 30/40: Val R²=0.3535 Train R²=0.3879 Gap=0.0345 ✓
[2025-10-30 09:09:30]     Epoch 31/40: Val R²=0.3511 Train R²=0.3884 Gap=0.0373  
[2025-10-30 09:10:19]     Epoch 32/40: Val R²=0.3516 Train R²=0.3892 Gap=0.0376  
[2025-10-30 09:11:08]     Epoch 33/40: Val R²=0.3540 Train R²=0.3891 Gap=0.0350 ✓
[2025-10-30 09:11:57]     Epoch 34/40: Val R²=0.3525 Train R²=0.3897 Gap=0.0372  
[2025-10-30 09:12:47]     Epoch 35/40: Val R²=0.3535 Train R²=0.3898 Gap=0.0362  
[2025-10-30 09:13:36]     Epoch 36/40: Val R²=0.3544 Train R²=0.3900 Gap=0.0356 ✓
[2025-10-30 09:14:25]     Epoch 37/40: Val R²=0.3527 Train R²=0.3911 Gap=0.0384  
[2025-10-30 09:15:13]     Epoch 38/40: Val R²=0.3531 Train R²=0.3910 Gap=0.0380  
[2025-10-30 09:16:03]     Epoch 39/40: Val R²=0.3531 Train R²=0.3916 Gap=0.0386  
[2025-10-30 09:16:52]     Epoch 40/40: Val R²=0.3511 Train R²=0.3918 Gap=0.0407  
[2025-10-30 09:16:52] 
======================================================================
[2025-10-30 09:16:52] Config 17/100 Complete:
[2025-10-30 09:16:52]   Best Val R²: 0.354412 (epoch 36)
[2025-10-30 09:16:52]   Best Global R²: 0.356014
[2025-10-30 09:16:52]   Not better than global best (0.356014)
[2025-10-30 09:16:52]   Results saved to models/transformer_bruteforce_search_results_20251029_233946.csv
[2025-10-30 09:16:52] 
======================================================================
[2025-10-30 09:16:52] Config 18/100 - Starting Training:
[2025-10-30 09:16:52]   Lookback: 50, d_model: 128, nhead: 4
[2025-10-30 09:17:49]     Epoch  1/40: Val R²=0.3273 Train R²=0.3322 Gap=0.0049 ✓
[2025-10-30 09:18:45]     Epoch  2/40: Val R²=0.3341 Train R²=0.3592 Gap=0.0251 ✓
[2025-10-30 09:19:40]     Epoch  3/40: Val R²=0.3427 Train R²=0.3659 Gap=0.0233 ✓
[2025-10-30 09:20:36]     Epoch  4/40: Val R²=0.3401 Train R²=0.3694 Gap=0.0294  
[2025-10-30 09:21:31]     Epoch  5/40: Val R²=0.3418 Train R²=0.3724 Gap=0.0305  
[2025-10-30 09:22:27]     Epoch  6/40: Val R²=0.3463 Train R²=0.3742 Gap=0.0279 ✓
[2025-10-30 09:23:22]     Epoch  7/40: Val R²=0.3455 Train R²=0.3758 Gap=0.0303  
[2025-10-30 09:24:17]     Epoch  8/40: Val R²=0.3467 Train R²=0.3772 Gap=0.0305 ✓
[2025-10-30 09:25:13]     Epoch  9/40: Val R²=0.3499 Train R²=0.3783 Gap=0.0285 ✓
[2025-10-30 09:26:08]     Epoch 10/40: Val R²=0.3494 Train R²=0.3794 Gap=0.0300  
[2025-10-30 09:27:04]     Epoch 11/40: Val R²=0.3484 Train R²=0.3806 Gap=0.0322  
[2025-10-30 09:27:59]     Epoch 12/40: Val R²=0.3477 Train R²=0.3811 Gap=0.0333  
[2025-10-30 09:28:55]     Epoch 13/40: Val R²=0.3490 Train R²=0.3820 Gap=0.0331  
[2025-10-30 09:29:50]     Epoch 14/40: Val R²=0.3522 Train R²=0.3872 Gap=0.0350 ✓
[2025-10-30 09:30:46]     Epoch 15/40: Val R²=0.3543 Train R²=0.3880 Gap=0.0338 ✓
[2025-10-30 09:31:42]     Epoch 16/40: Val R²=0.3546 Train R²=0.3888 Gap=0.0342 ✓
[2025-10-30 09:32:37]     Epoch 17/40: Val R²=0.3541 Train R²=0.3895 Gap=0.0354  
[2025-10-30 09:33:32]     Epoch 18/40: Val R²=0.3541 Train R²=0.3900 Gap=0.0358  
[2025-10-30 09:34:29]     Epoch 19/40: Val R²=0.3551 Train R²=0.3904 Gap=0.0353 ✓
[2025-10-30 09:35:32]     Epoch 20/40: Val R²=0.3550 Train R²=0.3909 Gap=0.0359  
[2025-10-30 09:36:35]     Epoch 21/40: Val R²=0.3544 Train R²=0.3913 Gap=0.0369  
[2025-10-30 09:37:34]     Epoch 22/40: Val R²=0.3549 Train R²=0.3922 Gap=0.0373  
[2025-10-30 09:38:34]     Epoch 23/40: Val R²=0.3547 Train R²=0.3923 Gap=0.0376  
[2025-10-30 09:39:32]     Epoch 24/40: Val R²=0.3554 Train R²=0.3952 Gap=0.0398 ✓
[2025-10-30 09:40:30]     Epoch 25/40: Val R²=0.3562 Train R²=0.3960 Gap=0.0398 ✓
[2025-10-30 09:41:27]     Epoch 26/40: Val R²=0.3536 Train R²=0.3958 Gap=0.0423  
[2025-10-30 09:42:25]     Epoch 27/40: Val R²=0.3550 Train R²=0.3966 Gap=0.0416  
[2025-10-30 09:43:22]     Epoch 28/40: Val R²=0.3559 Train R²=0.3974 Gap=0.0414  
[2025-10-30 09:44:19]     Epoch 29/40: Val R²=0.3553 Train R²=0.3972 Gap=0.0419  
[2025-10-30 09:45:16]     Epoch 30/40: Val R²=0.3549 Train R²=0.3993 Gap=0.0444  
[2025-10-30 09:46:12]     Epoch 31/40: Val R²=0.3559 Train R²=0.3993 Gap=0.0434  
[2025-10-30 09:47:08]     Epoch 32/40: Val R²=0.3561 Train R²=0.3992 Gap=0.0431  
[2025-10-30 09:47:08]     Early stopped at epoch 32
[2025-10-30 09:47:09] 
======================================================================
[2025-10-30 09:47:09] Config 18/100 Complete:
[2025-10-30 09:47:09]   Best Val R²: 0.356213 (epoch 25)
[2025-10-30 09:47:09]   Best Global R²: 0.356014
[2025-10-30 09:47:09] 
🎉 NEW GLOBAL BEST! R² improved from 0.356014 to 0.356213
[2025-10-30 09:47:09] 
======================================================================
[2025-10-30 09:47:09] 🏆 CREATING TRANSFORMER SUBMISSION - NEW BEST MODEL!
[2025-10-30 09:47:09] ======================================================================
[2025-10-30 09:47:09]   Val R²: 0.356213
[2025-10-30 09:47:09]   Directory: ../submissions/bruteforce_transformer_r2_03562_20251029_233946_cfg18
[2025-10-30 09:47:09]   Saved model: model_best.pt
[2025-10-30 09:47:09]   Generated: solution.py
[2025-10-30 09:47:09]   Copied: utils.py
[2025-10-30 09:47:09]   Saved: metadata.json
[2025-10-30 09:47:09] ======================================================================

[2025-10-30 09:47:09]   Results saved to models/transformer_bruteforce_search_results_20251029_233946.csv
[2025-10-30 09:47:09] 
======================================================================
[2025-10-30 09:47:09] Config 19/100 - Starting Training:
[2025-10-30 09:47:09]   Lookback: 50, d_model: 128, nhead: 4
[2025-10-30 09:48:05]     Epoch  1/40: Val R²=0.3333 Train R²=0.3323 Gap=-0.0010 ✓
[2025-10-30 09:48:59]     Epoch  2/40: Val R²=0.3376 Train R²=0.3601 Gap=0.0226 ✓
[2025-10-30 09:49:53]     Epoch  3/40: Val R²=0.3416 Train R²=0.3663 Gap=0.0247 ✓
[2025-10-30 09:50:46]     Epoch  4/40: Val R²=0.3437 Train R²=0.3702 Gap=0.0265 ✓
[2025-10-30 09:51:40]     Epoch  5/40: Val R²=0.3464 Train R²=0.3730 Gap=0.0266 ✓
[2025-10-30 09:52:33]     Epoch  6/40: Val R²=0.3467 Train R²=0.3746 Gap=0.0279 ✓
[2025-10-30 09:53:26]     Epoch  7/40: Val R²=0.3470 Train R²=0.3765 Gap=0.0295 ✓
[2025-10-30 09:54:19]     Epoch  8/40: Val R²=0.3472 Train R²=0.3783 Gap=0.0311 ✓
[2025-10-30 09:55:13]     Epoch  9/40: Val R²=0.3482 Train R²=0.3792 Gap=0.0311 ✓
[2025-10-30 09:56:07]     Epoch 10/40: Val R²=0.3497 Train R²=0.3804 Gap=0.0307 ✓
[2025-10-30 09:57:00]     Epoch 11/40: Val R²=0.3498 Train R²=0.3816 Gap=0.0318 ✓
[2025-10-30 09:57:54]     Epoch 12/40: Val R²=0.3492 Train R²=0.3824 Gap=0.0332  
[2025-10-30 09:58:49]     Epoch 13/40: Val R²=0.3505 Train R²=0.3832 Gap=0.0327 ✓
