[2025-11-28 16:52:16] ======================================================================
[2025-11-28 16:52:16] BRUTE FORCE HYPERPARAMETER SEARCH WITH AUTO-SUBMISSION (EXHAUSTIVE MODE)
[2025-11-28 16:52:16] ======================================================================
[2025-11-28 16:52:16] Started at: 2025-11-28 16:52:16
[2025-11-28 16:52:16] Mode: FULL
[2025-11-28 16:52:16] Best R² to beat: 0.340000
[2025-11-28 16:52:16] Log file: logs/bruteforce_20251128_165216.log
[2025-11-28 16:52:16] 
[2025-11-28 16:52:17] Device Detection:
[2025-11-28 16:52:17]   PyTorch version: 2.7.1
[2025-11-28 16:52:17]   Requested: auto
[2025-11-28 16:52:17]   MPS available: ✓
[2025-11-28 16:52:17]   CUDA available: ✗
[2025-11-28 16:52:17]   Using: MPS
[2025-11-28 16:52:17] 
[2025-11-28 16:52:17] Loading data...
[2025-11-28 16:52:17] Train: 465,000 rows, 465 sequences
[2025-11-28 16:52:17] Val:   52,000 rows, 52 sequences
[2025-11-28 16:52:17] Features: 32
[2025-11-28 16:52:17] 
[2025-11-28 16:52:17] Total possible combinations (Cartesian product): 1
[2025-11-28 16:52:17] Configurations to run (cap): 1
[2025-11-28 16:52:17] Starting exhaustive brute force search...
[2025-11-28 16:52:17] 
[2025-11-28 16:52:17] 
======================================================================
[2025-11-28 16:52:17] Config 1/1 - Starting Training:
[2025-11-28 16:52:17]   Architecture:
[2025-11-28 16:52:17]     Lookback: 100, Hidden: 384, Layers: 1, Dropout: 0.1
[2025-11-28 16:52:17]     Bidirectional: True, GRU: True
[2025-11-28 16:52:17]   Output Head:
[2025-11-28 16:52:17]     FC Layers: 2, FC Hidden: 512, Activation: relu
[2025-11-28 16:52:17]     FC Dropout: 0.2, Batch Norm: True
[2025-11-28 16:52:17]   Training:
[2025-11-28 16:52:17]     Batch Size: 256, LR: 0.001, Weight Decay: 0.0001
[2025-11-28 16:52:17]     Optimizer: adam, Grad Clip: 5.0, LR Patience: 3
[2025-11-28 17:05:33]     Epoch  1/100: Val R²=0.3502 Train R²=0.3447 Gap=-0.0055 ✓
[2025-11-28 17:18:50]     Epoch  2/100: Val R²=0.3572 Train R²=0.3679 Gap=0.0106 ✓
[2025-11-28 17:32:08]     Epoch  3/100: Val R²=0.3595 Train R²=0.3732 Gap=0.0137 ✓
[2025-11-28 17:45:28]     Epoch  4/100: Val R²=0.3596 Train R²=0.3762 Gap=0.0167 ✓
[2025-11-28 17:58:55]     Epoch  5/100: Val R²=0.3568 Train R²=0.3781 Gap=0.0212  
[2025-11-28 18:12:08]     Epoch  6/100: Val R²=0.3635 Train R²=0.3793 Gap=0.0159 ✓
[2025-11-28 18:25:32]     Epoch  7/100: Val R²=0.3636 Train R²=0.3803 Gap=0.0167 ✓
[2025-11-28 18:38:52]     Epoch  8/100: Val R²=0.3571 Train R²=0.3812 Gap=0.0241  
[2025-11-28 18:52:42]     Epoch  9/100: Val R²=0.3544 Train R²=0.3818 Gap=0.0274  
[2025-11-28 19:07:53]     Epoch 10/100: Val R²=0.3657 Train R²=0.3821 Gap=0.0164 ✓
[2025-11-28 19:23:09]     Epoch 11/100: Val R²=0.3655 Train R²=0.3824 Gap=0.0169  
[2025-11-28 19:37:16]     Epoch 12/100: Val R²=0.3629 Train R²=0.3827 Gap=0.0198  
[2025-11-28 19:52:04]     Epoch 13/100: Val R²=0.3643 Train R²=0.3830 Gap=0.0187  
[2025-11-28 20:06:57]     Epoch 14/100: Val R²=0.3654 Train R²=0.3834 Gap=0.0180  
[2025-11-28 20:22:17]     Epoch 15/100: Val R²=0.3712 Train R²=0.3881 Gap=0.0169 ✓
[2025-11-28 20:36:36]     Epoch 16/100: Val R²=0.3704 Train R²=0.3890 Gap=0.0185  
[2025-11-28 20:47:49]     Epoch 17/100: Val R²=0.3701 Train R²=0.3896 Gap=0.0195  
[2025-11-28 20:59:05]     Epoch 18/100: Val R²=0.3686 Train R²=0.3897 Gap=0.0210  
[2025-11-28 21:10:10]     Epoch 19/100: Val R²=0.3699 Train R²=0.3903 Gap=0.0203  
[2025-11-28 21:21:58]     Epoch 20/100: Val R²=0.3734 Train R²=0.3937 Gap=0.0202 ✓
[2025-11-28 21:33:33]     Epoch 21/100: Val R²=0.3737 Train R²=0.3943 Gap=0.0206 ✓
[2025-11-28 21:45:13]     Epoch 22/100: Val R²=0.3738 Train R²=0.3946 Gap=0.0208 ✓
[2025-11-28 21:57:01]     Epoch 23/100: Val R²=0.3715 Train R²=0.3948 Gap=0.0233  
[2025-11-28 22:08:36]     Epoch 24/100: Val R²=0.3731 Train R²=0.3949 Gap=0.0219  
[2025-11-28 22:19:52]     Epoch 25/100: Val R²=0.3743 Train R²=0.3954 Gap=0.0211 ✓
[2025-11-28 22:31:18]     Epoch 26/100: Val R²=0.3745 Train R²=0.3955 Gap=0.0210 ✓
[2025-11-28 22:42:39]     Epoch 27/100: Val R²=0.3740 Train R²=0.3957 Gap=0.0216  
[2025-11-28 22:54:02]     Epoch 28/100: Val R²=0.3729 Train R²=0.3958 Gap=0.0229  
[2025-11-28 23:05:20]     Epoch 29/100: Val R²=0.3721 Train R²=0.3963 Gap=0.0241  
[2025-11-28 23:16:46]     Epoch 30/100: Val R²=0.3742 Train R²=0.3964 Gap=0.0221  
[2025-11-28 23:28:11]     Epoch 31/100: Val R²=0.3753 Train R²=0.3986 Gap=0.0233 ✓
[2025-11-28 23:39:34]     Epoch 32/100: Val R²=0.3759 Train R²=0.3994 Gap=0.0235 ✓
[2025-11-28 23:50:54]     Epoch 33/100: Val R²=0.3756 Train R²=0.3996 Gap=0.0240  
[2025-11-29 00:02:22]     Epoch 34/100: Val R²=0.3742 Train R²=0.3999 Gap=0.0257  
[2025-11-29 00:13:44]     Epoch 35/100: Val R²=0.3751 Train R²=0.3998 Gap=0.0247  
[2025-11-29 00:25:02]     Epoch 36/100: Val R²=0.3753 Train R²=0.4000 Gap=0.0247  
[2025-11-29 00:36:26]     Epoch 37/100: Val R²=0.3756 Train R²=0.4017 Gap=0.0261  
[2025-11-29 00:47:54]     Epoch 38/100: Val R²=0.3764 Train R²=0.4018 Gap=0.0253 ✓
[2025-11-29 00:59:21]     Epoch 39/100: Val R²=0.3759 Train R²=0.4020 Gap=0.0261  
[2025-11-29 01:10:51]     Epoch 40/100: Val R²=0.3765 Train R²=0.4020 Gap=0.0255 ✓
[2025-11-29 01:22:10]     Epoch 41/100: Val R²=0.3759 Train R²=0.4024 Gap=0.0265  
[2025-11-29 01:33:34]     Epoch 42/100: Val R²=0.3758 Train R²=0.4022 Gap=0.0264  
[2025-11-29 01:44:57]     Epoch 43/100: Val R²=0.3763 Train R²=0.4027 Gap=0.0264  
[2025-11-29 01:56:20]     Epoch 44/100: Val R²=0.3757 Train R²=0.4026 Gap=0.0270  
[2025-11-29 02:07:41]     Epoch 45/100: Val R²=0.3762 Train R²=0.4038 Gap=0.0276  
[2025-11-29 02:19:10]     Epoch 46/100: Val R²=0.3765 Train R²=0.4037 Gap=0.0272  
[2025-11-29 02:30:33]     Epoch 47/100: Val R²=0.3771 Train R²=0.4039 Gap=0.0268 ✓
[2025-11-29 02:41:56]     Epoch 48/100: Val R²=0.3767 Train R²=0.4041 Gap=0.0275  
[2025-11-29 02:53:13]     Epoch 49/100: Val R²=0.3763 Train R²=0.4040 Gap=0.0277  
[2025-11-29 03:04:41]     Epoch 50/100: Val R²=0.3764 Train R²=0.4041 Gap=0.0277  
[2025-11-29 03:16:03]     Epoch 51/100: Val R²=0.3766 Train R²=0.4044 Gap=0.0278  
[2025-11-29 03:27:27]     Epoch 52/100: Val R²=0.3768 Train R²=0.4048 Gap=0.0280  
[2025-11-29 03:38:50]     Epoch 53/100: Val R²=0.3770 Train R²=0.4049 Gap=0.0279  
[2025-11-29 03:50:19]     Epoch 54/100: Val R²=0.3767 Train R²=0.4049 Gap=0.0282  
[2025-11-29 04:01:46]     Epoch 55/100: Val R²=0.3766 Train R²=0.4050 Gap=0.0284  
[2025-11-29 04:13:16]     Epoch 56/100: Val R²=0.3765 Train R²=0.4051 Gap=0.0285  
[2025-11-29 04:24:22]     Epoch 57/100: Val R²=0.3766 Train R²=0.4055 Gap=0.0289  
[2025-11-29 04:24:22]     Early stopped at epoch 57
[2025-11-29 04:24:22] 
======================================================================
[2025-11-29 04:24:22] Config 1/1 Complete:
[2025-11-29 04:24:22]   Best Val R²: 0.377077 (epoch 47)
[2025-11-29 04:24:22]   Best Global R²: 0.340000
[2025-11-29 04:24:22]   Overfitting Gap: 0.026804
[2025-11-29 04:24:22]   Parameters: 1,374,240
[2025-11-29 04:24:22]   Training Time: 41525.0s
[2025-11-29 04:24:22] 
🎉🎉🎉 NEW GLOBAL BEST! R² improved from 0.340000 to 0.377077
[2025-11-29 04:24:22] 
======================================================================
[2025-11-29 04:24:22] 🏆 CREATING SUBMISSION - NEW BEST MODEL!
[2025-11-29 04:24:22] ======================================================================
[2025-11-29 04:24:22]   Val R²: 0.377077
[2025-11-29 04:24:22]   Directory: ../submissions/bruteforce_r2_03771_20251128_165216_cfg1
[2025-11-29 04:24:22]   Saved model: model_best.pt
[2025-11-29 04:24:22]   Generated: solution.py
[2025-11-29 04:24:22]   Copied: utils.py
[2025-11-29 04:24:22]   Saved: metadata.json
[2025-11-29 04:24:22] ======================================================================

[2025-11-29 04:24:22]   Results saved to models/bruteforce_search_results_20251128_165217.csv
[2025-11-29 04:24:22] 
======================================================================
[2025-11-29 04:24:22] SEARCH COMPLETE
[2025-11-29 04:24:22] ======================================================================
[2025-11-29 04:24:22] Total time: 692.1 minutes
[2025-11-29 04:24:22] Successful configs: 1/1
[2025-11-29 04:24:22] Final best R²: 0.377077
[2025-11-29 04:24:22] Submissions created: 1
[2025-11-29 04:24:22] Results saved: models/bruteforce_search_results_20251128_165217.csv
[2025-11-29 04:24:22] 
[2025-11-29 04:24:22] Top 5 configurations:
[2025-11-29 04:24:22] 
 config_id  best_val_r2  overfitting_gap  lookback  hidden_size  num_layers  dropout  n_parameters
         1     0.377077         0.026804       100          384           1      0.1       1374240
[2025-11-29 04:24:22] 
Submissions log saved: models/bruteforce_submissions_log.csv
[2025-11-29 04:24:22] 
Submissions created:
[2025-11-29 04:24:22]   ../submissions/bruteforce_r2_03771_20251128_165216_cfg1 (R²=0.377077)
