[2025-11-25 18:59:52] ======================================================================
[2025-11-25 18:59:52] BRUTE FORCE HYPERPARAMETER SEARCH WITH AUTO-SUBMISSION (EXHAUSTIVE MODE)
[2025-11-25 18:59:52] ======================================================================
[2025-11-25 18:59:52] Started at: 2025-11-25 18:59:52
[2025-11-25 18:59:52] Mode: FULL
[2025-11-25 18:59:52] Best R² to beat: 0.340000
[2025-11-25 18:59:52] Log file: logs/bruteforce_20251125_185952.log
[2025-11-25 18:59:52] 
[2025-11-25 18:59:52] Device Detection:
[2025-11-25 18:59:52]   PyTorch version: 2.7.1
[2025-11-25 18:59:52]   Requested: auto
[2025-11-25 18:59:52]   MPS available: ✓
[2025-11-25 18:59:52]   CUDA available: ✗
[2025-11-25 18:59:52]   Using: MPS
[2025-11-25 18:59:52] 
[2025-11-25 18:59:52] Loading data...
[2025-11-25 18:59:52] Train: 465,000 rows, 465 sequences
[2025-11-25 18:59:52] Val:   52,000 rows, 52 sequences
[2025-11-25 18:59:52] Features: 32
[2025-11-25 18:59:52] 
[2025-11-25 18:59:52] Total possible combinations (Cartesian product): 1
[2025-11-25 18:59:52] Configurations to run (cap): 1
[2025-11-25 18:59:52] Starting exhaustive brute force search...
[2025-11-25 18:59:52] 
[2025-11-25 18:59:52] 
======================================================================
[2025-11-25 18:59:52] Config 1/1 - Starting Training:
[2025-11-25 18:59:52]   Architecture:
[2025-11-25 18:59:52]     Lookback: 150, Hidden: 128, Layers: 1, Dropout: 0.1
[2025-11-25 18:59:52]     Bidirectional: True, GRU: True
[2025-11-25 18:59:52]   Output Head:
[2025-11-25 18:59:52]     FC Layers: 2, FC Hidden: 256, Activation: relu
[2025-11-25 18:59:52]     FC Dropout: 0.2, Batch Norm: True
[2025-11-25 18:59:52]   Training:
[2025-11-25 18:59:52]     Batch Size: 256, LR: 0.001, Weight Decay: 0.0001
[2025-11-25 18:59:52]     Optimizer: adam, Grad Clip: 5.0, LR Patience: 3
[2025-11-25 19:08:47]     Epoch  1/60: Val R²=0.3508 Train R²=0.3422 Gap=-0.0086 ✓
[2025-11-25 19:17:44]     Epoch  2/60: Val R²=0.3580 Train R²=0.3665 Gap=0.0085 ✓
[2025-11-25 19:26:35]     Epoch  3/60: Val R²=0.3549 Train R²=0.3713 Gap=0.0164  
[2025-11-25 19:35:28]     Epoch  4/60: Val R²=0.3631 Train R²=0.3742 Gap=0.0111 ✓
[2025-11-25 19:44:22]     Epoch  5/60: Val R²=0.3634 Train R²=0.3762 Gap=0.0127 ✓
[2025-11-25 19:53:19]     Epoch  6/60: Val R²=0.3633 Train R²=0.3777 Gap=0.0144  
[2025-11-25 20:02:13]     Epoch  7/60: Val R²=0.3646 Train R²=0.3785 Gap=0.0140 ✓
[2025-11-25 20:11:03]     Epoch  8/60: Val R²=0.3640 Train R²=0.3796 Gap=0.0155  
[2025-11-25 20:19:57]     Epoch  9/60: Val R²=0.3657 Train R²=0.3801 Gap=0.0143 ✓
[2025-11-25 20:28:50]     Epoch 10/60: Val R²=0.3664 Train R²=0.3808 Gap=0.0145 ✓
[2025-11-25 20:37:42]     Epoch 11/60: Val R²=0.3629 Train R²=0.3815 Gap=0.0185  
[2025-11-25 20:46:34]     Epoch 12/60: Val R²=0.3673 Train R²=0.3819 Gap=0.0146 ✓
[2025-11-25 20:55:20]     Epoch 13/60: Val R²=0.3666 Train R²=0.3822 Gap=0.0156  
[2025-11-25 21:04:01]     Epoch 14/60: Val R²=0.3646 Train R²=0.3822 Gap=0.0176  
[2025-11-25 21:12:42]     Epoch 15/60: Val R²=0.3653 Train R²=0.3831 Gap=0.0178  
[2025-11-25 21:21:27]     Epoch 16/60: Val R²=0.3664 Train R²=0.3830 Gap=0.0165  
[2025-11-25 21:30:18]     Epoch 17/60: Val R²=0.3701 Train R²=0.3873 Gap=0.0172 ✓
[2025-11-25 21:39:15]     Epoch 18/60: Val R²=0.3718 Train R²=0.3880 Gap=0.0162 ✓
[2025-11-25 21:48:09]     Epoch 19/60: Val R²=0.3702 Train R²=0.3885 Gap=0.0183  
[2025-11-25 21:57:07]     Epoch 20/60: Val R²=0.3714 Train R²=0.3889 Gap=0.0175  
[2025-11-25 22:06:07]     Epoch 21/60: Val R²=0.3718 Train R²=0.3892 Gap=0.0174 ✓
[2025-11-25 22:14:59]     Epoch 22/60: Val R²=0.3710 Train R²=0.3892 Gap=0.0182  
[2025-11-25 22:23:51]     Epoch 23/60: Val R²=0.3741 Train R²=0.3926 Gap=0.0186 ✓
[2025-11-25 22:32:37]     Epoch 24/60: Val R²=0.3726 Train R²=0.3928 Gap=0.0202  
[2025-11-25 22:41:19]     Epoch 25/60: Val R²=0.3737 Train R²=0.3929 Gap=0.0193  
[2025-11-25 22:50:01]     Epoch 26/60: Val R²=0.3739 Train R²=0.3932 Gap=0.0193  
[2025-11-25 22:58:44]     Epoch 27/60: Val R²=0.3732 Train R²=0.3936 Gap=0.0204  
[2025-11-25 23:07:26]     Epoch 28/60: Val R²=0.3752 Train R²=0.3954 Gap=0.0202 ✓
[2025-11-25 23:16:11]     Epoch 29/60: Val R²=0.3749 Train R²=0.3961 Gap=0.0212  
[2025-11-25 23:24:56]     Epoch 30/60: Val R²=0.3751 Train R²=0.3961 Gap=0.0210  
[2025-11-25 23:33:39]     Epoch 31/60: Val R²=0.3746 Train R²=0.3964 Gap=0.0218  
[2025-11-25 23:42:21]     Epoch 32/60: Val R²=0.3757 Train R²=0.3964 Gap=0.0207 ✓
[2025-11-25 23:51:03]     Epoch 33/60: Val R²=0.3749 Train R²=0.3967 Gap=0.0218  
[2025-11-25 23:59:46]     Epoch 34/60: Val R²=0.3740 Train R²=0.3968 Gap=0.0228  
[2025-11-26 00:08:27]     Epoch 35/60: Val R²=0.3748 Train R²=0.3966 Gap=0.0218  
[2025-11-26 00:17:10]     Epoch 36/60: Val R²=0.3745 Train R²=0.3970 Gap=0.0225  
[2025-11-26 00:25:53]     Epoch 37/60: Val R²=0.3750 Train R²=0.3983 Gap=0.0233  
[2025-11-26 00:34:36]     Epoch 38/60: Val R²=0.3752 Train R²=0.3984 Gap=0.0231  
[2025-11-26 00:43:18]     Epoch 39/60: Val R²=0.3749 Train R²=0.3986 Gap=0.0236  
[2025-11-26 00:51:53]     Epoch 40/60: Val R²=0.3752 Train R²=0.3987 Gap=0.0235  
[2025-11-26 01:00:16]     Epoch 41/60: Val R²=0.3759 Train R²=0.3992 Gap=0.0234 ✓
[2025-11-26 01:08:37]     Epoch 42/60: Val R²=0.3762 Train R²=0.3994 Gap=0.0232 ✓
[2025-11-26 01:16:59]     Epoch 43/60: Val R²=0.3757 Train R²=0.3994 Gap=0.0237  
[2025-11-26 01:25:22]     Epoch 44/60: Val R²=0.3758 Train R²=0.3995 Gap=0.0237  
[2025-11-26 01:33:43]     Epoch 45/60: Val R²=0.3755 Train R²=0.3997 Gap=0.0242  
[2025-11-26 01:42:05]     Epoch 46/60: Val R²=0.3758 Train R²=0.3998 Gap=0.0240  
[2025-11-26 01:50:27]     Epoch 47/60: Val R²=0.3760 Train R²=0.4002 Gap=0.0242  
[2025-11-26 01:58:48]     Epoch 48/60: Val R²=0.3757 Train R²=0.4002 Gap=0.0244  
[2025-11-26 02:07:09]     Epoch 49/60: Val R²=0.3760 Train R²=0.4002 Gap=0.0242  
[2025-11-26 02:15:31]     Epoch 50/60: Val R²=0.3760 Train R²=0.4006 Gap=0.0246  
[2025-11-26 02:23:53]     Epoch 51/60: Val R²=0.3760 Train R²=0.4003 Gap=0.0243  
[2025-11-26 02:32:15]     Epoch 52/60: Val R²=0.3760 Train R²=0.4006 Gap=0.0245  
[2025-11-26 02:40:37]     Epoch 53/60: Val R²=0.3761 Train R²=0.4005 Gap=0.0245  
[2025-11-26 02:48:58]     Epoch 54/60: Val R²=0.3758 Train R²=0.4007 Gap=0.0249  
[2025-11-26 02:57:20]     Epoch 55/60: Val R²=0.3758 Train R²=0.4009 Gap=0.0250  
[2025-11-26 03:05:41]     Epoch 56/60: Val R²=0.3759 Train R²=0.4008 Gap=0.0249  
[2025-11-26 03:14:03]     Epoch 57/60: Val R²=0.3760 Train R²=0.4005 Gap=0.0246  
[2025-11-26 03:14:03]     Early stopped at epoch 57
[2025-11-26 03:14:03] 
======================================================================
[2025-11-26 03:14:03] Config 1/1 Complete:
[2025-11-26 03:14:03]   Best Val R²: 0.376173 (epoch 42)
[2025-11-26 03:14:03]   Best Global R²: 0.340000
[2025-11-26 03:14:03]   Overfitting Gap: 0.023211
[2025-11-26 03:14:03]   Parameters: 198,944
[2025-11-26 03:14:03]   Training Time: 29650.8s
[2025-11-26 03:14:03] 
🎉🎉🎉 NEW GLOBAL BEST! R² improved from 0.340000 to 0.376173
[2025-11-26 03:14:03] 
======================================================================
[2025-11-26 03:14:03] 🏆 CREATING SUBMISSION - NEW BEST MODEL!
[2025-11-26 03:14:03] ======================================================================
[2025-11-26 03:14:03]   Val R²: 0.376173
[2025-11-26 03:14:03]   Directory: ../submissions/bruteforce_r2_03762_20251125_185952_cfg1
[2025-11-26 03:14:03]   Saved model: model_best.pt
[2025-11-26 03:14:03]   Generated: solution.py
[2025-11-26 03:14:03]   Copied: utils.py
[2025-11-26 03:14:03]   Saved: metadata.json
[2025-11-26 03:14:03] ======================================================================

[2025-11-26 03:14:03]   Results saved to models/bruteforce_search_results_20251125_185952.csv
[2025-11-26 03:14:03] 
======================================================================
[2025-11-26 03:14:03] SEARCH COMPLETE
[2025-11-26 03:14:03] ======================================================================
[2025-11-26 03:14:03] Total time: 494.2 minutes
[2025-11-26 03:14:03] Successful configs: 1/1
[2025-11-26 03:14:03] Final best R²: 0.376173
[2025-11-26 03:14:03] Submissions created: 1
[2025-11-26 03:14:03] Results saved: models/bruteforce_search_results_20251125_185952.csv
[2025-11-26 03:14:03] 
[2025-11-26 03:14:03] Top 5 configurations:
[2025-11-26 03:14:03] 
 config_id  best_val_r2  overfitting_gap  lookback  hidden_size  num_layers  dropout  n_parameters
         1     0.376173         0.023211       150          128           1      0.1        198944
[2025-11-26 03:14:03] 
Submissions log saved: models/bruteforce_submissions_log.csv
[2025-11-26 03:14:03] 
Submissions created:
[2025-11-26 03:14:03]   ../submissions/bruteforce_r2_03762_20251125_185952_cfg1 (R²=0.376173)
