[2025-11-23 22:44:55] ======================================================================
[2025-11-23 22:44:55] BRUTE FORCE HYPERPARAMETER SEARCH WITH AUTO-SUBMISSION (EXHAUSTIVE MODE)
[2025-11-23 22:44:55] ======================================================================
[2025-11-23 22:44:55] Started at: 2025-11-23 22:44:55
[2025-11-23 22:44:55] Mode: FULL
[2025-11-23 22:44:55] Best R² to beat: 0.340000
[2025-11-23 22:44:55] Log file: logs/bruteforce_20251123_224455.log
[2025-11-23 22:44:55] 
[2025-11-23 22:44:55] Device Detection:
[2025-11-23 22:44:55]   PyTorch version: 2.7.1
[2025-11-23 22:44:55]   Requested: auto
[2025-11-23 22:44:55]   MPS available: ✓
[2025-11-23 22:44:55]   CUDA available: ✗
[2025-11-23 22:44:55]   Using: MPS
[2025-11-23 22:44:55] 
[2025-11-23 22:44:55] Loading data...
[2025-11-23 22:44:55] Train: 465,000 rows, 465 sequences
[2025-11-23 22:44:55] Val:   52,000 rows, 52 sequences
[2025-11-23 22:44:55] Features: 32
[2025-11-23 22:44:55] 
[2025-11-23 22:44:55] Total possible combinations (Cartesian product): 1
[2025-11-23 22:44:55] Configurations to run (cap): 1
[2025-11-23 22:44:55] Starting exhaustive brute force search...
[2025-11-23 22:44:55] 
[2025-11-23 22:44:55] 
======================================================================
[2025-11-23 22:44:55] Config 1/1 - Starting Training:
[2025-11-23 22:44:55]   Architecture:
[2025-11-23 22:44:55]     Lookback: 50, Hidden: 128, Layers: 1, Dropout: 0.1
[2025-11-23 22:44:55]     Bidirectional: True, GRU: True
[2025-11-23 22:44:55]   Output Head:
[2025-11-23 22:44:55]     FC Layers: 2, FC Hidden: 256, Activation: relu
[2025-11-23 22:44:55]     FC Dropout: 0.2, Batch Norm: True
[2025-11-23 22:44:55]   Training:
[2025-11-23 22:44:55]     Batch Size: 256, LR: 0.001, Weight Decay: 0.0001
[2025-11-23 22:44:55]     Optimizer: adam, Grad Clip: 5.0, LR Patience: 3
