[2025-11-20 10:01:40] ======================================================================
[2025-11-20 10:01:40] BRUTE FORCE HYPERPARAMETER SEARCH (ENC-DEC LSTM)
[2025-11-20 10:01:40] ======================================================================
[2025-11-20 10:01:40] Started at: 2025-11-20 10:01:40
[2025-11-20 10:01:40] Mode: FULL
[2025-11-20 10:01:40] Best R² to beat: 0.340000
[2025-11-20 10:01:40] Log file: logs/bruteforce_20251120_100140.log
[2025-11-20 10:01:40] 
[2025-11-20 10:01:40] Device Detection:
[2025-11-20 10:01:40]   PyTorch version: 2.7.1
[2025-11-20 10:01:40]   Requested: auto
[2025-11-20 10:01:40]   MPS available: ✓
[2025-11-20 10:01:40]   CUDA available: ✗
[2025-11-20 10:01:40]   Using: MPS
[2025-11-20 10:01:40] 
[2025-11-20 10:01:40] Loading data...
[2025-11-20 10:01:40] Train: 465,000 rows, 465 sequences
[2025-11-20 10:01:40] Val:   52,000 rows, 52 sequences
[2025-11-20 10:01:40] Features: 32
[2025-11-20 10:01:40] 
[2025-11-20 10:01:40] Total possible combinations (Cartesian product): 1
[2025-11-20 10:01:40] Configurations to run (cap): 1
[2025-11-20 10:01:40] Starting exhaustive brute force search...

[2025-11-20 10:01:40] 
======================================================================
[2025-11-20 10:01:40] Config 1/1 - Starting Training:
[2025-11-20 10:01:40]   Architecture:
[2025-11-20 10:01:40]     Lookback: 50, Hidden: 128, Layers: 1, Dropout: 0.1
[2025-11-20 10:01:40]     Bidirectional: True, GRU: True
[2025-11-20 10:01:40]   Output Head:
[2025-11-20 10:01:40]     FC Layers: 2, FC Hidden: 256, Activation: relu
[2025-11-20 10:01:40]     FC Dropout: 0.2, Batch Norm: True
[2025-11-20 10:01:40]   Training:
[2025-11-20 10:01:40]     Batch Size: 256, LR: 0.0001, Weight Decay: 0.0001
[2025-11-20 10:01:40]     Optimizer: adamw, Grad Clip: 5.0, LR Patience: 3
[2025-11-20 10:07:28]     Epoch  1/100: Val R²=0.3445 Train R²=0.3051 Gap=-0.0393 ✓
[2025-11-20 10:13:36]     Epoch  2/100: Val R²=0.3538 Train R²=0.3526 Gap=-0.0012 ✓
[2025-11-20 10:19:29]     Epoch  3/100: Val R²=0.3600 Train R²=0.3623 Gap=0.0023 ✓
[2025-11-20 10:25:27]     Epoch  4/100: Val R²=0.3636 Train R²=0.3678 Gap=0.0042 ✓
[2025-11-20 10:32:39]     Epoch  5/100: Val R²=0.3664 Train R²=0.3714 Gap=0.0050 ✓
[2025-11-20 10:37:48]     Epoch  6/100: Val R²=0.3674 Train R²=0.3744 Gap=0.0070 ✓
[2025-11-20 10:42:55]     Epoch  7/100: Val R²=0.3676 Train R²=0.3768 Gap=0.0092 ✓
