[2025-11-27 15:17:28] ======================================================================
[2025-11-27 15:17:28] BRUTE FORCE HYPERPARAMETER SEARCH WITH AUTO-SUBMISSION (EXHAUSTIVE MODE)
[2025-11-27 15:17:28] ======================================================================
[2025-11-27 15:17:28] Started at: 2025-11-27 15:17:28
[2025-11-27 15:17:28] Mode: FULL
[2025-11-27 15:17:28] Best R² to beat: 0.340000
[2025-11-27 15:17:28] Log file: logs/bruteforce_20251127_151728.log
[2025-11-27 15:17:28] 
[2025-11-27 15:17:28] Device Detection:
[2025-11-27 15:17:28]   PyTorch version: 2.7.1
[2025-11-27 15:17:28]   Requested: auto
[2025-11-27 15:17:28]   MPS available: ✓
[2025-11-27 15:17:28]   CUDA available: ✗
[2025-11-27 15:17:28]   Using: MPS
[2025-11-27 15:17:28] 
[2025-11-27 15:17:28] Loading data...
[2025-11-27 15:17:29] Train: 465,000 rows, 465 sequences
[2025-11-27 15:17:29] Val:   52,000 rows, 52 sequences
[2025-11-27 15:17:29] Features: 32
[2025-11-27 15:17:29] 
[2025-11-27 15:17:29] Total possible combinations (Cartesian product): 1
[2025-11-27 15:17:29] Configurations to run (cap): 1
[2025-11-27 15:17:29] Starting exhaustive brute force search...
[2025-11-27 15:17:29] 
[2025-11-27 15:17:29] 
======================================================================
[2025-11-27 15:17:29] Config 1/1 - Starting Training:
[2025-11-27 15:17:29]   Architecture:
[2025-11-27 15:17:29]     Lookback: 100, Hidden: 256, Layers: 1, Dropout: 0.1
[2025-11-27 15:17:29]     Bidirectional: True, GRU: True
[2025-11-27 15:17:29]   Output Head:
[2025-11-27 15:17:29]     FC Layers: 2, FC Hidden: 256, Activation: relu
[2025-11-27 15:17:29]     FC Dropout: 0.2, Batch Norm: True
[2025-11-27 15:17:29]   Training:
[2025-11-27 15:17:29]     Batch Size: 64, LR: 0.001, Weight Decay: 0.0001
[2025-11-27 15:17:29]     Optimizer: adam, Grad Clip: 5.0, LR Patience: 3
[2025-11-27 15:58:35]     Epoch  1/100: Val R²=0.3485 Train R²=0.3406 Gap=-0.0080 ✓
[2025-11-27 16:39:32]     Epoch  2/100: Val R²=0.3531 Train R²=0.3591 Gap=0.0060 ✓
[2025-11-27 17:22:38]     Epoch  3/100: Val R²=0.3560 Train R²=0.3630 Gap=0.0070 ✓
[2025-11-27 18:22:52]     Epoch  4/100: Val R²=0.3594 Train R²=0.3659 Gap=0.0065 ✓
[2025-11-27 19:24:54]     Epoch  5/100: Val R²=0.3599 Train R²=0.3669 Gap=0.0070 ✓
[2025-11-27 20:23:13]     Epoch  6/100: Val R²=0.3546 Train R²=0.3678 Gap=0.0131  
[2025-11-27 21:24:14]     Epoch  7/100: Val R²=0.3576 Train R²=0.3679 Gap=0.0103  
[2025-11-27 22:20:46]     Epoch  8/100: Val R²=0.3603 Train R²=0.3687 Gap=0.0084 ✓
[2025-11-27 23:16:59]     Epoch  9/100: Val R²=0.3642 Train R²=0.3686 Gap=0.0044 ✓
[2025-11-28 00:14:12]     Epoch 10/100: Val R²=0.3616 Train R²=0.3693 Gap=0.0077  
[2025-11-28 01:11:57]     Epoch 11/100: Val R²=0.3599 Train R²=0.3699 Gap=0.0100  
[2025-11-28 02:09:18]     Epoch 12/100: Val R²=0.3606 Train R²=0.3698 Gap=0.0093  
[2025-11-28 03:06:49]     Epoch 13/100: Val R²=0.3617 Train R²=0.3698 Gap=0.0081  
[2025-11-28 04:04:05]     Epoch 14/100: Val R²=0.3635 Train R²=0.3763 Gap=0.0127  
[2025-11-28 04:50:18]     Epoch 15/100: Val R²=0.3674 Train R²=0.3774 Gap=0.0100 ✓
[2025-11-28 05:34:57]     Epoch 16/100: Val R²=0.3662 Train R²=0.3776 Gap=0.0115  
[2025-11-28 06:12:13]     Epoch 17/100: Val R²=0.3595 Train R²=0.3780 Gap=0.0185  
[2025-11-28 06:47:30]     Epoch 18/100: Val R²=0.3655 Train R²=0.3777 Gap=0.0122  
[2025-11-28 07:16:01]     Epoch 19/100: Val R²=0.3649 Train R²=0.3779 Gap=0.0130  
[2025-11-28 07:40:17]     Epoch 20/100: Val R²=0.3674 Train R²=0.3824 Gap=0.0150  
[2025-11-28 08:04:57]     Epoch 21/100: Val R²=0.3705 Train R²=0.3833 Gap=0.0128 ✓
[2025-11-28 08:29:11]     Epoch 22/100: Val R²=0.3680 Train R²=0.3831 Gap=0.0151  
[2025-11-28 08:51:43]     Epoch 23/100: Val R²=0.3669 Train R²=0.3838 Gap=0.0168  
[2025-11-28 09:14:15]     Epoch 24/100: Val R²=0.3716 Train R²=0.3837 Gap=0.0121 ✓
[2025-11-28 09:36:48]     Epoch 25/100: Val R²=0.3680 Train R²=0.3842 Gap=0.0162  
[2025-11-28 09:59:13]     Epoch 26/100: Val R²=0.3708 Train R²=0.3838 Gap=0.0130  
[2025-11-28 10:21:40]     Epoch 27/100: Val R²=0.3696 Train R²=0.3844 Gap=0.0149  
[2025-11-28 10:44:07]     Epoch 28/100: Val R²=0.3709 Train R²=0.3845 Gap=0.0136  
[2025-11-28 11:06:31]     Epoch 29/100: Val R²=0.3724 Train R²=0.3873 Gap=0.0149 ✓
[2025-11-28 11:29:05]     Epoch 30/100: Val R²=0.3739 Train R²=0.3882 Gap=0.0143 ✓
[2025-11-28 11:51:29]     Epoch 31/100: Val R²=0.3714 Train R²=0.3883 Gap=0.0169  
[2025-11-28 12:13:22]     Epoch 32/100: Val R²=0.3741 Train R²=0.3881 Gap=0.0140 ✓
[2025-11-28 12:34:25]     Epoch 33/100: Val R²=0.3735 Train R²=0.3885 Gap=0.0151  
[2025-11-28 12:55:24]     Epoch 34/100: Val R²=0.3730 Train R²=0.3885 Gap=0.0155  
[2025-11-28 13:16:22]     Epoch 35/100: Val R²=0.3725 Train R²=0.3887 Gap=0.0162  
[2025-11-28 13:37:29]     Epoch 36/100: Val R²=0.3747 Train R²=0.3888 Gap=0.0141 ✓
[2025-11-28 14:00:11]     Epoch 37/100: Val R²=0.3727 Train R²=0.3888 Gap=0.0162  
[2025-11-28 14:24:44]     Epoch 38/100: Val R²=0.3729 Train R²=0.3887 Gap=0.0158  
[2025-11-28 14:49:28]     Epoch 39/100: Val R²=0.3722 Train R²=0.3889 Gap=0.0167  
[2025-11-28 15:12:35]     Epoch 40/100: Val R²=0.3737 Train R²=0.3891 Gap=0.0154  
