[2025-12-01 00:02:42] ======================================================================
[2025-12-01 00:02:42] BRUTE FORCE HYPERPARAMETER SEARCH WITH AUTO-SUBMISSION (EXHAUSTIVE MODE)
[2025-12-01 00:02:42] ======================================================================
[2025-12-01 00:02:42] Started at: 2025-12-01 00:02:42
[2025-12-01 00:02:42] Mode: FULL
[2025-12-01 00:02:42] Best R² to beat: 0.340000
[2025-12-01 00:02:42] Log file: logs/bruteforce_20251201_000242.log
[2025-12-01 00:02:42] 
[2025-12-01 00:02:42] Device Detection:
[2025-12-01 00:02:42]   PyTorch version: 2.7.1
[2025-12-01 00:02:42]   Requested: auto
[2025-12-01 00:02:42]   MPS available: ✓
[2025-12-01 00:02:42]   CUDA available: ✗
[2025-12-01 00:02:42]   Using: MPS
[2025-12-01 00:02:42] 
[2025-12-01 00:02:42] Loading data...
[2025-12-01 00:02:43] Train: 465,000 rows, 465 sequences
[2025-12-01 00:02:43] Val:   52,000 rows, 52 sequences
[2025-12-01 00:02:43] Features: 32
[2025-12-01 00:02:43] 
[2025-12-01 00:02:43] Total possible combinations (Cartesian product): 1
[2025-12-01 00:02:43] Configurations to run (cap): 1
[2025-12-01 00:02:43] Starting exhaustive brute force search...
[2025-12-01 00:02:43] 
[2025-12-01 00:02:43] 
======================================================================
[2025-12-01 00:02:43] Config 1/1 - Starting Training:
[2025-12-01 00:02:43]   Architecture:
[2025-12-01 00:02:43]     Lookback: 100, Hidden: 256, Layers: 1, Dropout: 0.1
[2025-12-01 00:02:43]     Bidirectional: True, GRU: True
[2025-12-01 00:02:43]   Output Head:
[2025-12-01 00:02:43]     FC Layers: 3, FC Hidden: 640, Activation: relu
[2025-12-01 00:02:43]     FC Dropout: 0.2, Batch Norm: True
[2025-12-01 00:02:43]   Training:
[2025-12-01 00:02:43]     Batch Size: 128, LR: 0.001, Weight Decay: 0.0001
[2025-12-01 00:02:43]     Optimizer: adam, Grad Clip: 5.0, LR Patience: 3
[2025-12-01 00:28:42]     Epoch  1/100: Val R²=0.3484 Train R²=0.3413 Gap=-0.0071 ✓
[2025-12-01 00:55:52]     Epoch  2/100: Val R²=0.3506 Train R²=0.3605 Gap=0.0099 ✓
[2025-12-01 01:22:01]     Epoch  3/100: Val R²=0.3593 Train R²=0.3650 Gap=0.0058 ✓
[2025-12-01 01:48:11]     Epoch  4/100: Val R²=0.3571 Train R²=0.3674 Gap=0.0103  
[2025-12-01 02:14:19]     Epoch  5/100: Val R²=0.3548 Train R²=0.3685 Gap=0.0137  
[2025-12-01 02:40:24]     Epoch  6/100: Val R²=0.3582 Train R²=0.3696 Gap=0.0114  
[2025-12-01 03:06:34]     Epoch  7/100: Val R²=0.3590 Train R²=0.3708 Gap=0.0117  
[2025-12-01 03:32:39]     Epoch  8/100: Val R²=0.3664 Train R²=0.3781 Gap=0.0117 ✓
[2025-12-01 03:58:51]     Epoch  9/100: Val R²=0.3678 Train R²=0.3792 Gap=0.0115 ✓
[2025-12-01 04:25:01]     Epoch 10/100: Val R²=0.3625 Train R²=0.3799 Gap=0.0175  
[2025-12-01 04:51:14]     Epoch 11/100: Val R²=0.3679 Train R²=0.3806 Gap=0.0127 ✓
[2025-12-01 05:17:27]     Epoch 12/100: Val R²=0.3660 Train R²=0.3808 Gap=0.0147  
[2025-12-01 05:43:41]     Epoch 13/100: Val R²=0.3638 Train R²=0.3811 Gap=0.0173  
[2025-12-01 06:08:52]     Epoch 14/100: Val R²=0.3679 Train R²=0.3816 Gap=0.0137  
[2025-12-01 06:32:58]     Epoch 15/100: Val R²=0.3678 Train R²=0.3818 Gap=0.0141  
[2025-12-01 06:56:56]     Epoch 16/100: Val R²=0.3716 Train R²=0.3870 Gap=0.0154 ✓
[2025-12-01 07:21:16]     Epoch 17/100: Val R²=0.3723 Train R²=0.3879 Gap=0.0156 ✓
[2025-12-01 07:45:14]     Epoch 18/100: Val R²=0.3740 Train R²=0.3888 Gap=0.0148 ✓
[2025-12-01 08:05:41]     Epoch 19/100: Val R²=0.3725 Train R²=0.3892 Gap=0.0167  
[2025-12-01 08:26:03]     Epoch 20/100: Val R²=0.3715 Train R²=0.3892 Gap=0.0178  
[2025-12-01 08:42:36]     Epoch 21/100: Val R²=0.3700 Train R²=0.3896 Gap=0.0196  
[2025-12-01 08:59:09]     Epoch 22/100: Val R²=0.3734 Train R²=0.3901 Gap=0.0167  
[2025-12-01 09:15:37]     Epoch 23/100: Val R²=0.3765 Train R²=0.3937 Gap=0.0172 ✓
[2025-12-01 09:30:56]     Epoch 24/100: Val R²=0.3765 Train R²=0.3945 Gap=0.0180 ✓
[2025-12-01 09:45:11]     Epoch 25/100: Val R²=0.3748 Train R²=0.3950 Gap=0.0202  
[2025-12-01 09:59:31]     Epoch 26/100: Val R²=0.3749 Train R²=0.3952 Gap=0.0203  
[2025-12-01 10:12:16]     Epoch 27/100: Val R²=0.3759 Train R²=0.3955 Gap=0.0196  
[2025-12-01 10:24:57]     Epoch 28/100: Val R²=0.3768 Train R²=0.3981 Gap=0.0213 ✓
[2025-12-01 10:37:38]     Epoch 29/100: Val R²=0.3767 Train R²=0.3989 Gap=0.0223  
[2025-12-01 10:50:20]     Epoch 30/100: Val R²=0.3769 Train R²=0.3991 Gap=0.0221 ✓
[2025-12-01 11:02:53]     Epoch 31/100: Val R²=0.3770 Train R²=0.3995 Gap=0.0225 ✓
[2025-12-01 11:14:39]     Epoch 32/100: Val R²=0.3770 Train R²=0.3995 Gap=0.0224  
[2025-12-01 11:26:27]     Epoch 33/100: Val R²=0.3763 Train R²=0.4000 Gap=0.0237  
[2025-12-01 11:38:15]     Epoch 34/100: Val R²=0.3758 Train R²=0.4002 Gap=0.0244  
[2025-12-01 11:50:01]     Epoch 35/100: Val R²=0.3760 Train R²=0.4006 Gap=0.0246  
[2025-12-01 12:01:46]     Epoch 36/100: Val R²=0.3769 Train R²=0.4022 Gap=0.0253  
[2025-12-01 12:13:32]     Epoch 37/100: Val R²=0.3780 Train R²=0.4028 Gap=0.0249 ✓
[2025-12-01 12:25:20]     Epoch 38/100: Val R²=0.3775 Train R²=0.4028 Gap=0.0253  
[2025-12-01 12:37:06]     Epoch 39/100: Val R²=0.3764 Train R²=0.4033 Gap=0.0269  
[2025-12-01 12:48:51]     Epoch 40/100: Val R²=0.3772 Train R²=0.4032 Gap=0.0260  
[2025-12-01 13:00:37]     Epoch 41/100: Val R²=0.3770 Train R²=0.4032 Gap=0.0263  
[2025-12-01 13:11:27]     Epoch 42/100: Val R²=0.3772 Train R²=0.4045 Gap=0.0273  
[2025-12-01 13:22:14]     Epoch 43/100: Val R²=0.3771 Train R²=0.4049 Gap=0.0278  
[2025-12-01 13:33:01]     Epoch 44/100: Val R²=0.3775 Train R²=0.4047 Gap=0.0273  
[2025-12-01 13:43:45]     Epoch 45/100: Val R²=0.3772 Train R²=0.4052 Gap=0.0280  
[2025-12-01 13:54:36]     Epoch 46/100: Val R²=0.3767 Train R²=0.4054 Gap=0.0287  
[2025-12-01 14:05:21]     Epoch 47/100: Val R²=0.3773 Train R²=0.4058 Gap=0.0285  
[2025-12-01 14:05:21]     Early stopped at epoch 47
[2025-12-01 14:05:21] 
======================================================================
[2025-12-01 14:05:21] Config 1/1 Complete:
[2025-12-01 14:05:21]   Best Val R²: 0.377960 (epoch 37)
[2025-12-01 14:05:21]   Best Global R²: 0.340000
[2025-12-01 14:05:21]   Overfitting Gap: 0.024878
[2025-12-01 14:05:21]   Parameters: 1,207,072
[2025-12-01 14:05:21]   Training Time: 50558.7s
[2025-12-01 14:05:21] 
🎉🎉🎉 NEW GLOBAL BEST! R² improved from 0.340000 to 0.377960
[2025-12-01 14:05:21] 
======================================================================
[2025-12-01 14:05:21] 🏆 CREATING SUBMISSION - NEW BEST MODEL!
[2025-12-01 14:05:21] ======================================================================
[2025-12-01 14:05:21]   Val R²: 0.377960
[2025-12-01 14:05:21]   Directory: ../submissions/bruteforce_r2_03780_20251201_000242_cfg1
[2025-12-01 14:05:22]   Saved model: model_best.pt
[2025-12-01 14:05:22]   Generated: solution.py
[2025-12-01 14:05:22]   Copied: utils.py
[2025-12-01 14:05:22]   Saved: metadata.json
[2025-12-01 14:05:22] ======================================================================

[2025-12-01 14:05:22]   Results saved to models/bruteforce_search_results_20251201_000243.csv
[2025-12-01 14:05:22] 
======================================================================
[2025-12-01 14:05:22] SEARCH COMPLETE
[2025-12-01 14:05:22] ======================================================================
[2025-12-01 14:05:22] Total time: 842.6 minutes
[2025-12-01 14:05:22] Successful configs: 1/1
[2025-12-01 14:05:22] Final best R²: 0.377960
[2025-12-01 14:05:22] Submissions created: 1
[2025-12-01 14:05:22] Results saved: models/bruteforce_search_results_20251201_000243.csv
[2025-12-01 14:05:22] 
[2025-12-01 14:05:22] Top 5 configurations:
[2025-12-01 14:05:22] 
 config_id  best_val_r2  overfitting_gap  lookback  hidden_size  num_layers  dropout  n_parameters
         1      0.37796         0.024878       100          256           1      0.1       1207072
[2025-12-01 14:05:22] 
Submissions log saved: models/bruteforce_submissions_log.csv
[2025-12-01 14:05:22] 
Submissions created:
[2025-12-01 14:05:22]   ../submissions/bruteforce_r2_03780_20251201_000242_cfg1 (R²=0.377960)
