[2025-10-19 00:48:55] ======================================================================
[2025-10-19 00:48:55] K-FOLD BRUTE FORCE HYPERPARAMETER SEARCH WITH AUTO-SUBMISSION
[2025-10-19 00:48:55] ======================================================================
[2025-10-19 00:48:55] Started at: 2025-10-19 00:48:55
[2025-10-19 00:48:55] Mode: FULL
[2025-10-19 00:48:55] Best R² to beat: 0.340000
[2025-10-19 00:48:55] Log file: logs/bruteforce_20251019_004855.log
[2025-10-19 00:48:55] 
[2025-10-19 00:48:55] Device Detection:
[2025-10-19 00:48:55]   PyTorch version: 2.9.0
[2025-10-19 00:48:55]   Requested: mps
[2025-10-19 00:48:55]   MPS available: ✓
[2025-10-19 00:48:55]   CUDA available: ✗
[2025-10-19 00:48:55]   Using: MPS
[2025-10-19 00:48:55] 
[2025-10-19 00:48:55] Loading data...
[2025-10-19 00:48:55] Total sequences: 517
[2025-10-19 00:48:55] K-Fold sample: 51 sequences (10%)
[2025-10-19 00:48:55] Full train sequences (80%): 413
[2025-10-19 00:48:55] Final train: 103 sequences (25%), 103,000 rows
[2025-10-19 00:48:55] Final val: 104 sequences, 104,000 rows
[2025-10-19 00:48:55] Features: 32
[2025-10-19 00:48:55] Configurations to test: 100
[2025-10-19 00:48:55] K-Fold: 3 folds, max 20 epochs
[2025-10-19 00:48:55] Final: max 30 epochs
[2025-10-19 00:48:55] 
[2025-10-19 00:48:55] Starting brute force search...
[2025-10-19 00:48:55] Batch size: Evaluate 20 configs, then train best from batch
[2025-10-19 00:48:55] 
[2025-10-19 00:48:55] 
======================================================================
[2025-10-19 00:48:55] Config 1/100 - Starting Training:
[2025-10-19 00:48:55]   Architecture:
[2025-10-19 00:48:55]     Lookback: 50, Hidden: 32, Layers: 1, Dropout: 0.3
[2025-10-19 00:48:55]     Bidirectional: False, GRU: False
[2025-10-19 00:48:55]   Output Head:
[2025-10-19 00:48:55]     FC Layers: 1, FC Hidden: 256, Activation: relu
[2025-10-19 00:48:55]     FC Dropout: 0.0, Batch Norm: True
[2025-10-19 00:48:55]   Training:
[2025-10-19 00:48:55]     Batch Size: 32, LR: 0.0001, Weight Decay: 0
[2025-10-19 00:48:55]     Optimizer: adam, Grad Clip: 0.5, LR Patience: 3
[2025-10-19 00:48:55] 
  Stage 1: Running 3-Fold CV on 10% sampled data...
[2025-10-19 00:48:55]   K-Fold CV: 3 folds on 51 sequences
[2025-10-19 00:49:08]     Epoch  1/20: Val R²=0.2555 Train R²=0.1234 Gap=-0.1321 ✓
[2025-10-19 00:49:20]     Epoch  2/20: Val R²=0.2816 Train R²=0.2364 Gap=-0.0451 ✓
[2025-10-19 00:49:33]     Epoch  3/20: Val R²=0.2938 Train R²=0.2732 Gap=-0.0205 ✓
[2025-10-19 00:49:46]     Epoch  4/20: Val R²=0.3004 Train R²=0.2943 Gap=-0.0060 ✓
[2025-10-19 00:49:57]     Epoch  5/20: Val R²=0.3046 Train R²=0.3066 Gap=0.0020 ✓
[2025-10-19 00:50:09]     Epoch  6/20: Val R²=0.3070 Train R²=0.3146 Gap=0.0076 ✓
[2025-10-19 00:50:21]     Epoch  7/20: Val R²=0.3096 Train R²=0.3205 Gap=0.0109 ✓
[2025-10-19 00:50:36]     Epoch  8/20: Val R²=0.3117 Train R²=0.3253 Gap=0.0136 ✓
[2025-10-19 00:50:51]     Epoch  9/20: Val R²=0.3136 Train R²=0.3294 Gap=0.0158 ✓
[2025-10-19 00:51:03]     Epoch 10/20: Val R²=0.3149 Train R²=0.3329 Gap=0.0180 ✓
[2025-10-19 00:51:15]     Epoch 11/20: Val R²=0.3164 Train R²=0.3356 Gap=0.0192 ✓
[2025-10-19 00:51:27]     Epoch 12/20: Val R²=0.3187 Train R²=0.3382 Gap=0.0195 ✓
[2025-10-19 00:51:40]     Epoch 13/20: Val R²=0.3186 Train R²=0.3404 Gap=0.0218  
[2025-10-19 00:51:52]     Epoch 14/20: Val R²=0.3196 Train R²=0.3419 Gap=0.0223 ✓
[2025-10-19 00:52:04]     Epoch 15/20: Val R²=0.3207 Train R²=0.3436 Gap=0.0229 ✓
[2025-10-19 00:52:16]     Epoch 16/20: Val R²=0.3189 Train R²=0.3451 Gap=0.0262  
[2025-10-19 00:52:29]     Epoch 17/20: Val R²=0.3231 Train R²=0.3465 Gap=0.0234 ✓
[2025-10-19 00:52:42]     Epoch 18/20: Val R²=0.3227 Train R²=0.3476 Gap=0.0249  
[2025-10-19 00:52:54]     Epoch 19/20: Val R²=0.3218 Train R²=0.3487 Gap=0.0270  
[2025-10-19 00:53:05]     Epoch 20/20: Val R²=0.3219 Train R²=0.3500 Gap=0.0280  
[2025-10-19 00:53:05]     Fold 1/3: Val R²=0.3231 Train R²=0.3465 (250.2s)
[2025-10-19 00:53:20]     Epoch  1/20: Val R²=0.1269 Train R²=0.1850 Gap=0.0581 ✓
[2025-10-19 00:53:31]     Epoch  2/20: Val R²=0.1565 Train R²=0.2997 Gap=0.1432 ✓
[2025-10-19 00:53:42]     Epoch  3/20: Val R²=0.1750 Train R²=0.3158 Gap=0.1408 ✓
[2025-10-19 00:53:53]     Epoch  4/20: Val R²=0.1906 Train R²=0.3259 Gap=0.1353 ✓
[2025-10-19 00:54:06]     Epoch  5/20: Val R²=0.2022 Train R²=0.3334 Gap=0.1312 ✓
[2025-10-19 00:54:18]     Epoch  6/20: Val R²=0.2103 Train R²=0.3388 Gap=0.1286 ✓
[2025-10-19 00:54:32]     Epoch  7/20: Val R²=0.2155 Train R²=0.3428 Gap=0.1273 ✓
[2025-10-19 00:54:45]     Epoch  8/20: Val R²=0.2198 Train R²=0.3461 Gap=0.1262 ✓
[2025-10-19 00:54:57]     Epoch  9/20: Val R²=0.2241 Train R²=0.3489 Gap=0.1248 ✓
[2025-10-19 00:55:10]     Epoch 10/20: Val R²=0.2269 Train R²=0.3514 Gap=0.1246 ✓
[2025-10-19 00:55:22]     Epoch 11/20: Val R²=0.2309 Train R²=0.3537 Gap=0.1227 ✓
[2025-10-19 00:55:36]     Epoch 12/20: Val R²=0.2354 Train R²=0.3557 Gap=0.1204 ✓
[2025-10-19 00:55:49]     Epoch 13/20: Val R²=0.2382 Train R²=0.3577 Gap=0.1195 ✓
[2025-10-19 00:56:01]     Epoch 14/20: Val R²=0.2407 Train R²=0.3593 Gap=0.1186 ✓
[2025-10-19 00:56:14]     Epoch 15/20: Val R²=0.2444 Train R²=0.3608 Gap=0.1164 ✓
[2025-10-19 00:56:28]     Epoch 16/20: Val R²=0.2478 Train R²=0.3622 Gap=0.1145 ✓
[2025-10-19 00:56:43]     Epoch 17/20: Val R²=0.2485 Train R²=0.3635 Gap=0.1149 ✓
[2025-10-19 00:56:57]     Epoch 18/20: Val R²=0.2512 Train R²=0.3648 Gap=0.1135 ✓
[2025-10-19 00:57:11]     Epoch 19/20: Val R²=0.2539 Train R²=0.3660 Gap=0.1121 ✓
[2025-10-19 00:57:24]     Epoch 20/20: Val R²=0.2558 Train R²=0.3670 Gap=0.1112 ✓
[2025-10-19 00:57:24]     Fold 2/3: Val R²=0.2558 Train R²=0.3670 (258.3s)
[2025-10-19 00:57:38]     Epoch  1/20: Val R²=0.2628 Train R²=0.1405 Gap=-0.1223 ✓
[2025-10-19 00:57:51]     Epoch  2/20: Val R²=0.2817 Train R²=0.2661 Gap=-0.0155 ✓
[2025-10-19 00:58:06]     Epoch  3/20: Val R²=0.2861 Train R²=0.2996 Gap=0.0135 ✓
[2025-10-19 00:58:20]     Epoch  4/20: Val R²=0.2900 Train R²=0.3152 Gap=0.0252 ✓
[2025-10-19 00:58:32]     Epoch  5/20: Val R²=0.2929 Train R²=0.3243 Gap=0.0314 ✓
[2025-10-19 00:58:45]     Epoch  6/20: Val R²=0.2986 Train R²=0.3310 Gap=0.0325 ✓
[2025-10-19 00:59:00]     Epoch  7/20: Val R²=0.3012 Train R²=0.3366 Gap=0.0353 ✓
[2025-10-19 00:59:15]     Epoch  8/20: Val R²=0.3041 Train R²=0.3414 Gap=0.0373 ✓
[2025-10-19 00:59:31]     Epoch  9/20: Val R²=0.3079 Train R²=0.3457 Gap=0.0378 ✓
[2025-10-19 00:59:45]     Epoch 10/20: Val R²=0.3091 Train R²=0.3495 Gap=0.0403 ✓
[2025-10-19 00:59:56]     Epoch 11/20: Val R²=0.3118 Train R²=0.3527 Gap=0.0409 ✓
[2025-10-19 01:00:07]     Epoch 12/20: Val R²=0.3128 Train R²=0.3555 Gap=0.0427 ✓
[2025-10-19 01:00:19]     Epoch 13/20: Val R²=0.3125 Train R²=0.3578 Gap=0.0453  
[2025-10-19 01:00:31]     Epoch 14/20: Val R²=0.3147 Train R²=0.3598 Gap=0.0452 ✓
[2025-10-19 01:00:43]     Epoch 15/20: Val R²=0.3136 Train R²=0.3616 Gap=0.0479  
[2025-10-19 01:00:54]     Epoch 16/20: Val R²=0.3162 Train R²=0.3631 Gap=0.0470 ✓
[2025-10-19 01:01:05]     Epoch 17/20: Val R²=0.3150 Train R²=0.3646 Gap=0.0496  
[2025-10-19 01:01:16]     Epoch 18/20: Val R²=0.3165 Train R²=0.3660 Gap=0.0494 ✓
[2025-10-19 01:01:28]     Epoch 19/20: Val R²=0.3175 Train R²=0.3673 Gap=0.0498 ✓
[2025-10-19 01:01:40]     Epoch 20/20: Val R²=0.3142 Train R²=0.3683 Gap=0.0541  
[2025-10-19 01:01:40]     Fold 3/3: Val R²=0.3175 Train R²=0.3673 (256.1s)
[2025-10-19 01:01:40]   K-Fold Results: mean=0.298792 ± 0.030497 (min=0.255784, max=0.323089)
[2025-10-19 01:01:40] 
======================================================================
[2025-10-19 01:01:40] Config 1/100 - K-Fold Complete:
[2025-10-19 01:01:40]   Mean Val R²: 0.298792 ± 0.030497
[2025-10-19 01:01:40]   Range: [0.255784, 0.323089]
[2025-10-19 01:01:40]   Best Global Mean R²: 0.340000
[2025-10-19 01:01:40]   Parameters: 9,504
[2025-10-19 01:01:40]   K-Fold mean R² not better than global best (0.340000)
[2025-10-19 01:01:40]   Skipping.
[2025-10-19 01:01:40]   Results saved to models/bruteforce_kfold_results_20251019_004855.csv
[2025-10-19 01:01:40] 
======================================================================
[2025-10-19 01:01:40] Config 2/100 - Starting Training:
[2025-10-19 01:01:40]   Architecture:
[2025-10-19 01:01:40]     Lookback: 30, Hidden: 64, Layers: 4, Dropout: 0.2
[2025-10-19 01:01:40]     Bidirectional: True, GRU: True
[2025-10-19 01:01:40]   Output Head:
[2025-10-19 01:01:40]     FC Layers: 1, FC Hidden: 64, Activation: gelu
[2025-10-19 01:01:40]     FC Dropout: 0.4, Batch Norm: True
[2025-10-19 01:01:40]   Training:
[2025-10-19 01:01:40]     Batch Size: 128, LR: 0.0005, Weight Decay: 0.0001
[2025-10-19 01:01:40]     Optimizer: adam, Grad Clip: 1.0, LR Patience: 3
[2025-10-19 01:01:40] 
  Stage 1: Running 3-Fold CV on 10% sampled data...
[2025-10-19 01:01:40]   K-Fold CV: 3 folds on 51 sequences
[2025-10-19 01:02:28]     Epoch  1/20: Val R²=0.3050 Train R²=0.2485 Gap=-0.0564 ✓
[2025-10-19 01:03:16]     Epoch  2/20: Val R²=0.3243 Train R²=0.3172 Gap=-0.0071 ✓
[2025-10-19 01:04:08]     Epoch  3/20: Val R²=0.3303 Train R²=0.3289 Gap=-0.0013 ✓
[2025-10-19 01:04:57]     Epoch  4/20: Val R²=0.3306 Train R²=0.3361 Gap=0.0055 ✓
[2025-10-19 01:05:47]     Epoch  5/20: Val R²=0.3338 Train R²=0.3407 Gap=0.0068 ✓
[2025-10-19 01:06:36]     Epoch  6/20: Val R²=0.3314 Train R²=0.3432 Gap=0.0118  
[2025-10-19 01:07:25]     Epoch  7/20: Val R²=0.3364 Train R²=0.3449 Gap=0.0085 ✓
[2025-10-19 01:08:14]     Epoch  8/20: Val R²=0.3346 Train R²=0.3480 Gap=0.0134  
[2025-10-19 01:09:03]     Epoch  9/20: Val R²=0.3327 Train R²=0.3516 Gap=0.0189  
[2025-10-19 01:09:51]     Epoch 10/20: Val R²=0.3411 Train R²=0.3532 Gap=0.0121 ✓
[2025-10-19 01:10:39]     Epoch 11/20: Val R²=0.3327 Train R²=0.3551 Gap=0.0223  
[2025-10-19 01:11:27]     Epoch 12/20: Val R²=0.3337 Train R²=0.3574 Gap=0.0237  
[2025-10-19 01:12:20]     Epoch 13/20: Val R²=0.3395 Train R²=0.3592 Gap=0.0197  
[2025-10-19 01:13:20]     Epoch 14/20: Val R²=0.3380 Train R²=0.3607 Gap=0.0227  
[2025-10-19 01:14:19]     Epoch 15/20: Val R²=0.3392 Train R²=0.3665 Gap=0.0273  
[2025-10-19 01:14:19]     Early stopped at epoch 15
[2025-10-19 01:14:19]     Fold 1/3: Val R²=0.3411 Train R²=0.3532 (759.3s)
[2025-10-19 01:15:19]     Epoch  1/20: Val R²=0.1963 Train R²=0.2828 Gap=0.0865 ✓
[2025-10-19 01:16:17]     Epoch  2/20: Val R²=0.2305 Train R²=0.3350 Gap=0.1046 ✓
[2025-10-19 01:17:14]     Epoch  3/20: Val R²=0.2498 Train R²=0.3473 Gap=0.0975 ✓
[2025-10-19 01:18:13]     Epoch  4/20: Val R²=0.2563 Train R²=0.3544 Gap=0.0980 ✓
[2025-10-19 01:19:10]     Epoch  5/20: Val R²=0.2706 Train R²=0.3585 Gap=0.0879 ✓
[2025-10-19 01:20:10]     Epoch  6/20: Val R²=0.2755 Train R²=0.3621 Gap=0.0865 ✓
[2025-10-19 01:21:08]     Epoch  7/20: Val R²=0.2753 Train R²=0.3634 Gap=0.0882  
[2025-10-19 01:22:07]     Epoch  8/20: Val R²=0.2816 Train R²=0.3657 Gap=0.0841 ✓
[2025-10-19 01:23:08]     Epoch  9/20: Val R²=0.2818 Train R²=0.3671 Gap=0.0852 ✓
[2025-10-19 01:24:06]     Epoch 10/20: Val R²=0.2766 Train R²=0.3691 Gap=0.0925  
[2025-10-19 01:25:04]     Epoch 11/20: Val R²=0.2742 Train R²=0.3701 Gap=0.0958  
[2025-10-19 01:26:01]     Epoch 12/20: Val R²=0.2840 Train R²=0.3712 Gap=0.0872 ✓
[2025-10-19 01:26:59]     Epoch 13/20: Val R²=0.2862 Train R²=0.3724 Gap=0.0862 ✓
[2025-10-19 01:27:57]     Epoch 14/20: Val R²=0.2640 Train R²=0.3739 Gap=0.1099  
[2025-10-19 01:28:56]     Epoch 15/20: Val R²=0.2857 Train R²=0.3749 Gap=0.0892  
[2025-10-19 01:29:54]     Epoch 16/20: Val R²=0.2851 Train R²=0.3765 Gap=0.0914  
[2025-10-19 01:30:53]     Epoch 17/20: Val R²=0.2862 Train R²=0.3775 Gap=0.0913 ✓
[2025-10-19 01:31:52]     Epoch 18/20: Val R²=0.2936 Train R²=0.3821 Gap=0.0885 ✓
[2025-10-19 01:32:52]     Epoch 19/20: Val R²=0.2914 Train R²=0.3841 Gap=0.0927  
[2025-10-19 01:33:51]     Epoch 20/20: Val R²=0.2929 Train R²=0.3841 Gap=0.0912  
[2025-10-19 01:33:51]     Fold 2/3: Val R²=0.2936 Train R²=0.3821 (1171.7s)
[2025-10-19 01:34:47]     Epoch  1/20: Val R²=0.2938 Train R²=0.2594 Gap=-0.0344 ✓
[2025-10-19 01:35:41]     Epoch  2/20: Val R²=0.3141 Train R²=0.3315 Gap=0.0173 ✓
[2025-10-19 01:36:37]     Epoch  3/20: Val R²=0.3176 Train R²=0.3465 Gap=0.0289 ✓
[2025-10-19 01:37:31]     Epoch  4/20: Val R²=0.3239 Train R²=0.3530 Gap=0.0291 ✓
[2025-10-19 01:38:26]     Epoch  5/20: Val R²=0.3219 Train R²=0.3596 Gap=0.0377  
[2025-10-19 01:39:20]     Epoch  6/20: Val R²=0.3233 Train R²=0.3631 Gap=0.0398  
[2025-10-19 01:40:15]     Epoch  7/20: Val R²=0.3281 Train R²=0.3663 Gap=0.0381 ✓
[2025-10-19 01:41:10]     Epoch  8/20: Val R²=0.3212 Train R²=0.3697 Gap=0.0485  
[2025-10-19 01:42:06]     Epoch  9/20: Val R²=0.3267 Train R²=0.3727 Gap=0.0459  
[2025-10-19 01:43:02]     Epoch 10/20: Val R²=0.3292 Train R²=0.3774 Gap=0.0482 ✓
[2025-10-19 01:43:57]     Epoch 11/20: Val R²=0.3266 Train R²=0.3791 Gap=0.0525  
[2025-10-19 01:44:53]     Epoch 12/20: Val R²=0.3324 Train R²=0.3816 Gap=0.0491 ✓
[2025-10-19 01:45:49]     Epoch 13/20: Val R²=0.3306 Train R²=0.3842 Gap=0.0536  
[2025-10-19 01:46:45]     Epoch 14/20: Val R²=0.3298 Train R²=0.3860 Gap=0.0561  
[2025-10-19 01:47:41]     Epoch 15/20: Val R²=0.3316 Train R²=0.3876 Gap=0.0561  
[2025-10-19 01:48:37]     Epoch 16/20: Val R²=0.3234 Train R²=0.3896 Gap=0.0661  
[2025-10-19 01:49:33]     Epoch 17/20: Val R²=0.3256 Train R²=0.3937 Gap=0.0680  
[2025-10-19 01:49:33]     Early stopped at epoch 17
[2025-10-19 01:49:33]     Fold 3/3: Val R²=0.3324 Train R²=0.3816 (941.8s)
[2025-10-19 01:49:33]   K-Fold Results: mean=0.322387 ± 0.020642 (min=0.293630, max=0.341110)
[2025-10-19 01:49:33] 
======================================================================
[2025-10-19 01:49:33] Config 2/100 - K-Fold Complete:
[2025-10-19 01:49:33]   Mean Val R²: 0.322387 ± 0.020642
[2025-10-19 01:49:33]   Range: [0.293630, 0.341110]
[2025-10-19 01:49:33]   Best Global Mean R²: 0.340000
[2025-10-19 01:49:33]   Parameters: 265,248
[2025-10-19 01:49:33]   K-Fold mean R² not better than global best (0.340000)
[2025-10-19 01:49:33]   Skipping.
[2025-10-19 01:49:33]   Results saved to models/bruteforce_kfold_results_20251019_004855.csv
[2025-10-19 01:49:33] 
======================================================================
[2025-10-19 01:49:33] Config 3/100 - Starting Training:
[2025-10-19 01:49:33]   Architecture:
[2025-10-19 01:49:33]     Lookback: 20, Hidden: 32, Layers: 3, Dropout: 0.3
[2025-10-19 01:49:33]     Bidirectional: True, GRU: False
[2025-10-19 01:49:33]   Output Head:
[2025-10-19 01:49:33]     FC Layers: 3, FC Hidden: 128, Activation: gelu
[2025-10-19 01:49:33]     FC Dropout: 0.0, Batch Norm: True
[2025-10-19 01:49:33]   Training:
[2025-10-19 01:49:33]     Batch Size: 32, LR: 0.005, Weight Decay: 0.001
[2025-10-19 01:49:33]     Optimizer: adam, Grad Clip: 1.0, LR Patience: 3
[2025-10-19 01:49:33] 
  Stage 1: Running 3-Fold CV on 10% sampled data...
[2025-10-19 01:49:33]   K-Fold CV: 3 folds on 51 sequences
[2025-10-19 01:50:00]     Epoch  1/20: Val R²=0.2542 Train R²=0.2362 Gap=-0.0180 ✓
[2025-10-19 01:50:26]     Epoch  2/20: Val R²=0.2601 Train R²=0.2490 Gap=-0.0111 ✓
[2025-10-19 01:50:53]     Epoch  3/20: Val R²=0.2439 Train R²=0.2552 Gap=0.0113  
[2025-10-19 01:51:19]     Epoch  4/20: Val R²=0.2452 Train R²=0.2570 Gap=0.0118  
[2025-10-19 01:51:46]     Epoch  5/20: Val R²=0.2635 Train R²=0.2596 Gap=-0.0039 ✓
[2025-10-19 01:52:12]     Epoch  6/20: Val R²=0.2622 Train R²=0.2574 Gap=-0.0048  
[2025-10-19 01:52:41]     Epoch  7/20: Val R²=0.2469 Train R²=0.2602 Gap=0.0133  
[2025-10-19 01:53:09]     Epoch  8/20: Val R²=0.2637 Train R²=0.2629 Gap=-0.0008 ✓
[2025-10-19 01:53:37]     Epoch  9/20: Val R²=0.2659 Train R²=0.2621 Gap=-0.0038 ✓
[2025-10-19 01:54:04]     Epoch 10/20: Val R²=0.2599 Train R²=0.2623 Gap=0.0024  
[2025-10-19 01:54:33]     Epoch 11/20: Val R²=0.2543 Train R²=0.2593 Gap=0.0050  
[2025-10-19 01:55:01]     Epoch 12/20: Val R²=0.2421 Train R²=0.2581 Gap=0.0160  
[2025-10-19 01:55:31]     Epoch 13/20: Val R²=0.2488 Train R²=0.2582 Gap=0.0094  
[2025-10-19 01:56:00]     Epoch 14/20: Val R²=0.2808 Train R²=0.2761 Gap=-0.0047 ✓
[2025-10-19 01:56:27]     Epoch 15/20: Val R²=0.2688 Train R²=0.2757 Gap=0.0070  
[2025-10-19 01:56:56]     Epoch 16/20: Val R²=0.2518 Train R²=0.2751 Gap=0.0233  
[2025-10-19 01:57:24]     Epoch 17/20: Val R²=0.2506 Train R²=0.2748 Gap=0.0242  
[2025-10-19 01:57:53]     Epoch 18/20: Val R²=0.2545 Train R²=0.2766 Gap=0.0221  
[2025-10-19 01:58:19]     Epoch 19/20: Val R²=0.2712 Train R²=0.2840 Gap=0.0128  
[2025-10-19 01:58:19]     Early stopped at epoch 19
[2025-10-19 01:58:19]     Fold 1/3: Val R²=0.2808 Train R²=0.2761 (525.9s)
[2025-10-19 01:58:46]     Epoch  1/20: Val R²=0.0613 Train R²=0.2511 Gap=0.1899 ✓
[2025-10-19 01:59:12]     Epoch  2/20: Val R²=0.1069 Train R²=0.2648 Gap=0.1580 ✓
[2025-10-19 01:59:39]     Epoch  3/20: Val R²=0.1141 Train R²=0.2677 Gap=0.1536 ✓
[2025-10-19 02:00:05]     Epoch  4/20: Val R²=0.1133 Train R²=0.2681 Gap=0.1547  
[2025-10-19 02:00:32]     Epoch  5/20: Val R²=0.1151 Train R²=0.2711 Gap=0.1561 ✓
[2025-10-19 02:00:58]     Epoch  6/20: Val R²=0.1213 Train R²=0.2716 Gap=0.1502 ✓
[2025-10-19 02:01:23]     Epoch  7/20: Val R²=0.1285 Train R²=0.2710 Gap=0.1424 ✓
[2025-10-19 02:01:50]     Epoch  8/20: Val R²=0.1235 Train R²=0.2701 Gap=0.1466  
[2025-10-19 02:02:14]     Epoch  9/20: Val R²=0.1289 Train R²=0.2705 Gap=0.1415 ✓
[2025-10-19 02:02:41]     Epoch 10/20: Val R²=0.1212 Train R²=0.2724 Gap=0.1512  
[2025-10-19 02:03:05]     Epoch 11/20: Val R²=0.1218 Train R²=0.2739 Gap=0.1521  
[2025-10-19 02:03:31]     Epoch 12/20: Val R²=0.1276 Train R²=0.2744 Gap=0.1468  
[2025-10-19 02:03:56]     Epoch 13/20: Val R²=0.1321 Train R²=0.2748 Gap=0.1427 ✓
[2025-10-19 02:04:20]     Epoch 14/20: Val R²=0.1338 Train R²=0.2746 Gap=0.1408 ✓
[2025-10-19 02:04:47]     Epoch 15/20: Val R²=0.1316 Train R²=0.2743 Gap=0.1426  
[2025-10-19 02:05:11]     Epoch 16/20: Val R²=0.1295 Train R²=0.2713 Gap=0.1418  
[2025-10-19 02:05:38]     Epoch 17/20: Val R²=0.1314 Train R²=0.2740 Gap=0.1426  
[2025-10-19 02:06:02]     Epoch 18/20: Val R²=0.1261 Train R²=0.2741 Gap=0.1480  
[2025-10-19 02:06:27]     Epoch 19/20: Val R²=0.1368 Train R²=0.2839 Gap=0.1470 ✓
[2025-10-19 02:06:52]     Epoch 20/20: Val R²=0.1312 Train R²=0.2843 Gap=0.1531  
[2025-10-19 02:06:52]     Fold 2/3: Val R²=0.1368 Train R²=0.2839 (513.6s)
[2025-10-19 02:07:17]     Epoch  1/20: Val R²=0.2473 Train R²=0.2483 Gap=0.0011 ✓
[2025-10-19 02:07:42]     Epoch  2/20: Val R²=0.2586 Train R²=0.2669 Gap=0.0084 ✓
[2025-10-19 02:08:07]     Epoch  3/20: Val R²=0.2003 Train R²=0.2752 Gap=0.0750  
[2025-10-19 02:08:32]     Epoch  4/20: Val R²=0.2512 Train R²=0.2759 Gap=0.0248  
[2025-10-19 02:08:57]     Epoch  5/20: Val R²=0.2013 Train R²=0.2736 Gap=0.0723  
[2025-10-19 02:09:23]     Epoch  6/20: Val R²=0.2287 Train R²=0.2817 Gap=0.0530  
[2025-10-19 02:09:49]     Epoch  7/20: Val R²=0.2675 Train R²=0.2939 Gap=0.0264 ✓
[2025-10-19 02:10:15]     Epoch  8/20: Val R²=0.2140 Train R²=0.2977 Gap=0.0837  
[2025-10-19 02:10:41]     Epoch  9/20: Val R²=0.2654 Train R²=0.2976 Gap=0.0322  
[2025-10-19 02:11:07]     Epoch 10/20: Val R²=0.2669 Train R²=0.2980 Gap=0.0311  
[2025-10-19 02:11:34]     Epoch 11/20: Val R²=0.2617 Train R²=0.2988 Gap=0.0370  
[2025-10-19 02:11:59]     Epoch 12/20: Val R²=0.2784 Train R²=0.3069 Gap=0.0285 ✓
[2025-10-19 02:12:25]     Epoch 13/20: Val R²=0.2727 Train R²=0.3074 Gap=0.0346  
[2025-10-19 02:12:52]     Epoch 14/20: Val R²=0.2640 Train R²=0.3071 Gap=0.0432  
[2025-10-19 02:13:16]     Epoch 15/20: Val R²=0.2533 Train R²=0.3083 Gap=0.0550  
[2025-10-19 02:13:43]     Epoch 16/20: Val R²=0.2492 Train R²=0.3084 Gap=0.0592  
[2025-10-19 02:14:08]     Epoch 17/20: Val R²=0.2748 Train R²=0.3147 Gap=0.0399  
[2025-10-19 02:14:08]     Early stopped at epoch 17
[2025-10-19 02:14:08]     Fold 3/3: Val R²=0.2784 Train R²=0.3069 (435.4s)
[2025-10-19 02:14:08]   K-Fold Results: mean=0.232021 ± 0.067303 (min=0.136850, max=0.280823)
[2025-10-19 02:14:08] 
======================================================================
[2025-10-19 02:14:08] Config 3/100 - K-Fold Complete:
[2025-10-19 02:14:08]   Mean Val R²: 0.232021 ± 0.067303
[2025-10-19 02:14:08]   Range: [0.136850, 0.280823]
[2025-10-19 02:14:08]   Best Global Mean R²: 0.340000
[2025-10-19 02:14:08]   Parameters: 96,544
[2025-10-19 02:14:08]   K-Fold mean R² not better than global best (0.340000)
[2025-10-19 02:14:08]   Skipping.
[2025-10-19 02:14:08]   Results saved to models/bruteforce_kfold_results_20251019_004855.csv
[2025-10-19 02:14:08] 
======================================================================
[2025-10-19 02:14:08] Config 4/100 - Starting Training:
[2025-10-19 02:14:08]   Architecture:
[2025-10-19 02:14:08]     Lookback: 5, Hidden: 256, Layers: 2, Dropout: 0.3
[2025-10-19 02:14:08]     Bidirectional: False, GRU: False
[2025-10-19 02:14:08]   Output Head:
[2025-10-19 02:14:08]     FC Layers: 1, FC Hidden: 128, Activation: tanh
[2025-10-19 02:14:08]     FC Dropout: 0.4, Batch Norm: True
[2025-10-19 02:14:08]   Training:
[2025-10-19 02:14:08]     Batch Size: 64, LR: 0.001, Weight Decay: 0.001
[2025-10-19 02:14:08]     Optimizer: adamw, Grad Clip: 0.5, LR Patience: 3
[2025-10-19 02:14:08] 
  Stage 1: Running 3-Fold CV on 10% sampled data...
[2025-10-19 02:14:08]   K-Fold CV: 3 folds on 51 sequences
[2025-10-19 02:14:16]     Epoch  1/20: Val R²=0.2964 Train R²=0.2906 Gap=-0.0058 ✓
[2025-10-19 02:14:25]     Epoch  2/20: Val R²=0.2962 Train R²=0.3299 Gap=0.0337  
[2025-10-19 02:14:33]     Epoch  3/20: Val R²=0.3051 Train R²=0.3426 Gap=0.0375 ✓
[2025-10-19 02:14:41]     Epoch  4/20: Val R²=0.3072 Train R²=0.3548 Gap=0.0476 ✓
[2025-10-19 02:14:49]     Epoch  5/20: Val R²=0.3185 Train R²=0.3651 Gap=0.0466 ✓
[2025-10-19 02:14:56]     Epoch  6/20: Val R²=0.3158 Train R²=0.3751 Gap=0.0593  
[2025-10-19 02:15:04]     Epoch  7/20: Val R²=0.3002 Train R²=0.3894 Gap=0.0892  
[2025-10-19 02:15:13]     Epoch  8/20: Val R²=0.3048 Train R²=0.4052 Gap=0.1004  
[2025-10-19 02:15:20]     Epoch  9/20: Val R²=0.2903 Train R²=0.4247 Gap=0.1345  
[2025-10-19 02:15:28]     Epoch 10/20: Val R²=0.2838 Train R²=0.4650 Gap=0.1812  
[2025-10-19 02:15:28]     Early stopped at epoch 10
[2025-10-19 02:15:28]     Fold 1/3: Val R²=0.3185 Train R²=0.3651 (80.7s)
[2025-10-19 02:15:37]     Epoch  1/20: Val R²=0.2530 Train R²=0.3203 Gap=0.0673 ✓
[2025-10-19 02:15:45]     Epoch  2/20: Val R²=0.2430 Train R²=0.3501 Gap=0.1072  
[2025-10-19 02:15:53]     Epoch  3/20: Val R²=0.2701 Train R²=0.3618 Gap=0.0917 ✓
[2025-10-19 02:16:01]     Epoch  4/20: Val R²=0.2771 Train R²=0.3698 Gap=0.0927 ✓
[2025-10-19 02:16:08]     Epoch  5/20: Val R²=0.2779 Train R²=0.3779 Gap=0.1000 ✓
[2025-10-19 02:16:16]     Epoch  6/20: Val R²=0.2639 Train R²=0.3872 Gap=0.1232  
[2025-10-19 02:16:24]     Epoch  7/20: Val R²=0.2638 Train R²=0.3980 Gap=0.1342  
[2025-10-19 02:16:32]     Epoch  8/20: Val R²=0.2594 Train R²=0.4112 Gap=0.1518  
[2025-10-19 02:16:40]     Epoch  9/20: Val R²=0.2495 Train R²=0.4277 Gap=0.1782  
[2025-10-19 02:16:48]     Epoch 10/20: Val R²=0.2340 Train R²=0.4657 Gap=0.2317  
[2025-10-19 02:16:48]     Early stopped at epoch 10
[2025-10-19 02:16:48]     Fold 2/3: Val R²=0.2779 Train R²=0.3779 (80.1s)
[2025-10-19 02:16:56]     Epoch  1/20: Val R²=0.2805 Train R²=0.3154 Gap=0.0349 ✓
[2025-10-19 02:17:04]     Epoch  2/20: Val R²=0.2929 Train R²=0.3571 Gap=0.0641 ✓
[2025-10-19 02:17:12]     Epoch  3/20: Val R²=0.2920 Train R²=0.3703 Gap=0.0783  
[2025-10-19 02:17:19]     Epoch  4/20: Val R²=0.2830 Train R²=0.3808 Gap=0.0978  
[2025-10-19 02:17:27]     Epoch  5/20: Val R²=0.2792 Train R²=0.3915 Gap=0.1123  
[2025-10-19 02:17:37]     Epoch  6/20: Val R²=0.2801 Train R²=0.4019 Gap=0.1219  
[2025-10-19 02:17:44]     Epoch  7/20: Val R²=0.2756 Train R²=0.4294 Gap=0.1538  
[2025-10-19 02:17:44]     Early stopped at epoch 7
[2025-10-19 02:17:44]     Fold 3/3: Val R²=0.2929 Train R²=0.3571 (55.8s)
[2025-10-19 02:17:44]   K-Fold Results: mean=0.296435 ± 0.016744 (min=0.277918, max=0.318475)
[2025-10-19 02:17:44] 
======================================================================
[2025-10-19 02:17:44] Config 4/100 - K-Fold Complete:
[2025-10-19 02:17:44]   Mean Val R²: 0.296435 ± 0.016744
[2025-10-19 02:17:44]   Range: [0.277918, 0.318475]
[2025-10-19 02:17:44]   Best Global Mean R²: 0.340000
[2025-10-19 02:17:44]   Parameters: 831,520
[2025-10-19 02:17:44]   K-Fold mean R² not better than global best (0.340000)
[2025-10-19 02:17:44]   Skipping.
[2025-10-19 02:17:44]   Results saved to models/bruteforce_kfold_results_20251019_004855.csv
[2025-10-19 02:17:44] 
======================================================================
[2025-10-19 02:17:44] Config 5/100 - Starting Training:
[2025-10-19 02:17:44]   Architecture:
[2025-10-19 02:17:44]     Lookback: 30, Hidden: 256, Layers: 2, Dropout: 0.5
[2025-10-19 02:17:44]     Bidirectional: False, GRU: False
[2025-10-19 02:17:44]   Output Head:
[2025-10-19 02:17:44]     FC Layers: 2, FC Hidden: 128, Activation: tanh
[2025-10-19 02:17:44]     FC Dropout: 0.2, Batch Norm: True
[2025-10-19 02:17:44]   Training:
[2025-10-19 02:17:44]     Batch Size: 32, LR: 0.0005, Weight Decay: 0
[2025-10-19 02:17:44]     Optimizer: adamw, Grad Clip: 1.0, LR Patience: 7
[2025-10-19 02:17:44] 
  Stage 1: Running 3-Fold CV on 10% sampled data...
[2025-10-19 02:17:44]   K-Fold CV: 3 folds on 51 sequences
[2025-10-19 02:18:15]     Epoch  1/20: Val R²=0.3072 Train R²=0.2592 Gap=-0.0480 ✓
[2025-10-19 02:18:47]     Epoch  2/20: Val R²=0.3161 Train R²=0.3106 Gap=-0.0055 ✓
[2025-10-19 02:19:18]     Epoch  3/20: Val R²=0.2990 Train R²=0.3298 Gap=0.0308  
[2025-10-19 02:19:49]     Epoch  4/20: Val R²=0.3205 Train R²=0.3374 Gap=0.0169 ✓
[2025-10-19 02:20:20]     Epoch  5/20: Val R²=0.3215 Train R²=0.3452 Gap=0.0237 ✓
[2025-10-19 02:20:50]     Epoch  6/20: Val R²=0.3283 Train R²=0.3543 Gap=0.0260 ✓
[2025-10-19 02:21:18]     Epoch  7/20: Val R²=0.3283 Train R²=0.3605 Gap=0.0322 ✓
[2025-10-19 02:21:45]     Epoch  8/20: Val R²=0.3243 Train R²=0.3678 Gap=0.0435  
[2025-10-19 02:22:10]     Epoch  9/20: Val R²=0.3157 Train R²=0.3766 Gap=0.0609  
[2025-10-19 02:22:36]     Epoch 10/20: Val R²=0.3156 Train R²=0.3878 Gap=0.0723  
[2025-10-19 02:23:02]     Epoch 11/20: Val R²=0.3016 Train R²=0.3956 Gap=0.0940  
[2025-10-19 02:23:30]     Epoch 12/20: Val R²=0.3054 Train R²=0.4101 Gap=0.1047  
[2025-10-19 02:23:30]     Early stopped at epoch 12
[2025-10-19 02:23:30]     Fold 1/3: Val R²=0.3283 Train R²=0.3605 (346.2s)
[2025-10-19 02:23:59]     Epoch  1/20: Val R²=0.2386 Train R²=0.2824 Gap=0.0438 ✓
[2025-10-19 02:24:31]     Epoch  2/20: Val R²=0.2538 Train R²=0.3292 Gap=0.0755 ✓
[2025-10-19 02:25:04]     Epoch  3/20: Val R²=0.2676 Train R²=0.3445 Gap=0.0770 ✓
[2025-10-19 02:25:38]     Epoch  4/20: Val R²=0.2796 Train R²=0.3553 Gap=0.0757 ✓
[2025-10-19 02:26:11]     Epoch  5/20: Val R²=0.2756 Train R²=0.3618 Gap=0.0862  
[2025-10-19 02:26:45]     Epoch  6/20: Val R²=0.2811 Train R²=0.3690 Gap=0.0879 ✓
[2025-10-19 02:27:18]     Epoch  7/20: Val R²=0.2858 Train R²=0.3752 Gap=0.0894 ✓
[2025-10-19 02:27:53]     Epoch  8/20: Val R²=0.2832 Train R²=0.3825 Gap=0.0993  
[2025-10-19 02:28:26]     Epoch  9/20: Val R²=0.2823 Train R²=0.3911 Gap=0.1088  
[2025-10-19 02:28:59]     Epoch 10/20: Val R²=0.2740 Train R²=0.4010 Gap=0.1270  
[2025-10-19 02:29:33]     Epoch 11/20: Val R²=0.2769 Train R²=0.4099 Gap=0.1330  
[2025-10-19 02:30:06]     Epoch 12/20: Val R²=0.2674 Train R²=0.4220 Gap=0.1546  
[2025-10-19 02:30:06]     Early stopped at epoch 12
[2025-10-19 02:30:06]     Fold 2/3: Val R²=0.2858 Train R²=0.3752 (395.3s)
[2025-10-19 02:30:40]     Epoch  1/20: Val R²=0.3010 Train R²=0.2768 Gap=-0.0242 ✓
[2025-10-19 02:31:13]     Epoch  2/20: Val R²=0.3158 Train R²=0.3322 Gap=0.0165 ✓
[2025-10-19 02:31:46]     Epoch  3/20: Val R²=0.3103 Train R²=0.3501 Gap=0.0399  
[2025-10-19 02:32:19]     Epoch  4/20: Val R²=0.3046 Train R²=0.3589 Gap=0.0543  
[2025-10-19 02:32:53]     Epoch  5/20: Val R²=0.3018 Train R²=0.3689 Gap=0.0670  
[2025-10-19 02:33:25]     Epoch  6/20: Val R²=0.3110 Train R²=0.3749 Gap=0.0638  
[2025-10-19 02:33:54]     Epoch  7/20: Val R²=0.3080 Train R²=0.3815 Gap=0.0734  
[2025-10-19 02:33:54]     Early stopped at epoch 7
[2025-10-19 02:33:54]     Fold 3/3: Val R²=0.3158 Train R²=0.3322 (228.9s)
[2025-10-19 02:33:54]   K-Fold Results: mean=0.309949 ± 0.017849 (min=0.285769, max=0.328315)
[2025-10-19 02:33:54] 
======================================================================
[2025-10-19 02:33:54] Config 5/100 - K-Fold Complete:
[2025-10-19 02:33:54]   Mean Val R²: 0.309949 ± 0.017849
[2025-10-19 02:33:54]   Range: [0.285769, 0.328315]
[2025-10-19 02:33:54]   Best Global Mean R²: 0.340000
[2025-10-19 02:33:54]   Parameters: 860,576
[2025-10-19 02:33:54]   K-Fold mean R² not better than global best (0.340000)
[2025-10-19 02:33:54]   Skipping.
[2025-10-19 02:33:55]   Results saved to models/bruteforce_kfold_results_20251019_004855.csv
[2025-10-19 02:33:55] 
======================================================================
[2025-10-19 02:33:55] Config 6/100 - Starting Training:
[2025-10-19 02:33:55]   Architecture:
[2025-10-19 02:33:55]     Lookback: 5, Hidden: 64, Layers: 3, Dropout: 0.2
[2025-10-19 02:33:55]     Bidirectional: True, GRU: True
[2025-10-19 02:33:55]   Output Head:
[2025-10-19 02:33:55]     FC Layers: 3, FC Hidden: 128, Activation: relu
[2025-10-19 02:33:55]     FC Dropout: 0.3, Batch Norm: False
[2025-10-19 02:33:55]   Training:
[2025-10-19 02:33:55]     Batch Size: 64, LR: 0.005, Weight Decay: 0.001
[2025-10-19 02:33:55]     Optimizer: adamw, Grad Clip: 5.0, LR Patience: 7
[2025-10-19 02:33:55] 
  Stage 1: Running 3-Fold CV on 10% sampled data...
[2025-10-19 02:33:55]   K-Fold CV: 3 folds on 51 sequences
[2025-10-19 02:34:13]     Epoch  1/20: Val R²=0.2645 Train R²=0.2305 Gap=-0.0340 ✓
[2025-10-19 02:34:32]     Epoch  2/20: Val R²=0.2760 Train R²=0.2685 Gap=-0.0074 ✓
[2025-10-19 02:34:51]     Epoch  3/20: Val R²=0.2786 Train R²=0.2814 Gap=0.0028 ✓
[2025-10-19 02:35:09]     Epoch  4/20: Val R²=0.2623 Train R²=0.2835 Gap=0.0212  
[2025-10-19 02:35:28]     Epoch  5/20: Val R²=0.2629 Train R²=0.2869 Gap=0.0240  
[2025-10-19 02:35:46]     Epoch  6/20: Val R²=0.2739 Train R²=0.2897 Gap=0.0157  
[2025-10-19 02:36:05]     Epoch  7/20: Val R²=0.2741 Train R²=0.2909 Gap=0.0168  
[2025-10-19 02:36:23]     Epoch  8/20: Val R²=0.2807 Train R²=0.2936 Gap=0.0129 ✓
[2025-10-19 02:36:43]     Epoch  9/20: Val R²=0.2792 Train R²=0.2912 Gap=0.0120  
[2025-10-19 02:37:01]     Epoch 10/20: Val R²=0.2655 Train R²=0.2967 Gap=0.0312  
[2025-10-19 02:37:19]     Epoch 11/20: Val R²=0.2731 Train R²=0.2960 Gap=0.0229  
[2025-10-19 02:37:39]     Epoch 12/20: Val R²=0.2452 Train R²=0.2933 Gap=0.0481  
[2025-10-19 02:37:57]     Epoch 13/20: Val R²=0.2618 Train R²=0.2935 Gap=0.0317  
[2025-10-19 02:37:57]     Early stopped at epoch 13
[2025-10-19 02:37:57]     Fold 1/3: Val R²=0.2807 Train R²=0.2936 (242.7s)
[2025-10-19 02:38:16]     Epoch  1/20: Val R²=0.2011 Train R²=0.2594 Gap=0.0583 ✓
[2025-10-19 02:38:35]     Epoch  2/20: Val R²=0.1842 Train R²=0.2918 Gap=0.1075  
[2025-10-19 02:38:53]     Epoch  3/20: Val R²=0.1989 Train R²=0.3031 Gap=0.1043  
[2025-10-19 02:39:11]     Epoch  4/20: Val R²=0.2215 Train R²=0.3093 Gap=0.0877 ✓
[2025-10-19 02:39:29]     Epoch  5/20: Val R²=0.2164 Train R²=0.3131 Gap=0.0967  
[2025-10-19 02:39:48]     Epoch  6/20: Val R²=0.2166 Train R²=0.3154 Gap=0.0988  
[2025-10-19 02:40:27]     Epoch  7/20: Val R²=0.2172 Train R²=0.3203 Gap=0.1031  
[2025-10-19 02:41:10]     Epoch  8/20: Val R²=0.2001 Train R²=0.3197 Gap=0.1196  
[2025-10-19 02:41:54]     Epoch  9/20: Val R²=0.2123 Train R²=0.3183 Gap=0.1060  
[2025-10-19 02:41:54]     Early stopped at epoch 9
[2025-10-19 02:41:54]     Fold 2/3: Val R²=0.2215 Train R²=0.3093 (236.8s)
[2025-10-19 02:42:39]     Epoch  1/20: Val R²=0.2617 Train R²=0.2506 Gap=-0.0111 ✓
[2025-10-19 02:43:21]     Epoch  2/20: Val R²=0.2703 Train R²=0.2922 Gap=0.0219 ✓
[2025-10-19 02:44:03]     Epoch  3/20: Val R²=0.2666 Train R²=0.3043 Gap=0.0378  
[2025-10-19 02:44:46]     Epoch  4/20: Val R²=0.2557 Train R²=0.3103 Gap=0.0545  
[2025-10-19 02:45:28]     Epoch  5/20: Val R²=0.2445 Train R²=0.3127 Gap=0.0683  
[2025-10-19 02:46:09]     Epoch  6/20: Val R²=0.2490 Train R²=0.3149 Gap=0.0659  
[2025-10-19 02:46:53]     Epoch  7/20: Val R²=0.2627 Train R²=0.3151 Gap=0.0524  
[2025-10-19 02:46:53]     Early stopped at epoch 7
[2025-10-19 02:46:53]     Fold 3/3: Val R²=0.2703 Train R²=0.2922 (299.3s)
[2025-10-19 02:46:53]   K-Fold Results: mean=0.257492 ± 0.025772 (min=0.221542, max=0.280661)
[2025-10-19 02:46:53] 
======================================================================
[2025-10-19 02:46:53] Config 6/100 - K-Fold Complete:
[2025-10-19 02:46:53]   Mean Val R²: 0.257492 ± 0.025772
[2025-10-19 02:46:53]   Range: [0.221542, 0.280661]
[2025-10-19 02:46:53]   Best Global Mean R²: 0.340000
[2025-10-19 02:46:53]   Parameters: 223,776
[2025-10-19 02:46:53]   K-Fold mean R² not better than global best (0.340000)
[2025-10-19 02:46:53]   Skipping.
[2025-10-19 02:46:53]   Results saved to models/bruteforce_kfold_results_20251019_004855.csv
[2025-10-19 02:46:53] 
======================================================================
[2025-10-19 02:46:53] Config 7/100 - Starting Training:
[2025-10-19 02:46:53]   Architecture:
[2025-10-19 02:46:53]     Lookback: 10, Hidden: 64, Layers: 4, Dropout: 0.1
[2025-10-19 02:46:53]     Bidirectional: False, GRU: False
[2025-10-19 02:46:53]   Output Head:
[2025-10-19 02:46:53]     FC Layers: 1, FC Hidden: 256, Activation: relu
[2025-10-19 02:46:53]     FC Dropout: 0.4, Batch Norm: False
[2025-10-19 02:46:53]   Training:
[2025-10-19 02:46:53]     Batch Size: 256, LR: 0.002, Weight Decay: 0.01
[2025-10-19 02:46:53]     Optimizer: adam, Grad Clip: 1.0, LR Patience: 3
[2025-10-19 02:46:53] 
  Stage 1: Running 3-Fold CV on 10% sampled data...
[2025-10-19 02:46:53]   K-Fold CV: 3 folds on 51 sequences
[2025-10-19 02:46:59]     Epoch  1/20: Val R²=0.0406 Train R²=0.0692 Gap=0.0286 ✓
[2025-10-19 02:47:04]     Epoch  2/20: Val R²=-0.0177 Train R²=0.0179 Gap=0.0356  
[2025-10-19 02:47:09]     Epoch  3/20: Val R²=-0.0175 Train R²=-0.0001 Gap=0.0174  
[2025-10-19 02:47:15]     Epoch  4/20: Val R²=-0.0178 Train R²=-0.0001 Gap=0.0178  
[2025-10-19 02:47:20]     Epoch  5/20: Val R²=-0.0174 Train R²=-0.0001 Gap=0.0173  
[2025-10-19 02:47:25]     Epoch  6/20: Val R²=-0.0175 Train R²=-0.0000 Gap=0.0175  
[2025-10-19 02:47:25]     Early stopped at epoch 6
[2025-10-19 02:47:25]     Fold 1/3: Val R²=0.0406 Train R²=0.0692 (31.8s)
[2025-10-19 02:47:32]     Epoch  1/20: Val R²=0.0094 Train R²=0.1501 Gap=0.1407 ✓
[2025-10-19 02:47:38]     Epoch  2/20: Val R²=0.0084 Train R²=0.1408 Gap=0.1324  
[2025-10-19 02:47:43]     Epoch  3/20: Val R²=0.0046 Train R²=0.1392 Gap=0.1345  
[2025-10-19 02:47:48]     Epoch  4/20: Val R²=0.0083 Train R²=0.1328 Gap=0.1245  
[2025-10-19 02:47:53]     Epoch  5/20: Val R²=-0.0339 Train R²=0.1154 Gap=0.1493  
[2025-10-19 02:47:58]     Epoch  6/20: Val R²=0.0070 Train R²=0.1202 Gap=0.1132  
[2025-10-19 02:47:58]     Early stopped at epoch 6
[2025-10-19 02:47:58]     Fold 2/3: Val R²=0.0094 Train R²=0.1501 (32.8s)
[2025-10-19 02:48:03]     Epoch  1/20: Val R²=0.1078 Train R²=0.0942 Gap=-0.0136 ✓
[2025-10-19 02:48:08]     Epoch  2/20: Val R²=0.0894 Train R²=0.0785 Gap=-0.0110  
[2025-10-19 02:48:13]     Epoch  3/20: Val R²=0.0798 Train R²=0.0751 Gap=-0.0047  
[2025-10-19 02:48:18]     Epoch  4/20: Val R²=0.0826 Train R²=0.0647 Gap=-0.0179  
[2025-10-19 02:48:23]     Epoch  5/20: Val R²=0.0647 Train R²=0.0516 Gap=-0.0131  
[2025-10-19 02:48:29]     Epoch  6/20: Val R²=0.0416 Train R²=0.0479 Gap=0.0064  
[2025-10-19 02:48:29]     Early stopped at epoch 6
[2025-10-19 02:48:29]     Fold 3/3: Val R²=0.1078 Train R²=0.0942 (31.4s)
[2025-10-19 02:48:29]   K-Fold Results: mean=0.052622 ± 0.041045 (min=0.009449, max=0.107811)
[2025-10-19 02:48:29] 
======================================================================
[2025-10-19 02:48:29] Config 7/100 - K-Fold Complete:
[2025-10-19 02:48:29]   Mean Val R²: 0.052622 ± 0.041045
[2025-10-19 02:48:29]   Range: [0.009449, 0.107811]
[2025-10-19 02:48:29]   Best Global Mean R²: 0.340000
[2025-10-19 02:48:29]   Parameters: 127,008
[2025-10-19 02:48:29]   K-Fold mean R² not better than global best (0.340000)
[2025-10-19 02:48:29]   Skipping.
[2025-10-19 02:48:29]   Results saved to models/bruteforce_kfold_results_20251019_004855.csv
[2025-10-19 02:48:29] 
======================================================================
[2025-10-19 02:48:29] Config 8/100 - Starting Training:
[2025-10-19 02:48:29]   Architecture:
[2025-10-19 02:48:29]     Lookback: 50, Hidden: 192, Layers: 3, Dropout: 0.3
[2025-10-19 02:48:29]     Bidirectional: False, GRU: True
[2025-10-19 02:48:29]   Output Head:
[2025-10-19 02:48:29]     FC Layers: 2, FC Hidden: 64, Activation: tanh
[2025-10-19 02:48:29]     FC Dropout: 0.0, Batch Norm: True
[2025-10-19 02:48:29]   Training:
[2025-10-19 02:48:29]     Batch Size: 64, LR: 0.005, Weight Decay: 0
[2025-10-19 02:48:29]     Optimizer: adam, Grad Clip: 1.0, LR Patience: 5
[2025-10-19 02:48:29] 
  Stage 1: Running 3-Fold CV on 10% sampled data...
[2025-10-19 02:48:29]   K-Fold CV: 3 folds on 51 sequences
[2025-10-19 02:51:23]     Epoch  1/20: Val R²=0.2806 Train R²=0.2764 Gap=-0.0042 ✓
[2025-10-19 02:54:16]     Epoch  2/20: Val R²=0.2890 Train R²=0.3126 Gap=0.0236 ✓
[2025-10-19 10:21:55]     Epoch  3/20: Val R²=0.2948 Train R²=0.3152 Gap=0.0204 ✓
[2025-10-19 10:23:09]     Epoch  4/20: Val R²=0.2982 Train R²=0.3149 Gap=0.0167 ✓
[2025-10-19 10:24:26]     Epoch  5/20: Val R²=0.2872 Train R²=0.3126 Gap=0.0254  
[2025-10-19 10:25:49]     Epoch  6/20: Val R²=0.2741 Train R²=0.3091 Gap=0.0350  
[2025-10-19 10:27:16]     Epoch  7/20: Val R²=0.2842 Train R²=0.3033 Gap=0.0191  
[2025-10-19 10:28:47]     Epoch  8/20: Val R²=0.2809 Train R²=0.2964 Gap=0.0154  
[2025-10-19 10:30:15]     Epoch  9/20: Val R²=0.2848 Train R²=0.2881 Gap=0.0033  
[2025-10-19 10:30:15]     Early stopped at epoch 9
[2025-10-19 10:30:15]     Fold 1/3: Val R²=0.2982 Train R²=0.3149 (27706.1s)
[2025-10-19 10:31:44]     Epoch  1/20: Val R²=0.2051 Train R²=0.3000 Gap=0.0950 ✓
[2025-10-19 10:33:17]     Epoch  2/20: Val R²=0.2297 Train R²=0.3326 Gap=0.1029 ✓
[2025-10-19 10:34:48]     Epoch  3/20: Val R²=0.2279 Train R²=0.3334 Gap=0.1055  
[2025-10-19 10:36:14]     Epoch  4/20: Val R²=0.2362 Train R²=0.3336 Gap=0.0974 ✓
[2025-10-19 10:37:38]     Epoch  5/20: Val R²=0.2128 Train R²=0.3282 Gap=0.1154  
