[2025-11-26 14:07:58] ======================================================================
[2025-11-26 14:07:58] BRUTE FORCE HYPERPARAMETER SEARCH WITH AUTO-SUBMISSION (EXHAUSTIVE MODE)
[2025-11-26 14:07:58] ======================================================================
[2025-11-26 14:07:58] Started at: 2025-11-26 14:07:58
[2025-11-26 14:07:58] Mode: FULL
[2025-11-26 14:07:58] Best R² to beat: 0.340000
[2025-11-26 14:07:58] Log file: logs/bruteforce_20251126_140758.log
[2025-11-26 14:07:58] 
[2025-11-26 14:07:58] Device Detection:
[2025-11-26 14:07:58]   PyTorch version: 2.7.1
[2025-11-26 14:07:58]   Requested: auto
[2025-11-26 14:07:58]   MPS available: ✓
[2025-11-26 14:07:58]   CUDA available: ✗
[2025-11-26 14:07:58]   Using: MPS
[2025-11-26 14:07:58] 
[2025-11-26 14:07:58] Loading data...
[2025-11-26 14:07:58] Train: 465,000 rows, 465 sequences
[2025-11-26 14:07:58] Val:   52,000 rows, 52 sequences
[2025-11-26 14:07:58] Features: 32
[2025-11-26 14:07:58] 
[2025-11-26 14:07:58] Total possible combinations (Cartesian product): 1
[2025-11-26 14:07:58] Configurations to run (cap): 1
[2025-11-26 14:07:58] Starting exhaustive brute force search...
[2025-11-26 14:07:58] 
[2025-11-26 14:07:58] 
======================================================================
[2025-11-26 14:07:58] Config 1/1 - Starting Training:
[2025-11-26 14:07:58]   Architecture:
[2025-11-26 14:07:58]     Lookback: 150, Hidden: 128, Layers: 1, Dropout: 0.1
[2025-11-26 14:07:58]     Bidirectional: True, GRU: True
[2025-11-26 14:07:58]   Output Head:
[2025-11-26 14:07:58]     FC Layers: 2, FC Hidden: 256, Activation: relu
[2025-11-26 14:07:58]     FC Dropout: 0.2, Batch Norm: True
[2025-11-26 14:07:58]   Training:
[2025-11-26 14:07:58]     Batch Size: 256, LR: 0.001, Weight Decay: 0.0001
[2025-11-26 14:07:58]     Optimizer: adam, Grad Clip: 5.0, LR Patience: 3
