[2025-11-28 22:00:34] ======================================================================
[2025-11-28 22:00:34] BRUTE FORCE HYPERPARAMETER SEARCH WITH AUTO-SUBMISSION (EXHAUSTIVE MODE)
[2025-11-28 22:00:34] ======================================================================
[2025-11-28 22:00:34] Started at: 2025-11-28 22:00:34
[2025-11-28 22:00:34] Mode: FULL
[2025-11-28 22:00:34] Best R² to beat: 0.340000
[2025-11-28 22:00:34] Log file: logs/bruteforce_20251128_220034.log
[2025-11-28 22:00:34] 
[2025-11-28 22:00:34] Device Detection:
[2025-11-28 22:00:34]   PyTorch version: 2.7.1
[2025-11-28 22:00:34]   Requested: auto
[2025-11-28 22:00:34]   MPS available: ✓
[2025-11-28 22:00:34]   CUDA available: ✗
[2025-11-28 22:00:34]   Using: MPS
[2025-11-28 22:00:34] 
[2025-11-28 22:00:34] Loading data...
[2025-11-28 22:00:35] Train: 465,000 rows, 465 sequences
[2025-11-28 22:00:35] Val:   52,000 rows, 52 sequences
[2025-11-28 22:00:35] Features: 32
[2025-11-28 22:00:35] 
[2025-11-28 22:00:35] Total possible combinations (Cartesian product): 1
[2025-11-28 22:00:35] Configurations to run (cap): 1
[2025-11-28 22:00:35] Starting exhaustive brute force search...
[2025-11-28 22:00:35] 
[2025-11-28 22:00:35] 
======================================================================
[2025-11-28 22:00:35] Config 1/1 - Starting Training:
[2025-11-28 22:00:35]   Architecture:
[2025-11-28 22:00:35]     Lookback: 100, Hidden: 256, Layers: 1, Dropout: 0.1
[2025-11-28 22:00:35]     Bidirectional: True, GRU: True
[2025-11-28 22:00:35]   Output Head:
[2025-11-28 22:00:35]     FC Layers: 2, FC Hidden: 512, Activation: relu
[2025-11-28 22:00:35]     FC Dropout: 0.2, Batch Norm: True
[2025-11-28 22:00:35]   Training:
[2025-11-28 22:00:35]     Batch Size: 64, LR: 0.001, Weight Decay: 0.0001
[2025-11-28 22:00:35]     Optimizer: adam, Grad Clip: 5.0, LR Patience: 3
[2025-11-28 22:45:26]     Epoch  1/100: Val R²=0.3497 Train R²=0.3419 Gap=-0.0078 ✓
[2025-11-28 23:30:28]     Epoch  2/100: Val R²=0.3547 Train R²=0.3617 Gap=0.0069 ✓
[2025-11-29 00:15:27]     Epoch  3/100: Val R²=0.3528 Train R²=0.3651 Gap=0.0123  
[2025-11-29 01:00:40]     Epoch  4/100: Val R²=0.3517 Train R²=0.3672 Gap=0.0155  
[2025-11-29 01:45:37]     Epoch  5/100: Val R²=0.3595 Train R²=0.3682 Gap=0.0087 ✓
[2025-11-29 02:30:37]     Epoch  6/100: Val R²=0.3578 Train R²=0.3687 Gap=0.0110  
[2025-11-29 03:15:35]     Epoch  7/100: Val R²=0.3539 Train R²=0.3696 Gap=0.0157  
[2025-11-29 04:00:44]     Epoch  8/100: Val R²=0.3513 Train R²=0.3698 Gap=0.0185  
[2025-11-29 04:38:42]     Epoch  9/100: Val R²=0.3597 Train R²=0.3701 Gap=0.0103 ✓
[2025-11-29 05:09:07]     Epoch 10/100: Val R²=0.3572 Train R²=0.3705 Gap=0.0133  
[2025-11-29 05:39:40]     Epoch 11/100: Val R²=0.3582 Train R²=0.3706 Gap=0.0124  
[2025-11-29 06:10:12]     Epoch 12/100: Val R²=0.3557 Train R²=0.3712 Gap=0.0155  
[2025-11-29 06:37:52]     Epoch 13/100: Val R²=0.3622 Train R²=0.3710 Gap=0.0088 ✓
[2025-11-29 07:04:36]     Epoch 14/100: Val R²=0.3570 Train R²=0.3709 Gap=0.0138  
[2025-11-29 07:31:27]     Epoch 15/100: Val R²=0.3564 Train R²=0.3711 Gap=0.0147  
[2025-11-29 07:58:17]     Epoch 16/100: Val R²=0.3656 Train R²=0.3714 Gap=0.0058 ✓
[2025-11-29 08:25:14]     Epoch 17/100: Val R²=0.3615 Train R²=0.3713 Gap=0.0097  
[2025-11-29 08:52:13]     Epoch 18/100: Val R²=0.3622 Train R²=0.3712 Gap=0.0091  
[2025-11-29 09:19:11]     Epoch 19/100: Val R²=0.3602 Train R²=0.3713 Gap=0.0111  
[2025-11-29 09:45:58]     Epoch 20/100: Val R²=0.3596 Train R²=0.3711 Gap=0.0116  
[2025-11-29 10:12:51]     Epoch 21/100: Val R²=0.3644 Train R²=0.3782 Gap=0.0138  
[2025-11-29 10:40:11]     Epoch 22/100: Val R²=0.3659 Train R²=0.3790 Gap=0.0131 ✓
[2025-11-29 11:08:41]     Epoch 23/100: Val R²=0.3629 Train R²=0.3794 Gap=0.0164  
[2025-11-29 11:52:15]     Epoch 24/100: Val R²=0.3623 Train R²=0.3797 Gap=0.0175  
