[2025-11-30 12:22:55] ======================================================================
[2025-11-30 12:22:55] BRUTE FORCE HYPERPARAMETER SEARCH WITH AUTO-SUBMISSION (EXHAUSTIVE MODE)
[2025-11-30 12:22:55] ======================================================================
[2025-11-30 12:22:55] Started at: 2025-11-30 12:22:55
[2025-11-30 12:22:55] Mode: FULL
[2025-11-30 12:22:55] Best R² to beat: 0.340000
[2025-11-30 12:22:55] Log file: logs/bruteforce_20251130_122255.log
[2025-11-30 12:22:55] 
[2025-11-30 12:22:55] Device Detection:
[2025-11-30 12:22:55]   PyTorch version: 2.7.1
[2025-11-30 12:22:55]   Requested: auto
[2025-11-30 12:22:55]   MPS available: ✓
[2025-11-30 12:22:55]   CUDA available: ✗
[2025-11-30 12:22:55]   Using: MPS
[2025-11-30 12:22:55] 
[2025-11-30 12:22:55] Loading data...
[2025-11-30 12:22:56] Train: 465,000 rows, 465 sequences
[2025-11-30 12:22:56] Val:   52,000 rows, 52 sequences
[2025-11-30 12:22:56] Features: 32
[2025-11-30 12:22:56] 
[2025-11-30 12:22:56] Total possible combinations (Cartesian product): 1
[2025-11-30 12:22:56] Configurations to run (cap): 1
[2025-11-30 12:22:56] Starting exhaustive brute force search...
[2025-11-30 12:22:56] 
[2025-11-30 12:22:56] 
======================================================================
[2025-11-30 12:22:56] Config 1/1 - Starting Training:
[2025-11-30 12:22:56]   Architecture:
[2025-11-30 12:22:56]     Lookback: 100, Hidden: 256, Layers: 1, Dropout: 0.1
[2025-11-30 12:22:56]     Bidirectional: True, GRU: True
[2025-11-30 12:22:56]   Output Head:
[2025-11-30 12:22:56]     FC Layers: 3, FC Hidden: 960, Activation: relu
[2025-11-30 12:22:56]     FC Dropout: 0.2, Batch Norm: True
[2025-11-30 12:22:56]   Training:
[2025-11-30 12:22:56]     Batch Size: 256, LR: 0.001, Weight Decay: 0.0001
[2025-11-30 12:22:56]     Optimizer: adam, Grad Clip: 5.0, LR Patience: 3
[2025-11-30 12:35:41]     Epoch  1/100: Val R²=0.3443 Train R²=0.3427 Gap=-0.0015 ✓
[2025-11-30 12:48:46]     Epoch  2/100: Val R²=0.3555 Train R²=0.3651 Gap=0.0097 ✓
[2025-11-30 13:01:48]     Epoch  3/100: Val R²=0.3601 Train R²=0.3697 Gap=0.0096 ✓
[2025-11-30 13:15:07]     Epoch  4/100: Val R²=0.3549 Train R²=0.3725 Gap=0.0176  
[2025-11-30 13:28:59]     Epoch  5/100: Val R²=0.3585 Train R²=0.3743 Gap=0.0158  
[2025-11-30 13:43:07]     Epoch  6/100: Val R²=0.3646 Train R²=0.3754 Gap=0.0107 ✓
[2025-11-30 13:57:15]     Epoch  7/100: Val R²=0.3400 Train R²=0.3767 Gap=0.0366  
[2025-11-30 14:11:34]     Epoch  8/100: Val R²=0.3649 Train R²=0.3768 Gap=0.0119 ✓
[2025-11-30 14:28:35]     Epoch  9/100: Val R²=0.3603 Train R²=0.3780 Gap=0.0177  
[2025-11-30 14:42:54]     Epoch 10/100: Val R²=0.3630 Train R²=0.3786 Gap=0.0156  
[2025-11-30 14:57:16]     Epoch 11/100: Val R²=0.3642 Train R²=0.3787 Gap=0.0144  
[2025-11-30 15:11:33]     Epoch 12/100: Val R²=0.3616 Train R²=0.3794 Gap=0.0177  
[2025-11-30 15:25:45]     Epoch 13/100: Val R²=0.3701 Train R²=0.3854 Gap=0.0153 ✓
[2025-11-30 15:39:48]     Epoch 14/100: Val R²=0.3695 Train R²=0.3869 Gap=0.0173  
[2025-11-30 15:52:23]     Epoch 15/100: Val R²=0.3688 Train R²=0.3872 Gap=0.0184  
[2025-11-30 16:04:31]     Epoch 16/100: Val R²=0.3694 Train R²=0.3876 Gap=0.0182  
[2025-11-30 16:16:46]     Epoch 17/100: Val R²=0.3708 Train R²=0.3879 Gap=0.0171 ✓
[2025-11-30 16:29:01]     Epoch 18/100: Val R²=0.3721 Train R²=0.3884 Gap=0.0163 ✓
[2025-11-30 16:41:10]     Epoch 19/100: Val R²=0.3710 Train R²=0.3890 Gap=0.0180  
[2025-11-30 16:53:23]     Epoch 20/100: Val R²=0.3704 Train R²=0.3893 Gap=0.0189  
[2025-11-30 17:05:36]     Epoch 21/100: Val R²=0.3716 Train R²=0.3892 Gap=0.0175  
[2025-11-30 17:17:28]     Epoch 22/100: Val R²=0.3701 Train R²=0.3896 Gap=0.0194  
[2025-11-30 17:29:33]     Epoch 23/100: Val R²=0.3753 Train R²=0.3944 Gap=0.0190 ✓
[2025-11-30 17:43:45]     Epoch 24/100: Val R²=0.3746 Train R²=0.3954 Gap=0.0208  
[2025-11-30 17:57:15]     Epoch 25/100: Val R²=0.3765 Train R²=0.3957 Gap=0.0192 ✓
[2025-11-30 18:09:08]     Epoch 26/100: Val R²=0.3758 Train R²=0.3963 Gap=0.0205  
[2025-11-30 18:21:21]     Epoch 27/100: Val R²=0.3740 Train R²=0.3967 Gap=0.0227  
[2025-11-30 18:34:07]     Epoch 28/100: Val R²=0.3752 Train R²=0.3973 Gap=0.0221  
[2025-11-30 18:46:11]     Epoch 29/100: Val R²=0.3746 Train R²=0.3977 Gap=0.0231  
[2025-11-30 18:59:45]     Epoch 30/100: Val R²=0.3776 Train R²=0.4011 Gap=0.0235 ✓
[2025-11-30 19:15:07]     Epoch 31/100: Val R²=0.3780 Train R²=0.4019 Gap=0.0239 ✓
[2025-11-30 19:30:11]     Epoch 32/100: Val R²=0.3780 Train R²=0.4024 Gap=0.0244 ✓
[2025-11-30 19:45:30]     Epoch 33/100: Val R²=0.3776 Train R²=0.4027 Gap=0.0251  
[2025-11-30 19:56:53]     Epoch 34/100: Val R²=0.3767 Train R²=0.4031 Gap=0.0264  
[2025-11-30 20:09:41]     Epoch 35/100: Val R²=0.3776 Train R²=0.4034 Gap=0.0258  
[2025-11-30 20:25:07]     Epoch 36/100: Val R²=0.3786 Train R²=0.4059 Gap=0.0274 ✓
[2025-11-30 20:41:17]     Epoch 37/100: Val R²=0.3781 Train R²=0.4065 Gap=0.0285  
[2025-11-30 20:57:09]     Epoch 38/100: Val R²=0.3779 Train R²=0.4067 Gap=0.0288  
[2025-11-30 21:12:18]     Epoch 39/100: Val R²=0.3763 Train R²=0.4074 Gap=0.0310  
[2025-11-30 21:27:19]     Epoch 40/100: Val R²=0.3768 Train R²=0.4075 Gap=0.0307  
[2025-11-30 21:41:57]     Epoch 41/100: Val R²=0.3768 Train R²=0.4093 Gap=0.0324  
[2025-11-30 21:59:15]     Epoch 42/100: Val R²=0.3772 Train R²=0.4094 Gap=0.0323  
[2025-11-30 22:19:27]     Epoch 43/100: Val R²=0.3777 Train R²=0.4096 Gap=0.0319  
[2025-11-30 22:36:48]     Epoch 44/100: Val R²=0.3774 Train R²=0.4099 Gap=0.0325  
[2025-11-30 22:52:02]     Epoch 45/100: Val R²=0.3774 Train R²=0.4109 Gap=0.0335  
[2025-11-30 23:10:43]     Epoch 46/100: Val R²=0.3775 Train R²=0.4108 Gap=0.0333  
[2025-11-30 23:10:43]     Early stopped at epoch 46
[2025-11-30 23:10:43] 
======================================================================
[2025-11-30 23:10:43] Config 1/1 Complete:
[2025-11-30 23:10:43]   Best Val R²: 0.378581 (epoch 36)
[2025-11-30 23:10:43]   Best Global R²: 0.340000
[2025-11-30 23:10:43]   Overfitting Gap: 0.027363
[2025-11-30 23:10:43]   Parameters: 1,895,072
[2025-11-30 23:10:43]   Training Time: 38867.3s
[2025-11-30 23:10:43] 
🎉🎉🎉 NEW GLOBAL BEST! R² improved from 0.340000 to 0.378581
[2025-11-30 23:10:43] 
======================================================================
[2025-11-30 23:10:43] 🏆 CREATING SUBMISSION - NEW BEST MODEL!
[2025-11-30 23:10:43] ======================================================================
[2025-11-30 23:10:43]   Val R²: 0.378581
[2025-11-30 23:10:43]   Directory: ../submissions/bruteforce_r2_03786_20251130_122255_cfg1
[2025-11-30 23:10:43]   Saved model: model_best.pt
[2025-11-30 23:10:43]   Generated: solution.py
[2025-11-30 23:10:43]   Copied: utils.py
[2025-11-30 23:10:43]   Saved: metadata.json
[2025-11-30 23:10:43] ======================================================================

[2025-11-30 23:10:43]   Results saved to models/bruteforce_search_results_20251130_122256.csv
[2025-11-30 23:10:43] 
======================================================================
[2025-11-30 23:10:43] SEARCH COMPLETE
[2025-11-30 23:10:43] ======================================================================
[2025-11-30 23:10:43] Total time: 647.8 minutes
[2025-11-30 23:10:43] Successful configs: 1/1
[2025-11-30 23:10:43] Final best R²: 0.378581
[2025-11-30 23:10:43] Submissions created: 1
[2025-11-30 23:10:43] Results saved: models/bruteforce_search_results_20251130_122256.csv
[2025-11-30 23:10:43] 
[2025-11-30 23:10:43] Top 5 configurations:
[2025-11-30 23:10:43] 
 config_id  best_val_r2  overfitting_gap  lookback  hidden_size  num_layers  dropout  n_parameters
         1     0.378581         0.027363       100          256           1      0.1       1895072
[2025-11-30 23:10:43] 
Submissions log saved: models/bruteforce_submissions_log.csv
[2025-11-30 23:10:43] 
Submissions created:
[2025-11-30 23:10:43]   ../submissions/bruteforce_r2_03786_20251130_122255_cfg1 (R²=0.378581)
