[2025-11-21 06:22:03] ======================================================================
[2025-11-21 06:22:03] BRUTE FORCE HYPERPARAMETER SEARCH (ENC-DEC LSTM)
[2025-11-21 06:22:03] ======================================================================
[2025-11-21 06:22:03] Started at: 2025-11-21 06:22:03
[2025-11-21 06:22:03] Mode: FULL
[2025-11-21 06:22:03] Best R² to beat: 0.340000
[2025-11-21 06:22:03] Log file: logs/bruteforce_20251121_062203.log
[2025-11-21 06:22:03] 
[2025-11-21 06:22:03] Device Detection:
[2025-11-21 06:22:03]   PyTorch version: 2.7.1
[2025-11-21 06:22:03]   Requested: auto
[2025-11-21 06:22:03]   MPS available: ✓
[2025-11-21 06:22:03]   CUDA available: ✗
[2025-11-21 06:22:03]   Using: MPS
[2025-11-21 06:22:03] 
[2025-11-21 06:22:03] Loading data...
[2025-11-21 06:22:03] Train: 465,000 rows, 465 sequences
[2025-11-21 06:22:03] Val:   52,000 rows, 52 sequences
[2025-11-21 06:22:03] Features: 32
[2025-11-21 06:22:03] 
[2025-11-21 06:22:03] Total possible combinations (Cartesian product): 1
[2025-11-21 06:22:03] Configurations to run (cap): 1
[2025-11-21 06:22:03] Starting exhaustive brute force search...

[2025-11-21 06:22:03] 
======================================================================
[2025-11-21 06:22:03] Config 1/1 - Starting Training:
[2025-11-21 06:22:03]   Architecture:
[2025-11-21 06:22:03]     Lookback: 50, Hidden: 128, Layers: 3, Dropout: 0.2
[2025-11-21 06:22:03]     Bidirectional: True, GRU: True
[2025-11-21 06:22:03]   Output Head:
[2025-11-21 06:22:03]     FC Layers: 2, FC Hidden: 128, Activation: relu
[2025-11-21 06:22:03]     FC Dropout: 0.1, Batch Norm: True
[2025-11-21 06:22:03]   Training:
[2025-11-21 06:22:03]     Batch Size: 128, LR: 0.001, Weight Decay: 0.0001
[2025-11-21 06:22:03]     Optimizer: adam, Grad Clip: 5.0, LR Patience: 3
[2025-11-21 06:42:29]     Epoch  1/100: Val R²=0.3168 Train R²=0.3006 Gap=-0.0162 ✓
[2025-11-21 07:03:11]     Epoch  2/100: Val R²=0.3196 Train R²=0.3166 Gap=-0.0030 ✓
[2025-11-21 07:24:02]     Epoch  3/100: Val R²=0.3191 Train R²=0.3193 Gap=0.0002  
[2025-11-21 07:44:45]     Epoch  4/100: Val R²=0.3184 Train R²=0.3216 Gap=0.0033  
[2025-11-21 08:05:31]     Epoch  5/100: Val R²=0.3235 Train R²=0.3227 Gap=-0.0008 ✓
[2025-11-21 08:26:22]     Epoch  6/100: Val R²=0.3276 Train R²=0.3236 Gap=-0.0039 ✓
[2025-11-21 08:47:06]     Epoch  7/100: Val R²=0.3320 Train R²=0.3237 Gap=-0.0083 ✓
[2025-11-21 09:07:49]     Epoch  8/100: Val R²=0.3248 Train R²=0.3244 Gap=-0.0004  
[2025-11-21 09:28:48]     Epoch  9/100: Val R²=0.3298 Train R²=0.3248 Gap=-0.0050  
[2025-11-21 09:49:32]     Epoch 10/100: Val R²=0.3220 Train R²=0.3247 Gap=0.0027  
[2025-11-21 10:10:18]     Epoch 11/100: Val R²=0.3236 Train R²=0.3246 Gap=0.0010  
[2025-11-21 10:31:05]     Epoch 12/100: Val R²=0.3359 Train R²=0.3296 Gap=-0.0063 ✓
[2025-11-21 10:51:56]     Epoch 13/100: Val R²=0.3312 Train R²=0.3301 Gap=-0.0010  
[2025-11-21 11:12:42]     Epoch 14/100: Val R²=0.3316 Train R²=0.3301 Gap=-0.0016  
[2025-11-21 11:33:28]     Epoch 15/100: Val R²=0.3268 Train R²=0.3301 Gap=0.0033  
[2025-11-21 11:54:14]     Epoch 16/100: Val R²=0.3316 Train R²=0.3308 Gap=-0.0007  
[2025-11-21 12:15:02]     Epoch 17/100: Val R²=0.3374 Train R²=0.3335 Gap=-0.0038 ✓
[2025-11-21 12:35:49]     Epoch 18/100: Val R²=0.3355 Train R²=0.3339 Gap=-0.0016  
[2025-11-21 12:56:39]     Epoch 19/100: Val R²=0.3394 Train R²=0.3331 Gap=-0.0063 ✓
[2025-11-21 13:17:23]     Epoch 20/100: Val R²=0.3329 Train R²=0.3337 Gap=0.0009  
[2025-11-21 13:38:10]     Epoch 21/100: Val R²=0.3368 Train R²=0.3343 Gap=-0.0025  
[2025-11-21 14:01:55]     Epoch 22/100: Val R²=0.3352 Train R²=0.3342 Gap=-0.0011  
[2025-11-21 14:22:54]     Epoch 23/100: Val R²=0.3378 Train R²=0.3348 Gap=-0.0029  
[2025-11-21 14:43:40]     Epoch 24/100: Val R²=0.3381 Train R²=0.3354 Gap=-0.0027  
[2025-11-21 15:04:24]     Epoch 25/100: Val R²=0.3387 Train R²=0.3357 Gap=-0.0030  
[2025-11-21 15:25:12]     Epoch 26/100: Val R²=0.3382 Train R²=0.3358 Gap=-0.0024  
[2025-11-21 15:45:58]     Epoch 27/100: Val R²=0.3397 Train R²=0.3356 Gap=-0.0041 ✓
[2025-11-21 16:06:39]     Epoch 28/100: Val R²=0.3378 Train R²=0.3362 Gap=-0.0017  
[2025-11-21 16:29:58]     Epoch 29/100: Val R²=0.3400 Train R²=0.3358 Gap=-0.0042 ✓
[2025-11-21 16:53:42]     Epoch 30/100: Val R²=0.3407 Train R²=0.3363 Gap=-0.0044 ✓
[2025-11-21 17:17:37]     Epoch 31/100: Val R²=0.3379 Train R²=0.3369 Gap=-0.0010  
[2025-11-21 17:43:27]     Epoch 32/100: Val R²=0.3372 Train R²=0.3369 Gap=-0.0003  
[2025-11-21 18:04:29]     Epoch 33/100: Val R²=0.3384 Train R²=0.3366 Gap=-0.0018  
[2025-11-21 18:25:32]     Epoch 34/100: Val R²=0.3398 Train R²=0.3370 Gap=-0.0028  
[2025-11-21 18:46:17]     Epoch 35/100: Val R²=0.3389 Train R²=0.3380 Gap=-0.0009  
[2025-11-21 19:07:01]     Epoch 36/100: Val R²=0.3382 Train R²=0.3377 Gap=-0.0005  
[2025-11-21 19:27:52]     Epoch 37/100: Val R²=0.3399 Train R²=0.3378 Gap=-0.0021  
[2025-11-21 19:48:46]     Epoch 38/100: Val R²=0.3385 Train R²=0.3380 Gap=-0.0006  
[2025-11-21 20:09:29]     Epoch 39/100: Val R²=0.3405 Train R²=0.3386 Gap=-0.0019  
[2025-11-21 20:30:13]     Epoch 40/100: Val R²=0.3397 Train R²=0.3388 Gap=-0.0009  
[2025-11-21 20:30:13]     Early stopped at epoch 40
[2025-11-21 20:30:13] 
======================================================================
[2025-11-21 20:30:13] Config 1/1 Complete:
[2025-11-21 20:30:13]   Best Val R²: 0.340699 (epoch 30)
[2025-11-21 20:30:13]   Best Global R²: 0.340000
[2025-11-21 20:30:13]   Overfitting Gap: -0.004382
[2025-11-21 20:30:13]   Parameters: 1,131,808
[2025-11-21 20:30:13]   Training Time: 50890.4s
[2025-11-21 20:30:13] 
🎉🎉🎉 NEW GLOBAL BEST! R² improved from 0.340000 to 0.340699
[2025-11-21 20:30:13] 
======================================================================
[2025-11-21 20:30:13] 🏆 CREATING SUBMISSION - NEW BEST MODEL!
[2025-11-21 20:30:13] ======================================================================
[2025-11-21 20:30:13]   Val R²: 0.340699
[2025-11-21 20:30:13]   Directory: ../submissions/bruteforce_r2_03407_20251121_062203_cfg1
[2025-11-21 20:30:13]   Saved model: model_best.pt
[2025-11-21 20:30:13]   Generated: solution.py
[2025-11-21 20:30:13]   Copied: utils.py
[2025-11-21 20:30:13]   Copied: models.py
[2025-11-21 20:30:13]   Saved: metadata.json
[2025-11-21 20:30:13] ======================================================================

[2025-11-21 20:30:13]   Results saved to models/bruteforce_search_results_20251121_062203.csv
[2025-11-21 20:30:13] 
======================================================================
[2025-11-21 20:30:13] SEARCH COMPLETE
[2025-11-21 20:30:13] ======================================================================
[2025-11-21 20:30:13] Total time: 848.2 minutes
[2025-11-21 20:30:13] Successful configs: 1/1
[2025-11-21 20:30:13] Final best R²: 0.340699
[2025-11-21 20:30:13] Submissions created: 1
[2025-11-21 20:30:13] Results saved: models/bruteforce_search_results_20251121_062203.csv
[2025-11-21 20:30:13] 
[2025-11-21 20:30:13] Top 5 configurations:
[2025-11-21 20:30:13] 
 config_id  best_val_r2  overfitting_gap  lookback  hidden_size  num_layers  dropout  n_parameters
         1     0.340699        -0.004382        50          128           3      0.2       1131808
[2025-11-21 20:30:13] 
Submissions log saved: models/bruteforce_submissions_log.csv
[2025-11-21 20:30:13] 
Submissions created:
[2025-11-21 20:30:13]   ../submissions/bruteforce_r2_03407_20251121_062203_cfg1 (R²=0.340699)
