[2025-10-29 23:29:26] ======================================================================
[2025-10-29 23:29:26] BRUTE FORCE HYPERPARAMETER SEARCH WITH AUTO-SUBMISSION (EXHAUSTIVE MODE)
[2025-10-29 23:29:26] ======================================================================
[2025-10-29 23:29:26] Started at: 2025-10-29 23:29:26
[2025-10-29 23:29:26] Mode: FULL
[2025-10-29 23:29:26] Best R² to beat: 0.340000
[2025-10-29 23:29:26] Log file: logs/bruteforce_20251029_232926.log
[2025-10-29 23:29:26] 
[2025-10-29 23:29:26] Device Detection:
[2025-10-29 23:29:26]   PyTorch version: 2.7.1
[2025-10-29 23:29:26]   Requested: auto
[2025-10-29 23:29:26]   MPS available: ✓
[2025-10-29 23:29:26]   CUDA available: ✗
[2025-10-29 23:29:26]   Using: MPS
[2025-10-29 23:29:26] 
[2025-10-29 23:29:26] Loading data...
[2025-10-29 23:29:26] Train: 465,000 rows, 465 sequences
[2025-10-29 23:29:26] Val:   52,000 rows, 52 sequences
[2025-10-29 23:29:26] Features: 32
[2025-10-29 23:29:26] 
[2025-10-29 23:29:26] Total possible combinations (Cartesian product): 1
[2025-10-29 23:29:26] Configurations to run (cap): 1
[2025-10-29 23:29:26] Starting exhaustive brute force search...
[2025-10-29 23:29:26] 
[2025-10-29 23:29:26] 
======================================================================
[2025-10-29 23:29:26] Config 1/1 - Starting Training:
[2025-10-29 23:29:26]   Architecture:
[2025-10-29 23:29:26]     Lookback: 50, Hidden: 128, Layers: 1, Dropout: 0.1
[2025-10-29 23:29:26]     Bidirectional: True, GRU: True
[2025-10-29 23:29:26]   Output Head:
[2025-10-29 23:29:26]     FC Layers: 2, FC Hidden: 256, Activation: relu
[2025-10-29 23:29:26]     FC Dropout: 0.2, Batch Norm: True
[2025-10-29 23:29:26]   Training:
[2025-10-29 23:29:26]     Batch Size: 256, LR: 0.001, Weight Decay: 0.0001
[2025-10-29 23:29:26]     Optimizer: adam, Grad Clip: 5.0, LR Patience: 3
