[2025-11-24 14:25:28] ======================================================================
[2025-11-24 14:25:28] BRUTE FORCE HYPERPARAMETER SEARCH WITH AUTO-SUBMISSION (EXHAUSTIVE MODE)
[2025-11-24 14:25:28] ======================================================================
[2025-11-24 14:25:28] Started at: 2025-11-24 14:25:28
[2025-11-24 14:25:28] Mode: FULL
[2025-11-24 14:25:28] Best R² to beat: 0.340000
[2025-11-24 14:25:28] Log file: logs/bruteforce_20251124_142528.log
[2025-11-24 14:25:28] 
[2025-11-24 14:25:28] Device Detection:
[2025-11-24 14:25:28]   PyTorch version: 2.7.1
[2025-11-24 14:25:28]   Requested: auto
[2025-11-24 14:25:28]   MPS available: ✓
[2025-11-24 14:25:28]   CUDA available: ✗
[2025-11-24 14:25:28]   Using: MPS
[2025-11-24 14:25:28] 
[2025-11-24 14:25:28] Loading data...
[2025-11-24 14:25:28] Train: 465,000 rows, 465 sequences
[2025-11-24 14:25:28] Val:   52,000 rows, 52 sequences
[2025-11-24 14:25:28] Features: 32
[2025-11-24 14:25:28] 
[2025-11-24 14:25:28] Total possible combinations (Cartesian product): 1
[2025-11-24 14:25:28] Configurations to run (cap): 1
[2025-11-24 14:25:28] Starting exhaustive brute force search...
[2025-11-24 14:25:28] 
[2025-11-24 14:25:28] 
======================================================================
[2025-11-24 14:25:28] Config 1/1 - Starting Training:
[2025-11-24 14:25:28]   Architecture:
[2025-11-24 14:25:28]     Lookback: 100, Hidden: 128, Layers: 1, Dropout: 0.1
[2025-11-24 14:25:28]     Bidirectional: True, GRU: True
[2025-11-24 14:25:28]   Output Head:
[2025-11-24 14:25:28]     FC Layers: 2, FC Hidden: 256, Activation: relu
[2025-11-24 14:25:28]     FC Dropout: 0.2, Batch Norm: True
[2025-11-24 14:25:28]   Training:
[2025-11-24 14:25:28]     Batch Size: 256, LR: 0.001, Weight Decay: 0.0001
[2025-11-24 14:25:28]     Optimizer: adam, Grad Clip: 5.0, LR Patience: 3
[2025-11-24 14:31:55]     Epoch  1/100: Val R²=0.3516 Train R²=0.3435 Gap=-0.0080 ✓
[2025-11-24 14:38:12]     Epoch  2/100: Val R²=0.3568 Train R²=0.3671 Gap=0.0103 ✓
[2025-11-24 14:44:54]     Epoch  3/100: Val R²=0.3621 Train R²=0.3720 Gap=0.0098 ✓
[2025-11-24 14:51:46]     Epoch  4/100: Val R²=0.3641 Train R²=0.3744 Gap=0.0103 ✓
[2025-11-24 14:58:04]     Epoch  5/100: Val R²=0.3621 Train R²=0.3763 Gap=0.0142  
[2025-11-24 15:04:19]     Epoch  6/100: Val R²=0.3660 Train R²=0.3777 Gap=0.0117 ✓
[2025-11-24 15:10:32]     Epoch  7/100: Val R²=0.3617 Train R²=0.3788 Gap=0.0170  
[2025-11-24 15:16:45]     Epoch  8/100: Val R²=0.3649 Train R²=0.3795 Gap=0.0146  
[2025-11-24 15:22:58]     Epoch  9/100: Val R²=0.3672 Train R²=0.3805 Gap=0.0133 ✓
[2025-11-24 15:29:11]     Epoch 10/100: Val R²=0.3653 Train R²=0.3806 Gap=0.0153  
[2025-11-24 15:35:24]     Epoch 11/100: Val R²=0.3670 Train R²=0.3811 Gap=0.0141  
[2025-11-24 15:41:38]     Epoch 12/100: Val R²=0.3683 Train R²=0.3815 Gap=0.0132 ✓
[2025-11-24 15:47:51]     Epoch 13/100: Val R²=0.3690 Train R²=0.3820 Gap=0.0130 ✓
[2025-11-24 15:54:05]     Epoch 14/100: Val R²=0.3644 Train R²=0.3821 Gap=0.0177  
[2025-11-24 16:00:18]     Epoch 15/100: Val R²=0.3692 Train R²=0.3824 Gap=0.0132 ✓
[2025-11-24 16:06:34]     Epoch 16/100: Val R²=0.3689 Train R²=0.3831 Gap=0.0142  
[2025-11-24 16:12:48]     Epoch 17/100: Val R²=0.3673 Train R²=0.3831 Gap=0.0158  
[2025-11-24 16:19:03]     Epoch 18/100: Val R²=0.3675 Train R²=0.3828 Gap=0.0153  
[2025-11-24 16:25:19]     Epoch 19/100: Val R²=0.3667 Train R²=0.3834 Gap=0.0167  
[2025-11-24 16:31:31]     Epoch 20/100: Val R²=0.3707 Train R²=0.3875 Gap=0.0168 ✓
[2025-11-24 16:37:43]     Epoch 21/100: Val R²=0.3719 Train R²=0.3884 Gap=0.0164 ✓
[2025-11-24 16:43:55]     Epoch 22/100: Val R²=0.3707 Train R²=0.3890 Gap=0.0183  
[2025-11-24 16:50:07]     Epoch 23/100: Val R²=0.3712 Train R²=0.3888 Gap=0.0176  
[2025-11-24 16:56:19]     Epoch 24/100: Val R²=0.3706 Train R²=0.3893 Gap=0.0187  
[2025-11-24 17:02:31]     Epoch 25/100: Val R²=0.3707 Train R²=0.3894 Gap=0.0187  
[2025-11-24 17:08:43]     Epoch 26/100: Val R²=0.3715 Train R²=0.3923 Gap=0.0208  
[2025-11-24 17:15:02]     Epoch 27/100: Val R²=0.3733 Train R²=0.3928 Gap=0.0195 ✓
[2025-11-24 17:21:23]     Epoch 28/100: Val R²=0.3736 Train R²=0.3932 Gap=0.0196 ✓
[2025-11-24 17:27:46]     Epoch 29/100: Val R²=0.3733 Train R²=0.3931 Gap=0.0199  
[2025-11-24 17:34:09]     Epoch 30/100: Val R²=0.3737 Train R²=0.3934 Gap=0.0197 ✓
[2025-11-24 17:40:32]     Epoch 31/100: Val R²=0.3741 Train R²=0.3936 Gap=0.0194 ✓
[2025-11-24 17:46:54]     Epoch 32/100: Val R²=0.3731 Train R²=0.3938 Gap=0.0208  
[2025-11-24 17:53:14]     Epoch 33/100: Val R²=0.3746 Train R²=0.3938 Gap=0.0192 ✓
[2025-11-24 17:59:34]     Epoch 34/100: Val R²=0.3725 Train R²=0.3940 Gap=0.0215  
[2025-11-24 18:05:50]     Epoch 35/100: Val R²=0.3734 Train R²=0.3939 Gap=0.0205  
[2025-11-24 18:12:03]     Epoch 36/100: Val R²=0.3729 Train R²=0.3942 Gap=0.0213  
[2025-11-24 18:18:17]     Epoch 37/100: Val R²=0.3742 Train R²=0.3943 Gap=0.0201  
[2025-11-24 18:24:44]     Epoch 38/100: Val R²=0.3733 Train R²=0.3964 Gap=0.0231  
[2025-11-24 18:31:12]     Epoch 39/100: Val R²=0.3744 Train R²=0.3968 Gap=0.0224  
[2025-11-24 18:37:38]     Epoch 40/100: Val R²=0.3738 Train R²=0.3969 Gap=0.0231  
[2025-11-24 18:44:03]     Epoch 41/100: Val R²=0.3735 Train R²=0.3971 Gap=0.0236  
[2025-11-24 18:50:28]     Epoch 42/100: Val R²=0.3747 Train R²=0.3985 Gap=0.0238 ✓
[2025-11-24 18:56:53]     Epoch 43/100: Val R²=0.3752 Train R²=0.3988 Gap=0.0235 ✓
[2025-11-24 19:03:16]     Epoch 44/100: Val R²=0.3743 Train R²=0.3986 Gap=0.0244  
[2025-11-24 19:09:42]     Epoch 45/100: Val R²=0.3743 Train R²=0.3989 Gap=0.0246  
[2025-11-24 19:16:07]     Epoch 46/100: Val R²=0.3748 Train R²=0.3988 Gap=0.0240  
[2025-11-24 19:22:33]     Epoch 47/100: Val R²=0.3743 Train R²=0.3992 Gap=0.0249  
[2025-11-24 19:28:59]     Epoch 48/100: Val R²=0.3748 Train R²=0.3996 Gap=0.0249  
[2025-11-24 19:35:23]     Epoch 49/100: Val R²=0.3750 Train R²=0.3997 Gap=0.0247  
[2025-11-24 19:41:47]     Epoch 50/100: Val R²=0.3748 Train R²=0.3999 Gap=0.0251  
[2025-11-24 19:48:12]     Epoch 51/100: Val R²=0.3747 Train R²=0.4001 Gap=0.0254  
[2025-11-24 19:54:36]     Epoch 52/100: Val R²=0.3748 Train R²=0.4005 Gap=0.0257  
[2025-11-24 20:00:59]     Epoch 53/100: Val R²=0.3750 Train R²=0.4005 Gap=0.0255  
[2025-11-24 20:07:23]     Epoch 54/100: Val R²=0.3748 Train R²=0.4003 Gap=0.0255  
[2025-11-24 20:13:46]     Epoch 55/100: Val R²=0.3751 Train R²=0.4006 Gap=0.0255  
[2025-11-24 20:20:12]     Epoch 56/100: Val R²=0.3750 Train R²=0.4005 Gap=0.0255  
[2025-11-24 20:26:34]     Epoch 57/100: Val R²=0.3752 Train R²=0.4008 Gap=0.0256  
[2025-11-24 20:32:59]     Epoch 58/100: Val R²=0.3749 Train R²=0.4008 Gap=0.0259  
[2025-11-24 20:39:24]     Epoch 59/100: Val R²=0.3750 Train R²=0.4009 Gap=0.0259  
[2025-11-24 20:45:46]     Epoch 60/100: Val R²=0.3749 Train R²=0.4009 Gap=0.0259  
[2025-11-24 20:52:10]     Epoch 61/100: Val R²=0.3751 Train R²=0.4009 Gap=0.0258  
[2025-11-24 20:58:33]     Epoch 62/100: Val R²=0.3751 Train R²=0.4009 Gap=0.0258  
[2025-11-24 21:04:53]     Epoch 63/100: Val R²=0.3750 Train R²=0.4010 Gap=0.0259  
[2025-11-24 21:11:15]     Epoch 64/100: Val R²=0.3752 Train R²=0.4010 Gap=0.0259  
[2025-11-24 21:17:39]     Epoch 65/100: Val R²=0.3751 Train R²=0.4010 Gap=0.0259  
