[2025-11-20 04:57:05] ======================================================================
[2025-11-20 04:57:05] BRUTE FORCE HYPERPARAMETER SEARCH (ENC-DEC LSTM)
[2025-11-20 04:57:05] ======================================================================
[2025-11-20 04:57:05] Started at: 2025-11-20 04:57:05
[2025-11-20 04:57:05] Mode: FULL
[2025-11-20 04:57:05] Best R² to beat: 0.340000
[2025-11-20 04:57:05] Log file: logs/bruteforce_20251120_045705.log
[2025-11-20 04:57:05] 
[2025-11-20 04:57:05] Device Detection:
[2025-11-20 04:57:05]   PyTorch version: 2.7.1
[2025-11-20 04:57:05]   Requested: auto
[2025-11-20 04:57:05]   MPS available: ✓
[2025-11-20 04:57:05]   CUDA available: ✗
[2025-11-20 04:57:05]   Using: MPS
[2025-11-20 04:57:05] 
[2025-11-20 04:57:05] Loading data...
[2025-11-20 04:57:05] Train: 465,000 rows, 465 sequences
[2025-11-20 04:57:05] Val:   52,000 rows, 52 sequences
[2025-11-20 04:57:05] Features: 32
[2025-11-20 04:57:05] 
[2025-11-20 04:57:05] Total possible combinations (Cartesian product): 1
[2025-11-20 04:57:05] Configurations to run (cap): 1
[2025-11-20 04:57:05] Starting exhaustive brute force search...

[2025-11-20 04:57:05] 
======================================================================
[2025-11-20 04:57:05] Config 1/1 - Starting Training:
[2025-11-20 04:57:05]   Architecture:
[2025-11-20 04:57:05]     Lookback: 50, Hidden: 128, Layers: 1, Dropout: 0.1
[2025-11-20 04:57:05]     Bidirectional: True, GRU: True
[2025-11-20 04:57:05]   Output Head:
[2025-11-20 04:57:05]     FC Layers: 2, FC Hidden: 256, Activation: relu
[2025-11-20 04:57:05]     FC Dropout: 0.2, Batch Norm: True
[2025-11-20 04:57:05]   Training:
[2025-11-20 04:57:05]     Batch Size: 256, LR: 0.001, Weight Decay: 0.0001
[2025-11-20 04:57:05]     Optimizer: adam, Grad Clip: 5.0, LR Patience: 3
[2025-11-20 05:02:04]     Epoch  1/100: Val R²=0.3430 Train R²=0.3426 Gap=-0.0004 ✓
[2025-11-20 05:06:53]     Epoch  2/100: Val R²=0.3547 Train R²=0.3639 Gap=0.0093 ✓
[2025-11-20 05:11:38]     Epoch  3/100: Val R²=0.3611 Train R²=0.3688 Gap=0.0077 ✓
[2025-11-20 05:16:14]     Epoch  4/100: Val R²=0.3615 Train R²=0.3716 Gap=0.0101 ✓
[2025-11-20 05:20:49]     Epoch  5/100: Val R²=0.3633 Train R²=0.3736 Gap=0.0102 ✓
[2025-11-20 05:25:23]     Epoch  6/100: Val R²=0.3646 Train R²=0.3752 Gap=0.0106 ✓
[2025-11-20 05:29:57]     Epoch  7/100: Val R²=0.3649 Train R²=0.3764 Gap=0.0115 ✓
[2025-11-20 05:34:32]     Epoch  8/100: Val R²=0.3634 Train R²=0.3774 Gap=0.0140  
[2025-11-20 05:39:06]     Epoch  9/100: Val R²=0.3650 Train R²=0.3782 Gap=0.0132 ✓
[2025-11-20 05:43:40]     Epoch 10/100: Val R²=0.3651 Train R²=0.3786 Gap=0.0136 ✓
[2025-11-20 05:48:15]     Epoch 11/100: Val R²=0.3622 Train R²=0.3795 Gap=0.0173  
[2025-11-20 05:52:49]     Epoch 12/100: Val R²=0.3661 Train R²=0.3800 Gap=0.0138 ✓
[2025-11-20 05:57:24]     Epoch 13/100: Val R²=0.3677 Train R²=0.3807 Gap=0.0129 ✓
[2025-11-20 06:01:59]     Epoch 14/100: Val R²=0.3673 Train R²=0.3807 Gap=0.0134  
[2025-11-20 06:06:34]     Epoch 15/100: Val R²=0.3682 Train R²=0.3810 Gap=0.0128 ✓
[2025-11-20 06:11:09]     Epoch 16/100: Val R²=0.3638 Train R²=0.3817 Gap=0.0179  
[2025-11-20 06:15:50]     Epoch 17/100: Val R²=0.3646 Train R²=0.3820 Gap=0.0173  
[2025-11-20 06:20:25]     Epoch 18/100: Val R²=0.3682 Train R²=0.3822 Gap=0.0140 ✓
[2025-11-20 06:25:00]     Epoch 19/100: Val R²=0.3673 Train R²=0.3824 Gap=0.0151  
[2025-11-20 06:29:35]     Epoch 20/100: Val R²=0.3709 Train R²=0.3873 Gap=0.0164 ✓
[2025-11-20 06:34:11]     Epoch 21/100: Val R²=0.3715 Train R²=0.3879 Gap=0.0164 ✓
[2025-11-20 06:38:46]     Epoch 22/100: Val R²=0.3693 Train R²=0.3884 Gap=0.0191  
[2025-11-20 06:43:22]     Epoch 23/100: Val R²=0.3719 Train R²=0.3887 Gap=0.0168 ✓
[2025-11-20 06:47:57]     Epoch 24/100: Val R²=0.3714 Train R²=0.3890 Gap=0.0176  
[2025-11-20 06:52:33]     Epoch 25/100: Val R²=0.3725 Train R²=0.3894 Gap=0.0169 ✓
[2025-11-20 06:57:08]     Epoch 26/100: Val R²=0.3728 Train R²=0.3895 Gap=0.0167 ✓
[2025-11-20 07:01:44]     Epoch 27/100: Val R²=0.3724 Train R²=0.3897 Gap=0.0173  
[2025-11-20 07:06:20]     Epoch 28/100: Val R²=0.3698 Train R²=0.3900 Gap=0.0202  
[2025-11-20 07:10:56]     Epoch 29/100: Val R²=0.3721 Train R²=0.3899 Gap=0.0178  
[2025-11-20 07:15:32]     Epoch 30/100: Val R²=0.3712 Train R²=0.3906 Gap=0.0194  
[2025-11-20 07:20:15]     Epoch 31/100: Val R²=0.3738 Train R²=0.3938 Gap=0.0199 ✓
[2025-11-20 07:24:52]     Epoch 32/100: Val R²=0.3744 Train R²=0.3943 Gap=0.0200 ✓
[2025-11-20 07:29:29]     Epoch 33/100: Val R²=0.3737 Train R²=0.3946 Gap=0.0209  
[2025-11-20 07:34:06]     Epoch 34/100: Val R²=0.3737 Train R²=0.3950 Gap=0.0213  
[2025-11-20 07:38:42]     Epoch 35/100: Val R²=0.3742 Train R²=0.3955 Gap=0.0214  
[2025-11-20 07:43:18]     Epoch 36/100: Val R²=0.3741 Train R²=0.3954 Gap=0.0212  
[2025-11-20 07:47:54]     Epoch 37/100: Val R²=0.3739 Train R²=0.3974 Gap=0.0235  
[2025-11-20 07:52:29]     Epoch 38/100: Val R²=0.3737 Train R²=0.3982 Gap=0.0245  
[2025-11-20 07:57:05]     Epoch 39/100: Val R²=0.3740 Train R²=0.3984 Gap=0.0244  
[2025-11-20 08:01:42]     Epoch 40/100: Val R²=0.3740 Train R²=0.3986 Gap=0.0246  
[2025-11-20 08:06:18]     Epoch 41/100: Val R²=0.3744 Train R²=0.4001 Gap=0.0257 ✓
[2025-11-20 08:10:55]     Epoch 42/100: Val R²=0.3745 Train R²=0.4002 Gap=0.0257 ✓
[2025-11-20 08:15:31]     Epoch 43/100: Val R²=0.3744 Train R²=0.4003 Gap=0.0260  
[2025-11-20 08:20:08]     Epoch 44/100: Val R²=0.3741 Train R²=0.4006 Gap=0.0265  
[2025-11-20 08:24:51]     Epoch 45/100: Val R²=0.3743 Train R²=0.4007 Gap=0.0264  
[2025-11-20 08:29:27]     Epoch 46/100: Val R²=0.3740 Train R²=0.4009 Gap=0.0269  
[2025-11-20 08:34:04]     Epoch 47/100: Val R²=0.3741 Train R²=0.4017 Gap=0.0275  
[2025-11-20 08:38:40]     Epoch 48/100: Val R²=0.3737 Train R²=0.4019 Gap=0.0282  
[2025-11-20 08:43:16]     Epoch 49/100: Val R²=0.3740 Train R²=0.4019 Gap=0.0279  
[2025-11-20 08:47:53]     Epoch 50/100: Val R²=0.3740 Train R²=0.4021 Gap=0.0281  
[2025-11-20 08:52:30]     Epoch 51/100: Val R²=0.3736 Train R²=0.4024 Gap=0.0288  
[2025-11-20 08:57:07]     Epoch 52/100: Val R²=0.3735 Train R²=0.4029 Gap=0.0294  
[2025-11-20 09:01:44]     Epoch 53/100: Val R²=0.3737 Train R²=0.4028 Gap=0.0291  
[2025-11-20 09:06:46]     Epoch 54/100: Val R²=0.3733 Train R²=0.4029 Gap=0.0295  
[2025-11-20 09:11:40]     Epoch 55/100: Val R²=0.3734 Train R²=0.4030 Gap=0.0296  
[2025-11-20 09:16:28]     Epoch 56/100: Val R²=0.3734 Train R²=0.4034 Gap=0.0300  
[2025-11-20 09:21:23]     Epoch 57/100: Val R²=0.3732 Train R²=0.4031 Gap=0.0299  
[2025-11-20 09:21:23]     Early stopped at epoch 57
[2025-11-20 09:21:23] 
======================================================================
[2025-11-20 09:21:23] Config 1/1 Complete:
[2025-11-20 09:21:23]   Best Val R²: 0.374508 (epoch 42)
[2025-11-20 09:21:23]   Best Global R²: 0.340000
[2025-11-20 09:21:23]   Overfitting Gap: 0.025661
[2025-11-20 09:21:23]   Parameters: 538,912
[2025-11-20 09:21:23]   Training Time: 15858.2s
[2025-11-20 09:21:23] 
🎉🎉🎉 NEW GLOBAL BEST! R² improved from 0.340000 to 0.374508
[2025-11-20 09:21:23] 
======================================================================
[2025-11-20 09:21:23] 🏆 CREATING SUBMISSION - NEW BEST MODEL!
[2025-11-20 09:21:23] ======================================================================
[2025-11-20 09:21:23]   Val R²: 0.374508
[2025-11-20 09:21:23]   Directory: ../submissions/bruteforce_r2_03745_20251120_045705_cfg1
[2025-11-20 09:21:23]   Saved model: model_best.pt
[2025-11-20 09:21:23]   Generated: solution.py
[2025-11-20 09:21:23]   Copied: utils.py
[2025-11-20 09:21:23]   Copied: models.py
[2025-11-20 09:21:23]   Saved: metadata.json
[2025-11-20 09:21:23] ======================================================================

[2025-11-20 09:21:23]   Results saved to models/bruteforce_search_results_20251120_045705.csv
[2025-11-20 09:21:23] 
======================================================================
[2025-11-20 09:21:23] SEARCH COMPLETE
[2025-11-20 09:21:23] ======================================================================
[2025-11-20 09:21:23] Total time: 264.3 minutes
[2025-11-20 09:21:23] Successful configs: 1/1
[2025-11-20 09:21:23] Final best R²: 0.374508
[2025-11-20 09:21:23] Submissions created: 1
[2025-11-20 09:21:23] Results saved: models/bruteforce_search_results_20251120_045705.csv
[2025-11-20 09:21:23] 
[2025-11-20 09:21:23] Top 5 configurations:
[2025-11-20 09:21:23] 
 config_id  best_val_r2  overfitting_gap  lookback  hidden_size  num_layers  dropout  n_parameters
         1     0.374508         0.025661        50          128           1      0.1        538912
[2025-11-20 09:21:23] 
Submissions log saved: models/bruteforce_submissions_log.csv
[2025-11-20 09:21:23] 
Submissions created:
[2025-11-20 09:21:23]   ../submissions/bruteforce_r2_03745_20251120_045705_cfg1 (R²=0.374508)
