[2025-11-30 09:03:13] ======================================================================
[2025-11-30 09:03:13] BRUTE FORCE HYPERPARAMETER SEARCH WITH AUTO-SUBMISSION (EXHAUSTIVE MODE)
[2025-11-30 09:03:13] ======================================================================
[2025-11-30 09:03:13] Started at: 2025-11-30 09:03:13
[2025-11-30 09:03:13] Mode: FULL
[2025-11-30 09:03:13] Best R² to beat: 0.340000
[2025-11-30 09:03:13] Log file: logs/bruteforce_20251130_090313.log
[2025-11-30 09:03:13] 
[2025-11-30 09:03:13] Device Detection:
[2025-11-30 09:03:13]   PyTorch version: 2.7.1
[2025-11-30 09:03:13]   Requested: auto
[2025-11-30 09:03:13]   MPS available: ✓
[2025-11-30 09:03:13]   CUDA available: ✗
[2025-11-30 09:03:13]   Using: MPS
[2025-11-30 09:03:13] 
[2025-11-30 09:03:13] Loading data...
[2025-11-30 09:03:13] Train: 465,000 rows, 465 sequences
[2025-11-30 09:03:13] Val:   52,000 rows, 52 sequences
[2025-11-30 09:03:13] Features: 32
[2025-11-30 09:03:13] 
[2025-11-30 09:03:13] Total possible combinations (Cartesian product): 1
[2025-11-30 09:03:13] Configurations to run (cap): 1
[2025-11-30 09:03:13] Starting exhaustive brute force search...
[2025-11-30 09:03:13] 
[2025-11-30 09:03:13] 
======================================================================
[2025-11-30 09:03:13] Config 1/1 - Starting Training:
[2025-11-30 09:03:13]   Architecture:
[2025-11-30 09:03:13]     Lookback: 100, Hidden: 256, Layers: 1, Dropout: 0.1
[2025-11-30 09:03:13]     Bidirectional: True, GRU: True
[2025-11-30 09:03:13]   Output Head:
[2025-11-30 09:03:13]     FC Layers: 3, FC Hidden: 800, Activation: relu
[2025-11-30 09:03:13]     FC Dropout: 0.2, Batch Norm: True
[2025-11-30 09:03:13]   Training:
[2025-11-30 09:03:13]     Batch Size: 64, LR: 0.001, Weight Decay: 0.0001
[2025-11-30 09:03:13]     Optimizer: adam, Grad Clip: 5.0, LR Patience: 3
