[2025-11-20 09:42:14] ======================================================================
[2025-11-20 09:42:14] BRUTE FORCE HYPERPARAMETER SEARCH (ENC-DEC LSTM)
[2025-11-20 09:42:14] ======================================================================
[2025-11-20 09:42:14] Started at: 2025-11-20 09:42:14
[2025-11-20 09:42:14] Mode: FULL
[2025-11-20 09:42:14] Best R² to beat: 0.340000
[2025-11-20 09:42:14] Log file: logs/bruteforce_20251120_094214.log
[2025-11-20 09:42:14] 
[2025-11-20 09:42:14] Device Detection:
[2025-11-20 09:42:14]   PyTorch version: 2.7.1
[2025-11-20 09:42:14]   Requested: auto
[2025-11-20 09:42:14]   MPS available: ✓
[2025-11-20 09:42:14]   CUDA available: ✗
[2025-11-20 09:42:14]   Using: MPS
[2025-11-20 09:42:14] 
[2025-11-20 09:42:14] Loading data...
[2025-11-20 09:42:14] Train: 465,000 rows, 465 sequences
[2025-11-20 09:42:14] Val:   52,000 rows, 52 sequences
[2025-11-20 09:42:14] Features: 32
[2025-11-20 09:42:14] 
[2025-11-20 09:42:14] Total possible combinations (Cartesian product): 1
[2025-11-20 09:42:14] Configurations to run (cap): 1
[2025-11-20 09:42:14] Starting exhaustive brute force search...

[2025-11-20 09:42:14] 
======================================================================
[2025-11-20 09:42:14] Config 1/1 - Starting Training:
[2025-11-20 09:42:14]   Architecture:
[2025-11-20 09:42:14]     Lookback: 50, Hidden: 128, Layers: 1, Dropout: 0.1
[2025-11-20 09:42:14]     Bidirectional: True, GRU: False
[2025-11-20 09:42:14]   Output Head:
[2025-11-20 09:42:14]     FC Layers: 2, FC Hidden: 256, Activation: relu
[2025-11-20 09:42:14]     FC Dropout: 0.2, Batch Norm: True
[2025-11-20 09:42:14]   Training:
[2025-11-20 09:42:14]     Batch Size: 256, LR: 0.001, Weight Decay: 0.0001
[2025-11-20 09:42:14]     Optimizer: adamw, Grad Clip: 5.0, LR Patience: 3
[2025-11-20 09:42:54]     Epoch  1/100: Val R²=0.3561 Train R²=0.3441 Gap=-0.0120 ✓
[2025-11-20 09:43:33]     Epoch  2/100: Val R²=0.3624 Train R²=0.3684 Gap=0.0060 ✓
[2025-11-20 09:44:11]     Epoch  3/100: Val R²=0.3634 Train R²=0.3746 Gap=0.0112 ✓
[2025-11-20 09:44:50]     Epoch  4/100: Val R²=0.3654 Train R²=0.3789 Gap=0.0135 ✓
[2025-11-20 09:45:28]     Epoch  5/100: Val R²=0.3647 Train R²=0.3826 Gap=0.0179  
[2025-11-20 09:46:06]     Epoch  6/100: Val R²=0.3645 Train R²=0.3855 Gap=0.0210  
[2025-11-20 09:46:44]     Epoch  7/100: Val R²=0.3686 Train R²=0.3887 Gap=0.0201 ✓
[2025-11-20 09:47:25]     Epoch  8/100: Val R²=0.3652 Train R²=0.3918 Gap=0.0266  
[2025-11-20 09:48:05]     Epoch  9/100: Val R²=0.3690 Train R²=0.3944 Gap=0.0255 ✓
[2025-11-20 09:48:46]     Epoch 10/100: Val R²=0.3689 Train R²=0.3974 Gap=0.0285  
[2025-11-20 09:49:27]     Epoch 11/100: Val R²=0.3684 Train R²=0.4007 Gap=0.0323  
[2025-11-20 09:50:05]     Epoch 12/100: Val R²=0.3647 Train R²=0.4034 Gap=0.0387  
[2025-11-20 09:50:46]     Epoch 13/100: Val R²=0.3672 Train R²=0.4071 Gap=0.0399  
[2025-11-20 09:51:27]     Epoch 14/100: Val R²=0.3619 Train R²=0.4198 Gap=0.0579  
[2025-11-20 09:52:08]     Epoch 15/100: Val R²=0.3568 Train R²=0.4265 Gap=0.0697  
[2025-11-20 09:52:48]     Epoch 16/100: Val R²=0.3519 Train R²=0.4315 Gap=0.0796  
[2025-11-20 09:53:29]     Epoch 17/100: Val R²=0.3499 Train R²=0.4358 Gap=0.0859  
[2025-11-20 09:54:09]     Epoch 18/100: Val R²=0.3472 Train R²=0.4481 Gap=0.1009  
[2025-11-20 09:54:49]     Epoch 19/100: Val R²=0.3428 Train R²=0.4530 Gap=0.1102  
[2025-11-20 09:54:49]     Early stopped at epoch 19
[2025-11-20 09:54:49] 
======================================================================
[2025-11-20 09:54:49] Config 1/1 Complete:
[2025-11-20 09:54:49]   Best Val R²: 0.368967 (epoch 9)
[2025-11-20 09:54:49]   Best Global R²: 0.340000
[2025-11-20 09:54:49]   Overfitting Gap: 0.025472
[2025-11-20 09:54:49]   Parameters: 600,992
[2025-11-20 09:54:49]   Training Time: 755.2s
[2025-11-20 09:54:49] 
🎉🎉🎉 NEW GLOBAL BEST! R² improved from 0.340000 to 0.368967
[2025-11-20 09:54:49] 
======================================================================
[2025-11-20 09:54:49] 🏆 CREATING SUBMISSION - NEW BEST MODEL!
[2025-11-20 09:54:49] ======================================================================
[2025-11-20 09:54:49]   Val R²: 0.368967
[2025-11-20 09:54:49]   Directory: ../submissions/bruteforce_r2_03690_20251120_094214_cfg1
[2025-11-20 09:54:49]   Saved model: model_best.pt
[2025-11-20 09:54:49]   Generated: solution.py
[2025-11-20 09:54:49]   Copied: utils.py
[2025-11-20 09:54:49]   Copied: models.py
[2025-11-20 09:54:49]   Saved: metadata.json
[2025-11-20 09:54:49] ======================================================================

[2025-11-20 09:54:49]   Results saved to models/bruteforce_search_results_20251120_094214.csv
[2025-11-20 09:54:49] 
======================================================================
[2025-11-20 09:54:49] SEARCH COMPLETE
[2025-11-20 09:54:49] ======================================================================
[2025-11-20 09:54:49] Total time: 12.6 minutes
[2025-11-20 09:54:49] Successful configs: 1/1
[2025-11-20 09:54:49] Final best R²: 0.368967
[2025-11-20 09:54:49] Submissions created: 1
[2025-11-20 09:54:49] Results saved: models/bruteforce_search_results_20251120_094214.csv
[2025-11-20 09:54:49] 
[2025-11-20 09:54:49] Top 5 configurations:
[2025-11-20 09:54:49] 
 config_id  best_val_r2  overfitting_gap  lookback  hidden_size  num_layers  dropout  n_parameters
         1     0.368967         0.025472        50          128           1      0.1        600992
[2025-11-20 09:54:49] 
Submissions log saved: models/bruteforce_submissions_log.csv
[2025-11-20 09:54:49] 
Submissions created:
[2025-11-20 09:54:49]   ../submissions/bruteforce_r2_03690_20251120_094214_cfg1 (R²=0.368967)
