[2025-11-30 09:03:31] ======================================================================
[2025-11-30 09:03:31] BRUTE FORCE HYPERPARAMETER SEARCH WITH AUTO-SUBMISSION (EXHAUSTIVE MODE)
[2025-11-30 09:03:31] ======================================================================
[2025-11-30 09:03:31] Started at: 2025-11-30 09:03:31
[2025-11-30 09:03:31] Mode: FULL
[2025-11-30 09:03:31] Best R² to beat: 0.340000
[2025-11-30 09:03:31] Log file: logs/bruteforce_20251130_090331.log
[2025-11-30 09:03:31] 
[2025-11-30 09:03:31] Device Detection:
[2025-11-30 09:03:31]   PyTorch version: 2.7.1
[2025-11-30 09:03:31]   Requested: auto
[2025-11-30 09:03:31]   MPS available: ✓
[2025-11-30 09:03:31]   CUDA available: ✗
[2025-11-30 09:03:31]   Using: MPS
[2025-11-30 09:03:31] 
[2025-11-30 09:03:31] Loading data...
[2025-11-30 09:03:31] Train: 465,000 rows, 465 sequences
[2025-11-30 09:03:31] Val:   52,000 rows, 52 sequences
[2025-11-30 09:03:31] Features: 32
[2025-11-30 09:03:31] 
[2025-11-30 09:03:31] Total possible combinations (Cartesian product): 1
[2025-11-30 09:03:31] Configurations to run (cap): 1
[2025-11-30 09:03:31] Starting exhaustive brute force search...
[2025-11-30 09:03:31] 
[2025-11-30 09:03:31] 
======================================================================
[2025-11-30 09:03:31] Config 1/1 - Starting Training:
[2025-11-30 09:03:31]   Architecture:
[2025-11-30 09:03:31]     Lookback: 100, Hidden: 256, Layers: 1, Dropout: 0.1
[2025-11-30 09:03:31]     Bidirectional: True, GRU: True
[2025-11-30 09:03:31]   Output Head:
[2025-11-30 09:03:31]     FC Layers: 3, FC Hidden: 800, Activation: gelu
[2025-11-30 09:03:31]     FC Dropout: 0.2, Batch Norm: True
[2025-11-30 09:03:31]   Training:
[2025-11-30 09:03:31]     Batch Size: 256, LR: 0.001, Weight Decay: 0.0001
[2025-11-30 09:03:31]     Optimizer: adam, Grad Clip: 5.0, LR Patience: 3
[2025-11-30 09:10:12]     Epoch  1/100: Val R²=0.3497 Train R²=0.3452 Gap=-0.0045 ✓
[2025-11-30 09:16:50]     Epoch  2/100: Val R²=0.3534 Train R²=0.3652 Gap=0.0117 ✓
[2025-11-30 09:23:28]     Epoch  3/100: Val R²=0.3548 Train R²=0.3693 Gap=0.0145 ✓
[2025-11-30 09:30:06]     Epoch  4/100: Val R²=0.3610 Train R²=0.3711 Gap=0.0101 ✓
[2025-11-30 09:36:45]     Epoch  5/100: Val R²=0.3617 Train R²=0.3730 Gap=0.0113 ✓
[2025-11-30 09:43:23]     Epoch  6/100: Val R²=0.3601 Train R²=0.3743 Gap=0.0142  
[2025-11-30 09:50:01]     Epoch  7/100: Val R²=0.3619 Train R²=0.3749 Gap=0.0130 ✓
[2025-11-30 09:56:38]     Epoch  8/100: Val R²=0.3609 Train R²=0.3756 Gap=0.0147  
[2025-11-30 10:03:16]     Epoch  9/100: Val R²=0.3596 Train R²=0.3760 Gap=0.0164  
[2025-11-30 10:09:55]     Epoch 10/100: Val R²=0.3623 Train R²=0.3766 Gap=0.0143 ✓
[2025-11-30 10:16:35]     Epoch 11/100: Val R²=0.3629 Train R²=0.3767 Gap=0.0139 ✓
[2025-11-30 10:23:13]     Epoch 12/100: Val R²=0.3638 Train R²=0.3771 Gap=0.0132 ✓
[2025-11-30 10:29:52]     Epoch 13/100: Val R²=0.3622 Train R²=0.3775 Gap=0.0153  
[2025-11-30 10:36:34]     Epoch 14/100: Val R²=0.3646 Train R²=0.3778 Gap=0.0132 ✓
[2025-11-30 10:43:17]     Epoch 15/100: Val R²=0.3639 Train R²=0.3777 Gap=0.0138  
[2025-11-30 10:49:56]     Epoch 16/100: Val R²=0.3630 Train R²=0.3781 Gap=0.0150  
[2025-11-30 10:56:34]     Epoch 17/100: Val R²=0.3675 Train R²=0.3781 Gap=0.0106 ✓
[2025-11-30 11:03:11]     Epoch 18/100: Val R²=0.3663 Train R²=0.3782 Gap=0.0119  
[2025-11-30 11:09:51]     Epoch 19/100: Val R²=0.3647 Train R²=0.3783 Gap=0.0136  
[2025-11-30 11:16:29]     Epoch 20/100: Val R²=0.3641 Train R²=0.3785 Gap=0.0145  
[2025-11-30 11:23:08]     Epoch 21/100: Val R²=0.3659 Train R²=0.3786 Gap=0.0127  
[2025-11-30 11:29:46]     Epoch 22/100: Val R²=0.3686 Train R²=0.3835 Gap=0.0149 ✓
[2025-11-30 11:36:25]     Epoch 23/100: Val R²=0.3705 Train R²=0.3844 Gap=0.0138 ✓
[2025-11-30 11:43:04]     Epoch 24/100: Val R²=0.3693 Train R²=0.3843 Gap=0.0151  
[2025-11-30 11:49:44]     Epoch 25/100: Val R²=0.3694 Train R²=0.3847 Gap=0.0153  
[2025-11-30 12:00:20]     Epoch 26/100: Val R²=0.3709 Train R²=0.3853 Gap=0.0143 ✓
[2025-11-30 12:11:28]     Epoch 27/100: Val R²=0.3704 Train R²=0.3855 Gap=0.0151  
[2025-11-30 12:21:59]     Epoch 28/100: Val R²=0.3690 Train R²=0.3856 Gap=0.0167  
[2025-11-30 12:35:01]     Epoch 29/100: Val R²=0.3671 Train R²=0.3860 Gap=0.0189  
[2025-11-30 12:48:01]     Epoch 30/100: Val R²=0.3679 Train R²=0.3858 Gap=0.0179  
[2025-11-30 13:00:57]     Epoch 31/100: Val R²=0.3732 Train R²=0.3892 Gap=0.0159 ✓
[2025-11-30 13:14:02]     Epoch 32/100: Val R²=0.3736 Train R²=0.3899 Gap=0.0163 ✓
[2025-11-30 13:27:50]     Epoch 33/100: Val R²=0.3718 Train R²=0.3898 Gap=0.0180  
[2025-11-30 13:41:55]     Epoch 34/100: Val R²=0.3722 Train R²=0.3905 Gap=0.0183  
[2025-11-30 13:56:01]     Epoch 35/100: Val R²=0.3725 Train R²=0.3905 Gap=0.0180  
[2025-11-30 14:10:10]     Epoch 36/100: Val R²=0.3728 Train R²=0.3905 Gap=0.0177  
[2025-11-30 14:27:05]     Epoch 37/100: Val R²=0.3740 Train R²=0.3930 Gap=0.0189 ✓
[2025-11-30 14:41:18]     Epoch 38/100: Val R²=0.3746 Train R²=0.3934 Gap=0.0189 ✓
[2025-11-30 14:55:32]     Epoch 39/100: Val R²=0.3750 Train R²=0.3936 Gap=0.0186 ✓
[2025-11-30 15:09:41]     Epoch 40/100: Val R²=0.3755 Train R²=0.3937 Gap=0.0182 ✓
[2025-11-30 15:23:51]     Epoch 41/100: Val R²=0.3748 Train R²=0.3940 Gap=0.0191  
[2025-11-30 15:38:01]     Epoch 42/100: Val R²=0.3757 Train R²=0.3940 Gap=0.0183 ✓
[2025-11-30 15:50:35]     Epoch 43/100: Val R²=0.3742 Train R²=0.3942 Gap=0.0200  
[2025-11-30 16:02:44]     Epoch 44/100: Val R²=0.3748 Train R²=0.3942 Gap=0.0194  
[2025-11-30 16:14:57]     Epoch 45/100: Val R²=0.3745 Train R²=0.3946 Gap=0.0201  
[2025-11-30 16:27:08]     Epoch 46/100: Val R²=0.3760 Train R²=0.3946 Gap=0.0186 ✓
[2025-11-30 16:39:16]     Epoch 47/100: Val R²=0.3753 Train R²=0.3946 Gap=0.0194  
[2025-11-30 16:51:25]     Epoch 48/100: Val R²=0.3734 Train R²=0.3947 Gap=0.0213  
[2025-11-30 17:03:39]     Epoch 49/100: Val R²=0.3759 Train R²=0.3951 Gap=0.0191  
[2025-11-30 17:15:40]     Epoch 50/100: Val R²=0.3753 Train R²=0.3950 Gap=0.0197  
[2025-11-30 17:27:12]     Epoch 51/100: Val R²=0.3761 Train R²=0.3966 Gap=0.0204 ✓
[2025-11-30 17:41:06]     Epoch 52/100: Val R²=0.3751 Train R²=0.3971 Gap=0.0220  
[2025-11-30 17:54:51]     Epoch 53/100: Val R²=0.3757 Train R²=0.3972 Gap=0.0215  
[2025-11-30 18:06:32]     Epoch 54/100: Val R²=0.3760 Train R²=0.3974 Gap=0.0214  
[2025-11-30 18:18:44]     Epoch 55/100: Val R²=0.3751 Train R²=0.3974 Gap=0.0223  
[2025-11-30 18:31:26]     Epoch 56/100: Val R²=0.3747 Train R²=0.3986 Gap=0.0239  
[2025-11-30 18:43:38]     Epoch 57/100: Val R²=0.3758 Train R²=0.3987 Gap=0.0228  
[2025-11-30 18:56:28]     Epoch 58/100: Val R²=0.3758 Train R²=0.3986 Gap=0.0228  
[2025-11-30 19:11:23]     Epoch 59/100: Val R²=0.3758 Train R²=0.3988 Gap=0.0230  
[2025-11-30 19:26:44]     Epoch 60/100: Val R²=0.3756 Train R²=0.3993 Gap=0.0238  
[2025-11-30 19:42:29]     Epoch 61/100: Val R²=0.3761 Train R²=0.3993 Gap=0.0232  
[2025-11-30 19:42:29]     Early stopped at epoch 61
[2025-11-30 19:42:29] 
======================================================================
[2025-11-30 19:42:29] Config 1/1 Complete:
[2025-11-30 19:42:29]   Best Val R²: 0.376141 (epoch 51)
[2025-11-30 19:42:29]   Best Global R²: 0.340000
[2025-11-30 19:42:29]   Overfitting Gap: 0.020447
[2025-11-30 19:42:29]   Parameters: 1,525,472
[2025-11-30 19:42:29]   Training Time: 38338.5s
[2025-11-30 19:42:29] 
🎉🎉🎉 NEW GLOBAL BEST! R² improved from 0.340000 to 0.376141
[2025-11-30 19:42:29] 
======================================================================
[2025-11-30 19:42:29] 🏆 CREATING SUBMISSION - NEW BEST MODEL!
[2025-11-30 19:42:29] ======================================================================
[2025-11-30 19:42:29]   Val R²: 0.376141
[2025-11-30 19:42:29]   Directory: ../submissions/bruteforce_r2_03761_20251130_090331_cfg1
[2025-11-30 19:42:30]   Saved model: model_best.pt
[2025-11-30 19:42:30]   Generated: solution.py
[2025-11-30 19:42:30]   Copied: utils.py
[2025-11-30 19:42:30]   Saved: metadata.json
[2025-11-30 19:42:30] ======================================================================

[2025-11-30 19:42:30]   Results saved to models/bruteforce_search_results_20251130_090331.csv
[2025-11-30 19:42:30] 
======================================================================
[2025-11-30 19:42:30] SEARCH COMPLETE
[2025-11-30 19:42:30] ======================================================================
[2025-11-30 19:42:30] Total time: 639.0 minutes
[2025-11-30 19:42:30] Successful configs: 1/1
[2025-11-30 19:42:30] Final best R²: 0.376141
[2025-11-30 19:42:30] Submissions created: 1
[2025-11-30 19:42:30] Results saved: models/bruteforce_search_results_20251130_090331.csv
[2025-11-30 19:42:30] 
[2025-11-30 19:42:30] Top 5 configurations:
[2025-11-30 19:42:30] 
 config_id  best_val_r2  overfitting_gap  lookback  hidden_size  num_layers  dropout  n_parameters
         1     0.376141         0.020447       100          256           1      0.1       1525472
[2025-11-30 19:42:30] 
Submissions log saved: models/bruteforce_submissions_log.csv
[2025-11-30 19:42:30] 
Submissions created:
[2025-11-30 19:42:30]   ../submissions/bruteforce_r2_03761_20251130_090331_cfg1 (R²=0.376141)
