[2025-11-29 11:11:09] ======================================================================
[2025-11-29 11:11:09] BRUTE FORCE HYPERPARAMETER SEARCH WITH AUTO-SUBMISSION (EXHAUSTIVE MODE)
[2025-11-29 11:11:09] ======================================================================
[2025-11-29 11:11:09] Started at: 2025-11-29 11:11:09
[2025-11-29 11:11:09] Mode: FULL
[2025-11-29 11:11:09] Best R² to beat: 0.340000
[2025-11-29 11:11:09] Log file: logs/bruteforce_20251129_111109.log
[2025-11-29 11:11:09] 
[2025-11-29 11:11:09] Device Detection:
[2025-11-29 11:11:09]   PyTorch version: 2.7.1
[2025-11-29 11:11:09]   Requested: auto
[2025-11-29 11:11:09]   MPS available: ✓
[2025-11-29 11:11:09]   CUDA available: ✗
[2025-11-29 11:11:09]   Using: MPS
[2025-11-29 11:11:09] 
[2025-11-29 11:11:09] Loading data...
[2025-11-29 11:11:09] Train: 465,000 rows, 465 sequences
[2025-11-29 11:11:09] Val:   52,000 rows, 52 sequences
[2025-11-29 11:11:09] Features: 32
[2025-11-29 11:11:09] 
[2025-11-29 11:11:09] Total possible combinations (Cartesian product): 1
[2025-11-29 11:11:09] Configurations to run (cap): 1
[2025-11-29 11:11:09] Starting exhaustive brute force search...
[2025-11-29 11:11:09] 
[2025-11-29 11:11:09] 
======================================================================
[2025-11-29 11:11:09] Config 1/1 - Starting Training:
[2025-11-29 11:11:09]   Architecture:
[2025-11-29 11:11:09]     Lookback: 100, Hidden: 256, Layers: 1, Dropout: 0.1
[2025-11-29 11:11:09]     Bidirectional: True, GRU: True
[2025-11-29 11:11:09]   Output Head:
[2025-11-29 11:11:09]     FC Layers: 4, FC Hidden: 512, Activation: relu
[2025-11-29 11:11:09]     FC Dropout: 0.2, Batch Norm: True
[2025-11-29 11:11:09]   Training:
[2025-11-29 11:11:09]     Batch Size: 256, LR: 0.001, Weight Decay: 0.0001
[2025-11-29 11:11:09]     Optimizer: adam, Grad Clip: 5.0, LR Patience: 3
[2025-11-29 11:22:34]     Epoch  1/100: Val R²=0.3485 Train R²=0.3388 Gap=-0.0097 ✓
[2025-11-29 11:34:28]     Epoch  2/100: Val R²=0.3544 Train R²=0.3600 Gap=0.0056 ✓
[2025-11-29 11:46:34]     Epoch  3/100: Val R²=0.3574 Train R²=0.3647 Gap=0.0074 ✓
[2025-11-29 11:57:57]     Epoch  4/100: Val R²=0.3577 Train R²=0.3678 Gap=0.0101 ✓
[2025-11-29 12:10:42]     Epoch  5/100: Val R²=0.3604 Train R²=0.3697 Gap=0.0093 ✓
[2025-11-29 12:24:01]     Epoch  6/100: Val R²=0.3567 Train R²=0.3712 Gap=0.0145  
[2025-11-29 12:38:53]     Epoch  7/100: Val R²=0.3520 Train R²=0.3717 Gap=0.0198  
[2025-11-29 12:54:09]     Epoch  8/100: Val R²=0.3611 Train R²=0.3727 Gap=0.0115 ✓
[2025-11-29 13:10:25]     Epoch  9/100: Val R²=0.3604 Train R²=0.3731 Gap=0.0127  
[2025-11-29 13:24:06]     Epoch 10/100: Val R²=0.3650 Train R²=0.3736 Gap=0.0085 ✓
[2025-11-29 13:37:18]     Epoch 11/100: Val R²=0.3644 Train R²=0.3744 Gap=0.0100  
[2025-11-29 13:50:20]     Epoch 12/100: Val R²=0.3621 Train R²=0.3748 Gap=0.0127  
[2025-11-29 14:03:26]     Epoch 13/100: Val R²=0.3606 Train R²=0.3749 Gap=0.0144  
[2025-11-29 14:16:23]     Epoch 14/100: Val R²=0.3652 Train R²=0.3750 Gap=0.0098 ✓
[2025-11-29 14:29:23]     Epoch 15/100: Val R²=0.3637 Train R²=0.3752 Gap=0.0115  
[2025-11-29 14:42:18]     Epoch 16/100: Val R²=0.3589 Train R²=0.3763 Gap=0.0174  
[2025-11-29 14:54:54]     Epoch 17/100: Val R²=0.3654 Train R²=0.3762 Gap=0.0109 ✓
[2025-11-29 15:07:16]     Epoch 18/100: Val R²=0.3637 Train R²=0.3764 Gap=0.0127  
[2025-11-29 15:19:46]     Epoch 19/100: Val R²=0.3614 Train R²=0.3762 Gap=0.0148  
[2025-11-29 15:32:11]     Epoch 20/100: Val R²=0.3616 Train R²=0.3766 Gap=0.0149  
[2025-11-29 15:45:00]     Epoch 21/100: Val R²=0.3263 Train R²=0.3760 Gap=0.0497  
[2025-11-29 15:57:14]     Epoch 22/100: Val R²=0.3703 Train R²=0.3815 Gap=0.0112 ✓
[2025-11-29 16:05:59]     Epoch 23/100: Val R²=0.3698 Train R²=0.3846 Gap=0.0148  
[2025-11-29 16:14:42]     Epoch 24/100: Val R²=0.3706 Train R²=0.3851 Gap=0.0146 ✓
[2025-11-29 16:23:29]     Epoch 25/100: Val R²=0.3714 Train R²=0.3854 Gap=0.0140 ✓
[2025-11-29 16:32:17]     Epoch 26/100: Val R²=0.3688 Train R²=0.3864 Gap=0.0176  
[2025-11-29 16:41:04]     Epoch 27/100: Val R²=0.3697 Train R²=0.3864 Gap=0.0168  
[2025-11-29 16:49:46]     Epoch 28/100: Val R²=0.3718 Train R²=0.3867 Gap=0.0149 ✓
[2025-11-29 16:58:18]     Epoch 29/100: Val R²=0.3731 Train R²=0.3870 Gap=0.0139 ✓
[2025-11-29 17:06:49]     Epoch 30/100: Val R²=0.3705 Train R²=0.3873 Gap=0.0168  
[2025-11-29 17:14:18]     Epoch 31/100: Val R²=0.3681 Train R²=0.3874 Gap=0.0193  
[2025-11-29 17:21:12]     Epoch 32/100: Val R²=0.3724 Train R²=0.3880 Gap=0.0156  
[2025-11-29 17:28:02]     Epoch 33/100: Val R²=0.3713 Train R²=0.3877 Gap=0.0164  
[2025-11-29 17:34:56]     Epoch 34/100: Val R²=0.3750 Train R²=0.3934 Gap=0.0184 ✓
[2025-11-29 17:41:58]     Epoch 35/100: Val R²=0.3750 Train R²=0.3942 Gap=0.0193  
[2025-11-29 17:48:59]     Epoch 36/100: Val R²=0.3739 Train R²=0.3949 Gap=0.0209  
[2025-11-29 17:56:52]     Epoch 37/100: Val R²=0.3711 Train R²=0.3953 Gap=0.0242  
[2025-11-29 18:05:31]     Epoch 38/100: Val R²=0.3724 Train R²=0.3956 Gap=0.0232  
[2025-11-29 18:14:10]     Epoch 39/100: Val R²=0.3763 Train R²=0.3995 Gap=0.0232 ✓
[2025-11-29 18:23:25]     Epoch 40/100: Val R²=0.3767 Train R²=0.4001 Gap=0.0235 ✓
[2025-11-29 18:32:38]     Epoch 41/100: Val R²=0.3758 Train R²=0.4011 Gap=0.0253  
[2025-11-29 18:41:57]     Epoch 42/100: Val R²=0.3774 Train R²=0.4012 Gap=0.0238 ✓
[2025-11-29 18:50:22]     Epoch 43/100: Val R²=0.3750 Train R²=0.4016 Gap=0.0266  
[2025-11-29 18:57:41]     Epoch 44/100: Val R²=0.3782 Train R²=0.4023 Gap=0.0241 ✓
