[2025-11-27 15:18:14] ======================================================================
[2025-11-27 15:18:14] BRUTE FORCE HYPERPARAMETER SEARCH WITH AUTO-SUBMISSION (EXHAUSTIVE MODE)
[2025-11-27 15:18:14] ======================================================================
[2025-11-27 15:18:14] Started at: 2025-11-27 15:18:14
[2025-11-27 15:18:14] Mode: FULL
[2025-11-27 15:18:14] Best R² to beat: 0.340000
[2025-11-27 15:18:14] Log file: logs/bruteforce_20251127_151814.log
[2025-11-27 15:18:14] 
[2025-11-27 15:18:14] Device Detection:
[2025-11-27 15:18:14]   PyTorch version: 2.7.1
[2025-11-27 15:18:14]   Requested: auto
[2025-11-27 15:18:14]   MPS available: ✓
[2025-11-27 15:18:14]   CUDA available: ✗
[2025-11-27 15:18:14]   Using: MPS
[2025-11-27 15:18:14] 
[2025-11-27 15:18:14] Loading data...
[2025-11-27 15:18:14] Train: 465,000 rows, 465 sequences
[2025-11-27 15:18:14] Val:   52,000 rows, 52 sequences
[2025-11-27 15:18:14] Features: 32
[2025-11-27 15:18:14] 
[2025-11-27 15:18:14] Total possible combinations (Cartesian product): 1
[2025-11-27 15:18:14] Configurations to run (cap): 1
[2025-11-27 15:18:14] Starting exhaustive brute force search...
[2025-11-27 15:18:14] 
[2025-11-27 15:18:14] 
======================================================================
[2025-11-27 15:18:14] Config 1/1 - Starting Training:
[2025-11-27 15:18:14]   Architecture:
[2025-11-27 15:18:14]     Lookback: 100, Hidden: 256, Layers: 1, Dropout: 0.1
[2025-11-27 15:18:14]     Bidirectional: True, GRU: True
[2025-11-27 15:18:14]   Output Head:
[2025-11-27 15:18:14]     FC Layers: 2, FC Hidden: 512, Activation: relu
[2025-11-27 15:18:14]     FC Dropout: 0.2, Batch Norm: True
[2025-11-27 15:18:14]   Training:
[2025-11-27 15:18:14]     Batch Size: 256, LR: 0.001, Weight Decay: 0.0001
[2025-11-27 15:18:14]     Optimizer: adam, Grad Clip: 5.0, LR Patience: 3
[2025-11-27 15:29:21]     Epoch  1/100: Val R²=0.3487 Train R²=0.3448 Gap=-0.0038 ✓
[2025-11-27 15:39:53]     Epoch  2/100: Val R²=0.3559 Train R²=0.3688 Gap=0.0129 ✓
[2025-11-27 15:50:11]     Epoch  3/100: Val R²=0.3592 Train R²=0.3737 Gap=0.0146 ✓
[2025-11-27 16:00:29]     Epoch  4/100: Val R²=0.3615 Train R²=0.3768 Gap=0.0153 ✓
[2025-11-27 16:10:44]     Epoch  5/100: Val R²=0.3608 Train R²=0.3785 Gap=0.0178  
[2025-11-27 16:21:16]     Epoch  6/100: Val R²=0.3660 Train R²=0.3801 Gap=0.0141 ✓
[2025-11-27 16:32:05]     Epoch  7/100: Val R²=0.3659 Train R²=0.3812 Gap=0.0153  
[2025-11-27 16:41:50]     Epoch  8/100: Val R²=0.3636 Train R²=0.3820 Gap=0.0183  
[2025-11-27 16:50:45]     Epoch  9/100: Val R²=0.3648 Train R²=0.3824 Gap=0.0177  
[2025-11-27 17:00:49]     Epoch 10/100: Val R²=0.3659 Train R²=0.3833 Gap=0.0174  
[2025-11-27 17:13:38]     Epoch 11/100: Val R²=0.3692 Train R²=0.3879 Gap=0.0187 ✓
[2025-11-27 17:28:51]     Epoch 12/100: Val R²=0.3694 Train R²=0.3889 Gap=0.0194 ✓
[2025-11-27 17:44:23]     Epoch 13/100: Val R²=0.3715 Train R²=0.3893 Gap=0.0178 ✓
[2025-11-27 18:00:13]     Epoch 14/100: Val R²=0.3699 Train R²=0.3895 Gap=0.0196  
[2025-11-27 18:17:57]     Epoch 15/100: Val R²=0.3692 Train R²=0.3899 Gap=0.0207  
[2025-11-27 18:35:00]     Epoch 16/100: Val R²=0.3714 Train R²=0.3902 Gap=0.0188  
[2025-11-27 18:52:07]     Epoch 17/100: Val R²=0.3691 Train R²=0.3905 Gap=0.0214  
[2025-11-27 19:08:59]     Epoch 18/100: Val R²=0.3745 Train R²=0.3943 Gap=0.0197 ✓
[2025-11-27 19:25:26]     Epoch 19/100: Val R²=0.3752 Train R²=0.3948 Gap=0.0196 ✓
[2025-11-27 19:42:15]     Epoch 20/100: Val R²=0.3739 Train R²=0.3949 Gap=0.0210  
[2025-11-27 19:57:37]     Epoch 21/100: Val R²=0.3748 Train R²=0.3954 Gap=0.0206  
[2025-11-27 20:13:36]     Epoch 22/100: Val R²=0.3745 Train R²=0.3956 Gap=0.0212  
[2025-11-27 20:29:12]     Epoch 23/100: Val R²=0.3741 Train R²=0.3959 Gap=0.0218  
[2025-11-27 20:46:11]     Epoch 24/100: Val R²=0.3751 Train R²=0.3983 Gap=0.0232  
[2025-11-27 21:01:34]     Epoch 25/100: Val R²=0.3760 Train R²=0.3986 Gap=0.0226 ✓
[2025-11-27 21:18:55]     Epoch 26/100: Val R²=0.3762 Train R²=0.3989 Gap=0.0227 ✓
[2025-11-27 21:35:38]     Epoch 27/100: Val R²=0.3769 Train R²=0.3991 Gap=0.0222 ✓
[2025-11-27 21:50:51]     Epoch 28/100: Val R²=0.3761 Train R²=0.3995 Gap=0.0234  
[2025-11-27 22:06:06]     Epoch 29/100: Val R²=0.3768 Train R²=0.3998 Gap=0.0230  
[2025-11-27 22:21:25]     Epoch 30/100: Val R²=0.3755 Train R²=0.3996 Gap=0.0241  
[2025-11-27 22:36:39]     Epoch 31/100: Val R²=0.3760 Train R²=0.3998 Gap=0.0238  
[2025-11-27 22:51:51]     Epoch 32/100: Val R²=0.3767 Train R²=0.4016 Gap=0.0249  
[2025-11-27 23:07:06]     Epoch 33/100: Val R²=0.3769 Train R²=0.4019 Gap=0.0251 ✓
[2025-11-27 23:22:21]     Epoch 34/100: Val R²=0.3765 Train R²=0.4020 Gap=0.0255  
[2025-11-27 23:37:42]     Epoch 35/100: Val R²=0.3770 Train R²=0.4021 Gap=0.0252 ✓
[2025-11-27 23:53:20]     Epoch 36/100: Val R²=0.3770 Train R²=0.4021 Gap=0.0251 ✓
[2025-11-28 00:09:03]     Epoch 37/100: Val R²=0.3763 Train R²=0.4023 Gap=0.0260  
[2025-11-28 00:24:43]     Epoch 38/100: Val R²=0.3772 Train R²=0.4025 Gap=0.0253 ✓
[2025-11-28 00:40:24]     Epoch 39/100: Val R²=0.3769 Train R²=0.4026 Gap=0.0257  
[2025-11-28 00:55:59]     Epoch 40/100: Val R²=0.3770 Train R²=0.4029 Gap=0.0259  
[2025-11-28 01:11:32]     Epoch 41/100: Val R²=0.3755 Train R²=0.4030 Gap=0.0275  
[2025-11-28 01:27:03]     Epoch 42/100: Val R²=0.3772 Train R²=0.4029 Gap=0.0257 ✓
[2025-11-28 01:42:32]     Epoch 43/100: Val R²=0.3771 Train R²=0.4032 Gap=0.0261  
[2025-11-28 01:58:03]     Epoch 44/100: Val R²=0.3771 Train R²=0.4032 Gap=0.0261  
[2025-11-28 02:13:36]     Epoch 45/100: Val R²=0.3762 Train R²=0.4035 Gap=0.0273  
[2025-11-28 02:29:11]     Epoch 46/100: Val R²=0.3761 Train R²=0.4033 Gap=0.0272  
[2025-11-28 02:44:48]     Epoch 47/100: Val R²=0.3767 Train R²=0.4044 Gap=0.0276  
[2025-11-28 03:00:23]     Epoch 48/100: Val R²=0.3766 Train R²=0.4046 Gap=0.0281  
[2025-11-28 03:15:54]     Epoch 49/100: Val R²=0.3768 Train R²=0.4047 Gap=0.0279  
[2025-11-28 03:31:27]     Epoch 50/100: Val R²=0.3768 Train R²=0.4049 Gap=0.0281  
[2025-11-28 03:47:05]     Epoch 51/100: Val R²=0.3767 Train R²=0.4053 Gap=0.0287  
[2025-11-28 04:02:32]     Epoch 52/100: Val R²=0.3771 Train R²=0.4056 Gap=0.0284  
[2025-11-28 04:02:32]     Early stopped at epoch 52
[2025-11-28 04:02:32] 
======================================================================
[2025-11-28 04:02:32] Config 1/1 Complete:
[2025-11-28 04:02:32]   Best Val R²: 0.377202 (epoch 42)
[2025-11-28 04:02:32]   Best Global R²: 0.340000
[2025-11-28 04:02:32]   Overfitting Gap: 0.025720
[2025-11-28 04:02:32]   Parameters: 725,536
[2025-11-28 04:02:32]   Training Time: 45858.1s
[2025-11-28 04:02:32] 
🎉🎉🎉 NEW GLOBAL BEST! R² improved from 0.340000 to 0.377202
[2025-11-28 04:02:32] 
======================================================================
[2025-11-28 04:02:32] 🏆 CREATING SUBMISSION - NEW BEST MODEL!
[2025-11-28 04:02:32] ======================================================================
[2025-11-28 04:02:32]   Val R²: 0.377202
[2025-11-28 04:02:32]   Directory: ../submissions/bruteforce_r2_03772_20251127_151814_cfg1
[2025-11-28 04:02:32]   Saved model: model_best.pt
[2025-11-28 04:02:32]   Generated: solution.py
[2025-11-28 04:02:33]   Copied: utils.py
[2025-11-28 04:02:33]   Saved: metadata.json
[2025-11-28 04:02:33] ======================================================================

[2025-11-28 04:02:33]   Results saved to models/bruteforce_search_results_20251127_151814.csv
[2025-11-28 04:02:33] 
======================================================================
[2025-11-28 04:02:33] SEARCH COMPLETE
[2025-11-28 04:02:33] ======================================================================
[2025-11-28 04:02:33] Total time: 764.3 minutes
[2025-11-28 04:02:33] Successful configs: 1/1
[2025-11-28 04:02:33] Final best R²: 0.377202
[2025-11-28 04:02:33] Submissions created: 1
[2025-11-28 04:02:33] Results saved: models/bruteforce_search_results_20251127_151814.csv
[2025-11-28 04:02:33] 
[2025-11-28 04:02:33] Top 5 configurations:
[2025-11-28 04:02:33] 
 config_id  best_val_r2  overfitting_gap  lookback  hidden_size  num_layers  dropout  n_parameters
         1     0.377202          0.02572       100          256           1      0.1        725536
[2025-11-28 04:02:33] 
Submissions log saved: models/bruteforce_submissions_log.csv
[2025-11-28 04:02:33] 
Submissions created:
[2025-11-28 04:02:33]   ../submissions/bruteforce_r2_03772_20251127_151814_cfg1 (R²=0.377202)
