[2025-11-20 01:33:37] ======================================================================
[2025-11-20 01:33:37] BRUTE FORCE HYPERPARAMETER SEARCH (ENC-DEC LSTM)
[2025-11-20 01:33:37] ======================================================================
[2025-11-20 01:33:37] Started at: 2025-11-20 01:33:37
[2025-11-20 01:33:37] Mode: FULL
[2025-11-20 01:33:37] Best R² to beat: 0.340000
[2025-11-20 01:33:37] Log file: logs/bruteforce_20251120_013337.log
[2025-11-20 01:33:37] 
[2025-11-20 01:33:37] Device Detection:
[2025-11-20 01:33:37]   PyTorch version: 2.7.1
[2025-11-20 01:33:37]   Requested: auto
[2025-11-20 01:33:37]   MPS available: ✓
[2025-11-20 01:33:37]   CUDA available: ✗
[2025-11-20 01:33:37]   Using: MPS
[2025-11-20 01:33:37] 
[2025-11-20 01:33:37] Loading data...
[2025-11-20 01:33:37] Train: 465,000 rows, 465 sequences
[2025-11-20 01:33:37] Val:   52,000 rows, 52 sequences
[2025-11-20 01:33:37] Features: 32
[2025-11-20 01:33:37] 
[2025-11-20 01:33:37] Total possible combinations (Cartesian product): 1
[2025-11-20 01:33:37] Configurations to run (cap): 1
[2025-11-20 01:33:37] Starting exhaustive brute force search...

[2025-11-20 01:33:37] 
======================================================================
[2025-11-20 01:33:37] Config 1/1 - Starting Training:
[2025-11-20 01:33:37]   Architecture:
[2025-11-20 01:33:37]     Lookback: 50, Hidden: 128, Layers: 1, Dropout: 0.1
[2025-11-20 01:33:37]     Bidirectional: True, GRU: True
[2025-11-20 01:33:37]   Output Head:
[2025-11-20 01:33:37]     FC Layers: 2, FC Hidden: 256, Activation: relu
[2025-11-20 01:33:37]     FC Dropout: 0.2, Batch Norm: True
[2025-11-20 01:33:37]   Training:
[2025-11-20 01:33:37]     Batch Size: 256, LR: 0.001, Weight Decay: 0.0001
[2025-11-20 01:33:37]     Optimizer: adam, Grad Clip: 5.0, LR Patience: 3
[2025-11-20 01:38:52]     Epoch  1/1: Val R²=0.3430 Train R²=0.3426 Gap=-0.0004 ✓
[2025-11-20 01:38:52] 
======================================================================
[2025-11-20 01:38:52] Config 1/1 Complete:
[2025-11-20 01:38:52]   Best Val R²: 0.343029 (epoch 1)
[2025-11-20 01:38:52]   Best Global R²: 0.340000
[2025-11-20 01:38:52]   Overfitting Gap: -0.000394
[2025-11-20 01:38:52]   Parameters: 538,912
[2025-11-20 01:38:52]   Training Time: 315.0s
[2025-11-20 01:38:52] 
🎉🎉🎉 NEW GLOBAL BEST! R² improved from 0.340000 to 0.343029
[2025-11-20 01:38:52] 
======================================================================
[2025-11-20 01:38:52] 🏆 CREATING SUBMISSION - NEW BEST MODEL!
[2025-11-20 01:38:52] ======================================================================
[2025-11-20 01:38:52]   Val R²: 0.343029
[2025-11-20 01:38:52]   Directory: ../submissions/bruteforce_r2_03430_20251120_013337_cfg1
[2025-11-20 01:38:52]   Saved model: model_best.pt
[2025-11-20 01:38:52]   Generated: solution.py
[2025-11-20 01:38:52]   Copied: utils.py
[2025-11-20 01:38:52]   Copied: models.py
[2025-11-20 01:38:52]   Saved: metadata.json
[2025-11-20 01:38:52] ======================================================================

[2025-11-20 01:38:52]   Results saved to models/bruteforce_search_results_20251120_013337.csv
[2025-11-20 01:38:52] 
======================================================================
[2025-11-20 01:38:52] SEARCH COMPLETE
[2025-11-20 01:38:52] ======================================================================
[2025-11-20 01:38:52] Total time: 5.3 minutes
[2025-11-20 01:38:52] Successful configs: 1/1
[2025-11-20 01:38:52] Final best R²: 0.343029
[2025-11-20 01:38:52] Submissions created: 1
[2025-11-20 01:38:52] Results saved: models/bruteforce_search_results_20251120_013337.csv
[2025-11-20 01:38:52] 
[2025-11-20 01:38:52] Top 5 configurations:
[2025-11-20 01:38:52] 
 config_id  best_val_r2  overfitting_gap  lookback  hidden_size  num_layers  dropout  n_parameters
         1     0.343029        -0.000394        50          128           1      0.1        538912
[2025-11-20 01:38:52] 
Submissions log saved: models/bruteforce_submissions_log.csv
[2025-11-20 01:38:52] 
Submissions created:
[2025-11-20 01:38:52]   ../submissions/bruteforce_r2_03430_20251120_013337_cfg1 (R²=0.343029)
