[2025-12-01 00:27:05] ======================================================================
[2025-12-01 00:27:05] BRUTE FORCE HYPERPARAMETER SEARCH WITH AUTO-SUBMISSION (EXHAUSTIVE MODE)
[2025-12-01 00:27:05] ======================================================================
[2025-12-01 00:27:05] Started at: 2025-12-01 00:27:05
[2025-12-01 00:27:05] Mode: FULL
[2025-12-01 00:27:05] Best R² to beat: 0.340000
[2025-12-01 00:27:05] Log file: logs/bruteforce_20251201_002705.log
[2025-12-01 00:27:05] 
[2025-12-01 00:27:05] Device Detection:
[2025-12-01 00:27:05]   PyTorch version: 2.7.1
[2025-12-01 00:27:05]   Requested: auto
[2025-12-01 00:27:05]   MPS available: ✓
[2025-12-01 00:27:05]   CUDA available: ✗
[2025-12-01 00:27:05]   Using: MPS
[2025-12-01 00:27:05] 
[2025-12-01 00:27:05] Loading data...
[2025-12-01 00:27:05] Train: 413,000 rows, 413 sequences
[2025-12-01 00:27:05] Val:   104,000 rows, 104 sequences
[2025-12-01 00:27:05] Features: 32
[2025-12-01 00:27:05] 
[2025-12-01 00:27:05] Total possible combinations (Cartesian product): 1
[2025-12-01 00:27:05] Configurations to run (cap): 1
[2025-12-01 00:27:05] Starting exhaustive brute force search...
[2025-12-01 00:27:05] 
[2025-12-01 00:27:05] 
======================================================================
[2025-12-01 00:27:05] Config 1/1 - Starting Training:
[2025-12-01 00:27:05]   Architecture:
[2025-12-01 00:27:05]     Lookback: 100, Hidden: 256, Layers: 1, Dropout: 0.1
[2025-12-01 00:27:05]     Bidirectional: True, GRU: True
[2025-12-01 00:27:05]   Output Head:
[2025-12-01 00:27:05]     FC Layers: 3, FC Hidden: 640, Activation: relu
[2025-12-01 00:27:05]     FC Dropout: 0.2, Batch Norm: True
[2025-12-01 00:27:05]   Training:
[2025-12-01 00:27:05]     Batch Size: 256, LR: 0.001, Weight Decay: 0.0001
[2025-12-01 00:27:05]     Optimizer: adam, Grad Clip: 5.0, LR Patience: 3
[2025-12-01 00:40:28]     Epoch  1/100: Val R²=0.3374 Train R²=0.3465 Gap=0.0091 ✓
[2025-12-01 00:53:06]     Epoch  2/100: Val R²=0.3370 Train R²=0.3697 Gap=0.0327  
[2025-12-01 01:05:42]     Epoch  3/100: Val R²=0.3437 Train R²=0.3746 Gap=0.0309 ✓
[2025-12-01 01:18:10]     Epoch  4/100: Val R²=0.3396 Train R²=0.3774 Gap=0.0379  
[2025-12-01 01:30:44]     Epoch  5/100: Val R²=0.3471 Train R²=0.3791 Gap=0.0320 ✓
[2025-12-01 01:43:19]     Epoch  6/100: Val R²=0.3459 Train R²=0.3802 Gap=0.0344  
[2025-12-01 01:55:53]     Epoch  7/100: Val R²=0.3439 Train R²=0.3817 Gap=0.0378  
[2025-12-01 02:08:29]     Epoch  8/100: Val R²=0.3471 Train R²=0.3825 Gap=0.0354  
[2025-12-01 02:21:03]     Epoch  9/100: Val R²=0.3501 Train R²=0.3832 Gap=0.0331 ✓
[2025-12-01 02:33:39]     Epoch 10/100: Val R²=0.3513 Train R²=0.3837 Gap=0.0324 ✓
[2025-12-01 02:46:10]     Epoch 11/100: Val R²=0.3517 Train R²=0.3840 Gap=0.0323 ✓
[2025-12-01 02:58:42]     Epoch 12/100: Val R²=0.3503 Train R²=0.3845 Gap=0.0341  
[2025-12-01 03:11:19]     Epoch 13/100: Val R²=0.3469 Train R²=0.3849 Gap=0.0380  
[2025-12-01 03:23:55]     Epoch 14/100: Val R²=0.3508 Train R²=0.3851 Gap=0.0343  
[2025-12-01 03:36:27]     Epoch 15/100: Val R²=0.3485 Train R²=0.3858 Gap=0.0373  
[2025-12-01 03:49:06]     Epoch 16/100: Val R²=0.3574 Train R²=0.3922 Gap=0.0348 ✓
[2025-12-01 04:01:41]     Epoch 17/100: Val R²=0.3567 Train R²=0.3925 Gap=0.0358  
[2025-12-01 04:14:21]     Epoch 18/100: Val R²=0.3544 Train R²=0.3934 Gap=0.0390  
[2025-12-01 04:26:53]     Epoch 19/100: Val R²=0.3539 Train R²=0.3939 Gap=0.0400  
[2025-12-01 04:39:31]     Epoch 20/100: Val R²=0.3561 Train R²=0.3942 Gap=0.0381  
[2025-12-01 04:52:03]     Epoch 21/100: Val R²=0.3606 Train R²=0.3989 Gap=0.0383 ✓
[2025-12-01 05:04:44]     Epoch 22/100: Val R²=0.3614 Train R²=0.3997 Gap=0.0382 ✓
[2025-12-01 05:17:22]     Epoch 23/100: Val R²=0.3595 Train R²=0.4002 Gap=0.0407  
[2025-12-01 05:29:56]     Epoch 24/100: Val R²=0.3608 Train R²=0.4005 Gap=0.0397  
[2025-12-01 05:42:37]     Epoch 25/100: Val R²=0.3601 Train R²=0.4012 Gap=0.0411  
[2025-12-01 05:55:10]     Epoch 26/100: Val R²=0.3595 Train R²=0.4018 Gap=0.0423  
[2025-12-01 06:06:50]     Epoch 27/100: Val R²=0.3624 Train R²=0.4051 Gap=0.0427 ✓
[2025-12-01 06:18:06]     Epoch 28/100: Val R²=0.3621 Train R²=0.4056 Gap=0.0435  
[2025-12-01 06:29:22]     Epoch 29/100: Val R²=0.3618 Train R²=0.4062 Gap=0.0444  
[2025-12-01 06:40:41]     Epoch 30/100: Val R²=0.3620 Train R²=0.4068 Gap=0.0448  
[2025-12-01 06:51:54]     Epoch 31/100: Val R²=0.3625 Train R²=0.4071 Gap=0.0446 ✓
[2025-12-01 07:03:07]     Epoch 32/100: Val R²=0.3621 Train R²=0.4072 Gap=0.0451  
[2025-12-01 07:14:33]     Epoch 33/100: Val R²=0.3627 Train R²=0.4076 Gap=0.0449 ✓
[2025-12-01 07:25:57]     Epoch 34/100: Val R²=0.3623 Train R²=0.4079 Gap=0.0456  
[2025-12-01 07:37:14]     Epoch 35/100: Val R²=0.3622 Train R²=0.4084 Gap=0.0462  
[2025-12-01 07:47:49]     Epoch 36/100: Val R²=0.3620 Train R²=0.4085 Gap=0.0465  
[2025-12-01 07:57:12]     Epoch 37/100: Val R²=0.3619 Train R²=0.4087 Gap=0.0467  
[2025-12-01 08:06:37]     Epoch 38/100: Val R²=0.3632 Train R²=0.4113 Gap=0.0481 ✓
[2025-12-01 08:16:01]     Epoch 39/100: Val R²=0.3625 Train R²=0.4120 Gap=0.0496  
[2025-12-01 08:25:25]     Epoch 40/100: Val R²=0.3631 Train R²=0.4123 Gap=0.0492  
[2025-12-01 08:33:17]     Epoch 41/100: Val R²=0.3626 Train R²=0.4132 Gap=0.0506  
[2025-12-01 08:40:58]     Epoch 42/100: Val R²=0.3629 Train R²=0.4130 Gap=0.0502  
[2025-12-01 08:48:40]     Epoch 43/100: Val R²=0.3635 Train R²=0.4143 Gap=0.0508 ✓
[2025-12-01 08:56:27]     Epoch 44/100: Val R²=0.3631 Train R²=0.4151 Gap=0.0519  
[2025-12-01 09:04:08]     Epoch 45/100: Val R²=0.3630 Train R²=0.4154 Gap=0.0524  
[2025-12-01 09:11:49]     Epoch 46/100: Val R²=0.3626 Train R²=0.4152 Gap=0.0526  
[2025-12-01 09:19:32]     Epoch 47/100: Val R²=0.3626 Train R²=0.4162 Gap=0.0536  
[2025-12-01 09:26:41]     Epoch 48/100: Val R²=0.3626 Train R²=0.4170 Gap=0.0544  
[2025-12-01 09:33:23]     Epoch 49/100: Val R²=0.3628 Train R²=0.4171 Gap=0.0544  
[2025-12-01 09:40:01]     Epoch 50/100: Val R²=0.3629 Train R²=0.4169 Gap=0.0541  
[2025-12-01 09:46:40]     Epoch 51/100: Val R²=0.3623 Train R²=0.4173 Gap=0.0550  
[2025-12-01 09:53:21]     Epoch 52/100: Val R²=0.3626 Train R²=0.4177 Gap=0.0552  
[2025-12-01 10:00:03]     Epoch 53/100: Val R²=0.3625 Train R²=0.4181 Gap=0.0556  
[2025-12-01 10:00:03]     Early stopped at epoch 53
[2025-12-01 10:00:04] 
======================================================================
[2025-12-01 10:00:04] Config 1/1 Complete:
[2025-12-01 10:00:04]   Best Val R²: 0.363456 (epoch 43)
[2025-12-01 10:00:04]   Best Global R²: 0.340000
[2025-12-01 10:00:04]   Overfitting Gap: 0.050806
[2025-12-01 10:00:04]   Parameters: 1,207,072
[2025-12-01 10:00:04]   Training Time: 34378.2s
[2025-12-01 10:00:04] 
🎉🎉🎉 NEW GLOBAL BEST! R² improved from 0.340000 to 0.363456
[2025-12-01 10:00:04] 
======================================================================
[2025-12-01 10:00:04] 🏆 CREATING SUBMISSION - NEW BEST MODEL!
[2025-12-01 10:00:04] ======================================================================
[2025-12-01 10:00:04]   Val R²: 0.363456
[2025-12-01 10:00:04]   Directory: ../submissions/bruteforce_r2_03635_20251201_002705_cfg1
[2025-12-01 10:00:04]   Saved model: model_best.pt
[2025-12-01 10:00:04]   Generated: solution.py
[2025-12-01 10:00:04]   Copied: utils.py
[2025-12-01 10:00:04]   Saved: metadata.json
[2025-12-01 10:00:04] ======================================================================

[2025-12-01 10:00:04]   Results saved to models/bruteforce_search_results_20251201_002705.csv
[2025-12-01 10:00:04] 
======================================================================
[2025-12-01 10:00:04] SEARCH COMPLETE
[2025-12-01 10:00:04] ======================================================================
[2025-12-01 10:00:04] Total time: 573.0 minutes
[2025-12-01 10:00:04] Successful configs: 1/1
[2025-12-01 10:00:04] Final best R²: 0.363456
[2025-12-01 10:00:04] Submissions created: 1
[2025-12-01 10:00:04] Results saved: models/bruteforce_search_results_20251201_002705.csv
[2025-12-01 10:00:04] 
[2025-12-01 10:00:04] Top 5 configurations:
[2025-12-01 10:00:04] 
 config_id  best_val_r2  overfitting_gap  lookback  hidden_size  num_layers  dropout  n_parameters
         1     0.363456         0.050806       100          256           1      0.1       1207072
[2025-12-01 10:00:04] 
Submissions log saved: models/bruteforce_submissions_log.csv
[2025-12-01 10:00:04] 
Submissions created:
[2025-12-01 10:00:04]   ../submissions/bruteforce_r2_03635_20251201_002705_cfg1 (R²=0.363456)
