[2025-10-27 14:55:39] ======================================================================
[2025-10-27 14:55:39] BRUTE FORCE HYPERPARAMETER SEARCH WITH AUTO-SUBMISSION (EXHAUSTIVE MODE)
[2025-10-27 14:55:39] ======================================================================
[2025-10-27 14:55:39] Started at: 2025-10-27 14:55:39
[2025-10-27 14:55:39] Mode: FULL
[2025-10-27 14:55:39] Best R² to beat: 0.340000
[2025-10-27 14:55:39] Log file: logs/bruteforce_20251027_145539.log
[2025-10-27 14:55:39] 
[2025-10-27 14:55:39] Device Detection:
[2025-10-27 14:55:39]   PyTorch version: 2.7.1
[2025-10-27 14:55:39]   Requested: auto
[2025-10-27 14:55:39]   MPS available: ✓
[2025-10-27 14:55:39]   CUDA available: ✗
[2025-10-27 14:55:39]   Using: MPS
[2025-10-27 14:55:39] 
[2025-10-27 14:55:39] Loading data...
[2025-10-27 14:55:39] Train: 413,000 rows, 413 sequences
[2025-10-27 14:55:39] Val:   104,000 rows, 104 sequences
[2025-10-27 14:55:39] Features: 32
[2025-10-27 14:55:39] 
[2025-10-27 14:55:39] Total possible combinations (Cartesian product): 1
[2025-10-27 14:55:39] Configurations to run (cap): 1
[2025-10-27 14:55:39] Starting exhaustive brute force search...
[2025-10-27 14:55:39] 
[2025-10-27 14:55:39] 
======================================================================
[2025-10-27 14:55:39] Config 1/1 - Starting Training:
[2025-10-27 14:55:39]   Architecture:
[2025-10-27 14:55:39]     Lookback: 50, Hidden: 128, Layers: 1, Dropout: 0.1
[2025-10-27 14:55:39]     Bidirectional: True, GRU: True
[2025-10-27 14:55:39]   Output Head:
[2025-10-27 14:55:39]     FC Layers: 2, FC Hidden: 256, Activation: relu
[2025-10-27 14:55:39]     FC Dropout: 0.2, Batch Norm: True
[2025-10-27 14:55:39]   Training:
[2025-10-27 14:55:39]     Batch Size: 256, LR: 0.001, Weight Decay: 0.0001
[2025-10-27 14:55:39]     Optimizer: adam, Grad Clip: 5.0, LR Patience: 3
[2025-10-27 14:59:07]     Epoch  1/50: Val R²=0.3310 Train R²=0.3468 Gap=0.0158 ✓
[2025-10-27 15:02:38]     Epoch  2/50: Val R²=0.3394 Train R²=0.3715 Gap=0.0321 ✓
[2025-10-27 15:06:04]     Epoch  3/50: Val R²=0.3445 Train R²=0.3760 Gap=0.0314 ✓
[2025-10-27 15:09:30]     Epoch  4/50: Val R²=0.3449 Train R²=0.3786 Gap=0.0337 ✓
[2025-10-27 15:12:55]     Epoch  5/50: Val R²=0.3455 Train R²=0.3810 Gap=0.0356 ✓
[2025-10-27 15:16:13]     Epoch  6/50: Val R²=0.3493 Train R²=0.3821 Gap=0.0328 ✓
[2025-10-27 15:19:25]     Epoch  7/50: Val R²=0.3482 Train R²=0.3834 Gap=0.0352  
[2025-10-27 15:22:36]     Epoch  8/50: Val R²=0.3475 Train R²=0.3841 Gap=0.0366  
[2025-10-27 15:25:46]     Epoch  9/50: Val R²=0.3510 Train R²=0.3848 Gap=0.0338 ✓
[2025-10-27 15:28:56]     Epoch 10/50: Val R²=0.3509 Train R²=0.3854 Gap=0.0345  
[2025-10-27 15:32:06]     Epoch 11/50: Val R²=0.3484 Train R²=0.3858 Gap=0.0374  
[2025-10-27 15:35:16]     Epoch 12/50: Val R²=0.3501 Train R²=0.3863 Gap=0.0362  
[2025-10-27 15:38:26]     Epoch 13/50: Val R²=0.3512 Train R²=0.3869 Gap=0.0357 ✓
[2025-10-27 15:41:41]     Epoch 14/50: Val R²=0.3505 Train R²=0.3871 Gap=0.0366  
[2025-10-27 15:45:01]     Epoch 15/50: Val R²=0.3512 Train R²=0.3875 Gap=0.0363 ✓
[2025-10-27 15:48:19]     Epoch 16/50: Val R²=0.3511 Train R²=0.3877 Gap=0.0365  
[2025-10-27 15:51:38]     Epoch 17/50: Val R²=0.3510 Train R²=0.3879 Gap=0.0369  
[2025-10-27 15:54:56]     Epoch 18/50: Val R²=0.3519 Train R²=0.3882 Gap=0.0363 ✓
[2025-10-27 15:58:15]     Epoch 19/50: Val R²=0.3529 Train R²=0.3887 Gap=0.0358 ✓
[2025-10-27 16:01:34]     Epoch 20/50: Val R²=0.3499 Train R²=0.3888 Gap=0.0389  
[2025-10-27 16:04:53]     Epoch 21/50: Val R²=0.3527 Train R²=0.3889 Gap=0.0362  
[2025-10-27 16:08:11]     Epoch 22/50: Val R²=0.3529 Train R²=0.3894 Gap=0.0365 ✓
[2025-10-27 16:11:25]     Epoch 23/50: Val R²=0.3519 Train R²=0.3891 Gap=0.0372  
[2025-10-27 16:14:35]     Epoch 24/50: Val R²=0.3521 Train R²=0.3895 Gap=0.0373  
[2025-10-27 16:17:46]     Epoch 25/50: Val R²=0.3521 Train R²=0.3895 Gap=0.0374  
[2025-10-27 16:20:57]     Epoch 26/50: Val R²=0.3522 Train R²=0.3898 Gap=0.0376  
[2025-10-27 16:24:07]     Epoch 27/50: Val R²=0.3570 Train R²=0.3940 Gap=0.0370 ✓
[2025-10-27 16:27:18]     Epoch 28/50: Val R²=0.3548 Train R²=0.3949 Gap=0.0401  
[2025-10-27 16:30:29]     Epoch 29/50: Val R²=0.3560 Train R²=0.3952 Gap=0.0392  
[2025-10-27 16:33:40]     Epoch 30/50: Val R²=0.3566 Train R²=0.3951 Gap=0.0385  
[2025-10-27 16:36:49]     Epoch 31/50: Val R²=0.3557 Train R²=0.3954 Gap=0.0397  
[2025-10-27 16:39:59]     Epoch 32/50: Val R²=0.3579 Train R²=0.3988 Gap=0.0409 ✓
[2025-10-27 16:43:07]     Epoch 33/50: Val R²=0.3582 Train R²=0.3993 Gap=0.0410 ✓
[2025-10-27 16:46:16]     Epoch 34/50: Val R²=0.3576 Train R²=0.3995 Gap=0.0418  
[2025-10-27 16:49:25]     Epoch 35/50: Val R²=0.3584 Train R²=0.3995 Gap=0.0411 ✓
[2025-10-27 16:52:33]     Epoch 36/50: Val R²=0.3580 Train R²=0.3995 Gap=0.0415  
[2025-10-27 16:55:42]     Epoch 37/50: Val R²=0.3582 Train R²=0.3997 Gap=0.0415  
[2025-10-27 16:58:50]     Epoch 38/50: Val R²=0.3594 Train R²=0.3998 Gap=0.0404 ✓
[2025-10-27 17:01:59]     Epoch 39/50: Val R²=0.3577 Train R²=0.3999 Gap=0.0422  
[2025-10-27 17:05:08]     Epoch 40/50: Val R²=0.3585 Train R²=0.4003 Gap=0.0419  
[2025-10-27 17:08:17]     Epoch 41/50: Val R²=0.3584 Train R²=0.4003 Gap=0.0419  
[2025-10-27 17:11:25]     Epoch 42/50: Val R²=0.3579 Train R²=0.4005 Gap=0.0425  
[2025-10-27 17:14:34]     Epoch 43/50: Val R²=0.3587 Train R²=0.4023 Gap=0.0437  
[2025-10-27 17:17:42]     Epoch 44/50: Val R²=0.3595 Train R²=0.4026 Gap=0.0431 ✓
[2025-10-27 17:20:51]     Epoch 45/50: Val R²=0.3597 Train R²=0.4026 Gap=0.0429 ✓
[2025-10-27 17:24:01]     Epoch 46/50: Val R²=0.3592 Train R²=0.4032 Gap=0.0441  
[2025-10-27 17:27:13]     Epoch 47/50: Val R²=0.3591 Train R²=0.4032 Gap=0.0442  
[2025-10-27 17:30:35]     Epoch 48/50: Val R²=0.3589 Train R²=0.4031 Gap=0.0442  
[2025-10-27 17:33:50]     Epoch 49/50: Val R²=0.3590 Train R²=0.4034 Gap=0.0444  
[2025-10-27 17:37:05]     Epoch 50/50: Val R²=0.3596 Train R²=0.4045 Gap=0.0449  
[2025-10-27 17:37:05] 
======================================================================
[2025-10-27 17:37:05] Config 1/1 Complete:
[2025-10-27 17:37:05]   Best Val R²: 0.359709 (epoch 45)
[2025-10-27 17:37:05]   Best Global R²: 0.340000
[2025-10-27 17:37:05]   Overfitting Gap: 0.042897
[2025-10-27 17:37:05]   Parameters: 198,944
[2025-10-27 17:37:05]   Training Time: 9686.0s
[2025-10-27 17:37:05] 
🎉🎉🎉 NEW GLOBAL BEST! R² improved from 0.340000 to 0.359709
[2025-10-27 17:37:05] 
======================================================================
[2025-10-27 17:37:05] 🏆 CREATING SUBMISSION - NEW BEST MODEL!
[2025-10-27 17:37:05] ======================================================================
[2025-10-27 17:37:05]   Val R²: 0.359709
[2025-10-27 17:37:05]   Directory: ../submissions/bruteforce_r2_03597_20251027_145539_cfg1
[2025-10-27 17:37:05]   Saved model: model_best.pt
[2025-10-27 17:37:05]   Generated: solution.py
[2025-10-27 17:37:05]   Copied: utils.py
[2025-10-27 17:37:05]   Saved: metadata.json
[2025-10-27 17:37:05] ======================================================================

[2025-10-27 17:37:05]   Results saved to models/bruteforce_search_results_20251027_145539.csv
[2025-10-27 17:37:05] 
======================================================================
[2025-10-27 17:37:05] SEARCH COMPLETE
[2025-10-27 17:37:05] ======================================================================
[2025-10-27 17:37:05] Total time: 161.4 minutes
[2025-10-27 17:37:05] Successful configs: 1/1
[2025-10-27 17:37:05] Final best R²: 0.359709
[2025-10-27 17:37:05] Submissions created: 1
[2025-10-27 17:37:05] Results saved: models/bruteforce_search_results_20251027_145539.csv
[2025-10-27 17:37:05] 
[2025-10-27 17:37:05] Top 5 configurations:
[2025-10-27 17:37:05] 
 config_id  best_val_r2  overfitting_gap  lookback  hidden_size  num_layers  dropout  n_parameters
         1     0.359709         0.042897        50          128           1      0.1        198944
[2025-10-27 17:37:05] 
Submissions log saved: models/bruteforce_submissions_log.csv
[2025-10-27 17:37:05] 
Submissions created:
[2025-10-27 17:37:05]   ../submissions/bruteforce_r2_03597_20251027_145539_cfg1 (R²=0.359709)
