[2025-11-27 17:04:17] ======================================================================
[2025-11-27 17:04:17] BRUTE FORCE HYPERPARAMETER SEARCH WITH AUTO-SUBMISSION (EXHAUSTIVE MODE)
[2025-11-27 17:04:17] ======================================================================
[2025-11-27 17:04:17] Started at: 2025-11-27 17:04:17
[2025-11-27 17:04:17] Mode: FULL
[2025-11-27 17:04:17] Best R² to beat: 0.340000
[2025-11-27 17:04:17] Log file: logs/bruteforce_20251127_170417.log
[2025-11-27 17:04:17] 
[2025-11-27 17:04:17] Device Detection:
[2025-11-27 17:04:17]   PyTorch version: 2.7.1
[2025-11-27 17:04:17]   Requested: auto
[2025-11-27 17:04:17]   MPS available: ✓
[2025-11-27 17:04:17]   CUDA available: ✗
[2025-11-27 17:04:17]   Using: MPS
[2025-11-27 17:04:17] 
[2025-11-27 17:04:17] Loading data...
[2025-11-27 17:04:17] Train: 465,000 rows, 465 sequences
[2025-11-27 17:04:17] Val:   52,000 rows, 52 sequences
[2025-11-27 17:04:17] Features: 32
[2025-11-27 17:04:17] 
[2025-11-27 17:04:17] Total possible combinations (Cartesian product): 1
[2025-11-27 17:04:17] Configurations to run (cap): 1
[2025-11-27 17:04:17] Starting exhaustive brute force search...
[2025-11-27 17:04:17] 
[2025-11-27 17:04:17] 
======================================================================
[2025-11-27 17:04:17] Config 1/1 - Starting Training:
[2025-11-27 17:04:17]   Architecture:
[2025-11-27 17:04:17]     Lookback: 100, Hidden: 320, Layers: 1, Dropout: 0.1
[2025-11-27 17:04:17]     Bidirectional: True, GRU: True
[2025-11-27 17:04:17]   Output Head:
[2025-11-27 17:04:17]     FC Layers: 2, FC Hidden: 256, Activation: relu
[2025-11-27 17:04:17]     FC Dropout: 0.2, Batch Norm: True
[2025-11-27 17:04:17]   Training:
[2025-11-27 17:04:17]     Batch Size: 256, LR: 0.001, Weight Decay: 0.0001
[2025-11-27 17:04:17]     Optimizer: adam, Grad Clip: 5.0, LR Patience: 3
[2025-11-27 17:18:32]     Epoch  1/100: Val R²=0.3492 Train R²=0.3440 Gap=-0.0052 ✓
[2025-11-27 17:34:21]     Epoch  2/100: Val R²=0.3562 Train R²=0.3661 Gap=0.0099 ✓
[2025-11-27 17:49:53]     Epoch  3/100: Val R²=0.3613 Train R²=0.3710 Gap=0.0097 ✓
[2025-11-27 18:07:11]     Epoch  4/100: Val R²=0.3625 Train R²=0.3742 Gap=0.0116 ✓
[2025-11-27 18:24:35]     Epoch  5/100: Val R²=0.3668 Train R²=0.3758 Gap=0.0090 ✓
[2025-11-27 18:41:52]     Epoch  6/100: Val R²=0.3641 Train R²=0.3778 Gap=0.0137  
[2025-11-27 18:59:16]     Epoch  7/100: Val R²=0.3652 Train R²=0.3785 Gap=0.0132  
[2025-11-27 19:16:18]     Epoch  8/100: Val R²=0.3582 Train R²=0.3794 Gap=0.0212  
[2025-11-27 19:33:16]     Epoch  9/100: Val R²=0.3613 Train R²=0.3801 Gap=0.0187  
[2025-11-27 19:49:27]     Epoch 10/100: Val R²=0.3694 Train R²=0.3847 Gap=0.0154 ✓
[2025-11-27 20:05:21]     Epoch 11/100: Val R²=0.3686 Train R²=0.3855 Gap=0.0169  
[2025-11-27 20:21:27]     Epoch 12/100: Val R²=0.3704 Train R²=0.3863 Gap=0.0159 ✓
[2025-11-27 20:38:00]     Epoch 13/100: Val R²=0.3706 Train R²=0.3865 Gap=0.0159 ✓
[2025-11-27 20:54:20]     Epoch 14/100: Val R²=0.3696 Train R²=0.3865 Gap=0.0169  
[2025-11-27 21:10:35]     Epoch 15/100: Val R²=0.3710 Train R²=0.3869 Gap=0.0159 ✓
[2025-11-27 21:28:48]     Epoch 16/100: Val R²=0.3707 Train R²=0.3872 Gap=0.0165  
[2025-11-27 21:44:20]     Epoch 17/100: Val R²=0.3708 Train R²=0.3874 Gap=0.0166  
[2025-11-27 21:59:41]     Epoch 18/100: Val R²=0.3715 Train R²=0.3879 Gap=0.0164 ✓
[2025-11-27 22:15:10]     Epoch 19/100: Val R²=0.3692 Train R²=0.3881 Gap=0.0189  
[2025-11-27 22:30:35]     Epoch 20/100: Val R²=0.3687 Train R²=0.3880 Gap=0.0193  
[2025-11-27 22:46:02]     Epoch 21/100: Val R²=0.3696 Train R²=0.3886 Gap=0.0190  
[2025-11-27 23:01:32]     Epoch 22/100: Val R²=0.3678 Train R²=0.3887 Gap=0.0208  
[2025-11-27 23:16:59]     Epoch 23/100: Val R²=0.3719 Train R²=0.3921 Gap=0.0203 ✓
[2025-11-27 23:32:26]     Epoch 24/100: Val R²=0.3732 Train R²=0.3926 Gap=0.0194 ✓
[2025-11-27 23:48:10]     Epoch 25/100: Val R²=0.3736 Train R²=0.3926 Gap=0.0191 ✓
[2025-11-28 00:04:02]     Epoch 26/100: Val R²=0.3729 Train R²=0.3931 Gap=0.0202  
[2025-11-28 00:19:50]     Epoch 27/100: Val R²=0.3744 Train R²=0.3934 Gap=0.0190 ✓
[2025-11-28 00:35:42]     Epoch 28/100: Val R²=0.3720 Train R²=0.3934 Gap=0.0214  
[2025-11-28 00:51:21]     Epoch 29/100: Val R²=0.3727 Train R²=0.3939 Gap=0.0211  
[2025-11-28 01:07:01]     Epoch 30/100: Val R²=0.3737 Train R²=0.3938 Gap=0.0201  
[2025-11-28 01:22:42]     Epoch 31/100: Val R²=0.3725 Train R²=0.3942 Gap=0.0217  
[2025-11-28 01:38:21]     Epoch 32/100: Val R²=0.3747 Train R²=0.3966 Gap=0.0219 ✓
[2025-11-28 01:54:02]     Epoch 33/100: Val R²=0.3750 Train R²=0.3968 Gap=0.0218 ✓
[2025-11-28 02:09:43]     Epoch 34/100: Val R²=0.3750 Train R²=0.3969 Gap=0.0219 ✓
[2025-11-28 02:25:32]     Epoch 35/100: Val R²=0.3753 Train R²=0.3969 Gap=0.0217 ✓
[2025-11-28 02:41:17]     Epoch 36/100: Val R²=0.3748 Train R²=0.3973 Gap=0.0225  
[2025-11-28 02:56:59]     Epoch 37/100: Val R²=0.3744 Train R²=0.3976 Gap=0.0232  
[2025-11-28 03:12:32]     Epoch 38/100: Val R²=0.3755 Train R²=0.3977 Gap=0.0222 ✓
[2025-11-28 03:28:13]     Epoch 39/100: Val R²=0.3725 Train R²=0.3978 Gap=0.0253  
[2025-11-28 03:43:55]     Epoch 40/100: Val R²=0.3741 Train R²=0.3977 Gap=0.0236  
[2025-11-28 03:59:37]     Epoch 41/100: Val R²=0.3755 Train R²=0.3981 Gap=0.0226  
[2025-11-28 04:13:38]     Epoch 42/100: Val R²=0.3735 Train R²=0.3983 Gap=0.0248  
[2025-11-28 04:25:17]     Epoch 43/100: Val R²=0.3752 Train R²=0.3997 Gap=0.0245  
[2025-11-28 04:36:38]     Epoch 44/100: Val R²=0.3757 Train R²=0.3999 Gap=0.0242 ✓
[2025-11-28 04:48:02]     Epoch 45/100: Val R²=0.3753 Train R²=0.4002 Gap=0.0249  
[2025-11-28 04:59:16]     Epoch 46/100: Val R²=0.3749 Train R²=0.4001 Gap=0.0252  
[2025-11-28 05:10:31]     Epoch 47/100: Val R²=0.3749 Train R²=0.4004 Gap=0.0255  
[2025-11-28 05:21:56]     Epoch 48/100: Val R²=0.3750 Train R²=0.4004 Gap=0.0253  
[2025-11-28 05:33:16]     Epoch 49/100: Val R²=0.3758 Train R²=0.4011 Gap=0.0253 ✓
[2025-11-28 05:44:17]     Epoch 50/100: Val R²=0.3759 Train R²=0.4013 Gap=0.0254 ✓
[2025-11-28 05:53:25]     Epoch 51/100: Val R²=0.3753 Train R²=0.4017 Gap=0.0264  
[2025-11-28 06:02:31]     Epoch 52/100: Val R²=0.3752 Train R²=0.4018 Gap=0.0266  
[2025-11-28 06:11:36]     Epoch 53/100: Val R²=0.3753 Train R²=0.4017 Gap=0.0264  
[2025-11-28 06:20:49]     Epoch 54/100: Val R²=0.3757 Train R²=0.4016 Gap=0.0259  
[2025-11-28 06:30:02]     Epoch 55/100: Val R²=0.3756 Train R²=0.4022 Gap=0.0266  
[2025-11-28 06:39:19]     Epoch 56/100: Val R²=0.3758 Train R²=0.4023 Gap=0.0265  
[2025-11-28 06:47:53]     Epoch 57/100: Val R²=0.3756 Train R²=0.4025 Gap=0.0270  
[2025-11-28 06:55:18]     Epoch 58/100: Val R²=0.3752 Train R²=0.4021 Gap=0.0269  
[2025-11-28 07:03:03]     Epoch 59/100: Val R²=0.3757 Train R²=0.4026 Gap=0.0268  
[2025-11-28 07:10:48]     Epoch 60/100: Val R²=0.3754 Train R²=0.4027 Gap=0.0273  
[2025-11-28 07:10:48]     Early stopped at epoch 60
[2025-11-28 07:10:48] 
======================================================================
[2025-11-28 07:10:48] Config 1/1 Complete:
[2025-11-28 07:10:48]   Best Val R²: 0.375922 (epoch 50)
[2025-11-28 07:10:48]   Best Global R²: 0.340000
[2025-11-28 07:10:48]   Overfitting Gap: 0.025423
[2025-11-28 07:10:48]   Parameters: 852,512
[2025-11-28 07:10:48]   Training Time: 50790.5s
[2025-11-28 07:10:48] 
🎉🎉🎉 NEW GLOBAL BEST! R² improved from 0.340000 to 0.375922
[2025-11-28 07:10:48] 
======================================================================
[2025-11-28 07:10:48] 🏆 CREATING SUBMISSION - NEW BEST MODEL!
[2025-11-28 07:10:48] ======================================================================
[2025-11-28 07:10:48]   Val R²: 0.375922
[2025-11-28 07:10:48]   Directory: ../submissions/bruteforce_r2_03759_20251127_170417_cfg1
[2025-11-28 07:10:48]   Saved model: model_best.pt
[2025-11-28 07:10:48]   Generated: solution.py
[2025-11-28 07:10:48]   Copied: utils.py
[2025-11-28 07:10:48]   Saved: metadata.json
[2025-11-28 07:10:48] ======================================================================

[2025-11-28 07:10:48]   Results saved to models/bruteforce_search_results_20251127_170417.csv
[2025-11-28 07:10:48] 
======================================================================
[2025-11-28 07:10:48] SEARCH COMPLETE
[2025-11-28 07:10:48] ======================================================================
[2025-11-28 07:10:48] Total time: 846.5 minutes
[2025-11-28 07:10:48] Successful configs: 1/1
[2025-11-28 07:10:48] Final best R²: 0.375922
[2025-11-28 07:10:48] Submissions created: 1
[2025-11-28 07:10:48] Results saved: models/bruteforce_search_results_20251127_170417.csv
[2025-11-28 07:10:48] 
[2025-11-28 07:10:48] Top 5 configurations:
[2025-11-28 07:10:48] 
 config_id  best_val_r2  overfitting_gap  lookback  hidden_size  num_layers  dropout  n_parameters
         1     0.375922         0.025423       100          320           1      0.1        852512
[2025-11-28 07:10:48] 
Submissions log saved: models/bruteforce_submissions_log.csv
[2025-11-28 07:10:48] 
Submissions created:
[2025-11-28 07:10:48]   ../submissions/bruteforce_r2_03759_20251127_170417_cfg1 (R²=0.375922)
