[2025-11-28 15:21:57] ======================================================================
[2025-11-28 15:21:57] BRUTE FORCE HYPERPARAMETER SEARCH WITH AUTO-SUBMISSION (EXHAUSTIVE MODE)
[2025-11-28 15:21:57] ======================================================================
[2025-11-28 15:21:57] Started at: 2025-11-28 15:21:57
[2025-11-28 15:21:57] Mode: FULL
[2025-11-28 15:21:57] Best R² to beat: 0.340000
[2025-11-28 15:21:57] Log file: logs/bruteforce_20251128_152157.log
[2025-11-28 15:21:57] 
[2025-11-28 15:21:57] Device Detection:
[2025-11-28 15:21:57]   PyTorch version: 2.7.1
[2025-11-28 15:21:57]   Requested: auto
[2025-11-28 15:21:57]   MPS available: ✓
[2025-11-28 15:21:57]   CUDA available: ✗
[2025-11-28 15:21:57]   Using: MPS
[2025-11-28 15:21:57] 
[2025-11-28 15:21:57] Loading data...
[2025-11-28 15:21:58] Train: 465,000 rows, 465 sequences
[2025-11-28 15:21:58] Val:   52,000 rows, 52 sequences
[2025-11-28 15:21:58] Features: 32
[2025-11-28 15:21:58] 
[2025-11-28 15:21:58] Total possible combinations (Cartesian product): 1
[2025-11-28 15:21:58] Configurations to run (cap): 1
[2025-11-28 15:21:58] Starting exhaustive brute force search...
[2025-11-28 15:21:58] 
[2025-11-28 15:21:58] 
======================================================================
[2025-11-28 15:21:58] Config 1/1 - Starting Training:
[2025-11-28 15:21:58]   Architecture:
[2025-11-28 15:21:58]     Lookback: 100, Hidden: 256, Layers: 2, Dropout: 0.1
[2025-11-28 15:21:58]     Bidirectional: True, GRU: True
[2025-11-28 15:21:58]   Output Head:
[2025-11-28 15:21:58]     FC Layers: 2, FC Hidden: 512, Activation: relu
[2025-11-28 15:21:58]     FC Dropout: 0.2, Batch Norm: True
[2025-11-28 15:21:58]   Training:
[2025-11-28 15:21:58]     Batch Size: 256, LR: 0.001, Weight Decay: 0.0001
[2025-11-28 15:21:58]     Optimizer: adam, Grad Clip: 5.0, LR Patience: 3
[2025-11-28 15:36:17]     Epoch  1/100: Val R²=0.3460 Train R²=0.3424 Gap=-0.0037 ✓
[2025-11-28 15:50:12]     Epoch  2/100: Val R²=0.3539 Train R²=0.3645 Gap=0.0106 ✓
[2025-11-28 16:04:02]     Epoch  3/100: Val R²=0.3569 Train R²=0.3701 Gap=0.0132 ✓
[2025-11-28 16:17:56]     Epoch  4/100: Val R²=0.3551 Train R²=0.3731 Gap=0.0180  
[2025-11-28 16:32:06]     Epoch  5/100: Val R²=0.3390 Train R²=0.3744 Gap=0.0354  
[2025-11-28 16:47:02]     Epoch  6/100: Val R²=0.3595 Train R²=0.3760 Gap=0.0165 ✓
[2025-11-28 17:10:49]     Epoch  7/100: Val R²=0.3611 Train R²=0.3768 Gap=0.0157 ✓
[2025-11-28 17:37:46]     Epoch  8/100: Val R²=0.3394 Train R²=0.3775 Gap=0.0382  
[2025-11-28 18:04:43]     Epoch  9/100: Val R²=0.3385 Train R²=0.3781 Gap=0.0396  
[2025-11-28 18:31:34]     Epoch 10/100: Val R²=0.3622 Train R²=0.3788 Gap=0.0166 ✓
[2025-11-28 18:59:50]     Epoch 11/100: Val R²=0.2889 Train R²=0.3791 Gap=0.0902  
[2025-11-28 19:30:25]     Epoch 12/100: Val R²=0.3528 Train R²=0.3794 Gap=0.0266  
[2025-11-28 19:59:32]     Epoch 13/100: Val R²=0.3608 Train R²=0.3799 Gap=0.0191  
[2025-11-28 20:29:58]     Epoch 14/100: Val R²=0.3392 Train R²=0.3808 Gap=0.0415  
[2025-11-28 20:53:41]     Epoch 15/100: Val R²=0.3647 Train R²=0.3856 Gap=0.0209 ✓
[2025-11-28 21:16:20]     Epoch 16/100: Val R²=0.3702 Train R²=0.3859 Gap=0.0157 ✓
[2025-11-28 21:39:20]     Epoch 17/100: Val R²=0.3657 Train R²=0.3865 Gap=0.0208  
[2025-11-28 22:02:41]     Epoch 18/100: Val R²=0.3236 Train R²=0.3863 Gap=0.0627  
[2025-11-28 22:25:50]     Epoch 19/100: Val R²=0.3686 Train R²=0.3872 Gap=0.0186  
[2025-11-28 22:48:54]     Epoch 20/100: Val R²=0.3573 Train R²=0.3875 Gap=0.0302  
[2025-11-28 23:12:04]     Epoch 21/100: Val R²=0.3655 Train R²=0.3907 Gap=0.0252  
[2025-11-28 23:35:24]     Epoch 22/100: Val R²=0.3610 Train R²=0.3913 Gap=0.0302  
[2025-11-28 23:58:36]     Epoch 23/100: Val R²=0.3603 Train R²=0.3915 Gap=0.0312  
[2025-11-29 00:21:50]     Epoch 24/100: Val R²=0.3713 Train R²=0.3914 Gap=0.0201 ✓
[2025-11-29 00:45:06]     Epoch 25/100: Val R²=0.3704 Train R²=0.3921 Gap=0.0217  
[2025-11-29 01:08:31]     Epoch 26/100: Val R²=0.3634 Train R²=0.3920 Gap=0.0286  
[2025-11-29 01:31:38]     Epoch 27/100: Val R²=0.3641 Train R²=0.3923 Gap=0.0282  
[2025-11-29 01:54:56]     Epoch 28/100: Val R²=0.3669 Train R²=0.3928 Gap=0.0260  
[2025-11-29 02:18:11]     Epoch 29/100: Val R²=0.3697 Train R²=0.3949 Gap=0.0252  
[2025-11-29 02:41:24]     Epoch 30/100: Val R²=0.3672 Train R²=0.3951 Gap=0.0278  
[2025-11-29 03:04:34]     Epoch 31/100: Val R²=0.3694 Train R²=0.3951 Gap=0.0257  
[2025-11-29 03:27:48]     Epoch 32/100: Val R²=0.3672 Train R²=0.3954 Gap=0.0282  
[2025-11-29 03:51:04]     Epoch 33/100: Val R²=0.3725 Train R²=0.3968 Gap=0.0243 ✓
[2025-11-29 04:14:31]     Epoch 34/100: Val R²=0.3743 Train R²=0.3972 Gap=0.0229 ✓
[2025-11-29 04:33:09]     Epoch 35/100: Val R²=0.3769 Train R²=0.3969 Gap=0.0201 ✓
[2025-11-29 04:48:46]     Epoch 36/100: Val R²=0.3759 Train R²=0.3975 Gap=0.0215  
[2025-11-29 05:04:26]     Epoch 37/100: Val R²=0.3748 Train R²=0.3975 Gap=0.0227  
[2025-11-29 05:20:08]     Epoch 38/100: Val R²=0.3758 Train R²=0.3975 Gap=0.0217  
[2025-11-29 05:35:54]     Epoch 39/100: Val R²=0.3761 Train R²=0.3978 Gap=0.0218  
[2025-11-29 05:51:39]     Epoch 40/100: Val R²=0.3770 Train R²=0.3984 Gap=0.0214 ✓
[2025-11-29 06:07:22]     Epoch 41/100: Val R²=0.3773 Train R²=0.3986 Gap=0.0213 ✓
[2025-11-29 06:22:26]     Epoch 42/100: Val R²=0.3770 Train R²=0.3987 Gap=0.0217  
[2025-11-29 06:36:10]     Epoch 43/100: Val R²=0.3761 Train R²=0.3985 Gap=0.0225  
[2025-11-29 06:49:55]     Epoch 44/100: Val R²=0.3767 Train R²=0.3990 Gap=0.0222  
[2025-11-29 07:03:44]     Epoch 45/100: Val R²=0.3771 Train R²=0.3990 Gap=0.0220  
[2025-11-29 07:17:32]     Epoch 46/100: Val R²=0.3776 Train R²=0.3997 Gap=0.0220 ✓
[2025-11-29 07:31:24]     Epoch 47/100: Val R²=0.3773 Train R²=0.3996 Gap=0.0223  
[2025-11-29 07:45:12]     Epoch 48/100: Val R²=0.3777 Train R²=0.3997 Gap=0.0220 ✓
[2025-11-29 07:59:01]     Epoch 49/100: Val R²=0.3775 Train R²=0.3997 Gap=0.0222  
[2025-11-29 08:12:51]     Epoch 50/100: Val R²=0.3775 Train R²=0.3998 Gap=0.0222  
[2025-11-29 08:26:46]     Epoch 51/100: Val R²=0.3777 Train R²=0.3997 Gap=0.0220 ✓
[2025-11-29 08:40:37]     Epoch 52/100: Val R²=0.3773 Train R²=0.3994 Gap=0.0221  
[2025-11-29 08:54:34]     Epoch 53/100: Val R²=0.3778 Train R²=0.3999 Gap=0.0222 ✓
[2025-11-29 09:08:27]     Epoch 54/100: Val R²=0.3776 Train R²=0.4000 Gap=0.0224  
[2025-11-29 09:22:23]     Epoch 55/100: Val R²=0.3774 Train R²=0.4002 Gap=0.0228  
[2025-11-29 09:36:14]     Epoch 56/100: Val R²=0.3779 Train R²=0.4001 Gap=0.0223 ✓
[2025-11-29 09:49:58]     Epoch 57/100: Val R²=0.3778 Train R²=0.4001 Gap=0.0223  
[2025-11-29 10:03:50]     Epoch 58/100: Val R²=0.3779 Train R²=0.4001 Gap=0.0221 ✓
[2025-11-29 10:17:43]     Epoch 59/100: Val R²=0.3775 Train R²=0.4003 Gap=0.0229  
[2025-11-29 10:31:59]     Epoch 60/100: Val R²=0.3779 Train R²=0.4004 Gap=0.0225  
[2025-11-29 10:45:51]     Epoch 61/100: Val R²=0.3777 Train R²=0.4003 Gap=0.0226  
[2025-11-29 11:00:38]     Epoch 62/100: Val R²=0.3777 Train R²=0.4004 Gap=0.0227  
[2025-11-29 11:17:28]     Epoch 63/100: Val R²=0.3777 Train R²=0.4008 Gap=0.0231  
[2025-11-29 11:41:07]     Epoch 64/100: Val R²=0.3779 Train R²=0.4004 Gap=0.0224  
[2025-11-29 12:04:53]     Epoch 65/100: Val R²=0.3776 Train R²=0.4005 Gap=0.0229  
[2025-11-29 12:32:05]     Epoch 66/100: Val R²=0.3778 Train R²=0.4007 Gap=0.0229  
[2025-11-29 13:03:30]     Epoch 67/100: Val R²=0.3779 Train R²=0.4003 Gap=0.0224  
[2025-11-29 13:31:12]     Epoch 68/100: Val R²=0.3781 Train R²=0.4005 Gap=0.0224 ✓
[2025-11-29 13:57:19]     Epoch 69/100: Val R²=0.3779 Train R²=0.4006 Gap=0.0227  
[2025-11-29 14:23:13]     Epoch 70/100: Val R²=0.3780 Train R²=0.4008 Gap=0.0228  
[2025-11-29 14:48:53]     Epoch 71/100: Val R²=0.3780 Train R²=0.4005 Gap=0.0225  
[2025-11-29 15:13:39]     Epoch 72/100: Val R²=0.3779 Train R²=0.4009 Gap=0.0230  
[2025-11-29 15:38:31]     Epoch 73/100: Val R²=0.3778 Train R²=0.4004 Gap=0.0226  
[2025-11-29 16:01:36]     Epoch 74/100: Val R²=0.3778 Train R²=0.4008 Gap=0.0231  
[2025-11-29 16:18:48]     Epoch 75/100: Val R²=0.3780 Train R²=0.4008 Gap=0.0228  
[2025-11-29 16:36:05]     Epoch 76/100: Val R²=0.3779 Train R²=0.4007 Gap=0.0228  
[2025-11-29 16:53:07]     Epoch 77/100: Val R²=0.3778 Train R²=0.4008 Gap=0.0230  
[2025-11-29 17:09:50]     Epoch 78/100: Val R²=0.3779 Train R²=0.4006 Gap=0.0228  
[2025-11-29 17:09:50]     Early stopped at epoch 78
[2025-11-29 17:09:51] 
======================================================================
[2025-11-29 17:09:51] Config 1/1 Complete:
[2025-11-29 17:09:51]   Best Val R²: 0.378081 (epoch 68)
[2025-11-29 17:09:51]   Best Global R²: 0.340000
[2025-11-29 17:09:51]   Overfitting Gap: 0.022445
[2025-11-29 17:09:51]   Parameters: 1,908,256
[2025-11-29 17:09:51]   Training Time: 92872.9s
[2025-11-29 17:09:51] 
🎉🎉🎉 NEW GLOBAL BEST! R² improved from 0.340000 to 0.378081
[2025-11-29 17:09:51] 
======================================================================
[2025-11-29 17:09:51] 🏆 CREATING SUBMISSION - NEW BEST MODEL!
[2025-11-29 17:09:51] ======================================================================
[2025-11-29 17:09:51]   Val R²: 0.378081
[2025-11-29 17:09:51]   Directory: ../submissions/bruteforce_r2_03781_20251128_152157_cfg1
[2025-11-29 17:09:51]   Saved model: model_best.pt
[2025-11-29 17:09:51]   Generated: solution.py
[2025-11-29 17:09:51]   Copied: utils.py
[2025-11-29 17:09:51]   Saved: metadata.json
[2025-11-29 17:09:51] ======================================================================

[2025-11-29 17:09:51]   Results saved to models/bruteforce_search_results_20251128_152158.csv
[2025-11-29 17:09:51] 
======================================================================
[2025-11-29 17:09:51] SEARCH COMPLETE
[2025-11-29 17:09:51] ======================================================================
[2025-11-29 17:09:51] Total time: 1547.9 minutes
[2025-11-29 17:09:51] Successful configs: 1/1
[2025-11-29 17:09:51] Final best R²: 0.378081
[2025-11-29 17:09:51] Submissions created: 1
[2025-11-29 17:09:51] Results saved: models/bruteforce_search_results_20251128_152158.csv
[2025-11-29 17:09:51] 
[2025-11-29 17:09:51] Top 5 configurations:
[2025-11-29 17:09:51] 
 config_id  best_val_r2  overfitting_gap  lookback  hidden_size  num_layers  dropout  n_parameters
         1     0.378081         0.022445       100          256           2      0.1       1908256
[2025-11-29 17:09:51] 
Submissions log saved: models/bruteforce_submissions_log.csv
[2025-11-29 17:09:51] 
Submissions created:
[2025-11-29 17:09:51]   ../submissions/bruteforce_r2_03781_20251128_152157_cfg1 (R²=0.378081)
