[2025-11-20 01:11:05] ======================================================================
[2025-11-20 01:11:05] BRUTE FORCE HYPERPARAMETER SEARCH (ENC-DEC LSTM)
[2025-11-20 01:11:05] ======================================================================
[2025-11-20 01:11:05] Started at: 2025-11-20 01:11:05
[2025-11-20 01:11:05] Mode: FULL
[2025-11-20 01:11:05] Best R² to beat: 0.340000
[2025-11-20 01:11:05] Log file: logs/bruteforce_20251120_011105.log
[2025-11-20 01:11:05] 
[2025-11-20 01:11:05] Device Detection:
[2025-11-20 01:11:05]   PyTorch version: 2.7.1
[2025-11-20 01:11:05]   Requested: auto
[2025-11-20 01:11:05]   MPS available: ✓
[2025-11-20 01:11:05]   CUDA available: ✗
[2025-11-20 01:11:05]   Using: MPS
[2025-11-20 01:11:05] 
[2025-11-20 01:11:05] Loading data...
[2025-11-20 01:11:05] Train: 465,000 rows, 465 sequences
[2025-11-20 01:11:05] Val:   52,000 rows, 52 sequences
[2025-11-20 01:11:05] Features: 32
[2025-11-20 01:11:05] 
[2025-11-20 01:11:05] Total possible combinations (Cartesian product): 1
[2025-11-20 01:11:05] Configurations to run (cap): 1
[2025-11-20 01:11:05] Starting exhaustive brute force search...

[2025-11-20 01:11:05] 
======================================================================
[2025-11-20 01:11:05] Config 1/1 - Starting Training:
[2025-11-20 01:11:05]   Architecture:
[2025-11-20 01:11:05]     Lookback: 50, Hidden: 128, Layers: 1, Dropout: 0.1
[2025-11-20 01:11:05]     Bidirectional: True, GRU: True
[2025-11-20 01:11:05]   Output Head:
[2025-11-20 01:11:05]     FC Layers: 2, FC Hidden: 256, Activation: relu
[2025-11-20 01:11:05]     FC Dropout: 0.2, Batch Norm: True
[2025-11-20 01:11:05]   Training:
[2025-11-20 01:11:05]     Batch Size: 256, LR: 0.001, Weight Decay: 0.0001
[2025-11-20 01:11:05]     Optimizer: adam, Grad Clip: 5.0, LR Patience: 3
