[2025-11-20 10:36:37] ======================================================================
[2025-11-20 10:36:37] BRUTE FORCE HYPERPARAMETER SEARCH (ENC-DEC LSTM)
[2025-11-20 10:36:37] ======================================================================
[2025-11-20 10:36:37] Started at: 2025-11-20 10:36:37
[2025-11-20 10:36:37] Mode: FULL
[2025-11-20 10:36:37] Best R² to beat: 0.340000
[2025-11-20 10:36:37] Log file: logs/bruteforce_20251120_103637.log
[2025-11-20 10:36:37] 
[2025-11-20 10:36:37] Device Detection:
[2025-11-20 10:36:37]   PyTorch version: 2.7.1
[2025-11-20 10:36:37]   Requested: auto
[2025-11-20 10:36:37]   MPS available: ✓
[2025-11-20 10:36:37]   CUDA available: ✗
[2025-11-20 10:36:37]   Using: MPS
[2025-11-20 10:36:37] 
[2025-11-20 10:36:37] Loading data...
[2025-11-20 10:36:37] Train: 413,000 rows, 413 sequences
[2025-11-20 10:36:37] Val:   104,000 rows, 104 sequences
[2025-11-20 10:36:37] Features: 32
[2025-11-20 10:36:37] 
[2025-11-20 10:36:37] Total possible combinations (Cartesian product): 2,048
[2025-11-20 10:36:37] Configurations to run (cap): 2048
[2025-11-20 10:36:37] Starting exhaustive brute force search...

[2025-11-20 10:36:37] 
======================================================================
[2025-11-20 10:36:37] Config 1/2048 - Starting Training:
[2025-11-20 10:36:37]   Architecture:
[2025-11-20 10:36:37]     Lookback: 50, Hidden: 128, Layers: 1, Dropout: 0.1
[2025-11-20 10:36:37]     Bidirectional: True, GRU: False
[2025-11-20 10:36:37]   Output Head:
[2025-11-20 10:36:37]     FC Layers: 1, FC Hidden: 128, Activation: relu
[2025-11-20 10:36:37]     FC Dropout: 0.1, Batch Norm: True
[2025-11-20 10:36:37]   Training:
[2025-11-20 10:36:37]     Batch Size: 128, LR: 0.0001, Weight Decay: 0.0001
[2025-11-20 10:36:37]     Optimizer: adam, Grad Clip: 5.0, LR Patience: 3
