[2025-11-23 22:26:12] ======================================================================
[2025-11-23 22:26:12] BRUTE FORCE HYPERPARAMETER SEARCH WITH AUTO-SUBMISSION (EXHAUSTIVE MODE)
[2025-11-23 22:26:12] ======================================================================
[2025-11-23 22:26:12] Started at: 2025-11-23 22:26:12
[2025-11-23 22:26:12] Mode: FULL
[2025-11-23 22:26:12] Best R² to beat: 0.370000
[2025-11-23 22:26:12] Log file: logs/bruteforce_20251123_222612.log
[2025-11-23 22:26:12] 
[2025-11-23 22:26:12] Device Detection:
[2025-11-23 22:26:12]   PyTorch version: 2.7.1
[2025-11-23 22:26:12]   Requested: auto
[2025-11-23 22:26:12]   MPS available: ✓
[2025-11-23 22:26:12]   CUDA available: ✗
[2025-11-23 22:26:12]   Using: MPS
[2025-11-23 22:26:12] 
[2025-11-23 22:26:12] Loading data...
[2025-11-23 22:26:12] Train: 465,000 rows, 465 sequences
[2025-11-23 22:26:12] Val:   52,000 rows, 52 sequences
[2025-11-23 22:26:12] Features: 32
[2025-11-23 22:26:12] 
[2025-11-23 22:26:12] Total possible combinations (Cartesian product): 1,024
[2025-11-23 22:26:12] Configurations to run (cap): 100
[2025-11-23 22:26:12] Starting exhaustive brute force search...
[2025-11-23 22:26:12] 
[2025-11-23 22:26:12] 
======================================================================
[2025-11-23 22:26:12] Config 1/100 - Starting Training:
[2025-11-23 22:26:12]   Architecture (Encoder-Decoder):
[2025-11-23 22:26:12]     Lookback: 100, GRU: True, Bidirectional: True
[2025-11-23 22:26:12]     Encoder: 1 layers, 128 hidden
[2025-11-23 22:26:12]     Decoder: 1 layers, 64 hidden
[2025-11-23 22:26:12]     Attention Dim: 64
[2025-11-23 22:26:12]     Dropout: 0.2, DropConnect: 0.1, BatchNorm: True
[2025-11-23 22:26:12]   Training:
[2025-11-23 22:26:12]     Batch Size: 256, LR: 0.0005, Weight Decay: 0.0
[2025-11-23 22:26:12]     Optimizer: adamw, Grad Clip: 1.0, LR Patience: 5
[2025-11-23 22:35:41]     Epoch  1/40: Val R²=0.3538 Train R²=0.3282 Gap=-0.0256 ✓
[2025-11-23 22:45:19]     Epoch  2/40: Val R²=0.3567 Train R²=0.3583 Gap=0.0016 ✓
[2025-11-23 22:55:20]     Epoch  3/40: Val R²=0.3654 Train R²=0.3650 Gap=-0.0004 ✓
[2025-11-23 23:04:59]     Epoch  4/40: Val R²=0.3665 Train R²=0.3689 Gap=0.0024 ✓
[2025-11-23 23:14:42]     Epoch  5/40: Val R²=0.3663 Train R²=0.3724 Gap=0.0061  
[2025-11-23 23:24:41]     Epoch  6/40: Val R²=0.3676 Train R²=0.3752 Gap=0.0076 ✓
[2025-11-23 23:34:29]     Epoch  7/40: Val R²=0.3687 Train R²=0.3777 Gap=0.0090 ✓
[2025-11-23 23:44:13]     Epoch  8/40: Val R²=0.3704 Train R²=0.3798 Gap=0.0093 ✓
[2025-11-23 23:53:50]     Epoch  9/40: Val R²=0.3727 Train R²=0.3822 Gap=0.0095 ✓
[2025-11-24 00:03:23]     Epoch 10/40: Val R²=0.3733 Train R²=0.3847 Gap=0.0114 ✓
[2025-11-24 00:13:03]     Epoch 11/40: Val R²=0.3729 Train R²=0.3866 Gap=0.0137  
[2025-11-24 00:22:51]     Epoch 12/40: Val R²=0.3704 Train R²=0.3889 Gap=0.0185  
[2025-11-24 00:32:38]     Epoch 13/40: Val R²=0.3712 Train R²=0.3913 Gap=0.0202  
[2025-11-24 00:42:22]     Epoch 14/40: Val R²=0.3698 Train R²=0.3936 Gap=0.0238  
[2025-11-24 00:51:54]     Epoch 15/40: Val R²=0.3697 Train R²=0.3956 Gap=0.0259  
[2025-11-24 01:01:22]     Epoch 16/40: Val R²=0.3705 Train R²=0.3983 Gap=0.0277  
[2025-11-24 01:10:52]     Epoch 17/40: Val R²=0.3680 Train R²=0.4078 Gap=0.0398  
[2025-11-24 01:20:23]     Epoch 18/40: Val R²=0.3667 Train R²=0.4120 Gap=0.0452  
[2025-11-24 01:29:44]     Epoch 19/40: Val R²=0.3630 Train R²=0.4150 Gap=0.0521  
[2025-11-24 01:39:03]     Epoch 20/40: Val R²=0.3605 Train R²=0.4185 Gap=0.0580  
[2025-11-24 01:39:03]     Early stopped at epoch 20
[2025-11-24 01:39:04] 
======================================================================
[2025-11-24 01:39:04] Config 1/100 Complete:
[2025-11-24 01:39:04]   Best Val R²: 0.373315 (epoch 10)
[2025-11-24 01:39:04]   Best Global R²: 0.370000
[2025-11-24 01:39:04]   Overfitting Gap: 0.011376
[2025-11-24 01:39:04]   Parameters: 497,952
[2025-11-24 01:39:04]   Training Time: 11571.8s
[2025-11-24 01:39:04] 
🎉🎉🎉 NEW GLOBAL BEST! R² improved from 0.370000 to 0.373315
[2025-11-24 01:39:04] 
======================================================================
[2025-11-24 01:39:04] 🏆 CREATING SUBMISSION - NEW BEST MODEL!
[2025-11-24 01:39:04] ======================================================================
[2025-11-24 01:39:04]   Val R²: 0.373315
[2025-11-24 01:39:04]   Directory: ../submissions/bruteforce_r2_03733_20251123_222612_cfg1
[2025-11-24 01:39:04]   Saved model: model_best.pt
[2025-11-24 01:39:04]   Generated: solution.py
[2025-11-24 01:39:04]   Copied: utils.py
[2025-11-24 01:39:04]   Saved: metadata.json
[2025-11-24 01:39:04] ======================================================================

[2025-11-24 01:39:04]   Results saved to models/bruteforce_search_results_20251123_222612.csv
[2025-11-24 01:39:04] 
======================================================================
[2025-11-24 01:39:04] Config 2/100 - Starting Training:
[2025-11-24 01:39:04]   Architecture (Encoder-Decoder):
[2025-11-24 01:39:04]     Lookback: 100, GRU: True, Bidirectional: True
[2025-11-24 01:39:04]     Encoder: 1 layers, 128 hidden
[2025-11-24 01:39:04]     Decoder: 1 layers, 64 hidden
[2025-11-24 01:39:04]     Attention Dim: 64
[2025-11-24 01:39:04]     Dropout: 0.2, DropConnect: 0.1, BatchNorm: True
[2025-11-24 01:39:04]   Training:
[2025-11-24 01:39:04]     Batch Size: 256, LR: 0.0005, Weight Decay: 0.0
[2025-11-24 01:39:04]     Optimizer: adam, Grad Clip: 1.0, LR Patience: 5
[2025-11-24 01:48:34]     Epoch  1/40: Val R²=0.3535 Train R²=0.3287 Gap=-0.0248 ✓
[2025-11-24 01:58:07]     Epoch  2/40: Val R²=0.3580 Train R²=0.3587 Gap=0.0007 ✓
[2025-11-24 02:07:37]     Epoch  3/40: Val R²=0.3618 Train R²=0.3652 Gap=0.0034 ✓
[2025-11-24 02:16:59]     Epoch  4/40: Val R²=0.3670 Train R²=0.3693 Gap=0.0023 ✓
[2025-11-24 02:26:17]     Epoch  5/40: Val R²=0.3671 Train R²=0.3726 Gap=0.0055 ✓
[2025-11-24 02:35:45]     Epoch  6/40: Val R²=0.3685 Train R²=0.3749 Gap=0.0063 ✓
[2025-11-24 02:45:15]     Epoch  7/40: Val R²=0.3691 Train R²=0.3777 Gap=0.0087 ✓
[2025-11-24 02:54:46]     Epoch  8/40: Val R²=0.3705 Train R²=0.3803 Gap=0.0098 ✓
[2025-11-24 03:04:13]     Epoch  9/40: Val R²=0.3720 Train R²=0.3825 Gap=0.0105 ✓
[2025-11-24 03:13:34]     Epoch 10/40: Val R²=0.3706 Train R²=0.3848 Gap=0.0142  
[2025-11-24 03:23:03]     Epoch 11/40: Val R²=0.3694 Train R²=0.3874 Gap=0.0180  
[2025-11-24 03:32:35]     Epoch 12/40: Val R²=0.3704 Train R²=0.3893 Gap=0.0189  
[2025-11-24 03:42:07]     Epoch 13/40: Val R²=0.3712 Train R²=0.3916 Gap=0.0204  
[2025-11-24 03:51:32]     Epoch 14/40: Val R²=0.3702 Train R²=0.3941 Gap=0.0239  
[2025-11-24 04:00:53]     Epoch 15/40: Val R²=0.3684 Train R²=0.3966 Gap=0.0282  
[2025-11-24 04:10:22]     Epoch 16/40: Val R²=0.3697 Train R²=0.4061 Gap=0.0364  
[2025-11-24 04:19:41]     Epoch 17/40: Val R²=0.3663 Train R²=0.4097 Gap=0.0434  
[2025-11-24 04:28:45]     Epoch 18/40: Val R²=0.3637 Train R²=0.4129 Gap=0.0492  
[2025-11-24 04:37:31]     Epoch 19/40: Val R²=0.3619 Train R²=0.4157 Gap=0.0538  
[2025-11-24 04:37:31]     Early stopped at epoch 19
[2025-11-24 04:37:31] 
======================================================================
[2025-11-24 04:37:31] Config 2/100 Complete:
[2025-11-24 04:37:31]   Best Val R²: 0.371973 (epoch 9)
[2025-11-24 04:37:31]   Best Global R²: 0.373315
[2025-11-24 04:37:31]   Overfitting Gap: 0.010544
[2025-11-24 04:37:31]   Parameters: 497,952
[2025-11-24 04:37:31]   Training Time: 10707.2s
[2025-11-24 04:37:31]   Not better than global best (0.373315)
[2025-11-24 04:37:31]   Results saved to models/bruteforce_search_results_20251123_222612.csv
[2025-11-24 04:37:31] 
======================================================================
[2025-11-24 04:37:31] Config 3/100 - Starting Training:
[2025-11-24 04:37:31]   Architecture (Encoder-Decoder):
[2025-11-24 04:37:31]     Lookback: 100, GRU: True, Bidirectional: True
[2025-11-24 04:37:31]     Encoder: 1 layers, 128 hidden
[2025-11-24 04:37:31]     Decoder: 1 layers, 64 hidden
[2025-11-24 04:37:31]     Attention Dim: 64
[2025-11-24 04:37:31]     Dropout: 0.2, DropConnect: 0.1, BatchNorm: True
[2025-11-24 04:37:31]   Training:
[2025-11-24 04:37:31]     Batch Size: 256, LR: 0.0005, Weight Decay: 0.0
[2025-11-24 04:37:31]     Optimizer: adamw, Grad Clip: 5.0, LR Patience: 5
[2025-11-24 04:46:11]     Epoch  1/40: Val R²=0.3516 Train R²=0.3287 Gap=-0.0229 ✓
[2025-11-24 04:55:05]     Epoch  2/40: Val R²=0.3618 Train R²=0.3587 Gap=-0.0030 ✓
[2025-11-24 05:04:10]     Epoch  3/40: Val R²=0.3638 Train R²=0.3652 Gap=0.0014 ✓
[2025-11-24 05:13:12]     Epoch  4/40: Val R²=0.3660 Train R²=0.3692 Gap=0.0031 ✓
[2025-11-24 05:21:56]     Epoch  5/40: Val R²=0.3677 Train R²=0.3723 Gap=0.0046 ✓
[2025-11-24 05:30:33]     Epoch  6/40: Val R²=0.3693 Train R²=0.3753 Gap=0.0060 ✓
[2025-11-24 05:39:24]     Epoch  7/40: Val R²=0.3695 Train R²=0.3777 Gap=0.0082 ✓
[2025-11-24 05:48:26]     Epoch  8/40: Val R²=0.3701 Train R²=0.3805 Gap=0.0104 ✓
[2025-11-24 05:57:27]     Epoch  9/40: Val R²=0.3704 Train R²=0.3826 Gap=0.0122 ✓
[2025-11-24 06:06:16]     Epoch 10/40: Val R²=0.3699 Train R²=0.3848 Gap=0.0149  
[2025-11-24 06:14:52]     Epoch 11/40: Val R²=0.3703 Train R²=0.3869 Gap=0.0166  
[2025-11-24 06:23:41]     Epoch 12/40: Val R²=0.3691 Train R²=0.3893 Gap=0.0202  
[2025-11-24 06:32:42]     Epoch 13/40: Val R²=0.3693 Train R²=0.3916 Gap=0.0223  
[2025-11-24 06:41:43]     Epoch 14/40: Val R²=0.3699 Train R²=0.3935 Gap=0.0236  
[2025-11-24 06:50:31]     Epoch 15/40: Val R²=0.3693 Train R²=0.3963 Gap=0.0271  
[2025-11-24 06:59:08]     Epoch 16/40: Val R²=0.3682 Train R²=0.4053 Gap=0.0371  
[2025-11-24 07:08:49]     Epoch 17/40: Val R²=0.3680 Train R²=0.4089 Gap=0.0409  
[2025-11-24 07:19:03]     Epoch 18/40: Val R²=0.3639 Train R²=0.4124 Gap=0.0485  
[2025-11-24 07:29:19]     Epoch 19/40: Val R²=0.3608 Train R²=0.4148 Gap=0.0539  
[2025-11-24 07:29:19]     Early stopped at epoch 19
[2025-11-24 07:29:20] 
======================================================================
[2025-11-24 07:29:20] Config 3/100 Complete:
[2025-11-24 07:29:20]   Best Val R²: 0.370396 (epoch 9)
[2025-11-24 07:29:20]   Best Global R²: 0.373315
[2025-11-24 07:29:20]   Overfitting Gap: 0.012217
[2025-11-24 07:29:20]   Parameters: 497,952
[2025-11-24 07:29:20]   Training Time: 10308.7s
[2025-11-24 07:29:20]   Not better than global best (0.373315)
[2025-11-24 07:29:20]   Results saved to models/bruteforce_search_results_20251123_222612.csv
[2025-11-24 07:29:20] 
======================================================================
[2025-11-24 07:29:20] Config 4/100 - Starting Training:
[2025-11-24 07:29:20]   Architecture (Encoder-Decoder):
[2025-11-24 07:29:20]     Lookback: 100, GRU: True, Bidirectional: True
[2025-11-24 07:29:20]     Encoder: 1 layers, 128 hidden
[2025-11-24 07:29:20]     Decoder: 1 layers, 64 hidden
[2025-11-24 07:29:20]     Attention Dim: 64
[2025-11-24 07:29:20]     Dropout: 0.2, DropConnect: 0.1, BatchNorm: True
[2025-11-24 07:29:20]   Training:
[2025-11-24 07:29:20]     Batch Size: 256, LR: 0.0005, Weight Decay: 0.0
[2025-11-24 07:29:20]     Optimizer: adam, Grad Clip: 5.0, LR Patience: 5
[2025-11-24 07:39:11]     Epoch  1/40: Val R²=0.3533 Train R²=0.3288 Gap=-0.0245 ✓
[2025-11-24 07:48:27]     Epoch  2/40: Val R²=0.3608 Train R²=0.3583 Gap=-0.0025 ✓
[2025-11-24 07:57:53]     Epoch  3/40: Val R²=0.3658 Train R²=0.3648 Gap=-0.0011 ✓
[2025-11-24 08:08:19]     Epoch  4/40: Val R²=0.3671 Train R²=0.3693 Gap=0.0021 ✓
[2025-11-24 08:18:38]     Epoch  5/40: Val R²=0.3668 Train R²=0.3724 Gap=0.0056  
[2025-11-24 08:28:32]     Epoch  6/40: Val R²=0.3671 Train R²=0.3752 Gap=0.0081  
[2025-11-24 08:37:48]     Epoch  7/40: Val R²=0.3676 Train R²=0.3780 Gap=0.0104 ✓
[2025-11-24 08:47:19]     Epoch  8/40: Val R²=0.3697 Train R²=0.3801 Gap=0.0104 ✓
[2025-11-24 08:57:53]     Epoch  9/40: Val R²=0.3706 Train R²=0.3826 Gap=0.0120 ✓
[2025-11-24 09:08:17]     Epoch 10/40: Val R²=0.3713 Train R²=0.3845 Gap=0.0132 ✓
[2025-11-24 09:18:11]     Epoch 11/40: Val R²=0.3695 Train R²=0.3869 Gap=0.0174  
[2025-11-24 09:27:30]     Epoch 12/40: Val R²=0.3711 Train R²=0.3889 Gap=0.0179  
[2025-11-24 09:36:54]     Epoch 13/40: Val R²=0.3692 Train R²=0.3914 Gap=0.0222  
[2025-11-24 09:47:22]     Epoch 14/40: Val R²=0.3692 Train R²=0.3935 Gap=0.0244  
[2025-11-24 09:57:42]     Epoch 15/40: Val R²=0.3677 Train R²=0.3966 Gap=0.0289  
[2025-11-24 10:07:32]     Epoch 16/40: Val R²=0.3644 Train R²=0.3990 Gap=0.0346  
[2025-11-24 10:16:49]     Epoch 17/40: Val R²=0.3655 Train R²=0.4088 Gap=0.0434  
[2025-11-24 10:26:26]     Epoch 18/40: Val R²=0.3655 Train R²=0.4135 Gap=0.0480  
[2025-11-24 10:37:00]     Epoch 19/40: Val R²=0.3609 Train R²=0.4162 Gap=0.0553  
[2025-11-24 10:47:29]     Epoch 20/40: Val R²=0.3565 Train R²=0.4195 Gap=0.0630  
[2025-11-24 10:47:29]     Early stopped at epoch 20
[2025-11-24 10:47:29] 
======================================================================
[2025-11-24 10:47:29] Config 4/100 Complete:
[2025-11-24 10:47:29]   Best Val R²: 0.371347 (epoch 10)
[2025-11-24 10:47:29]   Best Global R²: 0.373315
[2025-11-24 10:47:29]   Overfitting Gap: 0.013194
[2025-11-24 10:47:29]   Parameters: 497,952
[2025-11-24 10:47:29]   Training Time: 11890.0s
[2025-11-24 10:47:29]   Not better than global best (0.373315)
[2025-11-24 10:47:30]   Results saved to models/bruteforce_search_results_20251123_222612.csv
[2025-11-24 10:47:30] 
======================================================================
[2025-11-24 10:47:30] Config 5/100 - Starting Training:
[2025-11-24 10:47:30]   Architecture (Encoder-Decoder):
[2025-11-24 10:47:30]     Lookback: 100, GRU: True, Bidirectional: True
[2025-11-24 10:47:30]     Encoder: 1 layers, 128 hidden
[2025-11-24 10:47:30]     Decoder: 1 layers, 64 hidden
[2025-11-24 10:47:30]     Attention Dim: 64
[2025-11-24 10:47:30]     Dropout: 0.2, DropConnect: 0.1, BatchNorm: True
[2025-11-24 10:47:30]   Training:
[2025-11-24 10:47:30]     Batch Size: 256, LR: 0.0005, Weight Decay: 0.0001
[2025-11-24 10:47:30]     Optimizer: adamw, Grad Clip: 1.0, LR Patience: 5
[2025-11-24 10:57:36]     Epoch  1/40: Val R²=0.3532 Train R²=0.3285 Gap=-0.0247 ✓
[2025-11-24 11:07:05]     Epoch  2/40: Val R²=0.3604 Train R²=0.3585 Gap=-0.0019 ✓
[2025-11-24 11:17:01]     Epoch  3/40: Val R²=0.3640 Train R²=0.3644 Gap=0.0005 ✓
[2025-11-24 11:27:35]     Epoch  4/40: Val R²=0.3651 Train R²=0.3685 Gap=0.0035 ✓
[2025-11-24 11:38:10]     Epoch  5/40: Val R²=0.3634 Train R²=0.3720 Gap=0.0086  
[2025-11-24 11:48:02]     Epoch  6/40: Val R²=0.3679 Train R²=0.3741 Gap=0.0062 ✓
[2025-11-24 11:57:27]     Epoch  7/40: Val R²=0.3693 Train R²=0.3773 Gap=0.0080 ✓
[2025-11-24 12:07:25]     Epoch  8/40: Val R²=0.3712 Train R²=0.3796 Gap=0.0084 ✓
[2025-11-24 12:18:02]     Epoch  9/40: Val R²=0.3695 Train R²=0.3818 Gap=0.0123  
[2025-11-24 12:28:41]     Epoch 10/40: Val R²=0.3701 Train R²=0.3840 Gap=0.0139  
[2025-11-24 12:38:40]     Epoch 11/40: Val R²=0.3674 Train R²=0.3865 Gap=0.0191  
[2025-11-24 12:48:06]     Epoch 12/40: Val R²=0.3694 Train R²=0.3888 Gap=0.0194  
[2025-11-24 12:58:10]     Epoch 13/40: Val R²=0.3701 Train R²=0.3909 Gap=0.0208  
[2025-11-24 13:08:51]     Epoch 14/40: Val R²=0.3660 Train R²=0.3932 Gap=0.0273  
[2025-11-24 13:19:13]     Epoch 15/40: Val R²=0.3708 Train R²=0.4018 Gap=0.0310  
[2025-11-24 13:27:45]     Epoch 16/40: Val R²=0.3688 Train R²=0.4053 Gap=0.0365  
[2025-11-24 13:36:07]     Epoch 17/40: Val R²=0.3671 Train R²=0.4080 Gap=0.0410  
[2025-11-24 13:44:52]     Epoch 18/40: Val R²=0.3653 Train R²=0.4111 Gap=0.0458  
[2025-11-24 13:44:52]     Early stopped at epoch 18
[2025-11-24 13:44:52] 
======================================================================
[2025-11-24 13:44:52] Config 5/100 Complete:
[2025-11-24 13:44:52]   Best Val R²: 0.371190 (epoch 8)
[2025-11-24 13:44:52]   Best Global R²: 0.373315
[2025-11-24 13:44:52]   Overfitting Gap: 0.008370
[2025-11-24 13:44:52]   Parameters: 497,952
[2025-11-24 13:44:52]   Training Time: 10642.4s
[2025-11-24 13:44:52]   Not better than global best (0.373315)
[2025-11-24 13:44:52]   Results saved to models/bruteforce_search_results_20251123_222612.csv
[2025-11-24 13:44:52] 
======================================================================
[2025-11-24 13:44:52] Config 6/100 - Starting Training:
[2025-11-24 13:44:52]   Architecture (Encoder-Decoder):
[2025-11-24 13:44:52]     Lookback: 100, GRU: True, Bidirectional: True
[2025-11-24 13:44:52]     Encoder: 1 layers, 128 hidden
[2025-11-24 13:44:52]     Decoder: 1 layers, 64 hidden
[2025-11-24 13:44:52]     Attention Dim: 64
[2025-11-24 13:44:52]     Dropout: 0.2, DropConnect: 0.1, BatchNorm: True
[2025-11-24 13:44:52]   Training:
[2025-11-24 13:44:52]     Batch Size: 256, LR: 0.0005, Weight Decay: 0.0001
[2025-11-24 13:44:52]     Optimizer: adam, Grad Clip: 1.0, LR Patience: 5
[2025-11-24 13:53:53]     Epoch  1/40: Val R²=0.3537 Train R²=0.3269 Gap=-0.0268 ✓
[2025-11-24 14:02:51]     Epoch  2/40: Val R²=0.3555 Train R²=0.3554 Gap=-0.0002 ✓
[2025-11-24 14:11:30]     Epoch  3/40: Val R²=0.3544 Train R²=0.3607 Gap=0.0063  
[2025-11-24 14:19:52]     Epoch  4/40: Val R²=0.3596 Train R²=0.3637 Gap=0.0041 ✓
[2025-11-24 14:28:58]     Epoch  5/40: Val R²=0.3635 Train R²=0.3661 Gap=0.0026 ✓
[2025-11-24 14:38:42]     Epoch  6/40: Val R²=0.3626 Train R²=0.3678 Gap=0.0053  
[2025-11-24 14:49:10]     Epoch  7/40: Val R²=0.3639 Train R²=0.3687 Gap=0.0048 ✓
[2025-11-24 14:59:05]     Epoch  8/40: Val R²=0.3652 Train R²=0.3702 Gap=0.0050 ✓
[2025-11-24 15:08:41]     Epoch  9/40: Val R²=0.3653 Train R²=0.3712 Gap=0.0058 ✓
[2025-11-24 15:18:16]     Epoch 10/40: Val R²=0.3681 Train R²=0.3725 Gap=0.0044 ✓
[2025-11-24 15:27:50]     Epoch 11/40: Val R²=0.3675 Train R²=0.3733 Gap=0.0058  
[2025-11-24 15:37:25]     Epoch 12/40: Val R²=0.3675 Train R²=0.3738 Gap=0.0063  
[2025-11-24 15:47:00]     Epoch 13/40: Val R²=0.3692 Train R²=0.3746 Gap=0.0053 ✓
[2025-11-24 15:56:34]     Epoch 14/40: Val R²=0.3689 Train R²=0.3752 Gap=0.0063  
[2025-11-24 16:06:12]     Epoch 15/40: Val R²=0.3692 Train R²=0.3759 Gap=0.0067  
[2025-11-24 16:15:47]     Epoch 16/40: Val R²=0.3695 Train R²=0.3759 Gap=0.0064 ✓
[2025-11-24 16:25:27]     Epoch 17/40: Val R²=0.3687 Train R²=0.3767 Gap=0.0081  
[2025-11-24 16:35:00]     Epoch 18/40: Val R²=0.3680 Train R²=0.3769 Gap=0.0089  
[2025-11-24 16:44:34]     Epoch 19/40: Val R²=0.3704 Train R²=0.3776 Gap=0.0072 ✓
[2025-11-24 16:54:08]     Epoch 20/40: Val R²=0.3715 Train R²=0.3781 Gap=0.0066 ✓
[2025-11-24 17:03:42]     Epoch 21/40: Val R²=0.3700 Train R²=0.3784 Gap=0.0084  
[2025-11-24 17:13:16]     Epoch 22/40: Val R²=0.3691 Train R²=0.3790 Gap=0.0099  
[2025-11-24 17:23:08]     Epoch 23/40: Val R²=0.3682 Train R²=0.3792 Gap=0.0110  
[2025-11-24 17:32:58]     Epoch 24/40: Val R²=0.3697 Train R²=0.3794 Gap=0.0097  
[2025-11-24 17:42:49]     Epoch 25/40: Val R²=0.3705 Train R²=0.3802 Gap=0.0097  
[2025-11-24 17:52:35]     Epoch 26/40: Val R²=0.3703 Train R²=0.3802 Gap=0.0099  
[2025-11-24 18:02:19]     Epoch 27/40: Val R²=0.3735 Train R²=0.3845 Gap=0.0111 ✓
[2025-11-24 18:11:55]     Epoch 28/40: Val R²=0.3747 Train R²=0.3855 Gap=0.0107 ✓
[2025-11-24 18:21:38]     Epoch 29/40: Val R²=0.3738 Train R²=0.3856 Gap=0.0118  
[2025-11-24 18:31:36]     Epoch 30/40: Val R²=0.3720 Train R²=0.3863 Gap=0.0142  
[2025-11-24 18:41:32]     Epoch 31/40: Val R²=0.3732 Train R²=0.3866 Gap=0.0134  
[2025-11-24 18:51:26]     Epoch 32/40: Val R²=0.3721 Train R²=0.3868 Gap=0.0147  
[2025-11-24 19:01:19]     Epoch 33/40: Val R²=0.3723 Train R²=0.3874 Gap=0.0151  
[2025-11-24 19:11:14]     Epoch 34/40: Val R²=0.3736 Train R²=0.3878 Gap=0.0142  
[2025-11-24 19:21:09]     Epoch 35/40: Val R²=0.3725 Train R²=0.3908 Gap=0.0183  
[2025-11-24 19:31:04]     Epoch 36/40: Val R²=0.3732 Train R²=0.3916 Gap=0.0184  
[2025-11-24 19:40:55]     Epoch 37/40: Val R²=0.3747 Train R²=0.3924 Gap=0.0177  
[2025-11-24 19:50:47]     Epoch 38/40: Val R²=0.3726 Train R²=0.3926 Gap=0.0201  
[2025-11-24 19:50:47]     Early stopped at epoch 38
[2025-11-24 19:50:47] 
======================================================================
[2025-11-24 19:50:47] Config 6/100 Complete:
[2025-11-24 19:50:47]   Best Val R²: 0.374729 (epoch 28)
[2025-11-24 19:50:47]   Best Global R²: 0.373315
[2025-11-24 19:50:47]   Overfitting Gap: 0.010728
[2025-11-24 19:50:47]   Parameters: 497,952
[2025-11-24 19:50:47]   Training Time: 21954.8s
[2025-11-24 19:50:47] 
🎉🎉🎉 NEW GLOBAL BEST! R² improved from 0.373315 to 0.374729
[2025-11-24 19:50:47] 
======================================================================
[2025-11-24 19:50:47] 🏆 CREATING SUBMISSION - NEW BEST MODEL!
[2025-11-24 19:50:47] ======================================================================
[2025-11-24 19:50:47]   Val R²: 0.374729
[2025-11-24 19:50:47]   Directory: ../submissions/bruteforce_r2_03747_20251123_222612_cfg6
[2025-11-24 19:50:47]   Saved model: model_best.pt
[2025-11-24 19:50:47]   Generated: solution.py
[2025-11-24 19:50:47]   Copied: utils.py
[2025-11-24 19:50:47]   Saved: metadata.json
[2025-11-24 19:50:47] ======================================================================

[2025-11-24 19:50:47]   Results saved to models/bruteforce_search_results_20251123_222612.csv
[2025-11-24 19:50:47] 
======================================================================
[2025-11-24 19:50:47] Config 7/100 - Starting Training:
[2025-11-24 19:50:47]   Architecture (Encoder-Decoder):
[2025-11-24 19:50:47]     Lookback: 100, GRU: True, Bidirectional: True
[2025-11-24 19:50:47]     Encoder: 1 layers, 128 hidden
[2025-11-24 19:50:47]     Decoder: 1 layers, 64 hidden
[2025-11-24 19:50:47]     Attention Dim: 64
[2025-11-24 19:50:47]     Dropout: 0.2, DropConnect: 0.1, BatchNorm: True
[2025-11-24 19:50:47]   Training:
[2025-11-24 19:50:47]     Batch Size: 256, LR: 0.0005, Weight Decay: 0.0001
[2025-11-24 19:50:47]     Optimizer: adamw, Grad Clip: 5.0, LR Patience: 5
[2025-11-24 20:00:38]     Epoch  1/40: Val R²=0.3511 Train R²=0.3286 Gap=-0.0225 ✓
[2025-11-24 20:10:28]     Epoch  2/40: Val R²=0.3604 Train R²=0.3586 Gap=-0.0018 ✓
[2025-11-24 20:20:20]     Epoch  3/40: Val R²=0.3627 Train R²=0.3647 Gap=0.0021 ✓
[2025-11-24 20:30:08]     Epoch  4/40: Val R²=0.3665 Train R²=0.3689 Gap=0.0025 ✓
[2025-11-24 20:40:00]     Epoch  5/40: Val R²=0.3649 Train R²=0.3722 Gap=0.0073  
[2025-11-24 20:49:51]     Epoch  6/40: Val R²=0.3687 Train R²=0.3751 Gap=0.0064 ✓
[2025-11-24 20:59:39]     Epoch  7/40: Val R²=0.3686 Train R²=0.3772 Gap=0.0087  
[2025-11-24 21:09:24]     Epoch  8/40: Val R²=0.3710 Train R²=0.3799 Gap=0.0089 ✓
[2025-11-24 21:19:12]     Epoch  9/40: Val R²=0.3710 Train R²=0.3824 Gap=0.0114 ✓
[2025-11-24 21:28:31]     Epoch 10/40: Val R²=0.3723 Train R²=0.3844 Gap=0.0121 ✓
[2025-11-24 21:37:43]     Epoch 11/40: Val R²=0.3683 Train R²=0.3864 Gap=0.0182  
[2025-11-24 21:46:54]     Epoch 12/40: Val R²=0.3694 Train R²=0.3883 Gap=0.0190  
[2025-11-24 21:56:06]     Epoch 13/40: Val R²=0.3715 Train R²=0.3911 Gap=0.0197  
[2025-11-24 22:05:19]     Epoch 14/40: Val R²=0.3709 Train R²=0.3931 Gap=0.0222  
[2025-11-24 22:15:07]     Epoch 15/40: Val R²=0.3671 Train R²=0.3956 Gap=0.0285  
[2025-11-24 22:24:58]     Epoch 16/40: Val R²=0.3671 Train R²=0.3982 Gap=0.0312  
[2025-11-24 22:34:47]     Epoch 17/40: Val R²=0.3639 Train R²=0.4073 Gap=0.0434  
[2025-11-24 22:44:34]     Epoch 18/40: Val R²=0.3646 Train R²=0.4115 Gap=0.0469  
[2025-11-24 22:54:10]     Epoch 19/40: Val R²=0.3624 Train R²=0.4148 Gap=0.0524  
[2025-11-24 23:03:46]     Epoch 20/40: Val R²=0.3582 Train R²=0.4169 Gap=0.0587  
[2025-11-24 23:03:46]     Early stopped at epoch 20
[2025-11-24 23:03:46] 
======================================================================
[2025-11-24 23:03:46] Config 7/100 Complete:
[2025-11-24 23:03:46]   Best Val R²: 0.372294 (epoch 10)
[2025-11-24 23:03:46]   Best Global R²: 0.374729
[2025-11-24 23:03:46]   Overfitting Gap: 0.012091
[2025-11-24 23:03:46]   Parameters: 497,952
[2025-11-24 23:03:46]   Training Time: 11579.8s
[2025-11-24 23:03:46]   Not better than global best (0.374729)
[2025-11-24 23:03:46]   Results saved to models/bruteforce_search_results_20251123_222612.csv
[2025-11-24 23:03:46] 
======================================================================
[2025-11-24 23:03:46] Config 8/100 - Starting Training:
[2025-11-24 23:03:46]   Architecture (Encoder-Decoder):
[2025-11-24 23:03:46]     Lookback: 100, GRU: True, Bidirectional: True
[2025-11-24 23:03:46]     Encoder: 1 layers, 128 hidden
[2025-11-24 23:03:46]     Decoder: 1 layers, 64 hidden
[2025-11-24 23:03:46]     Attention Dim: 64
[2025-11-24 23:03:46]     Dropout: 0.2, DropConnect: 0.1, BatchNorm: True
[2025-11-24 23:03:46]   Training:
[2025-11-24 23:03:46]     Batch Size: 256, LR: 0.0005, Weight Decay: 0.0001
[2025-11-24 23:03:46]     Optimizer: adam, Grad Clip: 5.0, LR Patience: 5
[2025-11-24 23:13:26]     Epoch  1/40: Val R²=0.3513 Train R²=0.3268 Gap=-0.0246 ✓
[2025-11-24 23:23:13]     Epoch  2/40: Val R²=0.3574 Train R²=0.3554 Gap=-0.0020 ✓
[2025-11-24 23:32:58]     Epoch  3/40: Val R²=0.3608 Train R²=0.3611 Gap=0.0004 ✓
[2025-11-24 23:42:48]     Epoch  4/40: Val R²=0.3618 Train R²=0.3647 Gap=0.0029 ✓
[2025-11-24 23:52:38]     Epoch  5/40: Val R²=0.3633 Train R²=0.3665 Gap=0.0033 ✓
[2025-11-25 00:02:29]     Epoch  6/40: Val R²=0.3659 Train R²=0.3684 Gap=0.0025 ✓
[2025-11-25 00:12:20]     Epoch  7/40: Val R²=0.3667 Train R²=0.3697 Gap=0.0030 ✓
[2025-11-25 00:22:11]     Epoch  8/40: Val R²=0.3659 Train R²=0.3708 Gap=0.0049  
[2025-11-25 00:32:03]     Epoch  9/40: Val R²=0.3693 Train R²=0.3717 Gap=0.0024 ✓
