[2025-11-27 17:04:30] ======================================================================
[2025-11-27 17:04:30] BRUTE FORCE HYPERPARAMETER SEARCH WITH AUTO-SUBMISSION (EXHAUSTIVE MODE)
[2025-11-27 17:04:30] ======================================================================
[2025-11-27 17:04:30] Started at: 2025-11-27 17:04:30
[2025-11-27 17:04:30] Mode: FULL
[2025-11-27 17:04:30] Best R² to beat: 0.340000
[2025-11-27 17:04:30] Log file: logs/bruteforce_20251127_170430.log
[2025-11-27 17:04:30] 
[2025-11-27 17:04:30] Device Detection:
[2025-11-27 17:04:30]   PyTorch version: 2.7.1
[2025-11-27 17:04:30]   Requested: auto
[2025-11-27 17:04:30]   MPS available: ✓
[2025-11-27 17:04:30]   CUDA available: ✗
[2025-11-27 17:04:30]   Using: MPS
[2025-11-27 17:04:30] 
[2025-11-27 17:04:30] Loading data...
[2025-11-27 17:04:30] Train: 465,000 rows, 465 sequences
[2025-11-27 17:04:30] Val:   52,000 rows, 52 sequences
[2025-11-27 17:04:30] Features: 32
[2025-11-27 17:04:30] 
[2025-11-27 17:04:30] Total possible combinations (Cartesian product): 1
[2025-11-27 17:04:30] Configurations to run (cap): 1
[2025-11-27 17:04:30] Starting exhaustive brute force search...
[2025-11-27 17:04:30] 
[2025-11-27 17:04:30] 
======================================================================
[2025-11-27 17:04:30] Config 1/1 - Starting Training:
[2025-11-27 17:04:30]   Architecture:
[2025-11-27 17:04:30]     Lookback: 100, Hidden: 384, Layers: 1, Dropout: 0.1
[2025-11-27 17:04:30]     Bidirectional: True, GRU: True
[2025-11-27 17:04:30]   Output Head:
[2025-11-27 17:04:30]     FC Layers: 2, FC Hidden: 256, Activation: relu
[2025-11-27 17:04:30]     FC Dropout: 0.2, Batch Norm: True
[2025-11-27 17:04:30]   Training:
[2025-11-27 17:04:30]     Batch Size: 256, LR: 0.001, Weight Decay: 0.0001
[2025-11-27 17:04:30]     Optimizer: adam, Grad Clip: 5.0, LR Patience: 3
