[2025-11-30 09:04:03] ======================================================================
[2025-11-30 09:04:03] BRUTE FORCE HYPERPARAMETER SEARCH WITH AUTO-SUBMISSION (EXHAUSTIVE MODE)
[2025-11-30 09:04:03] ======================================================================
[2025-11-30 09:04:03] Started at: 2025-11-30 09:04:03
[2025-11-30 09:04:03] Mode: FULL
[2025-11-30 09:04:03] Best R² to beat: 0.340000
[2025-11-30 09:04:03] Log file: logs/bruteforce_20251130_090403.log
[2025-11-30 09:04:03] 
[2025-11-30 09:04:03] Device Detection:
[2025-11-30 09:04:03]   PyTorch version: 2.7.1
[2025-11-30 09:04:03]   Requested: auto
[2025-11-30 09:04:03]   MPS available: ✓
[2025-11-30 09:04:03]   CUDA available: ✗
[2025-11-30 09:04:03]   Using: MPS
[2025-11-30 09:04:03] 
[2025-11-30 09:04:03] Loading data...
[2025-11-30 09:04:03] Train: 465,000 rows, 465 sequences
[2025-11-30 09:04:03] Val:   52,000 rows, 52 sequences
[2025-11-30 09:04:03] Features: 32
[2025-11-30 09:04:03] 
[2025-11-30 09:04:03] Total possible combinations (Cartesian product): 1
[2025-11-30 09:04:03] Configurations to run (cap): 1
[2025-11-30 09:04:03] Starting exhaustive brute force search...
[2025-11-30 09:04:03] 
[2025-11-30 09:04:03] 
======================================================================
[2025-11-30 09:04:03] Config 1/1 - Starting Training:
[2025-11-30 09:04:03]   Architecture:
[2025-11-30 09:04:03]     Lookback: 100, Hidden: 256, Layers: 1, Dropout: 0.1
[2025-11-30 09:04:03]     Bidirectional: True, GRU: True
[2025-11-30 09:04:03]   Output Head:
[2025-11-30 09:04:03]     FC Layers: 3, FC Hidden: 800, Activation: relu
[2025-11-30 09:04:03]     FC Dropout: 0.2, Batch Norm: True
[2025-11-30 09:04:03]   Training:
[2025-11-30 09:04:03]     Batch Size: 256, LR: 0.001, Weight Decay: 0.0001
[2025-11-30 09:04:03]     Optimizer: adam, Grad Clip: 5.0, LR Patience: 3
[2025-11-30 09:10:48]     Epoch  1/100: Val R²=0.3542 Train R²=0.3431 Gap=-0.0112 ✓
[2025-11-30 09:17:26]     Epoch  2/100: Val R²=0.3532 Train R²=0.3654 Gap=0.0122  
[2025-11-30 09:24:03]     Epoch  3/100: Val R²=0.3558 Train R²=0.3701 Gap=0.0144 ✓
[2025-11-30 09:30:40]     Epoch  4/100: Val R²=0.3607 Train R²=0.3723 Gap=0.0115 ✓
[2025-11-30 09:37:18]     Epoch  5/100: Val R²=0.3607 Train R²=0.3743 Gap=0.0136  
[2025-11-30 09:43:56]     Epoch  6/100: Val R²=0.3649 Train R²=0.3754 Gap=0.0105 ✓
[2025-11-30 09:50:34]     Epoch  7/100: Val R²=0.3609 Train R²=0.3762 Gap=0.0154  
[2025-11-30 09:57:10]     Epoch  8/100: Val R²=0.3630 Train R²=0.3771 Gap=0.0141  
[2025-11-30 10:03:47]     Epoch  9/100: Val R²=0.3624 Train R²=0.3772 Gap=0.0148  
[2025-11-30 10:10:24]     Epoch 10/100: Val R²=0.3621 Train R²=0.3783 Gap=0.0161  
[2025-11-30 10:17:02]     Epoch 11/100: Val R²=0.3699 Train R²=0.3845 Gap=0.0146 ✓
[2025-11-30 10:23:40]     Epoch 12/100: Val R²=0.3716 Train R²=0.3858 Gap=0.0142 ✓
[2025-11-30 10:30:16]     Epoch 13/100: Val R²=0.3677 Train R²=0.3864 Gap=0.0187  
[2025-11-30 10:36:57]     Epoch 14/100: Val R²=0.3716 Train R²=0.3870 Gap=0.0154 ✓
[2025-11-30 10:43:37]     Epoch 15/100: Val R²=0.3636 Train R²=0.3874 Gap=0.0238  
[2025-11-30 10:50:14]     Epoch 16/100: Val R²=0.3702 Train R²=0.3879 Gap=0.0177  
[2025-11-30 10:56:51]     Epoch 17/100: Val R²=0.3749 Train R²=0.3925 Gap=0.0175 ✓
[2025-11-30 11:03:27]     Epoch 18/100: Val R²=0.3739 Train R²=0.3936 Gap=0.0197  
[2025-11-30 11:10:05]     Epoch 19/100: Val R²=0.3739 Train R²=0.3941 Gap=0.0202  
[2025-11-30 11:16:43]     Epoch 20/100: Val R²=0.3763 Train R²=0.3945 Gap=0.0182 ✓
[2025-11-30 11:23:22]     Epoch 21/100: Val R²=0.3750 Train R²=0.3949 Gap=0.0199  
[2025-11-30 11:30:00]     Epoch 22/100: Val R²=0.3750 Train R²=0.3951 Gap=0.0201  
[2025-11-30 11:36:37]     Epoch 23/100: Val R²=0.3760 Train R²=0.3960 Gap=0.0201  
[2025-11-30 11:43:14]     Epoch 24/100: Val R²=0.3756 Train R²=0.3961 Gap=0.0205  
[2025-11-30 11:49:53]     Epoch 25/100: Val R²=0.3765 Train R²=0.3996 Gap=0.0231 ✓
[2025-11-30 12:00:33]     Epoch 26/100: Val R²=0.3769 Train R²=0.4006 Gap=0.0237 ✓
[2025-11-30 12:11:37]     Epoch 27/100: Val R²=0.3774 Train R²=0.4014 Gap=0.0240 ✓
[2025-11-30 12:22:08]     Epoch 28/100: Val R²=0.3771 Train R²=0.4017 Gap=0.0246  
[2025-11-30 12:35:14]     Epoch 29/100: Val R²=0.3769 Train R²=0.4020 Gap=0.0252  
[2025-11-30 12:48:15]     Epoch 30/100: Val R²=0.3752 Train R²=0.4025 Gap=0.0273  
[2025-11-30 13:01:18]     Epoch 31/100: Val R²=0.3763 Train R²=0.4026 Gap=0.0263  
[2025-11-30 13:14:30]     Epoch 32/100: Val R²=0.3784 Train R²=0.4052 Gap=0.0268 ✓
[2025-11-30 13:28:16]     Epoch 33/100: Val R²=0.3780 Train R²=0.4060 Gap=0.0281  
[2025-11-30 13:42:20]     Epoch 34/100: Val R²=0.3778 Train R²=0.4065 Gap=0.0288  
[2025-11-30 13:56:17]     Epoch 35/100: Val R²=0.3775 Train R²=0.4066 Gap=0.0292  
[2025-11-30 14:10:25]     Epoch 36/100: Val R²=0.3782 Train R²=0.4069 Gap=0.0287  
[2025-11-30 14:27:20]     Epoch 37/100: Val R²=0.3772 Train R²=0.4087 Gap=0.0315  
[2025-11-30 14:41:31]     Epoch 38/100: Val R²=0.3778 Train R²=0.4092 Gap=0.0314  
[2025-11-30 14:55:42]     Epoch 39/100: Val R²=0.3780 Train R²=0.4093 Gap=0.0313  
[2025-11-30 15:09:51]     Epoch 40/100: Val R²=0.3781 Train R²=0.4092 Gap=0.0312  
[2025-11-30 15:23:49]     Epoch 41/100: Val R²=0.3780 Train R²=0.4107 Gap=0.0328  
[2025-11-30 15:37:52]     Epoch 42/100: Val R²=0.3778 Train R²=0.4110 Gap=0.0331  
[2025-11-30 15:37:52]     Early stopped at epoch 42
[2025-11-30 15:37:52] 
======================================================================
[2025-11-30 15:37:52] Config 1/1 Complete:
[2025-11-30 15:37:52]   Best Val R²: 0.378418 (epoch 32)
[2025-11-30 15:37:52]   Best Global R²: 0.340000
[2025-11-30 15:37:52]   Overfitting Gap: 0.026769
[2025-11-30 15:37:52]   Parameters: 1,525,472
[2025-11-30 15:37:52]   Training Time: 23629.1s
[2025-11-30 15:37:52] 
🎉🎉🎉 NEW GLOBAL BEST! R² improved from 0.340000 to 0.378418
[2025-11-30 15:37:52] 
======================================================================
[2025-11-30 15:37:52] 🏆 CREATING SUBMISSION - NEW BEST MODEL!
[2025-11-30 15:37:52] ======================================================================
[2025-11-30 15:37:52]   Val R²: 0.378418
[2025-11-30 15:37:52]   Directory: ../submissions/bruteforce_r2_03784_20251130_090403_cfg1
[2025-11-30 15:37:52]   Saved model: model_best.pt
[2025-11-30 15:37:52]   Generated: solution.py
[2025-11-30 15:37:52]   Copied: utils.py
[2025-11-30 15:37:52]   Saved: metadata.json
[2025-11-30 15:37:52] ======================================================================

[2025-11-30 15:37:52]   Results saved to models/bruteforce_search_results_20251130_090403.csv
[2025-11-30 15:37:52] 
======================================================================
[2025-11-30 15:37:52] SEARCH COMPLETE
[2025-11-30 15:37:52] ======================================================================
[2025-11-30 15:37:52] Total time: 393.8 minutes
[2025-11-30 15:37:52] Successful configs: 1/1
[2025-11-30 15:37:52] Final best R²: 0.378418
[2025-11-30 15:37:52] Submissions created: 1
[2025-11-30 15:37:52] Results saved: models/bruteforce_search_results_20251130_090403.csv
[2025-11-30 15:37:52] 
[2025-11-30 15:37:52] Top 5 configurations:
[2025-11-30 15:37:52] 
 config_id  best_val_r2  overfitting_gap  lookback  hidden_size  num_layers  dropout  n_parameters
         1     0.378418         0.026769       100          256           1      0.1       1525472
[2025-11-30 15:37:52] 
Submissions log saved: models/bruteforce_submissions_log.csv
[2025-11-30 15:37:52] 
Submissions created:
[2025-11-30 15:37:52]   ../submissions/bruteforce_r2_03784_20251130_090403_cfg1 (R²=0.378418)
