[2025-11-26 16:49:08] ======================================================================
[2025-11-26 16:49:08] BRUTE FORCE HYPERPARAMETER SEARCH WITH AUTO-SUBMISSION (EXHAUSTIVE MODE)
[2025-11-26 16:49:08] ======================================================================
[2025-11-26 16:49:08] Started at: 2025-11-26 16:49:08
[2025-11-26 16:49:08] Mode: FULL
[2025-11-26 16:49:08] Best R² to beat: 0.340000
[2025-11-26 16:49:08] Log file: logs/bruteforce_20251126_164908.log
[2025-11-26 16:49:08] 
[2025-11-26 16:49:08] Device Detection:
[2025-11-26 16:49:08]   PyTorch version: 2.7.1
[2025-11-26 16:49:08]   Requested: auto
[2025-11-26 16:49:08]   MPS available: ✓
[2025-11-26 16:49:08]   CUDA available: ✗
[2025-11-26 16:49:08]   Using: MPS
[2025-11-26 16:49:08] 
[2025-11-26 16:49:08] Loading data...
[2025-11-26 16:49:08] Train: 465,000 rows, 465 sequences
[2025-11-26 16:49:08] Val:   52,000 rows, 52 sequences
[2025-11-26 16:49:08] Features: 32
[2025-11-26 16:49:08] 
[2025-11-26 16:49:08] Total possible combinations (Cartesian product): 1
[2025-11-26 16:49:08] Configurations to run (cap): 1
[2025-11-26 16:49:08] Starting exhaustive brute force search...
[2025-11-26 16:49:08] 
[2025-11-26 16:49:08] 
======================================================================
[2025-11-26 16:49:08] Config 1/1 - Starting Training:
[2025-11-26 16:49:08]   Architecture:
[2025-11-26 16:49:08]     Lookback: 100, Hidden: 128, Layers: 1, Dropout: 0.1
[2025-11-26 16:49:08]     Bidirectional: True, GRU: True
[2025-11-26 16:49:08]   Output Head:
[2025-11-26 16:49:08]     FC Layers: 2, FC Hidden: 256, Activation: gelu
[2025-11-26 16:49:08]     FC Dropout: 0.2, Batch Norm: True
[2025-11-26 16:49:08]   Training:
[2025-11-26 16:49:08]     Batch Size: 256, LR: 0.001, Weight Decay: 0.0001
[2025-11-26 16:49:08]     Optimizer: adam, Grad Clip: 5.0, LR Patience: 3
[2025-11-26 16:55:30]     Epoch  1/60: Val R²=0.3520 Train R²=0.3456 Gap=-0.0065 ✓
[2025-11-26 17:02:03]     Epoch  2/60: Val R²=0.3569 Train R²=0.3681 Gap=0.0112 ✓
[2025-11-26 17:08:24]     Epoch  3/60: Val R²=0.3618 Train R²=0.3726 Gap=0.0108 ✓
[2025-11-26 17:14:43]     Epoch  4/60: Val R²=0.3639 Train R²=0.3749 Gap=0.0110 ✓
[2025-11-26 17:21:01]     Epoch  5/60: Val R²=0.3617 Train R²=0.3765 Gap=0.0148  
[2025-11-26 17:27:17]     Epoch  6/60: Val R²=0.3661 Train R²=0.3774 Gap=0.0113 ✓
[2025-11-26 17:33:33]     Epoch  7/60: Val R²=0.3619 Train R²=0.3784 Gap=0.0165  
[2025-11-26 17:39:49]     Epoch  8/60: Val R²=0.3656 Train R²=0.3792 Gap=0.0136  
[2025-11-26 17:46:05]     Epoch  9/60: Val R²=0.3658 Train R²=0.3800 Gap=0.0142  
[2025-11-26 17:52:21]     Epoch 10/60: Val R²=0.3641 Train R²=0.3801 Gap=0.0160  
[2025-11-26 17:58:46]     Epoch 11/60: Val R²=0.3690 Train R²=0.3846 Gap=0.0156 ✓
[2025-11-26 18:05:11]     Epoch 12/60: Val R²=0.3704 Train R²=0.3855 Gap=0.0151 ✓
[2025-11-26 18:11:31]     Epoch 13/60: Val R²=0.3702 Train R²=0.3858 Gap=0.0156  
[2025-11-26 18:17:52]     Epoch 14/60: Val R²=0.3684 Train R²=0.3862 Gap=0.0178  
[2025-11-26 18:24:12]     Epoch 15/60: Val R²=0.3703 Train R²=0.3865 Gap=0.0162  
[2025-11-26 18:30:28]     Epoch 16/60: Val R²=0.3707 Train R²=0.3869 Gap=0.0162 ✓
[2025-11-26 18:36:43]     Epoch 17/60: Val R²=0.3689 Train R²=0.3871 Gap=0.0182  
[2025-11-26 18:42:58]     Epoch 18/60: Val R²=0.3703 Train R²=0.3871 Gap=0.0168  
[2025-11-26 18:49:20]     Epoch 19/60: Val R²=0.3701 Train R²=0.3874 Gap=0.0173  
[2025-11-26 18:55:47]     Epoch 20/60: Val R²=0.3690 Train R²=0.3876 Gap=0.0186  
[2025-11-26 19:02:11]     Epoch 21/60: Val R²=0.3727 Train R²=0.3907 Gap=0.0181 ✓
[2025-11-26 19:08:32]     Epoch 22/60: Val R²=0.3729 Train R²=0.3914 Gap=0.0184 ✓
[2025-11-26 19:14:54]     Epoch 23/60: Val R²=0.3722 Train R²=0.3913 Gap=0.0191  
[2025-11-26 19:21:18]     Epoch 24/60: Val R²=0.3714 Train R²=0.3918 Gap=0.0204  
[2025-11-26 19:27:42]     Epoch 25/60: Val R²=0.3709 Train R²=0.3918 Gap=0.0209  
[2025-11-26 19:34:06]     Epoch 26/60: Val R²=0.3705 Train R²=0.3918 Gap=0.0213  
[2025-11-26 19:40:28]     Epoch 27/60: Val R²=0.3734 Train R²=0.3938 Gap=0.0204 ✓
[2025-11-26 19:46:50]     Epoch 28/60: Val R²=0.3734 Train R²=0.3943 Gap=0.0209 ✓
[2025-11-26 19:53:15]     Epoch 29/60: Val R²=0.3734 Train R²=0.3943 Gap=0.0210  
[2025-11-26 19:59:42]     Epoch 30/60: Val R²=0.3739 Train R²=0.3947 Gap=0.0208 ✓
[2025-11-26 20:06:07]     Epoch 31/60: Val R²=0.3738 Train R²=0.3946 Gap=0.0208  
[2025-11-26 20:12:28]     Epoch 32/60: Val R²=0.3735 Train R²=0.3949 Gap=0.0214  
[2025-11-26 20:18:51]     Epoch 33/60: Val R²=0.3746 Train R²=0.3948 Gap=0.0202 ✓
[2025-11-26 20:25:19]     Epoch 34/60: Val R²=0.3734 Train R²=0.3950 Gap=0.0216  
[2025-11-26 20:31:51]     Epoch 35/60: Val R²=0.3734 Train R²=0.3950 Gap=0.0216  
[2025-11-26 20:38:20]     Epoch 36/60: Val R²=0.3736 Train R²=0.3952 Gap=0.0216  
[2025-11-26 20:44:49]     Epoch 37/60: Val R²=0.3740 Train R²=0.3952 Gap=0.0213  
[2025-11-26 20:51:18]     Epoch 38/60: Val R²=0.3730 Train R²=0.3967 Gap=0.0237  
[2025-11-26 20:57:48]     Epoch 39/60: Val R²=0.3741 Train R²=0.3967 Gap=0.0226  
[2025-11-26 21:04:12]     Epoch 40/60: Val R²=0.3734 Train R²=0.3970 Gap=0.0236  
[2025-11-26 21:10:36]     Epoch 41/60: Val R²=0.3738 Train R²=0.3968 Gap=0.0230  
[2025-11-26 21:16:47]     Epoch 42/60: Val R²=0.3740 Train R²=0.3979 Gap=0.0238  
[2025-11-26 21:22:54]     Epoch 43/60: Val R²=0.3744 Train R²=0.3978 Gap=0.0234  
[2025-11-26 21:22:54]     Early stopped at epoch 43
[2025-11-26 21:22:54] 
======================================================================
[2025-11-26 21:22:54] Config 1/1 Complete:
[2025-11-26 21:22:54]   Best Val R²: 0.374554 (epoch 33)
[2025-11-26 21:22:54]   Best Global R²: 0.340000
[2025-11-26 21:22:54]   Overfitting Gap: 0.020200
[2025-11-26 21:22:54]   Parameters: 198,944
[2025-11-26 21:22:54]   Training Time: 16426.1s
[2025-11-26 21:22:54] 
🎉🎉🎉 NEW GLOBAL BEST! R² improved from 0.340000 to 0.374554
[2025-11-26 21:22:54] 
======================================================================
[2025-11-26 21:22:54] 🏆 CREATING SUBMISSION - NEW BEST MODEL!
[2025-11-26 21:22:54] ======================================================================
[2025-11-26 21:22:54]   Val R²: 0.374554
[2025-11-26 21:22:54]   Directory: ../submissions/bruteforce_r2_03746_20251126_164908_cfg1
[2025-11-26 21:22:54]   Saved model: model_best.pt
[2025-11-26 21:22:54]   Generated: solution.py
[2025-11-26 21:22:54]   Copied: utils.py
[2025-11-26 21:22:54]   Saved: metadata.json
[2025-11-26 21:22:54] ======================================================================

[2025-11-26 21:22:54]   Results saved to models/bruteforce_search_results_20251126_164908.csv
[2025-11-26 21:22:54] 
======================================================================
[2025-11-26 21:22:54] SEARCH COMPLETE
[2025-11-26 21:22:54] ======================================================================
[2025-11-26 21:22:54] Total time: 273.8 minutes
[2025-11-26 21:22:54] Successful configs: 1/1
[2025-11-26 21:22:54] Final best R²: 0.374554
[2025-11-26 21:22:54] Submissions created: 1
[2025-11-26 21:22:54] Results saved: models/bruteforce_search_results_20251126_164908.csv
[2025-11-26 21:22:54] 
[2025-11-26 21:22:54] Top 5 configurations:
[2025-11-26 21:22:54] 
 config_id  best_val_r2  overfitting_gap  lookback  hidden_size  num_layers  dropout  n_parameters
         1     0.374554           0.0202       100          128           1      0.1        198944
[2025-11-26 21:22:54] 
Submissions log saved: models/bruteforce_submissions_log.csv
[2025-11-26 21:22:54] 
Submissions created:
[2025-11-26 21:22:54]   ../submissions/bruteforce_r2_03746_20251126_164908_cfg1 (R²=0.374554)
