[2025-10-29 17:36:54] ======================================================================
[2025-10-29 17:36:54] BRUTE FORCE HYPERPARAMETER SEARCH WITH AUTO-SUBMISSION (EXHAUSTIVE MODE)
[2025-10-29 17:36:54] ======================================================================
[2025-10-29 17:36:54] Started at: 2025-10-29 17:36:54
[2025-10-29 17:36:54] Mode: FULL
[2025-10-29 17:36:54] Best R² to beat: 0.340000
[2025-10-29 17:36:54] Log file: logs/bruteforce_20251029_173654.log
[2025-10-29 17:36:54] 
[2025-10-29 17:36:54] Device Detection:
[2025-10-29 17:36:54]   PyTorch version: 2.7.1
[2025-10-29 17:36:54]   Requested: auto
[2025-10-29 17:36:54]   MPS available: ✓
[2025-10-29 17:36:54]   CUDA available: ✗
[2025-10-29 17:36:54]   Using: MPS
[2025-10-29 17:36:54] 
[2025-10-29 17:36:54] Loading data...
[2025-10-29 17:36:54] Train: 465,000 rows, 465 sequences
[2025-10-29 17:36:54] Val:   52,000 rows, 52 sequences
[2025-10-29 17:36:54] Features: 32
[2025-10-29 17:36:54] 
[2025-10-29 17:36:54] Total possible combinations (Cartesian product): 1
[2025-10-29 17:36:54] Configurations to run (cap): 1
[2025-10-29 17:36:54] Starting exhaustive brute force search...
[2025-10-29 17:36:54] 
[2025-10-29 17:36:54] 
======================================================================
[2025-10-29 17:36:54] Config 1/1 - Starting Training:
[2025-10-29 17:36:54]   Architecture:
[2025-10-29 17:36:54]     Lookback: 50, Hidden: 128, Layers: 1, Dropout: 0.1
[2025-10-29 17:36:54]     Bidirectional: True, GRU: True
[2025-10-29 17:36:54]   Output Head:
[2025-10-29 17:36:54]     FC Layers: 2, FC Hidden: 256, Activation: relu
[2025-10-29 17:36:54]     FC Dropout: 0.2, Batch Norm: True
[2025-10-29 17:36:54]   Training:
[2025-10-29 17:36:54]     Batch Size: 256, LR: 0.001, Weight Decay: 0.0001
[2025-10-29 17:36:54]     Optimizer: adam, Grad Clip: 5.0, LR Patience: 3
[2025-10-29 17:40:09]     Epoch  1/60: Val R²=0.3490 Train R²=0.3430 Gap=-0.0059 ✓
[2025-10-29 17:43:27]     Epoch  2/60: Val R²=0.3554 Train R²=0.3662 Gap=0.0108 ✓
[2025-10-29 17:46:42]     Epoch  3/60: Val R²=0.3561 Train R²=0.3710 Gap=0.0149 ✓
[2025-10-29 17:50:05]     Epoch  4/60: Val R²=0.3582 Train R²=0.3739 Gap=0.0157 ✓
[2025-10-29 17:53:20]     Epoch  5/60: Val R²=0.3634 Train R²=0.3755 Gap=0.0121 ✓
[2025-10-29 17:56:27]     Epoch  6/60: Val R²=0.3632 Train R²=0.3770 Gap=0.0138  
[2025-10-29 17:59:35]     Epoch  7/60: Val R²=0.3650 Train R²=0.3779 Gap=0.0128 ✓
[2025-10-29 18:02:38]     Epoch  8/60: Val R²=0.3662 Train R²=0.3788 Gap=0.0126 ✓
[2025-10-29 18:05:34]     Epoch  9/60: Val R²=0.3656 Train R²=0.3795 Gap=0.0139  
[2025-10-29 18:08:30]     Epoch 10/60: Val R²=0.3649 Train R²=0.3800 Gap=0.0151  
[2025-10-29 18:11:26]     Epoch 11/60: Val R²=0.3669 Train R²=0.3806 Gap=0.0137 ✓
[2025-10-29 18:14:21]     Epoch 12/60: Val R²=0.3633 Train R²=0.3809 Gap=0.0176  
[2025-10-29 18:17:15]     Epoch 13/60: Val R²=0.3644 Train R²=0.3816 Gap=0.0172  
[2025-10-29 18:20:10]     Epoch 14/60: Val R²=0.3672 Train R²=0.3814 Gap=0.0142 ✓
[2025-10-29 18:23:05]     Epoch 15/60: Val R²=0.3654 Train R²=0.3819 Gap=0.0164  
[2025-10-29 18:26:00]     Epoch 16/60: Val R²=0.3629 Train R²=0.3820 Gap=0.0191  
[2025-10-29 18:28:55]     Epoch 17/60: Val R²=0.3666 Train R²=0.3823 Gap=0.0158  
[2025-10-29 18:31:50]     Epoch 18/60: Val R²=0.3641 Train R²=0.3823 Gap=0.0182  
[2025-10-29 18:34:47]     Epoch 19/60: Val R²=0.3714 Train R²=0.3866 Gap=0.0152 ✓
[2025-10-29 18:37:43]     Epoch 20/60: Val R²=0.3693 Train R²=0.3873 Gap=0.0179  
[2025-10-29 18:40:38]     Epoch 21/60: Val R²=0.3695 Train R²=0.3878 Gap=0.0183  
[2025-10-29 18:43:34]     Epoch 22/60: Val R²=0.3701 Train R²=0.3879 Gap=0.0178  
[2025-10-29 18:46:29]     Epoch 23/60: Val R²=0.3690 Train R²=0.3880 Gap=0.0190  
[2025-10-29 18:49:25]     Epoch 24/60: Val R²=0.3724 Train R²=0.3911 Gap=0.0187 ✓
[2025-10-29 18:52:21]     Epoch 25/60: Val R²=0.3733 Train R²=0.3915 Gap=0.0182 ✓
[2025-10-29 18:55:17]     Epoch 26/60: Val R²=0.3728 Train R²=0.3915 Gap=0.0187  
[2025-10-29 18:58:12]     Epoch 27/60: Val R²=0.3730 Train R²=0.3919 Gap=0.0189  
[2025-10-29 19:01:07]     Epoch 28/60: Val R²=0.3729 Train R²=0.3919 Gap=0.0190  
[2025-10-29 19:04:03]     Epoch 29/60: Val R²=0.3731 Train R²=0.3921 Gap=0.0191  
[2025-10-29 19:06:57]     Epoch 30/60: Val R²=0.3735 Train R²=0.3941 Gap=0.0205 ✓
[2025-10-29 19:09:53]     Epoch 31/60: Val R²=0.3748 Train R²=0.3944 Gap=0.0196 ✓
[2025-10-29 19:12:47]     Epoch 32/60: Val R²=0.3735 Train R²=0.3947 Gap=0.0212  
[2025-10-29 19:15:42]     Epoch 33/60: Val R²=0.3739 Train R²=0.3948 Gap=0.0209  
[2025-10-29 19:18:36]     Epoch 34/60: Val R²=0.3747 Train R²=0.3948 Gap=0.0201  
[2025-10-29 19:21:30]     Epoch 35/60: Val R²=0.3738 Train R²=0.3951 Gap=0.0213  
[2025-10-29 19:24:25]     Epoch 36/60: Val R²=0.3746 Train R²=0.3961 Gap=0.0215  
[2025-10-29 19:27:20]     Epoch 37/60: Val R²=0.3749 Train R²=0.3965 Gap=0.0216 ✓
[2025-10-29 19:30:25]     Epoch 38/60: Val R²=0.3748 Train R²=0.3968 Gap=0.0220  
[2025-10-29 19:33:28]     Epoch 39/60: Val R²=0.3746 Train R²=0.3966 Gap=0.0220  
[2025-10-29 19:36:24]     Epoch 40/60: Val R²=0.3747 Train R²=0.3968 Gap=0.0221  
[2025-10-29 19:39:19]     Epoch 41/60: Val R²=0.3749 Train R²=0.3969 Gap=0.0220  
[2025-10-29 19:42:13]     Epoch 42/60: Val R²=0.3749 Train R²=0.3975 Gap=0.0227  
[2025-10-29 19:45:08]     Epoch 43/60: Val R²=0.3744 Train R²=0.3977 Gap=0.0233  
[2025-10-29 19:48:02]     Epoch 44/60: Val R²=0.3746 Train R²=0.3979 Gap=0.0232  
[2025-10-29 19:48:02]     Early stopped at epoch 44
[2025-10-29 19:48:02] 
======================================================================
[2025-10-29 19:48:02] Config 1/1 Complete:
[2025-10-29 19:48:02]   Best Val R²: 0.374948 (epoch 37)
[2025-10-29 19:48:02]   Best Global R²: 0.340000
[2025-10-29 19:48:02]   Overfitting Gap: 0.021602
[2025-10-29 19:48:02]   Parameters: 198,944
[2025-10-29 19:48:02]   Training Time: 7868.8s
[2025-10-29 19:48:02] 
🎉🎉🎉 NEW GLOBAL BEST! R² improved from 0.340000 to 0.374948
[2025-10-29 19:48:02] 
======================================================================
[2025-10-29 19:48:02] 🏆 CREATING SUBMISSION - NEW BEST MODEL!
[2025-10-29 19:48:02] ======================================================================
[2025-10-29 19:48:02]   Val R²: 0.374948
[2025-10-29 19:48:02]   Directory: ../submissions/bruteforce_r2_03749_20251029_173654_cfg1
[2025-10-29 19:48:02]   Saved model: model_best.pt
[2025-10-29 19:48:02]   Generated: solution.py
[2025-10-29 19:48:02]   Copied: utils.py
[2025-10-29 19:48:02]   Saved: metadata.json
[2025-10-29 19:48:02] ======================================================================

[2025-10-29 19:48:02]   Results saved to models/bruteforce_search_results_20251029_173654.csv
[2025-10-29 19:48:02] 
======================================================================
[2025-10-29 19:48:02] SEARCH COMPLETE
[2025-10-29 19:48:02] ======================================================================
[2025-10-29 19:48:02] Total time: 131.1 minutes
[2025-10-29 19:48:02] Successful configs: 1/1
[2025-10-29 19:48:02] Final best R²: 0.374948
[2025-10-29 19:48:02] Submissions created: 1
[2025-10-29 19:48:02] Results saved: models/bruteforce_search_results_20251029_173654.csv
[2025-10-29 19:48:02] 
[2025-10-29 19:48:02] Top 5 configurations:
[2025-10-29 19:48:02] 
 config_id  best_val_r2  overfitting_gap  lookback  hidden_size  num_layers  dropout  n_parameters
         1     0.374948         0.021602        50          128           1      0.1        198944
[2025-10-29 19:48:02] 
Submissions log saved: models/bruteforce_submissions_log.csv
[2025-10-29 19:48:02] 
Submissions created:
[2025-10-29 19:48:02]   ../submissions/bruteforce_r2_03749_20251029_173654_cfg1 (R²=0.374948)
