[2025-11-27 23:41:59] ======================================================================
[2025-11-27 23:41:59] BRUTE FORCE HYPERPARAMETER SEARCH WITH AUTO-SUBMISSION (EXHAUSTIVE MODE)
[2025-11-27 23:41:59] ======================================================================
[2025-11-27 23:41:59] Started at: 2025-11-27 23:41:59
[2025-11-27 23:41:59] Mode: FULL
[2025-11-27 23:41:59] Best R² to beat: 0.340000
[2025-11-27 23:41:59] Log file: logs/bruteforce_20251127_234159.log
[2025-11-27 23:41:59] 
[2025-11-27 23:41:59] Device Detection:
[2025-11-27 23:41:59]   PyTorch version: 2.7.1
[2025-11-27 23:41:59]   Requested: auto
[2025-11-27 23:41:59]   MPS available: ✓
[2025-11-27 23:41:59]   CUDA available: ✗
[2025-11-27 23:41:59]   Using: MPS
[2025-11-27 23:41:59] 
[2025-11-27 23:41:59] Loading data...
[2025-11-27 23:42:00] Preprocessing data...
[2025-11-27 23:42:01] Saved preprocessing.pkl
[2025-11-27 23:42:01] Saved scaler.pkl
[2025-11-27 23:42:01] Train: 465,000 rows, 465 sequences
[2025-11-27 23:42:01] Val:   52,000 rows, 52 sequences
[2025-11-27 23:42:01] Features: 32
[2025-11-27 23:42:01] 
[2025-11-27 23:42:01] Total possible combinations (Cartesian product): 1
[2025-11-27 23:42:01] Configurations to run (cap): 1
[2025-11-27 23:42:01] Starting exhaustive brute force search...
[2025-11-27 23:42:01] 
[2025-11-27 23:42:01] 
======================================================================
[2025-11-27 23:42:01] Config 1/1 - Starting Training:
[2025-11-27 23:42:01]   Architecture:
[2025-11-27 23:42:01]     Lookback: 100, Hidden: 256, Layers: 1, Dropout: 0.1
[2025-11-27 23:42:01]     Bidirectional: True, GRU: True
[2025-11-27 23:42:01]   Output Head:
[2025-11-27 23:42:01]     FC Layers: 2, FC Hidden: 256, Activation: relu
[2025-11-27 23:42:01]     FC Dropout: 0.2, Batch Norm: True
[2025-11-27 23:42:01]   Training:
[2025-11-27 23:42:01]     Batch Size: 256, LR: 0.0001, Weight Decay: 0.0001
[2025-11-27 23:42:01]     Optimizer: adam, Grad Clip: 5.0, LR Patience: 3
[2025-11-27 23:57:31]     Epoch  1/100: Val R²=0.3407 Train R²=0.2968 Gap=-0.0439 ✓
[2025-11-28 00:13:26]     Epoch  2/100: Val R²=0.3531 Train R²=0.3481 Gap=-0.0050 ✓
[2025-11-28 00:29:22]     Epoch  3/100: Val R²=0.3564 Train R²=0.3604 Gap=0.0041 ✓
[2025-11-28 00:45:14]     Epoch  4/100: Val R²=0.3610 Train R²=0.3666 Gap=0.0056 ✓
[2025-11-28 01:01:00]     Epoch  5/100: Val R²=0.3641 Train R²=0.3705 Gap=0.0063 ✓
[2025-11-28 01:16:47]     Epoch  6/100: Val R²=0.3645 Train R²=0.3731 Gap=0.0087 ✓
[2025-11-28 01:32:29]     Epoch  7/100: Val R²=0.3669 Train R²=0.3752 Gap=0.0084 ✓
[2025-11-28 01:48:12]     Epoch  8/100: Val R²=0.3667 Train R²=0.3772 Gap=0.0105  
[2025-11-28 02:03:54]     Epoch  9/100: Val R²=0.3689 Train R²=0.3782 Gap=0.0093 ✓
[2025-11-28 02:19:42]     Epoch 10/100: Val R²=0.3694 Train R²=0.3795 Gap=0.0101 ✓
[2025-11-28 02:35:30]     Epoch 11/100: Val R²=0.3687 Train R²=0.3808 Gap=0.0121  
[2025-11-28 02:51:21]     Epoch 12/100: Val R²=0.3713 Train R²=0.3820 Gap=0.0107 ✓
[2025-11-28 03:06:56]     Epoch 13/100: Val R²=0.3708 Train R²=0.3827 Gap=0.0119  
[2025-11-28 03:22:44]     Epoch 14/100: Val R²=0.3726 Train R²=0.3836 Gap=0.0110 ✓
[2025-11-28 03:38:31]     Epoch 15/100: Val R²=0.3714 Train R²=0.3844 Gap=0.0130  
[2025-11-28 03:54:16]     Epoch 16/100: Val R²=0.3722 Train R²=0.3852 Gap=0.0129  
[2025-11-28 04:09:02]     Epoch 17/100: Val R²=0.3733 Train R²=0.3860 Gap=0.0128 ✓
[2025-11-28 04:21:33]     Epoch 18/100: Val R²=0.3740 Train R²=0.3866 Gap=0.0126 ✓
[2025-11-28 04:32:55]     Epoch 19/100: Val R²=0.3734 Train R²=0.3873 Gap=0.0139  
[2025-11-28 04:44:23]     Epoch 20/100: Val R²=0.3740 Train R²=0.3879 Gap=0.0139 ✓
[2025-11-28 04:55:47]     Epoch 21/100: Val R²=0.3751 Train R²=0.3888 Gap=0.0137 ✓
[2025-11-28 05:07:05]     Epoch 22/100: Val R²=0.3743 Train R²=0.3895 Gap=0.0152  
[2025-11-28 05:18:33]     Epoch 23/100: Val R²=0.3744 Train R²=0.3900 Gap=0.0156  
[2025-11-28 05:29:56]     Epoch 24/100: Val R²=0.3757 Train R²=0.3906 Gap=0.0149 ✓
[2025-11-28 05:41:18]     Epoch 25/100: Val R²=0.3765 Train R²=0.3914 Gap=0.0149 ✓
[2025-11-28 05:50:49]     Epoch 26/100: Val R²=0.3755 Train R²=0.3921 Gap=0.0165  
[2025-11-28 05:59:59]     Epoch 27/100: Val R²=0.3736 Train R²=0.3926 Gap=0.0190  
[2025-11-28 06:09:07]     Epoch 28/100: Val R²=0.3758 Train R²=0.3932 Gap=0.0174  
[2025-11-28 06:18:22]     Epoch 29/100: Val R²=0.3751 Train R²=0.3937 Gap=0.0186  
[2025-11-28 06:27:36]     Epoch 30/100: Val R²=0.3769 Train R²=0.3962 Gap=0.0193 ✓
[2025-11-28 06:36:56]     Epoch 31/100: Val R²=0.3765 Train R²=0.3969 Gap=0.0204  
[2025-11-28 06:45:59]     Epoch 32/100: Val R²=0.3777 Train R²=0.3974 Gap=0.0197 ✓
[2025-11-28 06:53:24]     Epoch 33/100: Val R²=0.3769 Train R²=0.3977 Gap=0.0208  
[2025-11-28 07:01:07]     Epoch 34/100: Val R²=0.3762 Train R²=0.3980 Gap=0.0219  
[2025-11-28 07:08:52]     Epoch 35/100: Val R²=0.3766 Train R²=0.3987 Gap=0.0220  
[2025-11-28 07:15:33]     Epoch 36/100: Val R²=0.3776 Train R²=0.3988 Gap=0.0212  
[2025-11-28 07:21:51]     Epoch 37/100: Val R²=0.3776 Train R²=0.4006 Gap=0.0230  
[2025-11-28 07:28:07]     Epoch 38/100: Val R²=0.3782 Train R²=0.4006 Gap=0.0225 ✓
[2025-11-28 07:34:26]     Epoch 39/100: Val R²=0.3772 Train R²=0.4010 Gap=0.0238  
[2025-11-28 07:40:44]     Epoch 40/100: Val R²=0.3774 Train R²=0.4013 Gap=0.0238  
[2025-11-28 07:47:02]     Epoch 41/100: Val R²=0.3769 Train R²=0.4013 Gap=0.0243  
[2025-11-28 07:53:32]     Epoch 42/100: Val R²=0.3762 Train R²=0.4018 Gap=0.0256  
[2025-11-28 07:59:58]     Epoch 43/100: Val R²=0.3775 Train R²=0.4025 Gap=0.0250  
[2025-11-28 08:06:16]     Epoch 44/100: Val R²=0.3774 Train R²=0.4025 Gap=0.0252  
[2025-11-28 08:12:32]     Epoch 45/100: Val R²=0.3771 Train R²=0.4029 Gap=0.0257  
[2025-11-28 08:18:50]     Epoch 46/100: Val R²=0.3776 Train R²=0.4030 Gap=0.0255  
[2025-11-28 08:25:08]     Epoch 47/100: Val R²=0.3771 Train R²=0.4034 Gap=0.0263  
[2025-11-28 08:31:27]     Epoch 48/100: Val R²=0.3771 Train R²=0.4035 Gap=0.0264  
[2025-11-28 08:31:27]     Early stopped at epoch 48
[2025-11-28 08:31:27] 
======================================================================
[2025-11-28 08:31:27] Config 1/1 Complete:
[2025-11-28 08:31:27]   Best Val R²: 0.378178 (epoch 38)
[2025-11-28 08:31:27]   Best Global R²: 0.340000
[2025-11-28 08:31:27]   Overfitting Gap: 0.022456
[2025-11-28 08:31:27]   Parameters: 585,504
[2025-11-28 08:31:27]   Training Time: 31766.3s
[2025-11-28 08:31:27] 
🎉🎉🎉 NEW GLOBAL BEST! R² improved from 0.340000 to 0.378178
[2025-11-28 08:31:27] 
======================================================================
[2025-11-28 08:31:27] 🏆 CREATING SUBMISSION - NEW BEST MODEL!
[2025-11-28 08:31:27] ======================================================================
[2025-11-28 08:31:27]   Val R²: 0.378178
[2025-11-28 08:31:27]   Directory: ../submissions/bruteforce_r2_03782_20251127_234159_cfg1
[2025-11-28 08:31:27]   Saved model: model_best.pt
[2025-11-28 08:31:27]   Copied scaler: scaler.pkl
[2025-11-28 08:31:27]   Generated: solution.py
[2025-11-28 08:31:27]   Copied: utils.py
[2025-11-28 08:31:27]   Saved: metadata.json
[2025-11-28 08:31:27] ======================================================================

[2025-11-28 08:31:27]   Results saved to models/bruteforce_search_results_20251127_234159.csv
[2025-11-28 08:31:27] 
======================================================================
[2025-11-28 08:31:27] SEARCH COMPLETE
[2025-11-28 08:31:27] ======================================================================
[2025-11-28 08:31:27] Total time: 529.4 minutes
[2025-11-28 08:31:27] Successful configs: 1/1
[2025-11-28 08:31:27] Final best R²: 0.378178
[2025-11-28 08:31:27] Submissions created: 1
[2025-11-28 08:31:27] Results saved: models/bruteforce_search_results_20251127_234159.csv
[2025-11-28 08:31:27] 
[2025-11-28 08:31:27] Top 5 configurations:
[2025-11-28 08:31:27] 
 config_id  best_val_r2  overfitting_gap  lookback  hidden_size  num_layers  dropout  n_parameters
         1     0.378178         0.022456       100          256           1      0.1        585504
[2025-11-28 08:31:27] 
Submissions log saved: models/bruteforce_submissions_log.csv
[2025-11-28 08:31:27] 
Submissions created:
[2025-11-28 08:31:27]   ../submissions/bruteforce_r2_03782_20251127_234159_cfg1 (R²=0.378178)
