[2025-10-29 22:10:03] ======================================================================
[2025-10-29 22:10:03] BRUTE FORCE TRANSFORMER SEARCH
[2025-10-29 22:10:03] ======================================================================
[2025-10-29 22:10:03] Using device: mps
[2025-10-29 22:10:03] Loading data...
[2025-10-29 22:10:03] Train: 413,000 rows, 413 sequences
[2025-10-29 22:10:03] Val:   104,000 rows, 104 sequences
[2025-10-29 22:10:03] Features: 32
[2025-10-29 22:10:03] Total possible combinations (Cartesian product): 16
[2025-10-29 22:10:03] Configurations to run (cap): 16
[2025-10-29 22:10:03] Starting transformer brute force search...
[2025-10-29 22:10:03] 
======================================================================
[2025-10-29 22:10:03] Config 1/16 - Starting Training:
[2025-10-29 22:10:03]   Lookback: 50, d_model: 128, nhead: 4
[2025-10-29 22:10:39]     Epoch  1/30: Val R²=0.3212 Train R²=0.3030 Gap=-0.0181 ✓
[2025-10-29 22:11:17]     Epoch  2/30: Val R²=0.3321 Train R²=0.3464 Gap=0.0143 ✓
[2025-10-29 22:11:53]     Epoch  3/30: Val R²=0.3374 Train R²=0.3574 Gap=0.0200 ✓
[2025-10-29 22:12:34]     Epoch  4/30: Val R²=0.3410 Train R²=0.3639 Gap=0.0229 ✓
[2025-10-29 22:13:14]     Epoch  5/30: Val R²=0.3428 Train R²=0.3679 Gap=0.0251 ✓
[2025-10-29 22:13:51]     Epoch  6/30: Val R²=0.3426 Train R²=0.3713 Gap=0.0287  
[2025-10-29 22:14:29]     Epoch  7/30: Val R²=0.3443 Train R²=0.3732 Gap=0.0289 ✓
[2025-10-29 22:15:07]     Epoch  8/30: Val R²=0.3438 Train R²=0.3752 Gap=0.0314  
[2025-10-29 22:15:46]     Epoch  9/30: Val R²=0.3460 Train R²=0.3766 Gap=0.0306 ✓
[2025-10-29 22:16:26]     Epoch 10/30: Val R²=0.3464 Train R²=0.3778 Gap=0.0314 ✓
[2025-10-29 22:17:12]     Epoch 11/30: Val R²=0.3491 Train R²=0.3791 Gap=0.0300 ✓
[2025-10-29 22:17:52]     Epoch 12/30: Val R²=0.3485 Train R²=0.3801 Gap=0.0316  
[2025-10-29 22:18:31]     Epoch 13/30: Val R²=0.3487 Train R²=0.3813 Gap=0.0326  
[2025-10-29 22:19:10]     Epoch 14/30: Val R²=0.3496 Train R²=0.3821 Gap=0.0324 ✓
[2025-10-29 22:19:49]     Epoch 15/30: Val R²=0.3506 Train R²=0.3827 Gap=0.0322 ✓
[2025-10-29 22:20:29]     Epoch 16/30: Val R²=0.3506 Train R²=0.3835 Gap=0.0329 ✓
[2025-10-29 22:21:09]     Epoch 17/30: Val R²=0.3494 Train R²=0.3842 Gap=0.0347  
[2025-10-29 22:21:47]     Epoch 18/30: Val R²=0.3484 Train R²=0.3849 Gap=0.0365  
[2025-10-29 22:22:27]     Epoch 19/30: Val R²=0.3513 Train R²=0.3853 Gap=0.0340 ✓
[2025-10-29 22:23:07]     Epoch 20/30: Val R²=0.3516 Train R²=0.3860 Gap=0.0344 ✓
[2025-10-29 22:23:47]     Epoch 21/30: Val R²=0.3505 Train R²=0.3865 Gap=0.0360  
[2025-10-29 22:24:25]     Epoch 22/30: Val R²=0.3518 Train R²=0.3869 Gap=0.0352 ✓
[2025-10-29 22:25:05]     Epoch 23/30: Val R²=0.3517 Train R²=0.3876 Gap=0.0359  
[2025-10-29 22:25:46]     Epoch 24/30: Val R²=0.3491 Train R²=0.3883 Gap=0.0392  
[2025-10-29 22:26:27]     Epoch 25/30: Val R²=0.3501 Train R²=0.3884 Gap=0.0383  
[2025-10-29 22:27:08]     Epoch 26/30: Val R²=0.3510 Train R²=0.3891 Gap=0.0381  
[2025-10-29 22:27:51]     Epoch 27/30: Val R²=0.3530 Train R²=0.3912 Gap=0.0382 ✓
[2025-10-29 22:28:32]     Epoch 28/30: Val R²=0.3516 Train R²=0.3911 Gap=0.0395  
[2025-10-29 22:29:14]     Epoch 29/30: Val R²=0.3516 Train R²=0.3919 Gap=0.0403  
[2025-10-29 22:29:52]     Epoch 30/30: Val R²=0.3528 Train R²=0.3920 Gap=0.0392  
[2025-10-29 22:29:52] 
======================================================================
[2025-10-29 22:29:52] Config 1/16 Complete:
[2025-10-29 22:29:52]   Best Val R²: 0.352990 (epoch 27)
[2025-10-29 22:29:52]   Best Global R²: 0.340000
[2025-10-29 22:29:52] 
🎉 NEW GLOBAL BEST! R² improved from 0.340000 to 0.352990
[2025-10-29 22:29:52] 
======================================================================
[2025-10-29 22:29:52] 🏆 CREATING TRANSFORMER SUBMISSION - NEW BEST MODEL!
[2025-10-29 22:29:52] ======================================================================
[2025-10-29 22:29:52]   Val R²: 0.352990
[2025-10-29 22:29:52]   Directory: ../submissions/bruteforce_transformer_r2_03530_20251029_221003_cfg1
[2025-10-29 22:29:52]   Saved model: model_best.pt
[2025-10-29 22:29:52]   Generated: solution.py
[2025-10-29 22:29:52]   Copied: utils.py
[2025-10-29 22:29:52]   Saved: metadata.json
[2025-10-29 22:29:52] ======================================================================

[2025-10-29 22:29:52]   Results saved to models/transformer_bruteforce_search_results_20251029_221003.csv
[2025-10-29 22:29:52] 
======================================================================
[2025-10-29 22:29:52] Config 2/16 - Starting Training:
[2025-10-29 22:29:52]   Lookback: 50, d_model: 128, nhead: 4
[2025-10-29 22:30:36]     Epoch  1/30: Val R²=0.3234 Train R²=0.3065 Gap=-0.0170 ✓
[2025-10-29 22:31:18]     Epoch  2/30: Val R²=0.3325 Train R²=0.3471 Gap=0.0146 ✓
