[2025-10-27 17:38:43] ======================================================================
[2025-10-27 17:38:43] BRUTE FORCE HYPERPARAMETER SEARCH WITH AUTO-SUBMISSION (EXHAUSTIVE MODE)
[2025-10-27 17:38:43] ======================================================================
[2025-10-27 17:38:43] Started at: 2025-10-27 17:38:43
[2025-10-27 17:38:43] Mode: FULL
[2025-10-27 17:38:43] Best R² to beat: 0.340000
[2025-10-27 17:38:43] Log file: logs/bruteforce_20251027_173843.log
[2025-10-27 17:38:43] 
[2025-10-27 17:38:43] Device Detection:
[2025-10-27 17:38:43]   PyTorch version: 2.7.1
[2025-10-27 17:38:43]   Requested: auto
[2025-10-27 17:38:43]   MPS available: ✓
[2025-10-27 17:38:43]   CUDA available: ✗
[2025-10-27 17:38:43]   Using: MPS
[2025-10-27 17:38:43] 
[2025-10-27 17:38:43] Loading data...
[2025-10-27 17:38:43] Train: 413,000 rows, 413 sequences
[2025-10-27 17:38:43] Val:   104,000 rows, 104 sequences
[2025-10-27 17:38:43] Features: 32
[2025-10-27 17:38:43] 
[2025-10-27 17:38:43] Total possible combinations (Cartesian product): 1
[2025-10-27 17:38:43] Configurations to run (cap): 1
[2025-10-27 17:38:43] Starting exhaustive brute force search...
[2025-10-27 17:38:43] 
[2025-10-27 17:38:43] 
======================================================================
[2025-10-27 17:38:43] Config 1/1 - Starting Training:
[2025-10-27 17:38:43]   Architecture:
[2025-10-27 17:38:43]     Lookback: 50, Hidden: 128, Layers: 1, Dropout: 0.1
[2025-10-27 17:38:43]     Bidirectional: True, GRU: True
[2025-10-27 17:38:43]   Output Head:
[2025-10-27 17:38:43]     FC Layers: 2, FC Hidden: 256, Activation: relu
[2025-10-27 17:38:43]     FC Dropout: 0.2, Batch Norm: True
[2025-10-27 17:38:43]   Training:
[2025-10-27 17:38:43]     Batch Size: 256, LR: 0.001, Weight Decay: 0.0001
[2025-10-27 17:38:43]     Optimizer: adam, Grad Clip: 5.0, LR Patience: 3
[2025-10-27 17:42:03]     Epoch  1/100: Val R²=0.3310 Train R²=0.3468 Gap=0.0158 ✓
[2025-10-27 17:45:23]     Epoch  2/100: Val R²=0.3394 Train R²=0.3715 Gap=0.0321 ✓
[2025-10-27 17:48:40]     Epoch  3/100: Val R²=0.3445 Train R²=0.3760 Gap=0.0314 ✓
[2025-10-27 17:51:58]     Epoch  4/100: Val R²=0.3449 Train R²=0.3786 Gap=0.0337 ✓
[2025-10-27 17:55:17]     Epoch  5/100: Val R²=0.3455 Train R²=0.3810 Gap=0.0356 ✓
[2025-10-27 17:58:32]     Epoch  6/100: Val R²=0.3493 Train R²=0.3821 Gap=0.0328 ✓
[2025-10-27 18:01:47]     Epoch  7/100: Val R²=0.3482 Train R²=0.3834 Gap=0.0352  
[2025-10-27 18:05:01]     Epoch  8/100: Val R²=0.3475 Train R²=0.3841 Gap=0.0366  
[2025-10-27 18:08:15]     Epoch  9/100: Val R²=0.3510 Train R²=0.3848 Gap=0.0338 ✓
[2025-10-27 18:11:30]     Epoch 10/100: Val R²=0.3509 Train R²=0.3854 Gap=0.0345  
[2025-10-27 18:14:45]     Epoch 11/100: Val R²=0.3484 Train R²=0.3858 Gap=0.0374  
[2025-10-27 18:18:03]     Epoch 12/100: Val R²=0.3501 Train R²=0.3863 Gap=0.0362  
[2025-10-27 18:21:35]     Epoch 13/100: Val R²=0.3512 Train R²=0.3869 Gap=0.0357 ✓
[2025-10-27 18:25:07]     Epoch 14/100: Val R²=0.3505 Train R²=0.3871 Gap=0.0366  
[2025-10-27 18:28:33]     Epoch 15/100: Val R²=0.3512 Train R²=0.3875 Gap=0.0363 ✓
[2025-10-27 18:31:56]     Epoch 16/100: Val R²=0.3511 Train R²=0.3877 Gap=0.0365  
[2025-10-27 18:35:22]     Epoch 17/100: Val R²=0.3510 Train R²=0.3879 Gap=0.0369  
[2025-10-27 18:38:54]     Epoch 18/100: Val R²=0.3519 Train R²=0.3882 Gap=0.0363 ✓
[2025-10-27 18:42:32]     Epoch 19/100: Val R²=0.3529 Train R²=0.3887 Gap=0.0358 ✓
[2025-10-27 18:46:07]     Epoch 20/100: Val R²=0.3499 Train R²=0.3888 Gap=0.0389  
[2025-10-27 18:49:40]     Epoch 21/100: Val R²=0.3527 Train R²=0.3889 Gap=0.0362  
[2025-10-27 18:53:11]     Epoch 22/100: Val R²=0.3529 Train R²=0.3894 Gap=0.0365 ✓
[2025-10-27 18:56:50]     Epoch 23/100: Val R²=0.3519 Train R²=0.3891 Gap=0.0372  
[2025-10-27 19:00:24]     Epoch 24/100: Val R²=0.3521 Train R²=0.3895 Gap=0.0373  
[2025-10-27 19:03:52]     Epoch 25/100: Val R²=0.3521 Train R²=0.3895 Gap=0.0374  
[2025-10-27 19:07:22]     Epoch 26/100: Val R²=0.3522 Train R²=0.3898 Gap=0.0376  
[2025-10-27 19:10:51]     Epoch 27/100: Val R²=0.3570 Train R²=0.3940 Gap=0.0370 ✓
[2025-10-27 19:14:23]     Epoch 28/100: Val R²=0.3548 Train R²=0.3949 Gap=0.0401  
[2025-10-27 19:17:55]     Epoch 29/100: Val R²=0.3560 Train R²=0.3952 Gap=0.0392  
[2025-10-27 19:21:05]     Epoch 30/100: Val R²=0.3566 Train R²=0.3951 Gap=0.0385  
[2025-10-27 19:24:03]     Epoch 31/100: Val R²=0.3557 Train R²=0.3954 Gap=0.0397  
[2025-10-27 19:27:12]     Epoch 32/100: Val R²=0.3579 Train R²=0.3988 Gap=0.0409 ✓
[2025-10-27 19:30:20]     Epoch 33/100: Val R²=0.3582 Train R²=0.3993 Gap=0.0410 ✓
[2025-10-27 19:33:16]     Epoch 34/100: Val R²=0.3576 Train R²=0.3995 Gap=0.0418  
[2025-10-27 19:36:21]     Epoch 35/100: Val R²=0.3584 Train R²=0.3995 Gap=0.0411 ✓
[2025-10-27 19:39:25]     Epoch 36/100: Val R²=0.3580 Train R²=0.3995 Gap=0.0415  
[2025-10-27 19:42:26]     Epoch 37/100: Val R²=0.3582 Train R²=0.3997 Gap=0.0415  
[2025-10-27 19:45:32]     Epoch 38/100: Val R²=0.3594 Train R²=0.3998 Gap=0.0404 ✓
[2025-10-27 19:48:39]     Epoch 39/100: Val R²=0.3577 Train R²=0.3999 Gap=0.0422  
[2025-10-27 19:51:46]     Epoch 40/100: Val R²=0.3585 Train R²=0.4003 Gap=0.0419  
[2025-10-27 19:54:53]     Epoch 41/100: Val R²=0.3584 Train R²=0.4003 Gap=0.0419  
[2025-10-27 19:58:01]     Epoch 42/100: Val R²=0.3579 Train R²=0.4005 Gap=0.0425  
[2025-10-27 20:01:08]     Epoch 43/100: Val R²=0.3587 Train R²=0.4023 Gap=0.0437  
[2025-10-27 20:04:15]     Epoch 44/100: Val R²=0.3595 Train R²=0.4026 Gap=0.0431 ✓
[2025-10-27 20:07:23]     Epoch 45/100: Val R²=0.3597 Train R²=0.4026 Gap=0.0429 ✓
[2025-10-27 20:10:27]     Epoch 46/100: Val R²=0.3592 Train R²=0.4032 Gap=0.0441  
[2025-10-27 20:13:38]     Epoch 47/100: Val R²=0.3591 Train R²=0.4032 Gap=0.0442  
[2025-10-27 20:16:51]     Epoch 48/100: Val R²=0.3589 Train R²=0.4031 Gap=0.0442  
[2025-10-27 20:20:03]     Epoch 49/100: Val R²=0.3590 Train R²=0.4034 Gap=0.0444  
[2025-10-27 20:23:02]     Epoch 50/100: Val R²=0.3596 Train R²=0.4045 Gap=0.0449  
[2025-10-27 20:26:12]     Epoch 51/100: Val R²=0.3597 Train R²=0.4050 Gap=0.0453 ✓
[2025-10-27 20:29:25]     Epoch 52/100: Val R²=0.3593 Train R²=0.4051 Gap=0.0458  
[2025-10-27 20:32:37]     Epoch 53/100: Val R²=0.3594 Train R²=0.4050 Gap=0.0457  
[2025-10-27 20:35:49]     Epoch 54/100: Val R²=0.3598 Train R²=0.4060 Gap=0.0462 ✓
[2025-10-27 20:39:02]     Epoch 55/100: Val R²=0.3595 Train R²=0.4060 Gap=0.0464  
[2025-10-27 20:42:01]     Epoch 56/100: Val R²=0.3595 Train R²=0.4059 Gap=0.0464  
[2025-10-27 20:45:09]     Epoch 57/100: Val R²=0.3596 Train R²=0.4058 Gap=0.0462  
[2025-10-27 20:48:16]     Epoch 58/100: Val R²=0.3595 Train R²=0.4061 Gap=0.0466  
[2025-10-27 20:51:24]     Epoch 59/100: Val R²=0.3599 Train R²=0.4065 Gap=0.0466 ✓
[2025-10-27 20:54:36]     Epoch 60/100: Val R²=0.3597 Train R²=0.4065 Gap=0.0468  
[2025-10-27 20:57:50]     Epoch 61/100: Val R²=0.3597 Train R²=0.4066 Gap=0.0470  
[2025-10-27 21:01:03]     Epoch 62/100: Val R²=0.3599 Train R²=0.4066 Gap=0.0467 ✓
[2025-10-27 21:04:11]     Epoch 63/100: Val R²=0.3597 Train R²=0.4067 Gap=0.0469  
[2025-10-27 21:07:09]     Epoch 64/100: Val R²=0.3596 Train R²=0.4064 Gap=0.0468  
[2025-10-27 21:10:21]     Epoch 65/100: Val R²=0.3598 Train R²=0.4066 Gap=0.0469  
[2025-10-27 21:13:25]     Epoch 66/100: Val R²=0.3595 Train R²=0.4068 Gap=0.0473  
[2025-10-27 21:16:24]     Epoch 67/100: Val R²=0.3598 Train R²=0.4069 Gap=0.0471  
[2025-10-27 21:19:23]     Epoch 68/100: Val R²=0.3597 Train R²=0.4070 Gap=0.0473  
[2025-10-27 21:22:22]     Epoch 69/100: Val R²=0.3597 Train R²=0.4070 Gap=0.0474  
[2025-10-27 21:22:22]     Early stopped at epoch 69
[2025-10-27 21:22:22] 
======================================================================
[2025-10-27 21:22:22] Config 1/1 Complete:
[2025-10-27 21:22:22]   Best Val R²: 0.359888 (epoch 62)
[2025-10-27 21:22:22]   Best Global R²: 0.340000
[2025-10-27 21:22:22]   Overfitting Gap: 0.046699
[2025-10-27 21:22:22]   Parameters: 198,944
[2025-10-27 21:22:22]   Training Time: 13419.5s
[2025-10-27 21:22:22] 
🎉🎉🎉 NEW GLOBAL BEST! R² improved from 0.340000 to 0.359888
[2025-10-27 21:22:22] 
======================================================================
[2025-10-27 21:22:22] 🏆 CREATING SUBMISSION - NEW BEST MODEL!
[2025-10-27 21:22:22] ======================================================================
[2025-10-27 21:22:22]   Val R²: 0.359888
[2025-10-27 21:22:22]   Directory: ../submissions/bruteforce_r2_03599_20251027_173843_cfg1
[2025-10-27 21:22:22]   Saved model: model_best.pt
[2025-10-27 21:22:22]   Generated: solution.py
[2025-10-27 21:22:22]   Copied: utils.py
[2025-10-27 21:22:22]   Saved: metadata.json
[2025-10-27 21:22:22] ======================================================================

[2025-10-27 21:22:22]   Results saved to models/bruteforce_search_results_20251027_173843.csv
[2025-10-27 21:22:22] 
======================================================================
[2025-10-27 21:22:22] SEARCH COMPLETE
[2025-10-27 21:22:22] ======================================================================
[2025-10-27 21:22:22] Total time: 223.7 minutes
[2025-10-27 21:22:22] Successful configs: 1/1
[2025-10-27 21:22:22] Final best R²: 0.359888
[2025-10-27 21:22:22] Submissions created: 1
[2025-10-27 21:22:22] Results saved: models/bruteforce_search_results_20251027_173843.csv
[2025-10-27 21:22:22] 
[2025-10-27 21:22:22] Top 5 configurations:
[2025-10-27 21:22:22] 
 config_id  best_val_r2  overfitting_gap  lookback  hidden_size  num_layers  dropout  n_parameters
         1     0.359888         0.046699        50          128           1      0.1        198944
[2025-10-27 21:22:22] 
Submissions log saved: models/bruteforce_submissions_log.csv
[2025-10-27 21:22:22] 
Submissions created:
[2025-10-27 21:22:22]   ../submissions/bruteforce_r2_03599_20251027_173843_cfg1 (R²=0.359888)
