[2025-11-20 10:36:46] ======================================================================
[2025-11-20 10:36:46] BRUTE FORCE HYPERPARAMETER SEARCH (ENC-DEC LSTM)
[2025-11-20 10:36:46] ======================================================================
[2025-11-20 10:36:46] Started at: 2025-11-20 10:36:46
[2025-11-20 10:36:46] Mode: TEST
[2025-11-20 10:36:46] Best R² to beat: 0.340000
[2025-11-20 10:36:46] Log file: logs/bruteforce_20251120_103646.log
[2025-11-20 10:36:46] 
[2025-11-20 10:36:46] Device Detection:
[2025-11-20 10:36:46]   PyTorch version: 2.7.1
[2025-11-20 10:36:46]   Requested: auto
[2025-11-20 10:36:46]   MPS available: ✓
[2025-11-20 10:36:46]   CUDA available: ✗
[2025-11-20 10:36:46]   Using: MPS
[2025-11-20 10:36:46] 
[2025-11-20 10:36:46] Loading data...
[2025-11-20 10:36:46] Train: 8,000 rows, 8 sequences
[2025-11-20 10:36:46] Val:   2,000 rows, 2 sequences
[2025-11-20 10:36:46] Features: 32
[2025-11-20 10:36:46] 
[2025-11-20 10:36:46] Total possible combinations (Cartesian product): 2,048
[2025-11-20 10:36:46] Configurations to run (cap): 1000
[2025-11-20 10:36:46] Starting exhaustive brute force search...

[2025-11-20 10:36:46] 
======================================================================
[2025-11-20 10:36:46] Config 1/1000 - Starting Training:
[2025-11-20 10:36:46]   Architecture:
[2025-11-20 10:36:46]     Lookback: 50, Hidden: 128, Layers: 1, Dropout: 0.1
[2025-11-20 10:36:46]     Bidirectional: True, GRU: False
[2025-11-20 10:36:46]   Output Head:
[2025-11-20 10:36:46]     FC Layers: 1, FC Hidden: 128, Activation: relu
[2025-11-20 10:36:46]     FC Dropout: 0.1, Batch Norm: True
[2025-11-20 10:36:46]   Training:
[2025-11-20 10:36:46]     Batch Size: 128, LR: 0.0001, Weight Decay: 0.0001
[2025-11-20 10:36:46]     Optimizer: adam, Grad Clip: 5.0, LR Patience: 3
[2025-11-20 10:36:49]     Epoch  1/30: Val R²=-0.0189 Train R²=0.0258 Gap=0.0447 ✓
[2025-11-20 10:36:51]     Epoch  2/30: Val R²=0.0078 Train R²=0.1431 Gap=0.1353 ✓
[2025-11-20 10:36:52]     Epoch  3/30: Val R²=0.0168 Train R²=0.2363 Gap=0.2195 ✓
[2025-11-20 10:36:53]     Epoch  4/30: Val R²=0.0311 Train R²=0.2784 Gap=0.2473 ✓
[2025-11-20 10:36:54]     Epoch  5/30: Val R²=0.0445 Train R²=0.2997 Gap=0.2552 ✓
[2025-11-20 10:36:56]     Epoch  6/30: Val R²=0.0390 Train R²=0.3108 Gap=0.2718  
[2025-11-20 10:36:57]     Epoch  7/30: Val R²=0.0479 Train R²=0.3163 Gap=0.2684 ✓
[2025-11-20 10:36:58]     Epoch  8/30: Val R²=0.0520 Train R²=0.3234 Gap=0.2714 ✓
[2025-11-20 10:36:59]     Epoch  9/30: Val R²=0.0530 Train R²=0.3256 Gap=0.2726 ✓
[2025-11-20 10:37:01]     Epoch 10/30: Val R²=0.0536 Train R²=0.3336 Gap=0.2800 ✓
[2025-11-20 10:37:02]     Epoch 11/30: Val R²=0.0524 Train R²=0.3353 Gap=0.2829  
[2025-11-20 10:37:03]     Epoch 12/30: Val R²=0.0517 Train R²=0.3379 Gap=0.2862  
[2025-11-20 10:37:05]     Epoch 13/30: Val R²=0.0567 Train R²=0.3419 Gap=0.2852 ✓
[2025-11-20 10:37:06]     Epoch 14/30: Val R²=0.0533 Train R²=0.3441 Gap=0.2909  
[2025-11-20 10:37:07]     Epoch 15/30: Val R²=0.0610 Train R²=0.3462 Gap=0.2852 ✓
[2025-11-20 10:37:09]     Epoch 16/30: Val R²=0.0613 Train R²=0.3458 Gap=0.2845 ✓
[2025-11-20 10:37:10]     Epoch 17/30: Val R²=0.0572 Train R²=0.3508 Gap=0.2937  
[2025-11-20 10:37:11]     Epoch 18/30: Val R²=0.0557 Train R²=0.3525 Gap=0.2968  
[2025-11-20 10:37:12]     Epoch 19/30: Val R²=0.0643 Train R²=0.3515 Gap=0.2872 ✓
[2025-11-20 10:37:14]     Epoch 20/30: Val R²=0.0597 Train R²=0.3559 Gap=0.2962  
[2025-11-20 10:37:15]     Epoch 21/30: Val R²=0.0597 Train R²=0.3572 Gap=0.2975  
[2025-11-20 10:37:16]     Epoch 22/30: Val R²=0.0694 Train R²=0.3616 Gap=0.2922 ✓
[2025-11-20 10:37:17]     Epoch 23/30: Val R²=0.0633 Train R²=0.3582 Gap=0.2949  
[2025-11-20 10:37:19]     Epoch 24/30: Val R²=0.0569 Train R²=0.3634 Gap=0.3065  
[2025-11-20 10:37:20]     Epoch 25/30: Val R²=0.0679 Train R²=0.3619 Gap=0.2940  
[2025-11-20 10:37:21]     Epoch 26/30: Val R²=0.0522 Train R²=0.3619 Gap=0.3097  
[2025-11-20 10:37:22]     Epoch 27/30: Val R²=0.0643 Train R²=0.3696 Gap=0.3052  
[2025-11-20 10:37:24]     Epoch 28/30: Val R²=0.0644 Train R²=0.3708 Gap=0.3064  
[2025-11-20 10:37:25]     Epoch 29/30: Val R²=0.0679 Train R²=0.3693 Gap=0.3015  
[2025-11-20 10:37:25]     Early stopped at epoch 29
[2025-11-20 10:37:25] 
======================================================================
[2025-11-20 10:37:25] Config 1/1000 Complete:
[2025-11-20 10:37:25]   Best Val R²: 0.069408 (epoch 22)
[2025-11-20 10:37:25]   Best Global R²: 0.340000
[2025-11-20 10:37:25]   Overfitting Gap: 0.292182
[2025-11-20 10:37:25]   Parameters: 600,992
[2025-11-20 10:37:25]   Training Time: 39.0s
[2025-11-20 10:37:25]   Not better than global best (0.340000)
[2025-11-20 10:37:25]   Results saved to models/test_bruteforce_search_results.csv
[2025-11-20 10:37:25] 
======================================================================
[2025-11-20 10:37:25] Config 2/1000 - Starting Training:
[2025-11-20 10:37:25]   Architecture:
[2025-11-20 10:37:25]     Lookback: 50, Hidden: 128, Layers: 1, Dropout: 0.1
[2025-11-20 10:37:25]     Bidirectional: True, GRU: False
[2025-11-20 10:37:25]   Output Head:
[2025-11-20 10:37:25]     FC Layers: 1, FC Hidden: 128, Activation: relu
[2025-11-20 10:37:25]     FC Dropout: 0.1, Batch Norm: True
[2025-11-20 10:37:25]   Training:
[2025-11-20 10:37:25]     Batch Size: 128, LR: 0.0001, Weight Decay: 0.0001
[2025-11-20 10:37:25]     Optimizer: adamw, Grad Clip: 5.0, LR Patience: 3
[2025-11-20 10:37:26]     Epoch  1/30: Val R²=-0.0545 Train R²=0.0485 Gap=0.1030 ✓
[2025-11-20 10:37:28]     Epoch  2/30: Val R²=-0.0101 Train R²=0.1478 Gap=0.1578 ✓
[2025-11-20 10:37:29]     Epoch  3/30: Val R²=0.0190 Train R²=0.2197 Gap=0.2006 ✓
[2025-11-20 10:37:30]     Epoch  4/30: Val R²=0.0356 Train R²=0.2697 Gap=0.2340 ✓
[2025-11-20 10:37:32]     Epoch  5/30: Val R²=0.0419 Train R²=0.2960 Gap=0.2541 ✓
[2025-11-20 10:37:33]     Epoch  6/30: Val R²=0.0466 Train R²=0.3098 Gap=0.2632 ✓
[2025-11-20 10:37:34]     Epoch  7/30: Val R²=0.0446 Train R²=0.3182 Gap=0.2736  
[2025-11-20 10:37:35]     Epoch  8/30: Val R²=0.0507 Train R²=0.3242 Gap=0.2735 ✓
[2025-11-20 10:37:37]     Epoch  9/30: Val R²=0.0615 Train R²=0.3304 Gap=0.2689 ✓
[2025-11-20 10:37:38]     Epoch 10/30: Val R²=0.0552 Train R²=0.3359 Gap=0.2807  
