[2025-10-25 21:10:13] ======================================================================
[2025-10-25 21:10:13] BRUTE FORCE HYPERPARAMETER SEARCH WITH AUTO-SUBMISSION
[2025-10-25 21:10:13] ======================================================================
[2025-10-25 21:10:13] Started at: 2025-10-25 21:10:13
[2025-10-25 21:10:13] Mode: FULL
[2025-10-25 21:10:13] Best R² to beat: 0.340000
[2025-10-25 21:10:13] Log file: logs/bruteforce_20251025_211013.log
[2025-10-25 21:10:13] 
[2025-10-25 21:10:13] Device Detection:
[2025-10-25 21:10:13]   PyTorch version: 2.7.1
[2025-10-25 21:10:13]   Requested: auto
[2025-10-25 21:10:13]   MPS available: ✓
[2025-10-25 21:10:13]   CUDA available: ✗
[2025-10-25 21:10:13]   Using: MPS
[2025-10-25 21:10:13] 
[2025-10-25 21:10:13] Loading data...
[2025-10-25 21:10:13] Train: 413,000 rows, 413 sequences
[2025-10-25 21:10:13] Val:   104,000 rows, 104 sequences
[2025-10-25 21:10:13] Features: 32
[2025-10-25 21:10:13] Configurations to test: 100
[2025-10-25 21:10:13] Max epochs per config: 30
[2025-10-25 21:10:13] 
[2025-10-25 21:10:13] Starting brute force search...
[2025-10-25 21:10:13] 
[2025-10-25 21:10:13] 
======================================================================
[2025-10-25 21:10:13] Config 1/100 - Starting Training:
[2025-10-25 21:10:13]   Architecture:
[2025-10-25 21:10:13]     Lookback: 50, Hidden: 128, Layers: 3, Dropout: 0.3
[2025-10-25 21:10:13]     Bidirectional: False, GRU: True
[2025-10-25 21:10:13]   Output Head:
[2025-10-25 21:10:13]     FC Layers: 2, FC Hidden: 256, Activation: relu
[2025-10-25 21:10:13]     FC Dropout: 0.0, Batch Norm: True
[2025-10-25 21:10:13]   Training:
[2025-10-25 21:10:13]     Batch Size: 256, LR: 0.0001, Weight Decay: 0.0
[2025-10-25 21:10:13]     Optimizer: adam, Grad Clip: 0.5, LR Patience: 3
[2025-10-25 21:14:51]     Epoch  1/30: Val R²=0.3025 Train R²=0.2928 Gap=-0.0097 ✓
[2025-10-25 21:19:27]     Epoch  2/30: Val R²=0.3155 Train R²=0.3402 Gap=0.0247 ✓
[2025-10-25 21:24:12]     Epoch  3/30: Val R²=0.3301 Train R²=0.3565 Gap=0.0264 ✓
