[2025-11-26 23:06:14] ======================================================================
[2025-11-26 23:06:14] BRUTE FORCE HYPERPARAMETER SEARCH WITH AUTO-SUBMISSION (EXHAUSTIVE MODE)
[2025-11-26 23:06:14] ======================================================================
[2025-11-26 23:06:14] Started at: 2025-11-26 23:06:14
[2025-11-26 23:06:14] Mode: FULL
[2025-11-26 23:06:14] Best R² to beat: 0.340000
[2025-11-26 23:06:14] Log file: logs/bruteforce_20251126_230614.log
[2025-11-26 23:06:14] 
[2025-11-26 23:06:14] Device Detection:
[2025-11-26 23:06:14]   PyTorch version: 2.7.1
[2025-11-26 23:06:14]   Requested: auto
[2025-11-26 23:06:14]   MPS available: ✓
[2025-11-26 23:06:14]   CUDA available: ✗
[2025-11-26 23:06:14]   Using: MPS
[2025-11-26 23:06:14] 
[2025-11-26 23:06:14] Loading data...
[2025-11-26 23:06:15] Train: 465,000 rows, 465 sequences
[2025-11-26 23:06:15] Val:   52,000 rows, 52 sequences
[2025-11-26 23:06:15] Features: 32
[2025-11-26 23:06:15] 
[2025-11-26 23:06:15] Total possible combinations (Cartesian product): 1
[2025-11-26 23:06:15] Configurations to run (cap): 1
[2025-11-26 23:06:15] Starting exhaustive brute force search...
[2025-11-26 23:06:15] 
[2025-11-26 23:06:15] 
======================================================================
[2025-11-26 23:06:15] Config 1/1 - Starting Training:
[2025-11-26 23:06:15]   Architecture:
[2025-11-26 23:06:15]     Lookback: 100, Hidden: 256, Layers: 3, Dropout: 0.1
[2025-11-26 23:06:15]     Bidirectional: True, GRU: True
[2025-11-26 23:06:15]   Output Head:
[2025-11-26 23:06:15]     FC Layers: 3, FC Hidden: 256, Activation: relu
[2025-11-26 23:06:15]     FC Dropout: 0.2, Batch Norm: True
[2025-11-26 23:06:15]   Training:
[2025-11-26 23:06:15]     Batch Size: 256, LR: 0.001, Weight Decay: 0.0001
[2025-11-26 23:06:15]     Optimizer: adam, Grad Clip: 5.0, LR Patience: 3
[2025-11-26 23:52:55]     Epoch  1/60: Val R²=0.3379 Train R²=0.3322 Gap=-0.0057 ✓
[2025-11-27 00:44:03]     Epoch  2/60: Val R²=0.3440 Train R²=0.3547 Gap=0.0107 ✓
[2025-11-27 01:34:01]     Epoch  3/60: Val R²=0.3425 Train R²=0.3598 Gap=0.0173  
[2025-11-27 02:24:15]     Epoch  4/60: Val R²=0.3535 Train R²=0.3624 Gap=0.0089 ✓
[2025-11-27 03:14:08]     Epoch  5/60: Val R²=0.3476 Train R²=0.3647 Gap=0.0171  
[2025-11-27 04:03:59]     Epoch  6/60: Val R²=0.3390 Train R²=0.3654 Gap=0.0264  
[2025-11-27 04:53:52]     Epoch  7/60: Val R²=0.3584 Train R²=0.3668 Gap=0.0084 ✓
[2025-11-27 05:43:43]     Epoch  8/60: Val R²=0.2818 Train R²=0.3675 Gap=0.0857  
[2025-11-27 06:33:25]     Epoch  9/60: Val R²=0.3510 Train R²=0.3679 Gap=0.0169  
[2025-11-27 07:23:10]     Epoch 10/60: Val R²=0.3487 Train R²=0.3682 Gap=0.0195  
[2025-11-27 08:10:41]     Epoch 11/60: Val R²=0.3443 Train R²=0.3684 Gap=0.0240  
[2025-11-27 08:56:44]     Epoch 12/60: Val R²=0.3599 Train R²=0.3749 Gap=0.0150 ✓
[2025-11-27 09:42:59]     Epoch 13/60: Val R²=0.3583 Train R²=0.3760 Gap=0.0176  
[2025-11-27 10:29:47]     Epoch 14/60: Val R²=0.3038 Train R²=0.3759 Gap=0.0722  
