[2025-10-30 11:03:09] ======================================================================
[2025-10-30 11:03:09] BRUTE FORCE HYPERPARAMETER SEARCH WITH AUTO-SUBMISSION (Mamba2)
[2025-10-30 11:03:09] ======================================================================
[2025-10-30 11:03:09] Started at: 2025-10-30 11:03:09
[2025-10-30 11:03:09] Mode: FULL
[2025-10-30 11:03:09] Best R² to beat: 0.340000
[2025-10-30 11:03:09] Log file: logs/mamba2_bruteforce_20251030_110309.log
[2025-10-30 11:03:09] 
[2025-10-30 11:03:09] Using device: MPS
[2025-10-30 11:03:09] Loading data...
[2025-10-30 11:03:09] Train: 465,000 rows, 465 sequences
[2025-10-30 11:03:09] Val:   52,000 rows, 52 sequences
[2025-10-30 11:03:09] Features: 32
[2025-10-30 11:03:09] Total possible combinations: 2048
[2025-10-30 11:03:09] Configurations to run: 100
[2025-10-30 11:03:09] Starting brute force search...
Searching:   0%|          | 0/100 [00:00<?, ?it/s][2025-10-30 11:03:09] 
======================================================================
[2025-10-30 11:03:09] Config 1/100 - Starting Training:
[2025-10-30 11:03:09] {'lookback': 30, 'hidden_size': 64, 'num_blocks': 1, 'dropout': 0.1, 'fc_hidden': 128, 'fc_layers': 2, 'fc_dropout': 0.1, 'batch_size': 128, 'lr': 0.0005, 'weight_decay': 0.0, 'grad_clip': None, 'lr_patience': 3}
[2025-10-30 11:03:28] Epoch  1/30: Val R²=0.2594 Train R²=0.2581
[2025-10-30 11:03:44] Epoch  2/30: Val R²=0.2639 Train R²=0.2745
[2025-10-30 11:04:01] Epoch  3/30: Val R²=0.2681 Train R²=0.2794
[2025-10-30 11:04:18] Epoch  4/30: Val R²=0.2648 Train R²=0.2821
[2025-10-30 11:04:35] Epoch  5/30: Val R²=0.2675 Train R²=0.2840
[2025-10-30 11:04:52] Epoch  6/30: Val R²=0.2684 Train R²=0.2858
[2025-10-30 11:05:09] Epoch  7/30: Val R²=0.2701 Train R²=0.2869
[2025-10-30 11:05:26] Epoch  8/30: Val R²=0.2703 Train R²=0.2879
[2025-10-30 11:05:42] Epoch  9/30: Val R²=0.2723 Train R²=0.2889
[2025-10-30 11:05:59] Epoch 10/30: Val R²=0.2696 Train R²=0.2896
[2025-10-30 11:06:16] Epoch 11/30: Val R²=0.2696 Train R²=0.2902
[2025-10-30 11:06:32] Epoch 12/30: Val R²=0.2708 Train R²=0.2910
[2025-10-30 11:06:50] Epoch 13/30: Val R²=0.2702 Train R²=0.2914
[2025-10-30 11:07:07] Epoch 14/30: Val R²=0.2722 Train R²=0.2935
[2025-10-30 11:07:24] Epoch 15/30: Val R²=0.2732 Train R²=0.2938
[2025-10-30 11:07:41] Epoch 16/30: Val R²=0.2708 Train R²=0.2941
[2025-10-30 11:07:57] Epoch 17/30: Val R²=0.2726 Train R²=0.2943
[2025-10-30 11:08:14] Epoch 18/30: Val R²=0.2737 Train R²=0.2948
[2025-10-30 11:08:30] Epoch 19/30: Val R²=0.2730 Train R²=0.2948
[2025-10-30 11:08:47] Epoch 20/30: Val R²=0.2727 Train R²=0.2950
[2025-10-30 11:09:04] Epoch 21/30: Val R²=0.2724 Train R²=0.2953
[2025-10-30 11:09:20] Epoch 22/30: Val R²=0.2728 Train R²=0.2953
[2025-10-30 11:09:38] Epoch 23/30: Val R²=0.2733 Train R²=0.2966
[2025-10-30 11:09:55] Epoch 24/30: Val R²=0.2722 Train R²=0.2967
[2025-10-30 11:10:12] Epoch 25/30: Val R²=0.2741 Train R²=0.2966
[2025-10-30 11:10:30] Epoch 26/30: Val R²=0.2745 Train R²=0.2966
[2025-10-30 11:10:47] Epoch 27/30: Val R²=0.2745 Train R²=0.2970
[2025-10-30 11:11:05] Epoch 28/30: Val R²=0.2736 Train R²=0.2969
[2025-10-30 11:11:22] Epoch 29/30: Val R²=0.2745 Train R²=0.2972
[2025-10-30 11:11:39] Epoch 30/30: Val R²=0.2749 Train R²=0.2974
[2025-10-30 11:11:39] Config 1/100 Complete: Best Val R²: 0.274872
[2025-10-30 11:11:39] Results saved to models/mamba2_search_results_20251030_110309.csv
Searching:   1%|          | 1/100 [08:29<14:01:23, 509.94s/it][2025-10-30 11:11:39] 
======================================================================
[2025-10-30 11:11:39] Config 2/100 - Starting Training:
[2025-10-30 11:11:39] {'lookback': 30, 'hidden_size': 64, 'num_blocks': 1, 'dropout': 0.1, 'fc_hidden': 128, 'fc_layers': 2, 'fc_dropout': 0.1, 'batch_size': 128, 'lr': 0.0005, 'weight_decay': 0.0, 'grad_clip': 1.0, 'lr_patience': 3}
[2025-10-30 11:11:58] Epoch  1/30: Val R²=0.2582 Train R²=0.2581
[2025-10-30 11:12:17] Epoch  2/30: Val R²=0.2646 Train R²=0.2748
[2025-10-30 11:12:35] Epoch  3/30: Val R²=0.2640 Train R²=0.2792
[2025-10-30 11:12:54] Epoch  4/30: Val R²=0.2684 Train R²=0.2816
[2025-10-30 11:13:13] Epoch  5/30: Val R²=0.2677 Train R²=0.2837
[2025-10-30 11:13:31] Epoch  6/30: Val R²=0.2682 Train R²=0.2853
[2025-10-30 11:13:52] Epoch  7/30: Val R²=0.2676 Train R²=0.2867
[2025-10-30 11:14:11] Epoch  8/30: Val R²=0.2705 Train R²=0.2875
[2025-10-30 11:14:30] Epoch  9/30: Val R²=0.2698 Train R²=0.2885
[2025-10-30 11:14:49] Epoch 10/30: Val R²=0.2692 Train R²=0.2891
[2025-10-30 11:15:09] Epoch 11/30: Val R²=0.2707 Train R²=0.2900
[2025-10-30 11:15:29] Epoch 12/30: Val R²=0.2712 Train R²=0.2905
[2025-10-30 11:15:49] Epoch 13/30: Val R²=0.2710 Train R²=0.2912
[2025-10-30 11:16:08] Epoch 14/30: Val R²=0.2706 Train R²=0.2917
[2025-10-30 11:16:28] Epoch 15/30: Val R²=0.2722 Train R²=0.2923
[2025-10-30 11:16:47] Epoch 16/30: Val R²=0.2689 Train R²=0.2924
[2025-10-30 11:17:07] Epoch 17/30: Val R²=0.2732 Train R²=0.2928
[2025-10-30 11:17:26] Epoch 18/30: Val R²=0.2740 Train R²=0.2932
[2025-10-30 11:17:47] Epoch 19/30: Val R²=0.2702 Train R²=0.2938
[2025-10-30 11:18:07] Epoch 20/30: Val R²=0.2743 Train R²=0.2941
[2025-10-30 11:18:27] Epoch 21/30: Val R²=0.2730 Train R²=0.2942
[2025-10-30 11:18:47] Epoch 22/30: Val R²=0.2692 Train R²=0.2947
[2025-10-30 11:19:08] Epoch 23/30: Val R²=0.2764 Train R²=0.2949
[2025-10-30 11:19:27] Epoch 24/30: Val R²=0.2752 Train R²=0.2952
[2025-10-30 11:19:47] Epoch 25/30: Val R²=0.2750 Train R²=0.2952
[2025-10-30 11:20:06] Epoch 26/30: Val R²=0.2759 Train R²=0.2955
[2025-10-30 11:20:26] Epoch 27/30: Val R²=0.2740 Train R²=0.2957
[2025-10-30 11:20:46] Epoch 28/30: Val R²=0.2758 Train R²=0.2976
[2025-10-30 11:21:06] Epoch 29/30: Val R²=0.2768 Train R²=0.2980
[2025-10-30 11:21:25] Epoch 30/30: Val R²=0.2751 Train R²=0.2981
[2025-10-30 11:21:25] Config 2/100 Complete: Best Val R²: 0.276845
[2025-10-30 11:21:25] Results saved to models/mamba2_search_results_20251030_110309.csv
Searching:   2%|▏         | 2/100 [18:16<15:06:35, 555.06s/it][2025-10-30 11:21:25] 
======================================================================
[2025-10-30 11:21:25] Config 3/100 - Starting Training:
[2025-10-30 11:21:25] {'lookback': 30, 'hidden_size': 64, 'num_blocks': 1, 'dropout': 0.1, 'fc_hidden': 128, 'fc_layers': 2, 'fc_dropout': 0.1, 'batch_size': 128, 'lr': 0.0005, 'weight_decay': 0.0001, 'grad_clip': None, 'lr_patience': 3}
[2025-10-30 11:21:44] Epoch  1/30: Val R²=0.2596 Train R²=0.2583
[2025-10-30 11:22:02] Epoch  2/30: Val R²=0.2619 Train R²=0.2746
[2025-10-30 11:22:20] Epoch  3/30: Val R²=0.2657 Train R²=0.2785
[2025-10-30 11:22:38] Epoch  4/30: Val R²=0.2666 Train R²=0.2809
[2025-10-30 11:22:56] Epoch  5/30: Val R²=0.2606 Train R²=0.2826
[2025-10-30 11:23:15] Epoch  6/30: Val R²=0.2639 Train R²=0.2839
[2025-10-30 11:23:34] Epoch  7/30: Val R²=0.2701 Train R²=0.2850
[2025-10-30 11:23:52] Epoch  8/30: Val R²=0.2689 Train R²=0.2858
[2025-10-30 11:24:10] Epoch  9/30: Val R²=0.2696 Train R²=0.2863
[2025-10-30 11:24:29] Epoch 10/30: Val R²=0.2690 Train R²=0.2868
[2025-10-30 11:24:47] Epoch 11/30: Val R²=0.2684 Train R²=0.2873
[2025-10-30 11:25:05] Epoch 12/30: Val R²=0.2709 Train R²=0.2893
[2025-10-30 11:25:22] Epoch 13/30: Val R²=0.2714 Train R²=0.2897
[2025-10-30 11:25:40] Epoch 14/30: Val R²=0.2689 Train R²=0.2896
[2025-10-30 11:25:59] Epoch 15/30: Val R²=0.2702 Train R²=0.2899
[2025-10-30 11:26:16] Epoch 16/30: Val R²=0.2694 Train R²=0.2901
[2025-10-30 11:26:34] Epoch 17/30: Val R²=0.2710 Train R²=0.2904
[2025-10-30 11:26:52] Epoch 18/30: Val R²=0.2703 Train R²=0.2914
[2025-10-30 11:27:10] Epoch 19/30: Val R²=0.2724 Train R²=0.2913
[2025-10-30 11:27:28] Epoch 20/30: Val R²=0.2705 Train R²=0.2916
[2025-10-30 11:27:47] Epoch 21/30: Val R²=0.2728 Train R²=0.2918
[2025-10-30 11:28:07] Epoch 22/30: Val R²=0.2727 Train R²=0.2918
[2025-10-30 11:28:25] Epoch 23/30: Val R²=0.2724 Train R²=0.2921
[2025-10-30 11:28:43] Epoch 24/30: Val R²=0.2713 Train R²=0.2920
[2025-10-30 11:29:02] Epoch 25/30: Val R²=0.2718 Train R²=0.2919
[2025-10-30 11:29:20] Epoch 26/30: Val R²=0.2715 Train R²=0.2925
[2025-10-30 11:29:39] Epoch 27/30: Val R²=0.2724 Train R²=0.2927
[2025-10-30 11:29:57] Epoch 28/30: Val R²=0.2715 Train R²=0.2926
[2025-10-30 11:30:15] Epoch 29/30: Val R²=0.2718 Train R²=0.2928
[2025-10-30 11:30:34] Epoch 30/30: Val R²=0.2718 Train R²=0.2932
[2025-10-30 11:30:34] Config 3/100 Complete: Best Val R²: 0.272766
[2025-10-30 11:30:34] Results saved to models/mamba2_search_results_20251030_110309.csv
Searching:   3%|▎         | 3/100 [27:24<14:52:22, 551.98s/it][2025-10-30 11:30:34] 
======================================================================
[2025-10-30 11:30:34] Config 4/100 - Starting Training:
[2025-10-30 11:30:34] {'lookback': 30, 'hidden_size': 64, 'num_blocks': 1, 'dropout': 0.1, 'fc_hidden': 128, 'fc_layers': 2, 'fc_dropout': 0.1, 'batch_size': 128, 'lr': 0.0005, 'weight_decay': 0.0001, 'grad_clip': 1.0, 'lr_patience': 3}
[2025-10-30 11:30:55] Epoch  1/30: Val R²=0.2607 Train R²=0.2584
[2025-10-30 11:31:16] Epoch  2/30: Val R²=0.2639 Train R²=0.2748
[2025-10-30 11:31:36] Epoch  3/30: Val R²=0.2653 Train R²=0.2787
[2025-10-30 11:31:58] Epoch  4/30: Val R²=0.2635 Train R²=0.2809
[2025-10-30 11:32:19] Epoch  5/30: Val R²=0.2675 Train R²=0.2827
[2025-10-30 11:32:40] Epoch  6/30: Val R²=0.2649 Train R²=0.2839
[2025-10-30 11:33:01] Epoch  7/30: Val R²=0.2628 Train R²=0.2848
[2025-10-30 11:33:21] Epoch  8/30: Val R²=0.2675 Train R²=0.2858
[2025-10-30 11:33:42] Epoch  9/30: Val R²=0.2685 Train R²=0.2866
[2025-10-30 11:34:04] Epoch 10/30: Val R²=0.2682 Train R²=0.2869
[2025-10-30 11:34:25] Epoch 11/30: Val R²=0.2691 Train R²=0.2875
[2025-10-30 11:34:46] Epoch 12/30: Val R²=0.2662 Train R²=0.2881
[2025-10-30 11:35:08] Epoch 13/30: Val R²=0.2679 Train R²=0.2885
[2025-10-30 11:35:29] Epoch 14/30: Val R²=0.2715 Train R²=0.2887
[2025-10-30 11:35:50] Epoch 15/30: Val R²=0.2696 Train R²=0.2890
[2025-10-30 11:36:13] Epoch 16/30: Val R²=0.2708 Train R²=0.2892
[2025-10-30 11:36:34] Epoch 17/30: Val R²=0.2709 Train R²=0.2894
[2025-10-30 11:36:55] Epoch 18/30: Val R²=0.2702 Train R²=0.2897
[2025-10-30 11:37:17] Epoch 19/30: Val R²=0.2725 Train R²=0.2913
[2025-10-30 11:37:38] Epoch 20/30: Val R²=0.2697 Train R²=0.2917
[2025-10-30 11:38:00] Epoch 21/30: Val R²=0.2732 Train R²=0.2918
[2025-10-30 11:38:23] Epoch 22/30: Val R²=0.2728 Train R²=0.2920
[2025-10-30 11:38:45] Epoch 23/30: Val R²=0.2717 Train R²=0.2922
[2025-10-30 11:39:06] Epoch 24/30: Val R²=0.2738 Train R²=0.2923
[2025-10-30 11:39:28] Epoch 25/30: Val R²=0.2711 Train R²=0.2922
[2025-10-30 11:39:50] Epoch 26/30: Val R²=0.2682 Train R²=0.2927
[2025-10-30 11:40:11] Epoch 27/30: Val R²=0.2739 Train R²=0.2925
[2025-10-30 11:40:33] Epoch 28/30: Val R²=0.2707 Train R²=0.2925
[2025-10-30 11:40:54] Epoch 29/30: Val R²=0.2702 Train R²=0.2925
[2025-10-30 11:41:15] Epoch 30/30: Val R²=0.2678 Train R²=0.2928
[2025-10-30 11:41:15] Config 4/100 Complete: Best Val R²: 0.273881
[2025-10-30 11:41:15] Results saved to models/mamba2_search_results_20251030_110309.csv
Searching:   4%|▍         | 4/100 [38:06<15:39:38, 587.28s/it][2025-10-30 11:41:15] 
======================================================================
[2025-10-30 11:41:15] Config 5/100 - Starting Training:
[2025-10-30 11:41:15] {'lookback': 30, 'hidden_size': 64, 'num_blocks': 1, 'dropout': 0.1, 'fc_hidden': 128, 'fc_layers': 2, 'fc_dropout': 0.1, 'batch_size': 128, 'lr': 0.001, 'weight_decay': 0.0, 'grad_clip': None, 'lr_patience': 3}
[2025-10-30 11:41:34] Epoch  1/30: Val R²=0.2568 Train R²=0.2641
Searching:   4%|▍         | 4/100 [38:34<15:25:36, 578.50s/it]
Traceback (most recent call last):
  File "/Users/derricksamuel/Desktop/Projects/wudnerfund/exploration/tune_mamba2_bruteforce.py", line 588, in <module>
  File "/Users/derricksamuel/Desktop/Projects/wudnerfund/exploration/tune_mamba2_bruteforce.py", line 388, in main
    It loads a saved `model_best.pt` checkpoint and uses the model's
                     ^^^^^^^^^^^^^^^^^^^^^^^^^^^^^^^^^^^^^^^^^^^^^^^
    ...<2 lines>...
    def __init__(self, checkpoint_path: str, lookback: int, feature_cols: list):
    ^^^^^^^^^
  File "/Users/derricksamuel/Desktop/Projects/wudnerfund/exploration/tune_mamba2_bruteforce.py", line 213, in train_model
    
    
    class Mamba2(nn.Module):
    ^^^^^^^^^^^^^^^^^^^^^^^^
        def __init__(self, cfg: Mamba2Config):
        ^^^^^
  File "/Users/derricksamuel/Desktop/Projects/wudnerfund/exploration/tune_mamba2_bruteforce.py", line 148, in train_epoch
    # apply RMSNorm on x_part (per time-step) and project
  File "/Users/derricksamuel/.pyenv/versions/3.13.3/lib/python3.13/site-packages/torch/utils/data/dataloader.py", line 733, in __next__
    data = self._next_data()
  File "/Users/derricksamuel/.pyenv/versions/3.13.3/lib/python3.13/site-packages/torch/utils/data/dataloader.py", line 789, in _next_data
    data = self._dataset_fetcher.fetch(index)  # may raise StopIteration
  File "/Users/derricksamuel/.pyenv/versions/3.13.3/lib/python3.13/site-packages/torch/utils/data/_utils/fetch.py", line 52, in fetch
    data = [self.dataset[idx] for idx in possibly_batched_index]
            ~~~~~~~~~~~~^^^^^
  File "/Users/derricksamuel/Desktop/Projects/wudnerfund/exploration/tune_mamba2_bruteforce.py", line 86, in __getitem__
    # muP-backed behavior: fixed gain
KeyboardInterrupt
