[2025-10-30 11:27:26,061] Using device: mps
[2025-10-30 11:27:26,062] Loading data...
[2025-10-30 11:27:26,220] 
=== Config 1/10: {'lookback': 20, 'batch_size': 128, 'lr': 0.001, 'weight_decay': 0.0, 'grad_clip': None, 'n_layers': 1}
[2025-10-30 11:27:50,786] Epoch 1/10: train_r2=0.2346 val_r2=0.2467
[2025-10-30 11:28:12,050] Epoch 2/10: train_r2=0.2648 val_r2=0.2490
[2025-10-30 11:28:32,800] Epoch 3/10: train_r2=0.2699 val_r2=0.2536
[2025-10-30 11:28:53,629] Epoch 4/10: train_r2=0.2728 val_r2=0.2575
[2025-10-30 11:29:14,480] Epoch 5/10: train_r2=0.2750 val_r2=0.2568
[2025-10-30 11:29:35,329] Epoch 6/10: train_r2=0.2765 val_r2=0.2495
[2025-10-30 11:29:56,028] Epoch 7/10: train_r2=0.2777 val_r2=0.2576
[2025-10-30 11:30:16,812] Epoch 8/10: train_r2=0.2786 val_r2=0.2575
[2025-10-30 11:30:37,637] Epoch 9/10: train_r2=0.2797 val_r2=0.2594
[2025-10-30 11:30:58,808] Epoch 10/10: train_r2=0.2803 val_r2=0.2511
[2025-10-30 11:30:58,831] Best val r2: 0.259420 (global best 0.340000)
[2025-10-30 11:30:58,839] 
=== Config 2/10: {'lookback': 20, 'batch_size': 128, 'lr': 0.001, 'weight_decay': 0.0, 'grad_clip': None, 'n_layers': 2}
[2025-10-30 11:31:32,079] Epoch 1/10: train_r2=0.2499 val_r2=0.2517
[2025-10-30 11:32:04,585] Epoch 2/10: train_r2=0.2751 val_r2=0.2528
[2025-10-30 11:32:37,357] Epoch 3/10: train_r2=0.2806 val_r2=0.2581
[2025-10-30 11:33:09,639] Epoch 4/10: train_r2=0.2838 val_r2=0.2560
[2025-10-30 11:33:42,023] Epoch 5/10: train_r2=0.2860 val_r2=0.2634
[2025-10-30 11:34:15,183] Epoch 6/10: train_r2=0.2878 val_r2=0.2601
[2025-10-30 11:34:47,777] Epoch 7/10: train_r2=0.2893 val_r2=0.2651
[2025-10-30 11:35:20,615] Epoch 8/10: train_r2=0.2907 val_r2=0.2661
[2025-10-30 11:35:53,579] Epoch 9/10: train_r2=0.2917 val_r2=0.2634
[2025-10-30 11:36:26,902] Epoch 10/10: train_r2=0.2927 val_r2=0.2653
[2025-10-30 11:36:26,921] Best val r2: 0.266092 (global best 0.340000)
[2025-10-30 11:36:26,923] 
=== Config 3/10: {'lookback': 20, 'batch_size': 128, 'lr': 0.001, 'weight_decay': 0.0, 'grad_clip': 1.0, 'n_layers': 1}
[2025-10-30 11:36:50,356] Epoch 1/10: train_r2=0.2360 val_r2=0.2472
[2025-10-30 11:37:12,482] Epoch 2/10: train_r2=0.2641 val_r2=0.2506
[2025-10-30 11:37:34,764] Epoch 3/10: train_r2=0.2696 val_r2=0.2538
[2025-10-30 11:37:56,878] Epoch 4/10: train_r2=0.2726 val_r2=0.2534
[2025-10-30 11:38:20,198] Epoch 5/10: train_r2=0.2747 val_r2=0.2562
[2025-10-30 11:38:42,644] Epoch 6/10: train_r2=0.2762 val_r2=0.2593
[2025-10-30 11:39:05,221] Epoch 7/10: train_r2=0.2775 val_r2=0.2582
[2025-10-30 11:39:27,454] Epoch 8/10: train_r2=0.2785 val_r2=0.2561
[2025-10-30 11:39:49,693] Epoch 9/10: train_r2=0.2794 val_r2=0.2557
[2025-10-30 11:40:11,883] Epoch 10/10: train_r2=0.2800 val_r2=0.2599
[2025-10-30 11:40:11,904] Best val r2: 0.259910 (global best 0.340000)
[2025-10-30 11:40:11,906] 
=== Config 4/10: {'lookback': 20, 'batch_size': 128, 'lr': 0.001, 'weight_decay': 0.0, 'grad_clip': 1.0, 'n_layers': 2}
[2025-10-30 11:40:48,593] Epoch 1/10: train_r2=0.2510 val_r2=0.2519
[2025-10-30 11:41:24,322] Epoch 2/10: train_r2=0.2745 val_r2=0.2594
