[2025-10-19 00:48:14] ======================================================================
[2025-10-19 00:48:14] K-FOLD BRUTE FORCE HYPERPARAMETER SEARCH WITH AUTO-SUBMISSION
[2025-10-19 00:48:14] ======================================================================
[2025-10-19 00:48:14] Started at: 2025-10-19 00:48:14
[2025-10-19 00:48:14] Mode: FULL
[2025-10-19 00:48:14] Best R² to beat: 0.340000
[2025-10-19 00:48:14] Log file: logs/bruteforce_20251019_004814.log
[2025-10-19 00:48:14] 
[2025-10-19 00:48:14] Device Detection:
[2025-10-19 00:48:14]   PyTorch version: 2.9.0
[2025-10-19 00:48:14]   Requested: mps
[2025-10-19 00:48:14]   MPS available: ✓
[2025-10-19 00:48:14]   CUDA available: ✗
[2025-10-19 00:48:14]   Using: MPS
[2025-10-19 00:48:14] 
[2025-10-19 00:48:14] Loading data...
[2025-10-19 00:48:15] Total sequences: 517
[2025-10-19 00:48:15] K-Fold sample: 51 sequences (10%)
[2025-10-19 00:48:15] Full train sequences (80%): 413
[2025-10-19 00:48:15] Final train: 413 sequences (100%), 413,000 rows
[2025-10-19 00:48:15] Final val: 104 sequences, 104,000 rows
[2025-10-19 00:48:15] Features: 32
[2025-10-19 00:48:15] Configurations to test: 100
[2025-10-19 00:48:15] K-Fold: 3 folds, max 20 epochs
[2025-10-19 00:48:15] Final: max 30 epochs
[2025-10-19 00:48:15] 
[2025-10-19 00:48:15] Starting brute force search...
[2025-10-19 00:48:15] Batch size: Evaluate 50 configs, then train best from batch
[2025-10-19 00:48:15] 
Searching:   0%|          | 0/100 [00:00<?, ?it/s][2025-10-19 00:48:15] 
======================================================================
[2025-10-19 00:48:15] Config 1/100 - Starting Training:
[2025-10-19 00:48:15]   Architecture:
[2025-10-19 00:48:15]     Lookback: 50, Hidden: 32, Layers: 1, Dropout: 0.3
[2025-10-19 00:48:15]     Bidirectional: False, GRU: False
[2025-10-19 00:48:15]   Output Head:
[2025-10-19 00:48:15]     FC Layers: 1, FC Hidden: 256, Activation: relu
[2025-10-19 00:48:15]     FC Dropout: 0.0, Batch Norm: True
[2025-10-19 00:48:15]   Training:
[2025-10-19 00:48:15]     Batch Size: 32, LR: 0.0001, Weight Decay: 0
[2025-10-19 00:48:15]     Optimizer: adam, Grad Clip: 0.5, LR Patience: 3
[2025-10-19 00:48:15] 
  Stage 1: Running 3-Fold CV on 10% sampled data...
[2025-10-19 00:48:15]   K-Fold CV: 3 folds on 51 sequences
[2025-10-19 00:48:25]     Epoch  1/20: Val R²=0.2555 Train R²=0.1234 Gap=-0.1321 ✓
[2025-10-19 00:48:32]     Epoch  2/20: Val R²=0.2816 Train R²=0.2364 Gap=-0.0451 ✓
[2025-10-19 00:48:40]     Epoch  3/20: Val R²=0.2938 Train R²=0.2732 Gap=-0.0205 ✓
[2025-10-19 00:48:47]     Epoch  4/20: Val R²=0.3004 Train R²=0.2943 Gap=-0.0060 ✓
[2025-10-19 00:48:54]     Epoch  5/20: Val R²=0.3046 Train R²=0.3066 Gap=0.0020 ✓
[2025-10-19 00:49:01]     Epoch  6/20: Val R²=0.3070 Train R²=0.3146 Gap=0.0076 ✓
[2025-10-19 00:49:08]     Epoch  7/20: Val R²=0.3096 Train R²=0.3205 Gap=0.0109 ✓
[2025-10-19 00:49:15]     Epoch  8/20: Val R²=0.3117 Train R²=0.3253 Gap=0.0136 ✓
[2025-10-19 00:49:22]     Epoch  9/20: Val R²=0.3136 Train R²=0.3294 Gap=0.0158 ✓
[2025-10-19 00:49:30]     Epoch 10/20: Val R²=0.3149 Train R²=0.3329 Gap=0.0180 ✓
[2025-10-19 00:49:39]     Epoch 11/20: Val R²=0.3164 Train R²=0.3356 Gap=0.0192 ✓
[2025-10-19 00:49:46]     Epoch 12/20: Val R²=0.3187 Train R²=0.3382 Gap=0.0195 ✓
[2025-10-19 00:49:53]     Epoch 13/20: Val R²=0.3186 Train R²=0.3404 Gap=0.0218  
[2025-10-19 00:50:01]     Epoch 14/20: Val R²=0.3196 Train R²=0.3419 Gap=0.0223 ✓
[2025-10-19 00:50:08]     Epoch 15/20: Val R²=0.3207 Train R²=0.3436 Gap=0.0229 ✓
[2025-10-19 00:50:15]     Epoch 16/20: Val R²=0.3189 Train R²=0.3451 Gap=0.0262  
[2025-10-19 00:50:23]     Epoch 17/20: Val R²=0.3231 Train R²=0.3465 Gap=0.0234 ✓
[2025-10-19 00:50:33]     Epoch 18/20: Val R²=0.3227 Train R²=0.3476 Gap=0.0249  
[2025-10-19 00:50:46]     Epoch 19/20: Val R²=0.3218 Train R²=0.3487 Gap=0.0270  
[2025-10-19 00:50:53]     Epoch 20/20: Val R²=0.3219 Train R²=0.3500 Gap=0.0280  
[2025-10-19 00:50:53]     Fold 1/3: Val R²=0.3231 Train R²=0.3465 (158.5s)
[2025-10-19 00:51:00]     Epoch  1/20: Val R²=0.1269 Train R²=0.1850 Gap=0.0581 ✓
[2025-10-19 00:51:08]     Epoch  2/20: Val R²=0.1565 Train R²=0.2997 Gap=0.1432 ✓
[2025-10-19 00:51:15]     Epoch  3/20: Val R²=0.1750 Train R²=0.3158 Gap=0.1408 ✓
[2025-10-19 00:51:22]     Epoch  4/20: Val R²=0.1906 Train R²=0.3259 Gap=0.1353 ✓
[2025-10-19 00:51:31]     Epoch  5/20: Val R²=0.2022 Train R²=0.3334 Gap=0.1312 ✓
[2025-10-19 00:51:39]     Epoch  6/20: Val R²=0.2103 Train R²=0.3388 Gap=0.1286 ✓
[2025-10-19 00:51:46]     Epoch  7/20: Val R²=0.2155 Train R²=0.3428 Gap=0.1273 ✓
[2025-10-19 00:51:53]     Epoch  8/20: Val R²=0.2198 Train R²=0.3461 Gap=0.1262 ✓
[2025-10-19 00:52:01]     Epoch  9/20: Val R²=0.2241 Train R²=0.3489 Gap=0.1248 ✓
[2025-10-19 00:52:08]     Epoch 10/20: Val R²=0.2269 Train R²=0.3514 Gap=0.1246 ✓
[2025-10-19 00:52:17]     Epoch 11/20: Val R²=0.2309 Train R²=0.3537 Gap=0.1227 ✓
[2025-10-19 00:52:25]     Epoch 12/20: Val R²=0.2354 Train R²=0.3557 Gap=0.1204 ✓
[2025-10-19 00:52:33]     Epoch 13/20: Val R²=0.2382 Train R²=0.3577 Gap=0.1195 ✓
[2025-10-19 00:52:41]     Epoch 14/20: Val R²=0.2407 Train R²=0.3593 Gap=0.1186 ✓
[2025-10-19 00:52:48]     Epoch 15/20: Val R²=0.2444 Train R²=0.3608 Gap=0.1164 ✓
[2025-10-19 00:52:55]     Epoch 16/20: Val R²=0.2478 Train R²=0.3622 Gap=0.1145 ✓
[2025-10-19 00:53:03]     Epoch 17/20: Val R²=0.2485 Train R²=0.3635 Gap=0.1149 ✓
[2025-10-19 00:53:11]     Epoch 18/20: Val R²=0.2512 Train R²=0.3648 Gap=0.1135 ✓
[2025-10-19 00:53:18]     Epoch 19/20: Val R²=0.2539 Train R²=0.3660 Gap=0.1121 ✓
[2025-10-19 00:53:26]     Epoch 20/20: Val R²=0.2558 Train R²=0.3670 Gap=0.1112 ✓
[2025-10-19 00:53:26]     Fold 2/3: Val R²=0.2558 Train R²=0.3670 (153.3s)
[2025-10-19 00:53:34]     Epoch  1/20: Val R²=0.2628 Train R²=0.1405 Gap=-0.1223 ✓
[2025-10-19 00:53:42]     Epoch  2/20: Val R²=0.2817 Train R²=0.2661 Gap=-0.0155 ✓
[2025-10-19 00:53:49]     Epoch  3/20: Val R²=0.2861 Train R²=0.2996 Gap=0.0135 ✓
[2025-10-19 00:53:56]     Epoch  4/20: Val R²=0.2900 Train R²=0.3152 Gap=0.0252 ✓
[2025-10-19 00:54:03]     Epoch  5/20: Val R²=0.2929 Train R²=0.3243 Gap=0.0314 ✓
[2025-10-19 00:54:10]     Epoch  6/20: Val R²=0.2986 Train R²=0.3310 Gap=0.0325 ✓
[2025-10-19 00:54:18]     Epoch  7/20: Val R²=0.3012 Train R²=0.3366 Gap=0.0353 ✓
[2025-10-19 00:54:25]     Epoch  8/20: Val R²=0.3041 Train R²=0.3414 Gap=0.0373 ✓
[2025-10-19 00:54:33]     Epoch  9/20: Val R²=0.3079 Train R²=0.3457 Gap=0.0378 ✓
[2025-10-19 00:54:41]     Epoch 10/20: Val R²=0.3091 Train R²=0.3495 Gap=0.0403 ✓
[2025-10-19 00:54:48]     Epoch 11/20: Val R²=0.3118 Train R²=0.3527 Gap=0.0409 ✓
[2025-10-19 00:54:55]     Epoch 12/20: Val R²=0.3128 Train R²=0.3555 Gap=0.0427 ✓
[2025-10-19 00:55:02]     Epoch 13/20: Val R²=0.3125 Train R²=0.3578 Gap=0.0453  
[2025-10-19 00:55:10]     Epoch 14/20: Val R²=0.3147 Train R²=0.3598 Gap=0.0452 ✓
[2025-10-19 00:55:17]     Epoch 15/20: Val R²=0.3136 Train R²=0.3616 Gap=0.0479  
[2025-10-19 00:55:24]     Epoch 16/20: Val R²=0.3162 Train R²=0.3631 Gap=0.0470 ✓
[2025-10-19 00:55:33]     Epoch 17/20: Val R²=0.3150 Train R²=0.3646 Gap=0.0496  
[2025-10-19 00:55:40]     Epoch 18/20: Val R²=0.3165 Train R²=0.3660 Gap=0.0494 ✓
[2025-10-19 00:55:47]     Epoch 19/20: Val R²=0.3175 Train R²=0.3673 Gap=0.0498 ✓
[2025-10-19 00:55:55]     Epoch 20/20: Val R²=0.3142 Train R²=0.3683 Gap=0.0541  
[2025-10-19 00:55:55]     Fold 3/3: Val R²=0.3175 Train R²=0.3673 (148.3s)
[2025-10-19 00:55:55]   K-Fold Results: mean=0.298792 ± 0.030497 (min=0.255784, max=0.323089)
[2025-10-19 00:55:55] 
======================================================================
[2025-10-19 00:55:55] Config 1/100 - K-Fold Complete:
[2025-10-19 00:55:55]   Mean Val R²: 0.298792 ± 0.030497
[2025-10-19 00:55:55]   Range: [0.255784, 0.323089]
[2025-10-19 00:55:55]   Best Global Mean R²: 0.340000
[2025-10-19 00:55:55]   Parameters: 9,504
[2025-10-19 00:55:55]   K-Fold mean R² not better than global best (0.340000)
[2025-10-19 00:55:55]   Skipping.
[2025-10-19 00:55:55]   Results saved to models/bruteforce_kfold_results_20251019_004814.csv
Searching:   1%|          | 1/100 [07:40<12:39:21, 460.21s/it][2025-10-19 00:55:55] 
======================================================================
[2025-10-19 00:55:55] Config 2/100 - Starting Training:
[2025-10-19 00:55:55]   Architecture:
[2025-10-19 00:55:55]     Lookback: 30, Hidden: 64, Layers: 4, Dropout: 0.2
[2025-10-19 00:55:55]     Bidirectional: True, GRU: True
[2025-10-19 00:55:55]   Output Head:
[2025-10-19 00:55:55]     FC Layers: 1, FC Hidden: 64, Activation: gelu
[2025-10-19 00:55:55]     FC Dropout: 0.4, Batch Norm: True
[2025-10-19 00:55:55]   Training:
[2025-10-19 00:55:55]     Batch Size: 128, LR: 0.0005, Weight Decay: 0.0001
[2025-10-19 00:55:55]     Optimizer: adam, Grad Clip: 1.0, LR Patience: 3
[2025-10-19 00:55:55] 
  Stage 1: Running 3-Fold CV on 10% sampled data...
[2025-10-19 00:55:55]   K-Fold CV: 3 folds on 51 sequences
[2025-10-19 00:56:41]     Epoch  1/20: Val R²=0.3050 Train R²=0.2485 Gap=-0.0564 ✓
[2025-10-19 00:57:25]     Epoch  2/20: Val R²=0.3243 Train R²=0.3172 Gap=-0.0071 ✓
[2025-10-19 00:58:09]     Epoch  3/20: Val R²=0.3303 Train R²=0.3289 Gap=-0.0013 ✓
[2025-10-19 00:58:53]     Epoch  4/20: Val R²=0.3306 Train R²=0.3361 Gap=0.0055 ✓
[2025-10-19 00:59:42]     Epoch  5/20: Val R²=0.3338 Train R²=0.3407 Gap=0.0068 ✓
[2025-10-19 01:00:24]     Epoch  6/20: Val R²=0.3314 Train R²=0.3432 Gap=0.0118  
[2025-10-19 01:01:07]     Epoch  7/20: Val R²=0.3364 Train R²=0.3449 Gap=0.0085 ✓
[2025-10-19 01:01:51]     Epoch  8/20: Val R²=0.3346 Train R²=0.3480 Gap=0.0134  
[2025-10-19 01:02:35]     Epoch  9/20: Val R²=0.3327 Train R²=0.3516 Gap=0.0189  
[2025-10-19 01:03:17]     Epoch 10/20: Val R²=0.3411 Train R²=0.3532 Gap=0.0121 ✓
[2025-10-19 01:04:06]     Epoch 11/20: Val R²=0.3327 Train R²=0.3551 Gap=0.0223  
[2025-10-19 01:04:50]     Epoch 12/20: Val R²=0.3337 Train R²=0.3574 Gap=0.0237  
[2025-10-19 01:05:34]     Epoch 13/20: Val R²=0.3395 Train R²=0.3592 Gap=0.0197  
[2025-10-19 01:06:17]     Epoch 14/20: Val R²=0.3380 Train R²=0.3607 Gap=0.0227  
[2025-10-19 01:07:02]     Epoch 15/20: Val R²=0.3392 Train R²=0.3665 Gap=0.0273  
[2025-10-19 01:07:02]     Early stopped at epoch 15
[2025-10-19 01:07:02]     Fold 1/3: Val R²=0.3411 Train R²=0.3532 (667.0s)
[2025-10-19 01:07:48]     Epoch  1/20: Val R²=0.1963 Train R²=0.2828 Gap=0.0865 ✓
[2025-10-19 01:08:31]     Epoch  2/20: Val R²=0.2305 Train R²=0.3350 Gap=0.1046 ✓
[2025-10-19 01:09:13]     Epoch  3/20: Val R²=0.2498 Train R²=0.3473 Gap=0.0975 ✓
[2025-10-19 01:09:57]     Epoch  4/20: Val R²=0.2563 Train R²=0.3544 Gap=0.0980 ✓
[2025-10-19 01:10:41]     Epoch  5/20: Val R²=0.2706 Train R²=0.3585 Gap=0.0879 ✓
[2025-10-19 01:11:24]     Epoch  6/20: Val R²=0.2755 Train R²=0.3621 Gap=0.0865 ✓
[2025-10-19 01:12:08]     Epoch  7/20: Val R²=0.2753 Train R²=0.3634 Gap=0.0882  
[2025-10-19 01:12:54]     Epoch  8/20: Val R²=0.2816 Train R²=0.3657 Gap=0.0841 ✓
[2025-10-19 01:13:39]     Epoch  9/20: Val R²=0.2818 Train R²=0.3671 Gap=0.0852 ✓
[2025-10-19 01:14:22]     Epoch 10/20: Val R²=0.2766 Train R²=0.3691 Gap=0.0925  
[2025-10-19 01:15:06]     Epoch 11/20: Val R²=0.2742 Train R²=0.3701 Gap=0.0958  
[2025-10-19 01:15:50]     Epoch 12/20: Val R²=0.2840 Train R²=0.3712 Gap=0.0872 ✓
[2025-10-19 01:16:35]     Epoch 13/20: Val R²=0.2862 Train R²=0.3724 Gap=0.0862 ✓
[2025-10-19 01:17:18]     Epoch 14/20: Val R²=0.2640 Train R²=0.3739 Gap=0.1099  
[2025-10-19 01:18:03]     Epoch 15/20: Val R²=0.2857 Train R²=0.3749 Gap=0.0892  
[2025-10-19 01:18:47]     Epoch 16/20: Val R²=0.2851 Train R²=0.3765 Gap=0.0914  
[2025-10-19 01:19:30]     Epoch 17/20: Val R²=0.2862 Train R²=0.3775 Gap=0.0913 ✓
[2025-10-19 01:20:14]     Epoch 18/20: Val R²=0.2936 Train R²=0.3821 Gap=0.0885 ✓
[2025-10-19 01:20:58]     Epoch 19/20: Val R²=0.2914 Train R²=0.3841 Gap=0.0927  
[2025-10-19 01:21:42]     Epoch 20/20: Val R²=0.2929 Train R²=0.3841 Gap=0.0912  
[2025-10-19 01:21:42]     Fold 2/3: Val R²=0.2936 Train R²=0.3821 (879.8s)
[2025-10-19 01:22:25]     Epoch  1/20: Val R²=0.2938 Train R²=0.2594 Gap=-0.0344 ✓
[2025-10-19 01:23:09]     Epoch  2/20: Val R²=0.3141 Train R²=0.3315 Gap=0.0173 ✓
[2025-10-19 01:23:53]     Epoch  3/20: Val R²=0.3176 Train R²=0.3465 Gap=0.0289 ✓
[2025-10-19 01:24:37]     Epoch  4/20: Val R²=0.3239 Train R²=0.3530 Gap=0.0291 ✓
[2025-10-19 01:25:20]     Epoch  5/20: Val R²=0.3219 Train R²=0.3596 Gap=0.0377  
[2025-10-19 01:26:02]     Epoch  6/20: Val R²=0.3233 Train R²=0.3631 Gap=0.0398  
[2025-10-19 01:26:47]     Epoch  7/20: Val R²=0.3281 Train R²=0.3663 Gap=0.0381 ✓
[2025-10-19 01:27:31]     Epoch  8/20: Val R²=0.3212 Train R²=0.3697 Gap=0.0485  
[2025-10-19 01:28:14]     Epoch  9/20: Val R²=0.3267 Train R²=0.3727 Gap=0.0459  
[2025-10-19 01:28:59]     Epoch 10/20: Val R²=0.3292 Train R²=0.3774 Gap=0.0482 ✓
[2025-10-19 01:29:43]     Epoch 11/20: Val R²=0.3266 Train R²=0.3791 Gap=0.0525  
[2025-10-19 01:30:27]     Epoch 12/20: Val R²=0.3324 Train R²=0.3816 Gap=0.0491 ✓
[2025-10-19 01:31:10]     Epoch 13/20: Val R²=0.3306 Train R²=0.3842 Gap=0.0536  
[2025-10-19 01:31:55]     Epoch 14/20: Val R²=0.3298 Train R²=0.3860 Gap=0.0561  
[2025-10-19 01:32:40]     Epoch 15/20: Val R²=0.3316 Train R²=0.3876 Gap=0.0561  
[2025-10-19 01:33:22]     Epoch 16/20: Val R²=0.3234 Train R²=0.3896 Gap=0.0661  
[2025-10-19 01:34:07]     Epoch 17/20: Val R²=0.3256 Train R²=0.3937 Gap=0.0680  
[2025-10-19 01:34:07]     Early stopped at epoch 17
[2025-10-19 01:34:07]     Fold 3/3: Val R²=0.3324 Train R²=0.3816 (745.3s)
[2025-10-19 01:34:07]   K-Fold Results: mean=0.322387 ± 0.020642 (min=0.293630, max=0.341110)
[2025-10-19 01:34:07] 
======================================================================
[2025-10-19 01:34:07] Config 2/100 - K-Fold Complete:
[2025-10-19 01:34:07]   Mean Val R²: 0.322387 ± 0.020642
[2025-10-19 01:34:07]   Range: [0.293630, 0.341110]
[2025-10-19 01:34:07]   Best Global Mean R²: 0.340000
[2025-10-19 01:34:07]   Parameters: 265,248
[2025-10-19 01:34:07]   K-Fold mean R² not better than global best (0.340000)
[2025-10-19 01:34:07]   Skipping.
[2025-10-19 01:34:07]   Results saved to models/bruteforce_kfold_results_20251019_004814.csv
Searching:   2%|▏         | 2/100 [45:52<41:51:50, 1537.86s/it][2025-10-19 01:34:07] 
======================================================================
[2025-10-19 01:34:07] Config 3/100 - Starting Training:
[2025-10-19 01:34:07]   Architecture:
[2025-10-19 01:34:07]     Lookback: 20, Hidden: 32, Layers: 3, Dropout: 0.3
[2025-10-19 01:34:07]     Bidirectional: True, GRU: False
[2025-10-19 01:34:07]   Output Head:
[2025-10-19 01:34:07]     FC Layers: 3, FC Hidden: 128, Activation: gelu
[2025-10-19 01:34:07]     FC Dropout: 0.0, Batch Norm: True
[2025-10-19 01:34:07]   Training:
[2025-10-19 01:34:07]     Batch Size: 32, LR: 0.005, Weight Decay: 0.001
[2025-10-19 01:34:07]     Optimizer: adam, Grad Clip: 1.0, LR Patience: 3
[2025-10-19 01:34:07] 
  Stage 1: Running 3-Fold CV on 10% sampled data...
[2025-10-19 01:34:07]   K-Fold CV: 3 folds on 51 sequences
[2025-10-19 01:34:27]     Epoch  1/20: Val R²=0.2542 Train R²=0.2362 Gap=-0.0180 ✓
[2025-10-19 01:34:47]     Epoch  2/20: Val R²=0.2601 Train R²=0.2490 Gap=-0.0111 ✓
[2025-10-19 01:35:06]     Epoch  3/20: Val R²=0.2439 Train R²=0.2552 Gap=0.0113  
[2025-10-19 01:35:25]     Epoch  4/20: Val R²=0.2452 Train R²=0.2570 Gap=0.0118  
[2025-10-19 01:35:45]     Epoch  5/20: Val R²=0.2635 Train R²=0.2596 Gap=-0.0039 ✓
[2025-10-19 01:36:04]     Epoch  6/20: Val R²=0.2622 Train R²=0.2574 Gap=-0.0048  
[2025-10-19 01:36:23]     Epoch  7/20: Val R²=0.2469 Train R²=0.2602 Gap=0.0133  
[2025-10-19 01:36:43]     Epoch  8/20: Val R²=0.2637 Train R²=0.2629 Gap=-0.0008 ✓
[2025-10-19 01:37:01]     Epoch  9/20: Val R²=0.2659 Train R²=0.2621 Gap=-0.0038 ✓
[2025-10-19 01:37:21]     Epoch 10/20: Val R²=0.2599 Train R²=0.2623 Gap=0.0024  
[2025-10-19 01:37:41]     Epoch 11/20: Val R²=0.2543 Train R²=0.2593 Gap=0.0050  
[2025-10-19 01:37:59]     Epoch 12/20: Val R²=0.2421 Train R²=0.2581 Gap=0.0160  
[2025-10-19 01:38:18]     Epoch 13/20: Val R²=0.2488 Train R²=0.2582 Gap=0.0094  
[2025-10-19 01:38:38]     Epoch 14/20: Val R²=0.2808 Train R²=0.2761 Gap=-0.0047 ✓
[2025-10-19 01:38:57]     Epoch 15/20: Val R²=0.2688 Train R²=0.2757 Gap=0.0070  
[2025-10-19 01:39:15]     Epoch 16/20: Val R²=0.2518 Train R²=0.2751 Gap=0.0233  
[2025-10-19 01:39:35]     Epoch 17/20: Val R²=0.2506 Train R²=0.2748 Gap=0.0242  
[2025-10-19 01:39:54]     Epoch 18/20: Val R²=0.2545 Train R²=0.2766 Gap=0.0221  
[2025-10-19 01:40:13]     Epoch 19/20: Val R²=0.2712 Train R²=0.2840 Gap=0.0128  
[2025-10-19 01:40:13]     Early stopped at epoch 19
[2025-10-19 01:40:13]     Fold 1/3: Val R²=0.2808 Train R²=0.2761 (365.8s)
[2025-10-19 01:40:33]     Epoch  1/20: Val R²=0.0613 Train R²=0.2511 Gap=0.1899 ✓
[2025-10-19 01:40:51]     Epoch  2/20: Val R²=0.1069 Train R²=0.2648 Gap=0.1580 ✓
[2025-10-19 01:41:09]     Epoch  3/20: Val R²=0.1141 Train R²=0.2677 Gap=0.1536 ✓
[2025-10-19 01:41:28]     Epoch  4/20: Val R²=0.1133 Train R²=0.2681 Gap=0.1547  
[2025-10-19 01:41:48]     Epoch  5/20: Val R²=0.1151 Train R²=0.2711 Gap=0.1561 ✓
[2025-10-19 01:42:07]     Epoch  6/20: Val R²=0.1213 Train R²=0.2716 Gap=0.1502 ✓
[2025-10-19 01:42:26]     Epoch  7/20: Val R²=0.1285 Train R²=0.2710 Gap=0.1424 ✓
[2025-10-19 01:42:47]     Epoch  8/20: Val R²=0.1235 Train R²=0.2701 Gap=0.1466  
[2025-10-19 01:43:05]     Epoch  9/20: Val R²=0.1289 Train R²=0.2705 Gap=0.1415 ✓
[2025-10-19 01:43:24]     Epoch 10/20: Val R²=0.1212 Train R²=0.2724 Gap=0.1512  
[2025-10-19 01:43:44]     Epoch 11/20: Val R²=0.1218 Train R²=0.2739 Gap=0.1521  
[2025-10-19 01:44:03]     Epoch 12/20: Val R²=0.1276 Train R²=0.2744 Gap=0.1468  
[2025-10-19 01:44:22]     Epoch 13/20: Val R²=0.1321 Train R²=0.2748 Gap=0.1427 ✓
[2025-10-19 01:44:42]     Epoch 14/20: Val R²=0.1338 Train R²=0.2746 Gap=0.1408 ✓
[2025-10-19 01:45:01]     Epoch 15/20: Val R²=0.1316 Train R²=0.2743 Gap=0.1426  
[2025-10-19 01:45:20]     Epoch 16/20: Val R²=0.1295 Train R²=0.2713 Gap=0.1418  
[2025-10-19 01:45:40]     Epoch 17/20: Val R²=0.1314 Train R²=0.2740 Gap=0.1426  
[2025-10-19 01:45:59]     Epoch 18/20: Val R²=0.1261 Train R²=0.2741 Gap=0.1480  
[2025-10-19 01:46:17]     Epoch 19/20: Val R²=0.1368 Train R²=0.2839 Gap=0.1470 ✓
[2025-10-19 01:46:37]     Epoch 20/20: Val R²=0.1312 Train R²=0.2843 Gap=0.1531  
[2025-10-19 01:46:37]     Fold 2/3: Val R²=0.1368 Train R²=0.2839 (384.5s)
[2025-10-19 01:46:56]     Epoch  1/20: Val R²=0.2473 Train R²=0.2483 Gap=0.0011 ✓
[2025-10-19 01:47:15]     Epoch  2/20: Val R²=0.2586 Train R²=0.2669 Gap=0.0084 ✓
[2025-10-19 01:47:35]     Epoch  3/20: Val R²=0.2003 Train R²=0.2752 Gap=0.0750  
[2025-10-19 01:47:54]     Epoch  4/20: Val R²=0.2512 Train R²=0.2759 Gap=0.0248  
[2025-10-19 01:48:13]     Epoch  5/20: Val R²=0.2013 Train R²=0.2736 Gap=0.0723  
[2025-10-19 01:48:33]     Epoch  6/20: Val R²=0.2287 Train R²=0.2817 Gap=0.0530  
[2025-10-19 01:48:51]     Epoch  7/20: Val R²=0.2675 Train R²=0.2939 Gap=0.0264 ✓
[2025-10-19 01:49:10]     Epoch  8/20: Val R²=0.2140 Train R²=0.2977 Gap=0.0837  
[2025-10-19 01:49:30]     Epoch  9/20: Val R²=0.2654 Train R²=0.2976 Gap=0.0322  
[2025-10-19 01:49:50]     Epoch 10/20: Val R²=0.2669 Train R²=0.2980 Gap=0.0311  
[2025-10-19 01:50:09]     Epoch 11/20: Val R²=0.2617 Train R²=0.2988 Gap=0.0370  
[2025-10-19 01:50:28]     Epoch 12/20: Val R²=0.2784 Train R²=0.3069 Gap=0.0285 ✓
[2025-10-19 01:50:48]     Epoch 13/20: Val R²=0.2727 Train R²=0.3074 Gap=0.0346  
[2025-10-19 01:51:07]     Epoch 14/20: Val R²=0.2640 Train R²=0.3071 Gap=0.0432  
[2025-10-19 01:51:25]     Epoch 15/20: Val R²=0.2533 Train R²=0.3083 Gap=0.0550  
[2025-10-19 01:51:45]     Epoch 16/20: Val R²=0.2492 Train R²=0.3084 Gap=0.0592  
[2025-10-19 01:52:04]     Epoch 17/20: Val R²=0.2748 Train R²=0.3147 Gap=0.0399  
[2025-10-19 01:52:04]     Early stopped at epoch 17
[2025-10-19 01:52:04]     Fold 3/3: Val R²=0.2784 Train R²=0.3069 (326.5s)
[2025-10-19 01:52:04]   K-Fold Results: mean=0.232021 ± 0.067303 (min=0.136850, max=0.280823)
[2025-10-19 01:52:04] 
======================================================================
[2025-10-19 01:52:04] Config 3/100 - K-Fold Complete:
[2025-10-19 01:52:04]   Mean Val R²: 0.232021 ± 0.067303
[2025-10-19 01:52:04]   Range: [0.136850, 0.280823]
[2025-10-19 01:52:04]   Best Global Mean R²: 0.340000
[2025-10-19 01:52:04]   Parameters: 96,544
[2025-10-19 01:52:04]   K-Fold mean R² not better than global best (0.340000)
[2025-10-19 01:52:04]   Skipping.
[2025-10-19 01:52:04]   Results saved to models/bruteforce_kfold_results_20251019_004814.csv
Searching:   3%|▎         | 3/100 [1:03:49<35:45:51, 1327.34s/it][2025-10-19 01:52:04] 
======================================================================
[2025-10-19 01:52:04] Config 4/100 - Starting Training:
[2025-10-19 01:52:04]   Architecture:
[2025-10-19 01:52:04]     Lookback: 5, Hidden: 256, Layers: 2, Dropout: 0.3
[2025-10-19 01:52:04]     Bidirectional: False, GRU: False
[2025-10-19 01:52:04]   Output Head:
[2025-10-19 01:52:04]     FC Layers: 1, FC Hidden: 128, Activation: tanh
[2025-10-19 01:52:04]     FC Dropout: 0.4, Batch Norm: True
[2025-10-19 01:52:04]   Training:
[2025-10-19 01:52:04]     Batch Size: 64, LR: 0.001, Weight Decay: 0.001
[2025-10-19 01:52:04]     Optimizer: adamw, Grad Clip: 0.5, LR Patience: 3
[2025-10-19 01:52:04] 
  Stage 1: Running 3-Fold CV on 10% sampled data...
[2025-10-19 01:52:04]   K-Fold CV: 3 folds on 51 sequences
[2025-10-19 01:52:08]     Epoch  1/20: Val R²=0.2964 Train R²=0.2906 Gap=-0.0058 ✓
[2025-10-19 01:52:12]     Epoch  2/20: Val R²=0.2962 Train R²=0.3299 Gap=0.0337  
[2025-10-19 01:52:16]     Epoch  3/20: Val R²=0.3051 Train R²=0.3426 Gap=0.0375 ✓
[2025-10-19 01:52:19]     Epoch  4/20: Val R²=0.3072 Train R²=0.3548 Gap=0.0476 ✓
[2025-10-19 01:52:23]     Epoch  5/20: Val R²=0.3185 Train R²=0.3651 Gap=0.0466 ✓
[2025-10-19 01:52:27]     Epoch  6/20: Val R²=0.3158 Train R²=0.3751 Gap=0.0593  
[2025-10-19 01:52:32]     Epoch  7/20: Val R²=0.3002 Train R²=0.3894 Gap=0.0892  
[2025-10-19 01:52:36]     Epoch  8/20: Val R²=0.3048 Train R²=0.4052 Gap=0.1004  
[2025-10-19 01:52:40]     Epoch  9/20: Val R²=0.2903 Train R²=0.4247 Gap=0.1345  
[2025-10-19 01:52:44]     Epoch 10/20: Val R²=0.2838 Train R²=0.4650 Gap=0.1812  
[2025-10-19 01:52:44]     Early stopped at epoch 10
[2025-10-19 01:52:44]     Fold 1/3: Val R²=0.3185 Train R²=0.3651 (39.7s)
[2025-10-19 01:52:47]     Epoch  1/20: Val R²=0.2530 Train R²=0.3203 Gap=0.0673 ✓
[2025-10-19 01:52:51]     Epoch  2/20: Val R²=0.2430 Train R²=0.3501 Gap=0.1072  
[2025-10-19 01:52:55]     Epoch  3/20: Val R²=0.2701 Train R²=0.3618 Gap=0.0917 ✓
[2025-10-19 01:52:59]     Epoch  4/20: Val R²=0.2771 Train R²=0.3698 Gap=0.0927 ✓
[2025-10-19 01:53:03]     Epoch  5/20: Val R²=0.2779 Train R²=0.3779 Gap=0.1000 ✓
[2025-10-19 01:53:06]     Epoch  6/20: Val R²=0.2639 Train R²=0.3872 Gap=0.1232  
[2025-10-19 01:53:10]     Epoch  7/20: Val R²=0.2638 Train R²=0.3980 Gap=0.1342  
[2025-10-19 01:53:14]     Epoch  8/20: Val R²=0.2594 Train R²=0.4112 Gap=0.1518  
[2025-10-19 01:53:18]     Epoch  9/20: Val R²=0.2495 Train R²=0.4277 Gap=0.1782  
[2025-10-19 01:53:22]     Epoch 10/20: Val R²=0.2340 Train R²=0.4657 Gap=0.2317  
[2025-10-19 01:53:22]     Early stopped at epoch 10
[2025-10-19 01:53:22]     Fold 2/3: Val R²=0.2779 Train R²=0.3779 (37.9s)
[2025-10-19 01:53:26]     Epoch  1/20: Val R²=0.2805 Train R²=0.3154 Gap=0.0349 ✓
[2025-10-19 01:53:29]     Epoch  2/20: Val R²=0.2929 Train R²=0.3571 Gap=0.0641 ✓
[2025-10-19 01:53:34]     Epoch  3/20: Val R²=0.2920 Train R²=0.3703 Gap=0.0783  
[2025-10-19 01:53:38]     Epoch  4/20: Val R²=0.2830 Train R²=0.3808 Gap=0.0978  
[2025-10-19 01:53:42]     Epoch  5/20: Val R²=0.2792 Train R²=0.3915 Gap=0.1123  
[2025-10-19 01:53:46]     Epoch  6/20: Val R²=0.2801 Train R²=0.4019 Gap=0.1219  
[2025-10-19 01:53:49]     Epoch  7/20: Val R²=0.2756 Train R²=0.4294 Gap=0.1538  
[2025-10-19 01:53:49]     Early stopped at epoch 7
[2025-10-19 01:53:49]     Fold 3/3: Val R²=0.2929 Train R²=0.3571 (27.8s)
[2025-10-19 01:53:49]   K-Fold Results: mean=0.296435 ± 0.016744 (min=0.277918, max=0.318475)
[2025-10-19 01:53:49] 
======================================================================
[2025-10-19 01:53:49] Config 4/100 - K-Fold Complete:
[2025-10-19 01:53:49]   Mean Val R²: 0.296435 ± 0.016744
[2025-10-19 01:53:49]   Range: [0.277918, 0.318475]
[2025-10-19 01:53:49]   Best Global Mean R²: 0.340000
[2025-10-19 01:53:49]   Parameters: 831,520
[2025-10-19 01:53:49]   K-Fold mean R² not better than global best (0.340000)
[2025-10-19 01:53:49]   Skipping.
[2025-10-19 01:53:49]   Results saved to models/bruteforce_kfold_results_20251019_004814.csv
Searching:   4%|▍         | 4/100 [1:05:34<22:31:53, 844.93s/it] [2025-10-19 01:53:49] 
======================================================================
[2025-10-19 01:53:49] Config 5/100 - Starting Training:
[2025-10-19 01:53:49]   Architecture:
[2025-10-19 01:53:49]     Lookback: 30, Hidden: 256, Layers: 2, Dropout: 0.5
[2025-10-19 01:53:49]     Bidirectional: False, GRU: False
[2025-10-19 01:53:49]   Output Head:
[2025-10-19 01:53:49]     FC Layers: 2, FC Hidden: 128, Activation: tanh
[2025-10-19 01:53:49]     FC Dropout: 0.2, Batch Norm: True
[2025-10-19 01:53:49]   Training:
[2025-10-19 01:53:49]     Batch Size: 32, LR: 0.0005, Weight Decay: 0
[2025-10-19 01:53:49]     Optimizer: adamw, Grad Clip: 1.0, LR Patience: 7
[2025-10-19 01:53:49] 
  Stage 1: Running 3-Fold CV on 10% sampled data...
[2025-10-19 01:53:49]   K-Fold CV: 3 folds on 51 sequences
[2025-10-19 01:54:03]     Epoch  1/20: Val R²=0.3072 Train R²=0.2592 Gap=-0.0480 ✓
[2025-10-19 01:54:17]     Epoch  2/20: Val R²=0.3161 Train R²=0.3106 Gap=-0.0055 ✓
[2025-10-19 01:54:31]     Epoch  3/20: Val R²=0.2990 Train R²=0.3298 Gap=0.0308  
[2025-10-19 01:54:45]     Epoch  4/20: Val R²=0.3205 Train R²=0.3374 Gap=0.0169 ✓
[2025-10-19 01:54:58]     Epoch  5/20: Val R²=0.3215 Train R²=0.3452 Gap=0.0237 ✓
[2025-10-19 01:55:12]     Epoch  6/20: Val R²=0.3283 Train R²=0.3543 Gap=0.0260 ✓
[2025-10-19 01:55:25]     Epoch  7/20: Val R²=0.3283 Train R²=0.3605 Gap=0.0322 ✓
[2025-10-19 01:55:39]     Epoch  8/20: Val R²=0.3243 Train R²=0.3678 Gap=0.0435  
[2025-10-19 01:55:53]     Epoch  9/20: Val R²=0.3157 Train R²=0.3766 Gap=0.0609  
[2025-10-19 01:56:06]     Epoch 10/20: Val R²=0.3156 Train R²=0.3878 Gap=0.0723  
[2025-10-19 01:56:20]     Epoch 11/20: Val R²=0.3016 Train R²=0.3956 Gap=0.0940  
[2025-10-19 01:56:36]     Epoch 12/20: Val R²=0.3054 Train R²=0.4101 Gap=0.1047  
[2025-10-19 01:56:36]     Early stopped at epoch 12
[2025-10-19 01:56:36]     Fold 1/3: Val R²=0.3283 Train R²=0.3605 (166.6s)
[2025-10-19 01:56:50]     Epoch  1/20: Val R²=0.2386 Train R²=0.2824 Gap=0.0438 ✓
[2025-10-19 01:57:03]     Epoch  2/20: Val R²=0.2538 Train R²=0.3292 Gap=0.0755 ✓
[2025-10-19 01:57:16]     Epoch  3/20: Val R²=0.2676 Train R²=0.3445 Gap=0.0770 ✓
[2025-10-19 01:57:31]     Epoch  4/20: Val R²=0.2796 Train R²=0.3553 Gap=0.0757 ✓
[2025-10-19 01:57:45]     Epoch  5/20: Val R²=0.2756 Train R²=0.3618 Gap=0.0862  
[2025-10-19 01:57:58]     Epoch  6/20: Val R²=0.2811 Train R²=0.3690 Gap=0.0879 ✓
[2025-10-19 01:58:11]     Epoch  7/20: Val R²=0.2858 Train R²=0.3752 Gap=0.0894 ✓
[2025-10-19 01:58:24]     Epoch  8/20: Val R²=0.2832 Train R²=0.3825 Gap=0.0993  
[2025-10-19 01:58:38]     Epoch  9/20: Val R²=0.2823 Train R²=0.3911 Gap=0.1088  
[2025-10-19 01:58:52]     Epoch 10/20: Val R²=0.2740 Train R²=0.4010 Gap=0.1270  
[2025-10-19 01:59:04]     Epoch 11/20: Val R²=0.2769 Train R²=0.4099 Gap=0.1330  
[2025-10-19 01:59:18]     Epoch 12/20: Val R²=0.2674 Train R²=0.4220 Gap=0.1546  
[2025-10-19 01:59:18]     Early stopped at epoch 12
[2025-10-19 01:59:18]     Fold 2/3: Val R²=0.2858 Train R²=0.3752 (161.9s)
[2025-10-19 01:59:33]     Epoch  1/20: Val R²=0.3010 Train R²=0.2768 Gap=-0.0242 ✓
[2025-10-19 01:59:46]     Epoch  2/20: Val R²=0.3158 Train R²=0.3322 Gap=0.0165 ✓
[2025-10-19 02:00:00]     Epoch  3/20: Val R²=0.3103 Train R²=0.3501 Gap=0.0399  
[2025-10-19 02:00:13]     Epoch  4/20: Val R²=0.3046 Train R²=0.3589 Gap=0.0543  
[2025-10-19 02:00:27]     Epoch  5/20: Val R²=0.3018 Train R²=0.3689 Gap=0.0670  
[2025-10-19 02:00:41]     Epoch  6/20: Val R²=0.3110 Train R²=0.3749 Gap=0.0638  
[2025-10-19 02:00:54]     Epoch  7/20: Val R²=0.3080 Train R²=0.3815 Gap=0.0734  
[2025-10-19 02:00:54]     Early stopped at epoch 7
[2025-10-19 02:00:54]     Fold 3/3: Val R²=0.3158 Train R²=0.3322 (96.2s)
[2025-10-19 02:00:54]   K-Fold Results: mean=0.309949 ± 0.017849 (min=0.285769, max=0.328315)
[2025-10-19 02:00:54] 
======================================================================
[2025-10-19 02:00:54] Config 5/100 - K-Fold Complete:
[2025-10-19 02:00:54]   Mean Val R²: 0.309949 ± 0.017849
[2025-10-19 02:00:54]   Range: [0.285769, 0.328315]
[2025-10-19 02:00:54]   Best Global Mean R²: 0.340000
[2025-10-19 02:00:54]   Parameters: 860,576
[2025-10-19 02:00:54]   K-Fold mean R² not better than global best (0.340000)
[2025-10-19 02:00:54]   Skipping.
[2025-10-19 02:00:54]   Results saved to models/bruteforce_kfold_results_20251019_004814.csv
Searching:   5%|▌         | 5/100 [1:12:39<18:17:51, 693.38s/it][2025-10-19 02:00:54] 
======================================================================
[2025-10-19 02:00:54] Config 6/100 - Starting Training:
[2025-10-19 02:00:54]   Architecture:
[2025-10-19 02:00:54]     Lookback: 5, Hidden: 64, Layers: 3, Dropout: 0.2
[2025-10-19 02:00:54]     Bidirectional: True, GRU: True
[2025-10-19 02:00:54]   Output Head:
[2025-10-19 02:00:54]     FC Layers: 3, FC Hidden: 128, Activation: relu
[2025-10-19 02:00:54]     FC Dropout: 0.3, Batch Norm: False
[2025-10-19 02:00:54]   Training:
[2025-10-19 02:00:54]     Batch Size: 64, LR: 0.005, Weight Decay: 0.001
[2025-10-19 02:00:54]     Optimizer: adamw, Grad Clip: 5.0, LR Patience: 7
[2025-10-19 02:00:54] 
  Stage 1: Running 3-Fold CV on 10% sampled data...
[2025-10-19 02:00:54]   K-Fold CV: 3 folds on 51 sequences
[2025-10-19 02:01:10]     Epoch  1/20: Val R²=0.2645 Train R²=0.2305 Gap=-0.0340 ✓
[2025-10-19 02:01:27]     Epoch  2/20: Val R²=0.2760 Train R²=0.2685 Gap=-0.0074 ✓
[2025-10-19 02:01:44]     Epoch  3/20: Val R²=0.2786 Train R²=0.2814 Gap=0.0028 ✓
[2025-10-19 02:01:59]     Epoch  4/20: Val R²=0.2623 Train R²=0.2835 Gap=0.0212  
[2025-10-19 02:02:15]     Epoch  5/20: Val R²=0.2629 Train R²=0.2869 Gap=0.0240  
[2025-10-19 02:02:32]     Epoch  6/20: Val R²=0.2739 Train R²=0.2897 Gap=0.0157  
[2025-10-19 02:02:47]     Epoch  7/20: Val R²=0.2741 Train R²=0.2909 Gap=0.0168  
[2025-10-19 02:03:03]     Epoch  8/20: Val R²=0.2807 Train R²=0.2936 Gap=0.0129 ✓
[2025-10-19 02:03:18]     Epoch  9/20: Val R²=0.2792 Train R²=0.2912 Gap=0.0120  
[2025-10-19 02:03:35]     Epoch 10/20: Val R²=0.2655 Train R²=0.2967 Gap=0.0312  
[2025-10-19 02:03:50]     Epoch 11/20: Val R²=0.2731 Train R²=0.2960 Gap=0.0229  
[2025-10-19 02:04:06]     Epoch 12/20: Val R²=0.2452 Train R²=0.2933 Gap=0.0481  
[2025-10-19 02:04:21]     Epoch 13/20: Val R²=0.2618 Train R²=0.2935 Gap=0.0317  
[2025-10-19 02:04:21]     Early stopped at epoch 13
[2025-10-19 02:04:21]     Fold 1/3: Val R²=0.2807 Train R²=0.2936 (206.8s)
[2025-10-19 02:04:38]     Epoch  1/20: Val R²=0.2011 Train R²=0.2594 Gap=0.0583 ✓
[2025-10-19 02:04:54]     Epoch  2/20: Val R²=0.1842 Train R²=0.2918 Gap=0.1075  
[2025-10-19 02:05:09]     Epoch  3/20: Val R²=0.1989 Train R²=0.3031 Gap=0.1043  
[2025-10-19 02:05:25]     Epoch  4/20: Val R²=0.2215 Train R²=0.3093 Gap=0.0877 ✓
[2025-10-19 02:05:41]     Epoch  5/20: Val R²=0.2164 Train R²=0.3131 Gap=0.0967  
[2025-10-19 02:05:57]     Epoch  6/20: Val R²=0.2166 Train R²=0.3154 Gap=0.0988  
[2025-10-19 02:06:12]     Epoch  7/20: Val R²=0.2172 Train R²=0.3203 Gap=0.1031  
[2025-10-19 02:06:28]     Epoch  8/20: Val R²=0.2001 Train R²=0.3197 Gap=0.1196  
[2025-10-19 02:06:44]     Epoch  9/20: Val R²=0.2123 Train R²=0.3183 Gap=0.1060  
[2025-10-19 02:06:44]     Early stopped at epoch 9
[2025-10-19 02:06:44]     Fold 2/3: Val R²=0.2215 Train R²=0.3093 (143.3s)
[2025-10-19 02:07:00]     Epoch  1/20: Val R²=0.2617 Train R²=0.2506 Gap=-0.0111 ✓
[2025-10-19 02:07:15]     Epoch  2/20: Val R²=0.2703 Train R²=0.2922 Gap=0.0219 ✓
[2025-10-19 02:07:31]     Epoch  3/20: Val R²=0.2666 Train R²=0.3043 Gap=0.0378  
[2025-10-19 02:07:47]     Epoch  4/20: Val R²=0.2557 Train R²=0.3103 Gap=0.0545  
[2025-10-19 02:08:02]     Epoch  5/20: Val R²=0.2445 Train R²=0.3127 Gap=0.0683  
[2025-10-19 02:08:17]     Epoch  6/20: Val R²=0.2490 Train R²=0.3149 Gap=0.0659  
[2025-10-19 02:08:34]     Epoch  7/20: Val R²=0.2627 Train R²=0.3151 Gap=0.0524  
[2025-10-19 02:08:34]     Early stopped at epoch 7
[2025-10-19 02:08:34]     Fold 3/3: Val R²=0.2703 Train R²=0.2922 (109.7s)
[2025-10-19 02:08:34]   K-Fold Results: mean=0.257492 ± 0.025772 (min=0.221542, max=0.280661)
[2025-10-19 02:08:34] 
======================================================================
[2025-10-19 02:08:34] Config 6/100 - K-Fold Complete:
[2025-10-19 02:08:34]   Mean Val R²: 0.257492 ± 0.025772
[2025-10-19 02:08:34]   Range: [0.221542, 0.280661]
[2025-10-19 02:08:34]   Best Global Mean R²: 0.340000
[2025-10-19 02:08:34]   Parameters: 223,776
[2025-10-19 02:08:34]   K-Fold mean R² not better than global best (0.340000)
[2025-10-19 02:08:34]   Skipping.
[2025-10-19 02:08:34]   Results saved to models/bruteforce_kfold_results_20251019_004814.csv
Searching:   6%|▌         | 6/100 [1:20:19<16:01:51, 613.95s/it][2025-10-19 02:08:34] 
======================================================================
[2025-10-19 02:08:34] Config 7/100 - Starting Training:
[2025-10-19 02:08:34]   Architecture:
[2025-10-19 02:08:34]     Lookback: 10, Hidden: 64, Layers: 4, Dropout: 0.1
[2025-10-19 02:08:34]     Bidirectional: False, GRU: False
[2025-10-19 02:08:34]   Output Head:
[2025-10-19 02:08:34]     FC Layers: 1, FC Hidden: 256, Activation: relu
[2025-10-19 02:08:34]     FC Dropout: 0.4, Batch Norm: False
[2025-10-19 02:08:34]   Training:
[2025-10-19 02:08:34]     Batch Size: 256, LR: 0.002, Weight Decay: 0.01
[2025-10-19 02:08:34]     Optimizer: adam, Grad Clip: 1.0, LR Patience: 3
[2025-10-19 02:08:34] 
  Stage 1: Running 3-Fold CV on 10% sampled data...
[2025-10-19 02:08:34]   K-Fold CV: 3 folds on 51 sequences
[2025-10-19 02:08:36]     Epoch  1/20: Val R²=0.0406 Train R²=0.0692 Gap=0.0286 ✓
[2025-10-19 02:08:38]     Epoch  2/20: Val R²=-0.0177 Train R²=0.0179 Gap=0.0356  
[2025-10-19 02:08:39]     Epoch  3/20: Val R²=-0.0175 Train R²=-0.0001 Gap=0.0174  
[2025-10-19 02:08:42]     Epoch  4/20: Val R²=-0.0178 Train R²=-0.0001 Gap=0.0178  
[2025-10-19 02:08:43]     Epoch  5/20: Val R²=-0.0174 Train R²=-0.0001 Gap=0.0173  
[2025-10-19 02:08:45]     Epoch  6/20: Val R²=-0.0175 Train R²=-0.0000 Gap=0.0175  
[2025-10-19 02:08:45]     Early stopped at epoch 6
[2025-10-19 02:08:45]     Fold 1/3: Val R²=0.0406 Train R²=0.0692 (11.4s)
[2025-10-19 02:08:47]     Epoch  1/20: Val R²=0.0094 Train R²=0.1501 Gap=0.1407 ✓
[2025-10-19 02:08:49]     Epoch  2/20: Val R²=0.0084 Train R²=0.1408 Gap=0.1324  
[2025-10-19 02:08:51]     Epoch  3/20: Val R²=0.0046 Train R²=0.1392 Gap=0.1345  
[2025-10-19 02:08:52]     Epoch  4/20: Val R²=0.0083 Train R²=0.1328 Gap=0.1245  
[2025-10-19 02:08:54]     Epoch  5/20: Val R²=-0.0339 Train R²=0.1154 Gap=0.1493  
[2025-10-19 02:08:56]     Epoch  6/20: Val R²=0.0070 Train R²=0.1202 Gap=0.1132  
[2025-10-19 02:08:56]     Early stopped at epoch 6
[2025-10-19 02:08:56]     Fold 2/3: Val R²=0.0094 Train R²=0.1501 (10.9s)
[2025-10-19 02:08:58]     Epoch  1/20: Val R²=0.1078 Train R²=0.0942 Gap=-0.0136 ✓
[2025-10-19 02:09:00]     Epoch  2/20: Val R²=0.0894 Train R²=0.0785 Gap=-0.0110  
[2025-10-19 02:09:02]     Epoch  3/20: Val R²=0.0798 Train R²=0.0751 Gap=-0.0047  
[2025-10-19 02:09:03]     Epoch  4/20: Val R²=0.0826 Train R²=0.0647 Gap=-0.0179  
[2025-10-19 02:09:05]     Epoch  5/20: Val R²=0.0647 Train R²=0.0516 Gap=-0.0131  
[2025-10-19 02:09:07]     Epoch  6/20: Val R²=0.0416 Train R²=0.0479 Gap=0.0064  
[2025-10-19 02:09:07]     Early stopped at epoch 6
[2025-10-19 02:09:07]     Fold 3/3: Val R²=0.1078 Train R²=0.0942 (11.2s)
[2025-10-19 02:09:07]   K-Fold Results: mean=0.052622 ± 0.041045 (min=0.009449, max=0.107811)
[2025-10-19 02:09:07] 
======================================================================
[2025-10-19 02:09:07] Config 7/100 - K-Fold Complete:
[2025-10-19 02:09:07]   Mean Val R²: 0.052622 ± 0.041045
[2025-10-19 02:09:07]   Range: [0.009449, 0.107811]
[2025-10-19 02:09:07]   Best Global Mean R²: 0.340000
[2025-10-19 02:09:07]   Parameters: 127,008
[2025-10-19 02:09:07]   K-Fold mean R² not better than global best (0.340000)
[2025-10-19 02:09:07]   Skipping.
[2025-10-19 02:09:07]   Results saved to models/bruteforce_kfold_results_20251019_004814.csv
Searching:   7%|▋         | 7/100 [1:20:52<10:57:28, 424.17s/it][2025-10-19 02:09:07] 
======================================================================
[2025-10-19 02:09:07] Config 8/100 - Starting Training:
[2025-10-19 02:09:07]   Architecture:
[2025-10-19 02:09:07]     Lookback: 50, Hidden: 192, Layers: 3, Dropout: 0.3
[2025-10-19 02:09:07]     Bidirectional: False, GRU: True
[2025-10-19 02:09:07]   Output Head:
[2025-10-19 02:09:07]     FC Layers: 2, FC Hidden: 64, Activation: tanh
[2025-10-19 02:09:07]     FC Dropout: 0.0, Batch Norm: True
[2025-10-19 02:09:07]   Training:
[2025-10-19 02:09:07]     Batch Size: 64, LR: 0.005, Weight Decay: 0
[2025-10-19 02:09:07]     Optimizer: adam, Grad Clip: 1.0, LR Patience: 5
[2025-10-19 02:09:07] 
  Stage 1: Running 3-Fold CV on 10% sampled data...
[2025-10-19 02:09:07]   K-Fold CV: 3 folds on 51 sequences
[2025-10-19 02:10:04]     Epoch  1/20: Val R²=0.2806 Train R²=0.2764 Gap=-0.0042 ✓
[2025-10-19 02:11:00]     Epoch  2/20: Val R²=0.2890 Train R²=0.3126 Gap=0.0236 ✓
[2025-10-19 02:11:57]     Epoch  3/20: Val R²=0.2948 Train R²=0.3152 Gap=0.0204 ✓
[2025-10-19 02:12:54]     Epoch  4/20: Val R²=0.2982 Train R²=0.3149 Gap=0.0167 ✓
[2025-10-19 02:13:50]     Epoch  5/20: Val R²=0.2872 Train R²=0.3126 Gap=0.0254  
[2025-10-19 02:14:47]     Epoch  6/20: Val R²=0.2741 Train R²=0.3091 Gap=0.0350  
[2025-10-19 02:15:44]     Epoch  7/20: Val R²=0.2842 Train R²=0.3033 Gap=0.0191  
[2025-10-19 02:16:42]     Epoch  8/20: Val R²=0.2809 Train R²=0.2964 Gap=0.0154  
[2025-10-19 02:17:41]     Epoch  9/20: Val R²=0.2848 Train R²=0.2881 Gap=0.0033  
[2025-10-19 02:17:41]     Early stopped at epoch 9
[2025-10-19 02:17:41]     Fold 1/3: Val R²=0.2982 Train R²=0.3149 (514.2s)
[2025-10-19 02:18:38]     Epoch  1/20: Val R²=0.2051 Train R²=0.3000 Gap=0.0950 ✓
[2025-10-19 02:19:35]     Epoch  2/20: Val R²=0.2297 Train R²=0.3326 Gap=0.1029 ✓
[2025-10-19 02:20:32]     Epoch  3/20: Val R²=0.2279 Train R²=0.3334 Gap=0.1055  
[2025-10-19 02:21:29]     Epoch  4/20: Val R²=0.2362 Train R²=0.3336 Gap=0.0974 ✓
[2025-10-19 02:22:27]     Epoch  5/20: Val R²=0.2128 Train R²=0.3282 Gap=0.1154  
[2025-10-19 02:23:24]     Epoch  6/20: Val R²=0.2278 Train R²=0.3251 Gap=0.0973  
[2025-10-19 02:24:21]     Epoch  7/20: Val R²=0.2174 Train R²=0.3247 Gap=0.1074  
[2025-10-19 02:25:19]     Epoch  8/20: Val R²=0.2185 Train R²=0.3257 Gap=0.1071  
[2025-10-19 02:26:16]     Epoch  9/20: Val R²=0.2188 Train R²=0.3281 Gap=0.1093  
[2025-10-19 02:26:16]     Early stopped at epoch 9
[2025-10-19 02:26:16]     Fold 2/3: Val R²=0.2362 Train R²=0.3336 (515.0s)
[2025-10-19 02:27:14]     Epoch  1/20: Val R²=0.2736 Train R²=0.2963 Gap=0.0227 ✓
[2025-10-19 02:28:12]     Epoch  2/20: Val R²=0.2853 Train R²=0.3338 Gap=0.0485 ✓
[2025-10-19 02:29:09]     Epoch  3/20: Val R²=0.2660 Train R²=0.3377 Gap=0.0717  
[2025-10-19 02:30:07]     Epoch  4/20: Val R²=0.2589 Train R²=0.3374 Gap=0.0785  
[2025-10-19 02:31:05]     Epoch  5/20: Val R²=0.2820 Train R²=0.3357 Gap=0.0537  
[2025-10-19 02:32:03]     Epoch  6/20: Val R²=0.2538 Train R²=0.3337 Gap=0.0798  
[2025-10-19 02:33:00]     Epoch  7/20: Val R²=0.2779 Train R²=0.3280 Gap=0.0501  
[2025-10-19 02:33:00]     Early stopped at epoch 7
[2025-10-19 02:33:00]     Fold 3/3: Val R²=0.2853 Train R²=0.3338 (404.1s)
[2025-10-19 02:33:00]   K-Fold Results: mean=0.273215 ± 0.026711 (min=0.236187, max=0.298206)
[2025-10-19 02:33:00] 
======================================================================
[2025-10-19 02:33:00] Config 8/100 - K-Fold Complete:
[2025-10-19 02:33:00]   Mean Val R²: 0.273215 ± 0.026711
[2025-10-19 02:33:00]   Range: [0.236187, 0.298206]
[2025-10-19 02:33:00]   Best Global Mean R²: 0.340000
[2025-10-19 02:33:00]   Parameters: 589,408
[2025-10-19 02:33:00]   K-Fold mean R² not better than global best (0.340000)
[2025-10-19 02:33:00]   Skipping.
[2025-10-19 02:33:01]   Results saved to models/bruteforce_kfold_results_20251019_004814.csv
Searching:   8%|▊         | 8/100 [1:44:45<19:03:00, 745.44s/it][2025-10-19 02:33:01] 
======================================================================
[2025-10-19 02:33:01] Config 9/100 - Starting Training:
[2025-10-19 02:33:01]   Architecture:
[2025-10-19 02:33:01]     Lookback: 15, Hidden: 64, Layers: 1, Dropout: 0.5
[2025-10-19 02:33:01]     Bidirectional: True, GRU: True
[2025-10-19 02:33:01]   Output Head:
[2025-10-19 02:33:01]     FC Layers: 1, FC Hidden: 64, Activation: tanh
[2025-10-19 02:33:01]     FC Dropout: 0.3, Batch Norm: False
[2025-10-19 02:33:01]   Training:
[2025-10-19 02:33:01]     Batch Size: 32, LR: 0.0005, Weight Decay: 0
[2025-10-19 02:33:01]     Optimizer: adamw, Grad Clip: None, LR Patience: 3
[2025-10-19 02:33:01] 
  Stage 1: Running 3-Fold CV on 10% sampled data...
[2025-10-19 02:33:01]   K-Fold CV: 3 folds on 51 sequences
[2025-10-19 02:33:25]     Epoch  1/20: Val R²=0.3180 Train R²=0.2863 Gap=-0.0316 ✓
[2025-10-19 02:33:49]     Epoch  2/20: Val R²=0.3272 Train R²=0.3288 Gap=0.0016 ✓
[2025-10-19 02:34:12]     Epoch  3/20: Val R²=0.3385 Train R²=0.3399 Gap=0.0015 ✓
[2025-10-19 02:34:37]     Epoch  4/20: Val R²=0.3366 Train R²=0.3470 Gap=0.0104  
[2025-10-19 02:35:01]     Epoch  5/20: Val R²=0.3379 Train R²=0.3521 Gap=0.0142  
[2025-10-19 02:35:24]     Epoch  6/20: Val R²=0.3393 Train R²=0.3563 Gap=0.0170 ✓
[2025-10-19 02:35:48]     Epoch  7/20: Val R²=0.3369 Train R²=0.3595 Gap=0.0226  
[2025-10-19 02:36:11]     Epoch  8/20: Val R²=0.3386 Train R²=0.3626 Gap=0.0240  
[2025-10-19 02:36:36]     Epoch  9/20: Val R²=0.3411 Train R²=0.3650 Gap=0.0238 ✓
[2025-10-19 02:36:59]     Epoch 10/20: Val R²=0.3435 Train R²=0.3682 Gap=0.0247 ✓
[2025-10-19 02:37:23]     Epoch 11/20: Val R²=0.3442 Train R²=0.3706 Gap=0.0264 ✓
[2025-10-19 02:37:48]     Epoch 12/20: Val R²=0.3446 Train R²=0.3732 Gap=0.0286 ✓
[2025-10-19 02:38:11]     Epoch 13/20: Val R²=0.3401 Train R²=0.3755 Gap=0.0354  
[2025-10-19 02:38:36]     Epoch 14/20: Val R²=0.3407 Train R²=0.3777 Gap=0.0370  
[2025-10-19 02:38:59]     Epoch 15/20: Val R²=0.3335 Train R²=0.3801 Gap=0.0465  
[2025-10-19 02:39:22]     Epoch 16/20: Val R²=0.3358 Train R²=0.3817 Gap=0.0459  
[2025-10-19 02:39:47]     Epoch 17/20: Val R²=0.3396 Train R²=0.3878 Gap=0.0482  
[2025-10-19 02:39:47]     Early stopped at epoch 17
[2025-10-19 02:39:47]     Fold 1/3: Val R²=0.3446 Train R²=0.3732 (406.8s)
[2025-10-19 02:40:47]     Epoch  1/20: Val R²=0.2460 Train R²=0.3210 Gap=0.0750 ✓
[2025-10-19 02:41:52]     Epoch  2/20: Val R²=0.2604 Train R²=0.3492 Gap=0.0888 ✓
[2025-10-19 02:42:57]     Epoch  3/20: Val R²=0.2738 Train R²=0.3581 Gap=0.0843 ✓
[2025-10-19 02:44:02]     Epoch  4/20: Val R²=0.2863 Train R²=0.3647 Gap=0.0784 ✓
[2025-10-19 02:45:07]     Epoch  5/20: Val R²=0.2901 Train R²=0.3697 Gap=0.0796 ✓
[2025-10-19 02:46:11]     Epoch  6/20: Val R²=0.2934 Train R²=0.3741 Gap=0.0807 ✓
[2025-10-19 02:47:19]     Epoch  7/20: Val R²=0.2894 Train R²=0.3773 Gap=0.0879  
[2025-10-19 02:48:33]     Epoch  8/20: Val R²=0.2940 Train R²=0.3803 Gap=0.0863 ✓
[2025-10-19 02:49:44]     Epoch  9/20: Val R²=0.2951 Train R²=0.3828 Gap=0.0876 ✓
[2025-10-19 02:50:57]     Epoch 10/20: Val R²=0.2930 Train R²=0.3852 Gap=0.0923  
[2025-10-19 02:52:12]     Epoch 11/20: Val R²=0.2928 Train R²=0.3876 Gap=0.0948  
[2025-10-19 02:53:33]     Epoch 12/20: Val R²=0.2936 Train R²=0.3892 Gap=0.0956  
[2025-10-19 10:20:40]     Epoch 13/20: Val R²=0.3005 Train R²=0.3914 Gap=0.0908 ✓
[2025-10-19 10:21:22]     Epoch 14/20: Val R²=0.3018 Train R²=0.3932 Gap=0.0915 ✓
[2025-10-19 10:21:49]     Epoch 15/20: Val R²=0.2960 Train R²=0.3951 Gap=0.0991  
[2025-10-19 10:22:16]     Epoch 16/20: Val R²=0.2905 Train R²=0.3967 Gap=0.1062  
[2025-10-19 10:22:44]     Epoch 17/20: Val R²=0.2981 Train R²=0.3988 Gap=0.1007  
[2025-10-19 10:23:10]     Epoch 18/20: Val R²=0.2962 Train R²=0.4011 Gap=0.1049  
[2025-10-19 10:23:37]     Epoch 19/20: Val R²=0.2968 Train R²=0.4059 Gap=0.1091  
[2025-10-19 10:23:37]     Early stopped at epoch 19
[2025-10-19 10:23:37]     Fold 2/3: Val R²=0.3018 Train R²=0.3932 (27829.3s)
[2025-10-19 10:24:03]     Epoch  1/20: Val R²=0.3030 Train R²=0.3059 Gap=0.0029 ✓
[2025-10-19 10:24:29]     Epoch  2/20: Val R²=0.3087 Train R²=0.3503 Gap=0.0416 ✓
[2025-10-19 10:24:55]     Epoch  3/20: Val R²=0.3226 Train R²=0.3651 Gap=0.0425 ✓
[2025-10-19 10:25:21]     Epoch  4/20: Val R²=0.3223 Train R²=0.3725 Gap=0.0502  
[2025-10-19 10:25:45]     Epoch  5/20: Val R²=0.3289 Train R²=0.3778 Gap=0.0489 ✓
[2025-10-19 10:26:10]     Epoch  6/20: Val R²=0.3244 Train R²=0.3817 Gap=0.0572  
[2025-10-19 10:26:34]     Epoch  7/20: Val R²=0.3253 Train R²=0.3850 Gap=0.0596  
[2025-10-19 10:27:00]     Epoch  8/20: Val R²=0.3243 Train R²=0.3873 Gap=0.0630  
[2025-10-19 10:27:24]     Epoch  9/20: Val R²=0.3193 Train R²=0.3908 Gap=0.0715  
[2025-10-19 10:27:49]     Epoch 10/20: Val R²=0.3246 Train R²=0.3963 Gap=0.0717  
[2025-10-19 10:27:49]     Early stopped at epoch 10
[2025-10-19 10:27:49]     Fold 3/3: Val R²=0.3289 Train R²=0.3778 (252.5s)
[2025-10-19 10:27:49]   K-Fold Results: mean=0.325093 ± 0.017702 (min=0.301760, max=0.344617)
[2025-10-19 10:27:49] 
======================================================================
[2025-10-19 10:27:49] Config 9/100 - K-Fold Complete:
[2025-10-19 10:27:49]   Mean Val R²: 0.325093 ± 0.017702
[2025-10-19 10:27:49]   Range: [0.301760, 0.344617]
[2025-10-19 10:27:49]   Best Global Mean R²: 0.340000
[2025-10-19 10:27:49]   Parameters: 41,760
[2025-10-19 10:27:49]   K-Fold mean R² not better than global best (0.340000)
[2025-10-19 10:27:49]   Skipping.
[2025-10-19 10:27:49]   Results saved to models/bruteforce_kfold_results_20251019_004814.csv
Searching:   9%|▉         | 9/100 [9:39:34<238:04:29, 9418.35s/it][2025-10-19 10:27:49] 
======================================================================
[2025-10-19 10:27:49] Config 10/100 - Starting Training:
[2025-10-19 10:27:49]   Architecture:
[2025-10-19 10:27:49]     Lookback: 30, Hidden: 64, Layers: 2, Dropout: 0.4
[2025-10-19 10:27:49]     Bidirectional: False, GRU: True
[2025-10-19 10:27:49]   Output Head:
[2025-10-19 10:27:49]     FC Layers: 3, FC Hidden: 256, Activation: tanh
[2025-10-19 10:27:49]     FC Dropout: 0.2, Batch Norm: False
[2025-10-19 10:27:49]   Training:
[2025-10-19 10:27:49]     Batch Size: 128, LR: 0.002, Weight Decay: 0.001
[2025-10-19 10:27:49]     Optimizer: adamw, Grad Clip: 5.0, LR Patience: 3
[2025-10-19 10:27:49] 
  Stage 1: Running 3-Fold CV on 10% sampled data...
[2025-10-19 10:27:49]   K-Fold CV: 3 folds on 51 sequences
[2025-10-19 10:28:04]     Epoch  1/20: Val R²=0.3303 Train R²=0.2610 Gap=-0.0693 ✓
[2025-10-19 10:28:17]     Epoch  2/20: Val R²=0.3255 Train R²=0.3071 Gap=-0.0183  
[2025-10-19 10:28:29]     Epoch  3/20: Val R²=0.3252 Train R²=0.3214 Gap=-0.0038  
[2025-10-19 10:28:42]     Epoch  4/20: Val R²=0.3332 Train R²=0.3261 Gap=-0.0072 ✓
[2025-10-19 10:28:55]     Epoch  5/20: Val R²=0.3334 Train R²=0.3334 Gap=-0.0000 ✓
[2025-10-19 10:29:08]     Epoch  6/20: Val R²=0.3307 Train R²=0.3380 Gap=0.0073  
[2025-10-19 10:29:20]     Epoch  7/20: Val R²=0.3386 Train R²=0.3403 Gap=0.0018 ✓
[2025-10-19 10:29:32]     Epoch  8/20: Val R²=0.3434 Train R²=0.3442 Gap=0.0008 ✓
[2025-10-19 10:29:45]     Epoch  9/20: Val R²=0.3317 Train R²=0.3486 Gap=0.0169  
[2025-10-19 10:30:01]     Epoch 10/20: Val R²=0.3355 Train R²=0.3494 Gap=0.0139  
[2025-10-19 10:30:15]     Epoch 11/20: Val R²=0.3391 Train R²=0.3511 Gap=0.0120  
[2025-10-19 10:30:28]     Epoch 12/20: Val R²=0.3351 Train R²=0.3539 Gap=0.0188  
[2025-10-19 10:30:41]     Epoch 13/20: Val R²=0.3419 Train R²=0.3688 Gap=0.0269  
[2025-10-19 10:30:41]     Early stopped at epoch 13
[2025-10-19 10:30:41]     Fold 1/3: Val R²=0.3434 Train R²=0.3442 (171.8s)
[2025-10-19 10:30:59]     Epoch  1/20: Val R²=0.2331 Train R²=0.2999 Gap=0.0668 ✓
[2025-10-19 10:31:16]     Epoch  2/20: Val R²=0.2349 Train R²=0.3338 Gap=0.0989 ✓
[2025-10-19 10:31:31]     Epoch  3/20: Val R²=0.2669 Train R²=0.3434 Gap=0.0765 ✓
[2025-10-19 10:31:45]     Epoch  4/20: Val R²=0.2719 Train R²=0.3475 Gap=0.0756 ✓
[2025-10-19 10:32:00]     Epoch  5/20: Val R²=0.2775 Train R²=0.3493 Gap=0.0718 ✓
[2025-10-19 10:32:13]     Epoch  6/20: Val R²=0.2852 Train R²=0.3546 Gap=0.0694 ✓
[2025-10-19 10:32:27]     Epoch  7/20: Val R²=0.2756 Train R²=0.3573 Gap=0.0816  
[2025-10-19 10:32:39]     Epoch  8/20: Val R²=0.2932 Train R²=0.3623 Gap=0.0691 ✓
[2025-10-19 10:32:54]     Epoch  9/20: Val R²=0.2979 Train R²=0.3647 Gap=0.0668 ✓
[2025-10-19 10:33:08]     Epoch 10/20: Val R²=0.2884 Train R²=0.3683 Gap=0.0799  
[2025-10-19 10:33:21]     Epoch 11/20: Val R²=0.2875 Train R²=0.3693 Gap=0.0818  
[2025-10-19 10:33:34]     Epoch 12/20: Val R²=0.2811 Train R²=0.3709 Gap=0.0898  
[2025-10-19 10:33:48]     Epoch 13/20: Val R²=0.2991 Train R²=0.3741 Gap=0.0749 ✓
[2025-10-19 10:34:02]     Epoch 14/20: Val R²=0.2931 Train R²=0.3777 Gap=0.0846  
[2025-10-19 10:34:14]     Epoch 15/20: Val R²=0.2907 Train R²=0.3785 Gap=0.0878  
[2025-10-19 10:34:27]     Epoch 16/20: Val R²=0.2927 Train R²=0.3814 Gap=0.0888  
[2025-10-19 10:34:41]     Epoch 17/20: Val R²=0.2931 Train R²=0.3828 Gap=0.0898  
[2025-10-19 10:34:54]     Epoch 18/20: Val R²=0.2913 Train R²=0.3968 Gap=0.1055  
[2025-10-19 10:34:54]     Early stopped at epoch 18
[2025-10-19 10:34:54]     Fold 2/3: Val R²=0.2991 Train R²=0.3741 (253.6s)
[2025-10-19 10:35:08]     Epoch  1/20: Val R²=0.2965 Train R²=0.2812 Gap=-0.0153 ✓
[2025-10-19 10:35:20]     Epoch  2/20: Val R²=0.3127 Train R²=0.3262 Gap=0.0135 ✓
[2025-10-19 10:35:33]     Epoch  3/20: Val R²=0.3279 Train R²=0.3448 Gap=0.0169 ✓
[2025-10-19 10:35:47]     Epoch  4/20: Val R²=0.3189 Train R²=0.3495 Gap=0.0305  
[2025-10-19 10:36:02]     Epoch  5/20: Val R²=0.3272 Train R²=0.3561 Gap=0.0289  
[2025-10-19 10:36:14]     Epoch  6/20: Val R²=0.3308 Train R²=0.3607 Gap=0.0299 ✓
[2025-10-19 10:36:27]     Epoch  7/20: Val R²=0.3289 Train R²=0.3638 Gap=0.0349  
[2025-10-19 10:36:40]     Epoch  8/20: Val R²=0.3327 Train R²=0.3658 Gap=0.0331 ✓
[2025-10-19 10:36:53]     Epoch  9/20: Val R²=0.3245 Train R²=0.3696 Gap=0.0451  
[2025-10-19 10:37:07]     Epoch 10/20: Val R²=0.3190 Train R²=0.3739 Gap=0.0548  
[2025-10-19 10:37:20]     Epoch 11/20: Val R²=0.3176 Train R²=0.3723 Gap=0.0548  
[2025-10-19 10:37:33]     Epoch 12/20: Val R²=0.3142 Train R²=0.3756 Gap=0.0614  
[2025-10-19 10:37:47]     Epoch 13/20: Val R²=0.3317 Train R²=0.3913 Gap=0.0595  
[2025-10-19 10:37:47]     Early stopped at epoch 13
[2025-10-19 10:37:47]     Fold 3/3: Val R²=0.3327 Train R²=0.3658 (172.9s)
[2025-10-19 10:37:47]   K-Fold Results: mean=0.325054 ± 0.018843 (min=0.299133, max=0.343367)
[2025-10-19 10:37:47] 
======================================================================
[2025-10-19 10:37:47] Config 10/100 - K-Fold Complete:
[2025-10-19 10:37:47]   Mean Val R²: 0.325054 ± 0.018843
[2025-10-19 10:37:47]   Range: [0.299133, 0.343367]
[2025-10-19 10:37:47]   Best Global Mean R²: 0.340000
[2025-10-19 10:37:47]   Parameters: 134,432
[2025-10-19 10:37:47]   K-Fold mean R² not better than global best (0.340000)
[2025-10-19 10:37:47]   Skipping.
[2025-10-19 10:37:47]   Results saved to models/bruteforce_kfold_results_20251019_004814.csv
Searching:  10%|█         | 10/100 [9:49:32<167:23:09, 6695.44s/it][2025-10-19 10:37:47] 
======================================================================
[2025-10-19 10:37:47] Config 11/100 - Starting Training:
[2025-10-19 10:37:47]   Architecture:
[2025-10-19 10:37:47]     Lookback: 10, Hidden: 64, Layers: 1, Dropout: 0.3
[2025-10-19 10:37:47]     Bidirectional: False, GRU: False
[2025-10-19 10:37:47]   Output Head:
[2025-10-19 10:37:47]     FC Layers: 3, FC Hidden: 64, Activation: relu
[2025-10-19 10:37:47]     FC Dropout: 0.0, Batch Norm: False
[2025-10-19 10:37:47]   Training:
[2025-10-19 10:37:47]     Batch Size: 64, LR: 0.0001, Weight Decay: 0
[2025-10-19 10:37:47]     Optimizer: adam, Grad Clip: 1.0, LR Patience: 5
[2025-10-19 10:37:47] 
  Stage 1: Running 3-Fold CV on 10% sampled data...
[2025-10-19 10:37:47]   K-Fold CV: 3 folds on 51 sequences
[2025-10-19 10:37:52]     Epoch  1/20: Val R²=0.2682 Train R²=0.1185 Gap=-0.1496 ✓
[2025-10-19 10:37:57]     Epoch  2/20: Val R²=0.2940 Train R²=0.2626 Gap=-0.0314 ✓
[2025-10-19 10:38:01]     Epoch  3/20: Val R²=0.3070 Train R²=0.3024 Gap=-0.0045 ✓
[2025-10-19 10:38:05]     Epoch  4/20: Val R²=0.3093 Train R²=0.3170 Gap=0.0077 ✓
[2025-10-19 10:38:09]     Epoch  5/20: Val R²=0.3155 Train R²=0.3237 Gap=0.0082 ✓
[2025-10-19 10:38:13]     Epoch  6/20: Val R²=0.3146 Train R²=0.3283 Gap=0.0137  
[2025-10-19 10:38:17]     Epoch  7/20: Val R²=0.3146 Train R²=0.3320 Gap=0.0174  
[2025-10-19 10:38:21]     Epoch  8/20: Val R²=0.3178 Train R²=0.3349 Gap=0.0170 ✓
[2025-10-19 10:38:25]     Epoch  9/20: Val R²=0.3195 Train R²=0.3373 Gap=0.0178 ✓
/opt/homebrew/Cellar/python@3.12/3.12.11_1/Frameworks/Python.framework/Versions/3.12/lib/python3.12/multiprocessing/resource_tracker.py:279: UserWarning: resource_tracker: There appear to be 1 leaked semaphore objects to clean up at shutdown
  warnings.warn('resource_tracker: There appear to be %d '
