[2025-10-19 20:39:41] ======================================================================
[2025-10-19 20:39:41] BRUTE FORCE HYPERPARAMETER SEARCH WITH AUTO-SUBMISSION
[2025-10-19 20:39:41] ======================================================================
[2025-10-19 20:39:41] Started at: 2025-10-19 20:39:41
[2025-10-19 20:39:41] Mode: FULL
[2025-10-19 20:39:41] Best R² to beat: 0.356600
[2025-10-19 20:39:41] Log file: logs/bruteforce_20251019_203941.log
[2025-10-19 20:39:41] 
[2025-10-19 20:39:41] Device Detection:
[2025-10-19 20:39:41]   PyTorch version: 2.9.0
[2025-10-19 20:39:41]   Requested: mps
[2025-10-19 20:39:41]   MPS available: ✓
[2025-10-19 20:39:41]   CUDA available: ✗
[2025-10-19 20:39:41]   Using: MPS
[2025-10-19 20:39:41] 
[2025-10-19 20:39:41] Loading data...
[2025-10-19 20:39:41] Train: 413,000 rows, 413 sequences
[2025-10-19 20:39:41] Val:   104,000 rows, 104 sequences
[2025-10-19 20:39:41] Features: 32
[2025-10-19 20:39:41] Configurations to test: 100
[2025-10-19 20:39:41] Max epochs per config: 40
[2025-10-19 20:39:41] 
[2025-10-19 20:39:41] Starting brute force search...
[2025-10-19 20:39:41] 
Searching:   0%|          | 0/100 [00:00<?, ?it/s][2025-10-19 20:39:41] 
======================================================================
[2025-10-19 20:39:41] Config 1/100 - Starting Training:
[2025-10-19 20:39:41]   Architecture:
[2025-10-19 20:39:41]     Lookback: 50, Hidden: 64, Layers: 1, Dropout: 0.3
[2025-10-19 20:39:41]     Bidirectional: True, GRU: True
[2025-10-19 20:39:41]   Output Head:
[2025-10-19 20:39:41]     FC Layers: 2, FC Hidden: 64, Activation: gelu
[2025-10-19 20:39:41]     FC Dropout: 0.0, Batch Norm: True
[2025-10-19 20:39:41]   Training:
[2025-10-19 20:39:41]     Batch Size: 256, LR: 0.0001, Weight Decay: 0
[2025-10-19 20:39:41]     Optimizer: adam, Grad Clip: None, LR Patience: 3
[2025-10-19 20:41:51]     Epoch  1/40: Val R²=0.2958 Train R²=0.2814 Gap=-0.0144 ✓
[2025-10-19 20:44:17]     Epoch  2/40: Val R²=0.3165 Train R²=0.3429 Gap=0.0264 ✓
[2025-10-19 20:46:17]     Epoch  3/40: Val R²=0.3258 Train R²=0.3583 Gap=0.0325 ✓
[2025-10-19 20:47:54]     Epoch  4/40: Val R²=0.3307 Train R²=0.3661 Gap=0.0354 ✓
[2025-10-19 20:49:25]     Epoch  5/40: Val R²=0.3338 Train R²=0.3705 Gap=0.0367 ✓
[2025-10-19 20:51:01]     Epoch  6/40: Val R²=0.3360 Train R²=0.3737 Gap=0.0377 ✓
[2025-10-19 20:52:29]     Epoch  7/40: Val R²=0.3384 Train R²=0.3759 Gap=0.0375 ✓
[2025-10-19 20:54:00]     Epoch  8/40: Val R²=0.3399 Train R²=0.3777 Gap=0.0378 ✓
[2025-10-19 20:55:34]     Epoch  9/40: Val R²=0.3412 Train R²=0.3793 Gap=0.0381 ✓
[2025-10-19 20:57:05]     Epoch 10/40: Val R²=0.3419 Train R²=0.3805 Gap=0.0386 ✓
[2025-10-19 20:58:35]     Epoch 11/40: Val R²=0.3424 Train R²=0.3816 Gap=0.0393 ✓
[2025-10-19 21:00:06]     Epoch 12/40: Val R²=0.3441 Train R²=0.3827 Gap=0.0387 ✓
[2025-10-19 21:01:37]     Epoch 13/40: Val R²=0.3438 Train R²=0.3835 Gap=0.0397  
[2025-10-19 21:03:10]     Epoch 14/40: Val R²=0.3452 Train R²=0.3842 Gap=0.0390 ✓
[2025-10-19 21:04:39]     Epoch 15/40: Val R²=0.3449 Train R²=0.3851 Gap=0.0402  
[2025-10-19 21:06:14]     Epoch 16/40: Val R²=0.3459 Train R²=0.3856 Gap=0.0397 ✓
[2025-10-19 21:07:48]     Epoch 17/40: Val R²=0.3468 Train R²=0.3863 Gap=0.0395 ✓
[2025-10-19 21:09:20]     Epoch 18/40: Val R²=0.3475 Train R²=0.3869 Gap=0.0394 ✓
[2025-10-19 21:10:49]     Epoch 19/40: Val R²=0.3466 Train R²=0.3877 Gap=0.0411  
[2025-10-19 21:12:18]     Epoch 20/40: Val R²=0.3481 Train R²=0.3879 Gap=0.0398 ✓
[2025-10-19 21:13:49]     Epoch 21/40: Val R²=0.3483 Train R²=0.3886 Gap=0.0403 ✓
[2025-10-19 21:15:21]     Epoch 22/40: Val R²=0.3488 Train R²=0.3890 Gap=0.0402 ✓
[2025-10-19 21:16:53]     Epoch 23/40: Val R²=0.3483 Train R²=0.3894 Gap=0.0411  
[2025-10-19 21:18:24]     Epoch 24/40: Val R²=0.3468 Train R²=0.3899 Gap=0.0431  
[2025-10-19 21:19:54]     Epoch 25/40: Val R²=0.3493 Train R²=0.3902 Gap=0.0409 ✓
[2025-10-19 21:21:24]     Epoch 26/40: Val R²=0.3497 Train R²=0.3909 Gap=0.0412 ✓
[2025-10-19 21:22:54]     Epoch 27/40: Val R²=0.3501 Train R²=0.3911 Gap=0.0410 ✓
[2025-10-19 21:24:26]     Epoch 28/40: Val R²=0.3507 Train R²=0.3916 Gap=0.0409 ✓
[2025-10-19 21:25:59]     Epoch 29/40: Val R²=0.3501 Train R²=0.3919 Gap=0.0417  
[2025-10-19 21:27:33]     Epoch 30/40: Val R²=0.3503 Train R²=0.3922 Gap=0.0419  
[2025-10-19 21:29:08]     Epoch 31/40: Val R²=0.3503 Train R²=0.3925 Gap=0.0422  
[2025-10-19 21:30:40]     Epoch 32/40: Val R²=0.3504 Train R²=0.3928 Gap=0.0425  
[2025-10-19 21:32:15]     Epoch 33/40: Val R²=0.3515 Train R²=0.3941 Gap=0.0426 ✓
[2025-10-19 21:33:45]     Epoch 34/40: Val R²=0.3515 Train R²=0.3942 Gap=0.0427  
[2025-10-19 21:35:16]     Epoch 35/40: Val R²=0.3514 Train R²=0.3946 Gap=0.0432  
[2025-10-19 21:36:48]     Epoch 36/40: Val R²=0.3513 Train R²=0.3946 Gap=0.0432  
[2025-10-19 21:38:21]     Epoch 37/40: Val R²=0.3520 Train R²=0.3950 Gap=0.0430 ✓
[2025-10-19 21:39:52]     Epoch 38/40: Val R²=0.3516 Train R²=0.3951 Gap=0.0434  
[2025-10-19 21:41:23]     Epoch 39/40: Val R²=0.3514 Train R²=0.3952 Gap=0.0438  
[2025-10-19 21:42:55]     Epoch 40/40: Val R²=0.3518 Train R²=0.3953 Gap=0.0435  
[2025-10-19 21:42:55] 
======================================================================
[2025-10-19 21:42:55] Config 1/100 Complete:
[2025-10-19 21:42:55]   Best Val R²: 0.352012 (epoch 37)
[2025-10-19 21:42:55]   Best Global R²: 0.356600
[2025-10-19 21:42:55]   Overfitting Gap: 0.042957
[2025-10-19 21:42:55]   Parameters: 48,096
[2025-10-19 21:42:55]   Training Time: 3794.1s
[2025-10-19 21:42:55]   Not better than global best (0.356600)
[2025-10-19 21:42:55]   Results saved to models/bruteforce_search_results_20251019_203941.csv
Searching:   1%|          | 1/100 [1:03:14<104:20:23, 3794.17s/it][2025-10-19 21:42:55] 
======================================================================
[2025-10-19 21:42:55] Config 2/100 - Starting Training:
[2025-10-19 21:42:55]   Architecture:
[2025-10-19 21:42:55]     Lookback: 50, Hidden: 192, Layers: 1, Dropout: 0.3
[2025-10-19 21:42:55]     Bidirectional: True, GRU: True
[2025-10-19 21:42:55]   Output Head:
[2025-10-19 21:42:55]     FC Layers: 2, FC Hidden: 128, Activation: gelu
[2025-10-19 21:42:55]     FC Dropout: 0.3, Batch Norm: True
[2025-10-19 21:42:55]   Training:
[2025-10-19 21:42:55]     Batch Size: 256, LR: 0.001, Weight Decay: 0.01
[2025-10-19 21:42:55]     Optimizer: adamw, Grad Clip: 1.0, LR Patience: 3
[2025-10-19 21:44:39]     Epoch  1/40: Val R²=0.3360 Train R²=0.3425 Gap=0.0064 ✓
[2025-10-19 21:46:23]     Epoch  2/40: Val R²=0.3467 Train R²=0.3689 Gap=0.0222 ✓
[2025-10-19 21:48:10]     Epoch  3/40: Val R²=0.3488 Train R²=0.3749 Gap=0.0261 ✓
[2025-10-19 21:49:54]     Epoch  4/40: Val R²=0.3495 Train R²=0.3789 Gap=0.0294 ✓
[2025-10-19 21:51:38]     Epoch  5/40: Val R²=0.3511 Train R²=0.3829 Gap=0.0318 ✓
[2025-10-19 21:53:25]     Epoch  6/40: Val R²=0.3518 Train R²=0.3859 Gap=0.0341 ✓
[2025-10-19 21:55:10]     Epoch  7/40: Val R²=0.3533 Train R²=0.3888 Gap=0.0355 ✓
[2025-10-19 21:56:56]     Epoch  8/40: Val R²=0.3519 Train R²=0.3918 Gap=0.0399  
[2025-10-19 21:58:40]     Epoch  9/40: Val R²=0.3510 Train R²=0.3947 Gap=0.0436  
[2025-10-19 22:00:23]     Epoch 10/40: Val R²=0.3505 Train R²=0.3977 Gap=0.0472  
[2025-10-19 22:02:07]     Epoch 11/40: Val R²=0.3504 Train R²=0.4007 Gap=0.0503  
[2025-10-19 22:03:52]     Epoch 12/40: Val R²=0.3462 Train R²=0.4108 Gap=0.0646  
[2025-10-19 22:05:36]     Epoch 13/40: Val R²=0.3446 Train R²=0.4156 Gap=0.0710  
[2025-10-19 22:07:22]     Epoch 14/40: Val R²=0.3418 Train R²=0.4196 Gap=0.0778  
[2025-10-19 22:07:22]     Early stopped at epoch 14
[2025-10-19 22:07:22] 
======================================================================
[2025-10-19 22:07:22] Config 2/100 Complete:
[2025-10-19 22:07:22]   Best Val R²: 0.353326 (epoch 7)
[2025-10-19 22:07:22]   Best Global R²: 0.356600
[2025-10-19 22:07:22]   Overfitting Gap: 0.035466
[2025-10-19 22:07:22]   Parameters: 314,016
[2025-10-19 22:07:22]   Training Time: 1467.1s
[2025-10-19 22:07:22]   Not better than global best (0.356600)
[2025-10-19 22:07:22]   Results saved to models/bruteforce_search_results_20251019_203941.csv
Searching:   2%|▏         | 2/100 [1:27:41<66:01:20, 2425.32s/it] [2025-10-19 22:07:22] 
======================================================================
[2025-10-19 22:07:22] Config 3/100 - Starting Training:
[2025-10-19 22:07:22]   Architecture:
[2025-10-19 22:07:22]     Lookback: 20, Hidden: 128, Layers: 1, Dropout: 0.1
[2025-10-19 22:07:22]     Bidirectional: True, GRU: True
[2025-10-19 22:07:22]   Output Head:
[2025-10-19 22:07:22]     FC Layers: 3, FC Hidden: 128, Activation: gelu
[2025-10-19 22:07:22]     FC Dropout: 0.3, Batch Norm: True
[2025-10-19 22:07:22]   Training:
[2025-10-19 22:07:22]     Batch Size: 256, LR: 0.001, Weight Decay: 0
[2025-10-19 22:07:22]     Optimizer: adam, Grad Clip: 5.0, LR Patience: 3
[2025-10-19 22:08:14]     Epoch  1/40: Val R²=0.3304 Train R²=0.3299 Gap=-0.0006 ✓
[2025-10-19 22:09:06]     Epoch  2/40: Val R²=0.3364 Train R²=0.3571 Gap=0.0208 ✓
[2025-10-19 22:09:56]     Epoch  3/40: Val R²=0.3398 Train R²=0.3639 Gap=0.0241 ✓
[2025-10-19 22:10:45]     Epoch  4/40: Val R²=0.3447 Train R²=0.3676 Gap=0.0229 ✓
[2025-10-19 22:11:36]     Epoch  5/40: Val R²=0.3451 Train R²=0.3713 Gap=0.0263 ✓
[2025-10-19 22:12:28]     Epoch  6/40: Val R²=0.3455 Train R²=0.3740 Gap=0.0285 ✓
[2025-10-19 22:13:19]     Epoch  7/40: Val R²=0.3452 Train R²=0.3763 Gap=0.0311  
[2025-10-19 22:14:11]     Epoch  8/40: Val R²=0.3472 Train R²=0.3782 Gap=0.0310 ✓
[2025-10-19 22:15:01]     Epoch  9/40: Val R²=0.3469 Train R²=0.3808 Gap=0.0339  
[2025-10-19 22:15:52]     Epoch 10/40: Val R²=0.3441 Train R²=0.3833 Gap=0.0391  
[2025-10-19 22:16:43]     Epoch 11/40: Val R²=0.3451 Train R²=0.3854 Gap=0.0404  
[2025-10-19 22:17:35]     Epoch 12/40: Val R²=0.3417 Train R²=0.3872 Gap=0.0455  
[2025-10-19 22:18:28]     Epoch 13/40: Val R²=0.3433 Train R²=0.3949 Gap=0.0516  
[2025-10-19 22:19:22]     Epoch 14/40: Val R²=0.3418 Train R²=0.3979 Gap=0.0561  
[2025-10-19 22:20:16]     Epoch 15/40: Val R²=0.3420 Train R²=0.4001 Gap=0.0581  
[2025-10-19 22:20:16]     Early stopped at epoch 15
[2025-10-19 22:20:16] 
======================================================================
[2025-10-19 22:20:16] Config 3/100 Complete:
[2025-10-19 22:20:16]   Best Val R²: 0.347168 (epoch 8)
[2025-10-19 22:20:16]   Best Global R²: 0.356600
[2025-10-19 22:20:16]   Overfitting Gap: 0.031028
[2025-10-19 22:20:16]   Parameters: 178,464
[2025-10-19 22:20:16]   Training Time: 773.5s
[2025-10-19 22:20:16]   Not better than global best (0.356600)
[2025-10-19 22:20:16]   Results saved to models/bruteforce_search_results_20251019_203941.csv
Searching:   3%|▎         | 3/100 [1:40:34<45:01:33, 1671.07s/it][2025-10-19 22:20:16] 
======================================================================
[2025-10-19 22:20:16] Config 4/100 - Starting Training:
[2025-10-19 22:20:16]   Architecture:
[2025-10-19 22:20:16]     Lookback: 50, Hidden: 192, Layers: 2, Dropout: 0.3
[2025-10-19 22:20:16]     Bidirectional: True, GRU: True
[2025-10-19 22:20:16]   Output Head:
[2025-10-19 22:20:16]     FC Layers: 2, FC Hidden: 256, Activation: relu
[2025-10-19 22:20:16]     FC Dropout: 0.3, Batch Norm: True
[2025-10-19 22:20:16]   Training:
[2025-10-19 22:20:16]     Batch Size: 256, LR: 0.0001, Weight Decay: 0.01
[2025-10-19 22:20:16]     Optimizer: adamw, Grad Clip: 1.0, LR Patience: 3
[2025-10-19 22:24:10]     Epoch  1/40: Val R²=0.3168 Train R²=0.2843 Gap=-0.0325 ✓
[2025-10-19 22:28:06]     Epoch  2/40: Val R²=0.3305 Train R²=0.3438 Gap=0.0133 ✓
[2025-10-19 22:35:33]     Epoch  3/40: Val R²=0.3374 Train R²=0.3583 Gap=0.0209 ✓
[2025-10-20 00:33:59]     Epoch  4/40: Val R²=0.3409 Train R²=0.3649 Gap=0.0240 ✓
[2025-10-20 00:38:18]     Epoch  5/40: Val R²=0.3427 Train R²=0.3689 Gap=0.0262 ✓
[2025-10-20 00:42:12]     Epoch  6/40: Val R²=0.3456 Train R²=0.3722 Gap=0.0265 ✓
[2025-10-20 00:46:00]     Epoch  7/40: Val R²=0.3470 Train R²=0.3748 Gap=0.0278 ✓
[2025-10-20 00:49:57]     Epoch  8/40: Val R²=0.3485 Train R²=0.3767 Gap=0.0282 ✓
[2025-10-20 00:53:50]     Epoch  9/40: Val R²=0.3497 Train R²=0.3782 Gap=0.0285 ✓
[2025-10-20 00:57:43]     Epoch 10/40: Val R²=0.3515 Train R²=0.3798 Gap=0.0284 ✓
[2025-10-20 01:01:31]     Epoch 11/40: Val R²=0.3509 Train R²=0.3814 Gap=0.0304  
[2025-10-20 01:05:21]     Epoch 12/40: Val R²=0.3520 Train R²=0.3827 Gap=0.0306 ✓
[2025-10-20 01:09:14]     Epoch 13/40: Val R²=0.3539 Train R²=0.3844 Gap=0.0305 ✓
[2025-10-20 01:13:06]     Epoch 14/40: Val R²=0.3545 Train R²=0.3852 Gap=0.0307 ✓
[2025-10-20 01:17:01]     Epoch 15/40: Val R²=0.3534 Train R²=0.3862 Gap=0.0328  
[2025-10-20 01:20:55]     Epoch 16/40: Val R²=0.3537 Train R²=0.3876 Gap=0.0339  
[2025-10-20 01:24:45]     Epoch 17/40: Val R²=0.3543 Train R²=0.3885 Gap=0.0342  
[2025-10-20 01:28:40]     Epoch 18/40: Val R²=0.3547 Train R²=0.3894 Gap=0.0348 ✓
[2025-10-20 01:32:32]     Epoch 19/40: Val R²=0.3562 Train R²=0.3901 Gap=0.0339 ✓
[2025-10-20 01:36:29]     Epoch 20/40: Val R²=0.3556 Train R²=0.3914 Gap=0.0359  
[2025-10-20 01:40:21]     Epoch 21/40: Val R²=0.3566 Train R²=0.3926 Gap=0.0360 ✓
[2025-10-20 01:44:11]     Epoch 22/40: Val R²=0.3568 Train R²=0.3935 Gap=0.0367 ✓
[2025-10-20 01:48:05]     Epoch 23/40: Val R²=0.3554 Train R²=0.3942 Gap=0.0389  
[2025-10-20 01:51:54]     Epoch 24/40: Val R²=0.3551 Train R²=0.3955 Gap=0.0404  
[2025-10-20 01:55:40]     Epoch 25/40: Val R²=0.3554 Train R²=0.3964 Gap=0.0410  
[2025-10-20 01:59:33]     Epoch 26/40: Val R²=0.3560 Train R²=0.3977 Gap=0.0417  
[2025-10-20 02:03:26]     Epoch 27/40: Val R²=0.3563 Train R²=0.4010 Gap=0.0447  
[2025-10-20 02:07:24]     Epoch 28/40: Val R²=0.3560 Train R²=0.4020 Gap=0.0460  
[2025-10-20 02:11:16]     Epoch 29/40: Val R²=0.3549 Train R²=0.4027 Gap=0.0478  
[2025-10-20 02:11:16]     Early stopped at epoch 29
[2025-10-20 02:11:17] 
======================================================================
[2025-10-20 02:11:17] Config 4/100 Complete:
[2025-10-20 02:11:17]   Best Val R²: 0.356761 (epoch 22)
[2025-10-20 02:11:17]   Best Global R²: 0.356600
[2025-10-20 02:11:17]   Overfitting Gap: 0.036740
[2025-10-20 02:11:17]   Parameters: 1,033,504
[2025-10-20 02:11:17]   Training Time: 13860.9s
[2025-10-20 02:11:17] 
🎉🎉🎉 NEW GLOBAL BEST! R² improved from 0.356600 to 0.356761
[2025-10-20 02:11:17] 
======================================================================
[2025-10-20 02:11:17] 🏆 CREATING SUBMISSION - NEW BEST MODEL!
[2025-10-20 02:11:17] ======================================================================
[2025-10-20 02:11:17]   Val R²: 0.356761
[2025-10-20 02:11:17]   Directory: ../submissions/bruteforce_r2_03568_20251019_203941_cfg4
[2025-10-20 02:11:17]   Saved model: model_best.pt
[2025-10-20 02:11:17]   Generated: solution.py
[2025-10-20 02:11:17]   Copied: utils.py
[2025-10-20 02:11:17]   Saved: metadata.json
[2025-10-20 02:11:17] ======================================================================

[2025-10-20 02:11:17]   Results saved to models/bruteforce_search_results_20251019_203941.csv
Searching:   4%|▍         | 4/100 [5:31:35<172:53:36, 6483.51s/it][2025-10-20 02:11:17] 
======================================================================
[2025-10-20 02:11:17] Config 5/100 - Starting Training:
[2025-10-20 02:11:17]   Architecture:
[2025-10-20 02:11:17]     Lookback: 20, Hidden: 128, Layers: 2, Dropout: 0.1
[2025-10-20 02:11:17]     Bidirectional: True, GRU: True
[2025-10-20 02:11:17]   Output Head:
[2025-10-20 02:11:17]     FC Layers: 2, FC Hidden: 256, Activation: gelu
[2025-10-20 02:11:17]     FC Dropout: 0.2, Batch Norm: True
[2025-10-20 02:11:17]   Training:
[2025-10-20 02:11:17]     Batch Size: 256, LR: 0.0005, Weight Decay: 0.001
[2025-10-20 02:11:17]     Optimizer: adamw, Grad Clip: 0.5, LR Patience: 3
[2025-10-20 02:12:52]     Epoch  1/40: Val R²=0.3319 Train R²=0.3411 Gap=0.0091 ✓
[2025-10-20 02:14:24]     Epoch  2/40: Val R²=0.3425 Train R²=0.3711 Gap=0.0286 ✓
[2025-10-20 02:15:59]     Epoch  3/40: Val R²=0.3445 Train R²=0.3780 Gap=0.0335 ✓
[2025-10-20 02:17:34]     Epoch  4/40: Val R²=0.3458 Train R²=0.3825 Gap=0.0367 ✓
[2025-10-20 02:19:09]     Epoch  5/40: Val R²=0.3487 Train R²=0.3863 Gap=0.0376 ✓
[2025-10-20 02:20:41]     Epoch  6/40: Val R²=0.3473 Train R²=0.3895 Gap=0.0422  
[2025-10-20 02:22:16]     Epoch  7/40: Val R²=0.3500 Train R²=0.3924 Gap=0.0424 ✓
[2025-10-20 02:23:51]     Epoch  8/40: Val R²=0.3472 Train R²=0.3953 Gap=0.0482  
[2025-10-20 02:25:25]     Epoch  9/40: Val R²=0.3507 Train R²=0.3990 Gap=0.0482 ✓
[2025-10-20 02:26:57]     Epoch 10/40: Val R²=0.3510 Train R²=0.4024 Gap=0.0514 ✓
[2025-10-20 02:28:29]     Epoch 11/40: Val R²=0.3475 Train R²=0.4067 Gap=0.0592  
[2025-10-20 02:30:02]     Epoch 12/40: Val R²=0.3481 Train R²=0.4112 Gap=0.0631  
[2025-10-20 02:31:34]     Epoch 13/40: Val R²=0.3381 Train R²=0.4160 Gap=0.0779  
[2025-10-20 02:33:08]     Epoch 14/40: Val R²=0.3347 Train R²=0.4218 Gap=0.0871  
[2025-10-20 02:34:43]     Epoch 15/40: Val R²=0.3300 Train R²=0.4347 Gap=0.1048  
[2025-10-20 02:36:15]     Epoch 16/40: Val R²=0.3235 Train R²=0.4400 Gap=0.1165  
[2025-10-20 02:37:48]     Epoch 17/40: Val R²=0.3238 Train R²=0.4443 Gap=0.1205  
[2025-10-20 02:37:48]     Early stopped at epoch 17
[2025-10-20 02:37:48] 
======================================================================
[2025-10-20 02:37:49] Config 5/100 Complete:
[2025-10-20 02:37:49]   Best Val R²: 0.351008 (epoch 10)
[2025-10-20 02:37:49]   Best Global R²: 0.356761
[2025-10-20 02:37:49]   Overfitting Gap: 0.051387
[2025-10-20 02:37:49]   Parameters: 495,392
[2025-10-20 02:37:49]   Training Time: 1591.7s
[2025-10-20 02:37:49]   Not better than global best (0.356761)
[2025-10-20 02:37:49]   Results saved to models/bruteforce_search_results_20251019_203941.csv
Searching:   5%|▌         | 5/100 [5:58:07<124:32:32, 4719.50s/it][2025-10-20 02:37:49] 
======================================================================
[2025-10-20 02:37:49] Config 6/100 - Starting Training:
[2025-10-20 02:37:49]   Architecture:
[2025-10-20 02:37:49]     Lookback: 20, Hidden: 64, Layers: 2, Dropout: 0.2
[2025-10-20 02:37:49]     Bidirectional: True, GRU: True
[2025-10-20 02:37:49]   Output Head:
[2025-10-20 02:37:49]     FC Layers: 2, FC Hidden: 256, Activation: gelu
[2025-10-20 02:37:49]     FC Dropout: 0.3, Batch Norm: True
[2025-10-20 02:37:49]   Training:
[2025-10-20 02:37:49]     Batch Size: 256, LR: 0.0005, Weight Decay: 0.01
[2025-10-20 02:37:49]     Optimizer: adamw, Grad Clip: 0.5, LR Patience: 3
[2025-10-20 02:39:18]     Epoch  1/40: Val R²=0.3271 Train R²=0.3266 Gap=-0.0005 ✓
[2025-10-20 02:40:46]     Epoch  2/40: Val R²=0.3366 Train R²=0.3622 Gap=0.0256 ✓
[2025-10-20 02:42:14]     Epoch  3/40: Val R²=0.3395 Train R²=0.3688 Gap=0.0293 ✓
[2025-10-20 02:43:44]     Epoch  4/40: Val R²=0.3419 Train R²=0.3730 Gap=0.0311 ✓
[2025-10-20 02:45:12]     Epoch  5/40: Val R²=0.3454 Train R²=0.3758 Gap=0.0304 ✓
[2025-10-20 02:46:41]     Epoch  6/40: Val R²=0.3467 Train R²=0.3781 Gap=0.0314 ✓
[2025-10-20 02:48:10]     Epoch  7/40: Val R²=0.3442 Train R²=0.3799 Gap=0.0357  
[2025-10-20 02:49:39]     Epoch  8/40: Val R²=0.3487 Train R²=0.3819 Gap=0.0332 ✓
[2025-10-20 02:51:08]     Epoch  9/40: Val R²=0.3458 Train R²=0.3836 Gap=0.0378  
[2025-10-20 02:52:34]     Epoch 10/40: Val R²=0.3514 Train R²=0.3850 Gap=0.0336 ✓
[2025-10-20 02:54:03]     Epoch 11/40: Val R²=0.3501 Train R²=0.3865 Gap=0.0364  
[2025-10-20 02:55:31]     Epoch 12/40: Val R²=0.3509 Train R²=0.3876 Gap=0.0367  
[2025-10-20 02:57:01]     Epoch 13/40: Val R²=0.3505 Train R²=0.3890 Gap=0.0385  
[2025-10-20 02:58:29]     Epoch 14/40: Val R²=0.3524 Train R²=0.3899 Gap=0.0375 ✓
[2025-10-20 02:59:58]     Epoch 15/40: Val R²=0.3509 Train R²=0.3910 Gap=0.0401  
[2025-10-20 03:01:25]     Epoch 16/40: Val R²=0.3515 Train R²=0.3925 Gap=0.0410  
[2025-10-20 03:02:54]     Epoch 17/40: Val R²=0.3490 Train R²=0.3937 Gap=0.0447  
[2025-10-20 03:04:20]     Epoch 18/40: Val R²=0.3520 Train R²=0.3948 Gap=0.0428  
[2025-10-20 03:05:51]     Epoch 19/40: Val R²=0.3511 Train R²=0.3989 Gap=0.0479  
[2025-10-20 03:07:18]     Epoch 20/40: Val R²=0.3511 Train R²=0.4001 Gap=0.0490  
[2025-10-20 03:08:45]     Epoch 21/40: Val R²=0.3487 Train R²=0.4011 Gap=0.0524  
[2025-10-20 03:08:45]     Early stopped at epoch 21
[2025-10-20 03:08:45] 
======================================================================
[2025-10-20 03:08:45] Config 6/100 Complete:
[2025-10-20 03:08:45]   Best Val R²: 0.352391 (epoch 14)
[2025-10-20 03:08:45]   Best Global R²: 0.356761
[2025-10-20 03:08:45]   Overfitting Gap: 0.037534
[2025-10-20 03:08:45]   Parameters: 153,888
[2025-10-20 03:08:45]   Training Time: 1856.9s
[2025-10-20 03:08:45]   Not better than global best (0.356761)
[2025-10-20 03:08:45]   Results saved to models/bruteforce_search_results_20251019_203941.csv
Searching:   6%|▌         | 6/100 [6:29:04<97:49:05, 3746.23s/it] [2025-10-20 03:08:45] 
======================================================================
[2025-10-20 03:08:45] Config 7/100 - Starting Training:
[2025-10-20 03:08:45]   Architecture:
[2025-10-20 03:08:45]     Lookback: 20, Hidden: 192, Layers: 4, Dropout: 0.3
[2025-10-20 03:08:45]     Bidirectional: True, GRU: True
[2025-10-20 03:08:45]   Output Head:
[2025-10-20 03:08:45]     FC Layers: 3, FC Hidden: 128, Activation: relu
[2025-10-20 03:08:45]     FC Dropout: 0.2, Batch Norm: True
[2025-10-20 03:08:45]   Training:
[2025-10-20 03:08:45]     Batch Size: 256, LR: 0.0001, Weight Decay: 0
[2025-10-20 03:08:45]     Optimizer: adam, Grad Clip: 0.5, LR Patience: 3
[2025-10-20 03:12:04]     Epoch  1/40: Val R²=0.3001 Train R²=0.2724 Gap=-0.0276 ✓
[2025-10-20 03:15:19]     Epoch  2/40: Val R²=0.3231 Train R²=0.3281 Gap=0.0050 ✓
[2025-10-20 03:18:35]     Epoch  3/40: Val R²=0.3287 Train R²=0.3455 Gap=0.0167 ✓
[2025-10-20 03:21:54]     Epoch  4/40: Val R²=0.3313 Train R²=0.3535 Gap=0.0222 ✓
[2025-10-20 03:25:09]     Epoch  5/40: Val R²=0.3392 Train R²=0.3588 Gap=0.0196 ✓
[2025-10-20 03:28:26]     Epoch  6/40: Val R²=0.3375 Train R²=0.3620 Gap=0.0245  
[2025-10-20 03:31:43]     Epoch  7/40: Val R²=0.3411 Train R²=0.3649 Gap=0.0238 ✓
[2025-10-20 03:34:59]     Epoch  8/40: Val R²=0.3409 Train R²=0.3673 Gap=0.0265  
[2025-10-20 03:38:15]     Epoch  9/40: Val R²=0.3435 Train R²=0.3691 Gap=0.0256 ✓
[2025-10-20 03:41:34]     Epoch 10/40: Val R²=0.3456 Train R²=0.3708 Gap=0.0252 ✓
[2025-10-20 03:44:51]     Epoch 11/40: Val R²=0.3465 Train R²=0.3730 Gap=0.0265 ✓
[2025-10-20 03:48:08]     Epoch 12/40: Val R²=0.3460 Train R²=0.3744 Gap=0.0284  
[2025-10-20 03:51:24]     Epoch 13/40: Val R²=0.3480 Train R²=0.3765 Gap=0.0285 ✓
[2025-10-20 03:54:41]     Epoch 14/40: Val R²=0.3468 Train R²=0.3775 Gap=0.0307  
[2025-10-20 03:57:57]     Epoch 15/40: Val R²=0.3490 Train R²=0.3791 Gap=0.0301 ✓
[2025-10-20 04:01:13]     Epoch 16/40: Val R²=0.3489 Train R²=0.3801 Gap=0.0313  
[2025-10-20 04:04:29]     Epoch 17/40: Val R²=0.3476 Train R²=0.3816 Gap=0.0340  
[2025-10-20 04:07:48]     Epoch 18/40: Val R²=0.3500 Train R²=0.3831 Gap=0.0331 ✓
[2025-10-20 04:11:03]     Epoch 19/40: Val R²=0.3489 Train R²=0.3837 Gap=0.0348  
[2025-10-20 04:14:18]     Epoch 20/40: Val R²=0.3493 Train R²=0.3858 Gap=0.0364  
[2025-10-20 04:17:33]     Epoch 21/40: Val R²=0.3486 Train R²=0.3867 Gap=0.0381  
[2025-10-20 04:20:53]     Epoch 22/40: Val R²=0.3479 Train R²=0.3881 Gap=0.0402  
[2025-10-20 04:24:10]     Epoch 23/40: Val R²=0.3496 Train R²=0.3920 Gap=0.0424  
[2025-10-20 04:27:27]     Epoch 24/40: Val R²=0.3496 Train R²=0.3937 Gap=0.0441  
[2025-10-20 04:30:44]     Epoch 25/40: Val R²=0.3501 Train R²=0.3945 Gap=0.0444 ✓
[2025-10-20 04:34:02]     Epoch 26/40: Val R²=0.3490 Train R²=0.3953 Gap=0.0463  
[2025-10-20 04:37:19]     Epoch 27/40: Val R²=0.3477 Train R²=0.3966 Gap=0.0489  
[2025-10-20 04:40:36]     Epoch 28/40: Val R²=0.3478 Train R²=0.3978 Gap=0.0501  
[2025-10-20 04:43:54]     Epoch 29/40: Val R²=0.3458 Train R²=0.3991 Gap=0.0533  
[2025-10-20 04:47:09]     Epoch 30/40: Val R²=0.3463 Train R²=0.4020 Gap=0.0557  
[2025-10-20 04:50:26]     Epoch 31/40: Val R²=0.3452 Train R²=0.4026 Gap=0.0574  
[2025-10-20 04:53:42]     Epoch 32/40: Val R²=0.3436 Train R²=0.4032 Gap=0.0597  
[2025-10-20 04:53:42]     Early stopped at epoch 32
[2025-10-20 04:53:42] 
======================================================================
[2025-10-20 04:53:42] Config 7/100 Complete:
[2025-10-20 04:53:42]   Best Val R²: 0.350101 (epoch 25)
[2025-10-20 04:53:42]   Best Global R²: 0.356761
[2025-10-20 04:53:42]   Overfitting Gap: 0.044443
[2025-10-20 04:53:42]   Parameters: 2,328,352
[2025-10-20 04:53:42]   Training Time: 6296.6s
[2025-10-20 04:53:42]   Not better than global best (0.356761)
[2025-10-20 04:53:42]   Results saved to models/bruteforce_search_results_20251019_203941.csv
Searching:   7%|▋         | 7/100 [8:14:01<118:19:00, 4580.00s/it][2025-10-20 04:53:42] 
======================================================================
[2025-10-20 04:53:42] Config 8/100 - Starting Training:
[2025-10-20 04:53:42]   Architecture:
[2025-10-20 04:53:42]     Lookback: 50, Hidden: 64, Layers: 2, Dropout: 0.2
[2025-10-20 04:53:42]     Bidirectional: True, GRU: True
[2025-10-20 04:53:42]   Output Head:
[2025-10-20 04:53:42]     FC Layers: 2, FC Hidden: 256, Activation: gelu
[2025-10-20 04:53:42]     FC Dropout: 0.0, Batch Norm: True
[2025-10-20 04:53:42]   Training:
[2025-10-20 04:53:42]     Batch Size: 256, LR: 0.0001, Weight Decay: 0.001
[2025-10-20 04:53:42]     Optimizer: adam, Grad Clip: 5.0, LR Patience: 3
[2025-10-20 04:57:02]     Epoch  1/40: Val R²=0.3055 Train R²=0.3056 Gap=0.0001 ✓
[2025-10-20 05:00:20]     Epoch  2/40: Val R²=0.3180 Train R²=0.3440 Gap=0.0260 ✓
[2025-10-20 05:03:35]     Epoch  3/40: Val R²=0.3246 Train R²=0.3546 Gap=0.0300 ✓
[2025-10-20 05:06:56]     Epoch  4/40: Val R²=0.3253 Train R²=0.3595 Gap=0.0342 ✓
[2025-10-20 05:10:14]     Epoch  5/40: Val R²=0.3264 Train R²=0.3621 Gap=0.0357 ✓
[2025-10-20 05:13:35]     Epoch  6/40: Val R²=0.3274 Train R²=0.3637 Gap=0.0364 ✓
[2025-10-20 05:16:59]     Epoch  7/40: Val R²=0.3295 Train R²=0.3647 Gap=0.0353 ✓
[2025-10-20 05:20:25]     Epoch  8/40: Val R²=0.3298 Train R²=0.3653 Gap=0.0355 ✓
[2025-10-20 05:23:47]     Epoch  9/40: Val R²=0.3315 Train R²=0.3666 Gap=0.0351 ✓
[2025-10-20 05:27:05]     Epoch 10/40: Val R²=0.3297 Train R²=0.3672 Gap=0.0375  
[2025-10-20 05:30:23]     Epoch 11/40: Val R²=0.3234 Train R²=0.3680 Gap=0.0446  
[2025-10-20 05:33:39]     Epoch 12/40: Val R²=0.3292 Train R²=0.3684 Gap=0.0392  
[2025-10-20 05:37:03]     Epoch 13/40: Val R²=0.3311 Train R²=0.3687 Gap=0.0376  
[2025-10-20 05:40:24]     Epoch 14/40: Val R²=0.3330 Train R²=0.3705 Gap=0.0375 ✓
[2025-10-20 05:43:45]     Epoch 15/40: Val R²=0.3339 Train R²=0.3706 Gap=0.0367 ✓
[2025-10-20 05:47:08]     Epoch 16/40: Val R²=0.3311 Train R²=0.3710 Gap=0.0399  
[2025-10-20 05:50:27]     Epoch 17/40: Val R²=0.3316 Train R²=0.3713 Gap=0.0397  
[2025-10-20 05:53:47]     Epoch 18/40: Val R²=0.3349 Train R²=0.3714 Gap=0.0365 ✓
[2025-10-20 05:57:05]     Epoch 19/40: Val R²=0.3331 Train R²=0.3716 Gap=0.0385  
[2025-10-20 06:00:22]     Epoch 20/40: Val R²=0.3334 Train R²=0.3717 Gap=0.0383  
[2025-10-20 06:03:41]     Epoch 21/40: Val R²=0.3352 Train R²=0.3722 Gap=0.0370 ✓
[2025-10-20 06:07:04]     Epoch 22/40: Val R²=0.3322 Train R²=0.3722 Gap=0.0400  
[2025-10-20 06:10:25]     Epoch 23/40: Val R²=0.3325 Train R²=0.3723 Gap=0.0398  
[2025-10-20 06:13:45]     Epoch 24/40: Val R²=0.3350 Train R²=0.3727 Gap=0.0377  
[2025-10-20 06:17:06]     Epoch 25/40: Val R²=0.3362 Train R²=0.3726 Gap=0.0365 ✓
[2025-10-20 06:20:27]     Epoch 26/40: Val R²=0.3288 Train R²=0.3727 Gap=0.0439  
[2025-10-20 06:23:48]     Epoch 27/40: Val R²=0.3362 Train R²=0.3729 Gap=0.0367 ✓
[2025-10-20 06:27:06]     Epoch 28/40: Val R²=0.3210 Train R²=0.3731 Gap=0.0521  
[2025-10-20 06:30:24]     Epoch 29/40: Val R²=0.3356 Train R²=0.3731 Gap=0.0375  
[2025-10-20 06:33:42]     Epoch 30/40: Val R²=0.3376 Train R²=0.3744 Gap=0.0368 ✓
[2025-10-20 06:37:02]     Epoch 31/40: Val R²=0.3380 Train R²=0.3745 Gap=0.0366 ✓
[2025-10-20 06:40:22]     Epoch 32/40: Val R²=0.3387 Train R²=0.3746 Gap=0.0359 ✓
[2025-10-20 06:43:43]     Epoch 33/40: Val R²=0.3369 Train R²=0.3745 Gap=0.0376  
[2025-10-20 06:47:01]     Epoch 34/40: Val R²=0.3370 Train R²=0.3748 Gap=0.0378  
[2025-10-20 06:50:20]     Epoch 35/40: Val R²=0.3377 Train R²=0.3750 Gap=0.0373  
[2025-10-20 06:53:41]     Epoch 36/40: Val R²=0.3383 Train R²=0.3748 Gap=0.0365  
[2025-10-20 06:56:59]     Epoch 37/40: Val R²=0.3397 Train R²=0.3755 Gap=0.0358 ✓
[2025-10-20 07:00:17]     Epoch 38/40: Val R²=0.3398 Train R²=0.3753 Gap=0.0355 ✓
[2025-10-20 07:03:35]     Epoch 39/40: Val R²=0.3390 Train R²=0.3755 Gap=0.0365  
[2025-10-20 07:07:01]     Epoch 40/40: Val R²=0.3390 Train R²=0.3754 Gap=0.0365  
[2025-10-20 07:07:01] 
======================================================================
[2025-10-20 07:07:01] Config 8/100 Complete:
[2025-10-20 07:07:01]   Best Val R²: 0.339796 (epoch 38)
[2025-10-20 07:07:01]   Best Global R²: 0.356761
[2025-10-20 07:07:01]   Overfitting Gap: 0.035519
[2025-10-20 07:07:01]   Parameters: 153,888
[2025-10-20 07:07:01]   Training Time: 7998.9s
[2025-10-20 07:07:01]   Not better than global best (0.356761)
[2025-10-20 07:07:01]   Results saved to models/bruteforce_search_results_20251019_203941.csv
Searching:   8%|▊         | 8/100 [10:27:20<144:51:36, 5668.44s/it][2025-10-20 07:07:01] 
======================================================================
[2025-10-20 07:07:01] Config 9/100 - Starting Training:
[2025-10-20 07:07:01]   Architecture:
[2025-10-20 07:07:01]     Lookback: 20, Hidden: 192, Layers: 4, Dropout: 0.2
[2025-10-20 07:07:01]     Bidirectional: True, GRU: True
[2025-10-20 07:07:01]   Output Head:
[2025-10-20 07:07:01]     FC Layers: 3, FC Hidden: 256, Activation: gelu
[2025-10-20 07:07:01]     FC Dropout: 0.2, Batch Norm: True
[2025-10-20 07:07:01]   Training:
[2025-10-20 07:07:01]     Batch Size: 256, LR: 0.0001, Weight Decay: 0
[2025-10-20 07:07:01]     Optimizer: adamw, Grad Clip: 1.0, LR Patience: 3
[2025-10-20 07:10:17]     Epoch  1/40: Val R²=0.3142 Train R²=0.2969 Gap=-0.0173 ✓
[2025-10-20 07:13:34]     Epoch  2/40: Val R²=0.3279 Train R²=0.3457 Gap=0.0178 ✓
[2025-10-20 07:16:51]     Epoch  3/40: Val R²=0.3348 Train R²=0.3588 Gap=0.0240 ✓
[2025-10-20 07:20:09]     Epoch  4/40: Val R²=0.3371 Train R²=0.3647 Gap=0.0277 ✓
[2025-10-20 07:23:25]     Epoch  5/40: Val R²=0.3422 Train R²=0.3690 Gap=0.0268 ✓
[2025-10-20 07:26:39]     Epoch  6/40: Val R²=0.3445 Train R²=0.3723 Gap=0.0279 ✓
[2025-10-20 07:29:56]     Epoch  7/40: Val R²=0.3441 Train R²=0.3754 Gap=0.0314  
[2025-10-20 07:33:12]     Epoch  8/40: Val R²=0.3462 Train R²=0.3779 Gap=0.0317 ✓
[2025-10-20 07:36:30]     Epoch  9/40: Val R²=0.3481 Train R²=0.3794 Gap=0.0313 ✓
[2025-10-20 07:39:46]     Epoch 10/40: Val R²=0.3473 Train R²=0.3817 Gap=0.0344  
[2025-10-20 07:43:02]     Epoch 11/40: Val R²=0.3475 Train R²=0.3831 Gap=0.0357  
[2025-10-20 07:46:18]     Epoch 12/40: Val R²=0.3492 Train R²=0.3848 Gap=0.0356 ✓
[2025-10-20 07:49:34]     Epoch 13/40: Val R²=0.3507 Train R²=0.3870 Gap=0.0363 ✓
[2025-10-20 07:52:49]     Epoch 14/40: Val R²=0.3509 Train R²=0.3884 Gap=0.0374 ✓
[2025-10-20 07:56:04]     Epoch 15/40: Val R²=0.3528 Train R²=0.3897 Gap=0.0369 ✓
[2025-10-20 07:59:20]     Epoch 16/40: Val R²=0.3492 Train R²=0.3916 Gap=0.0424  
[2025-10-20 08:02:37]     Epoch 17/40: Val R²=0.3519 Train R²=0.3926 Gap=0.0408  
[2025-10-20 08:05:53]     Epoch 18/40: Val R²=0.3492 Train R²=0.3943 Gap=0.0452  
[2025-10-20 08:09:09]     Epoch 19/40: Val R²=0.3517 Train R²=0.3959 Gap=0.0442  
[2025-10-20 08:12:25]     Epoch 20/40: Val R²=0.3514 Train R²=0.4009 Gap=0.0495  
[2025-10-20 08:15:45]     Epoch 21/40: Val R²=0.3524 Train R²=0.4021 Gap=0.0498  
[2025-10-20 08:19:03]     Epoch 22/40: Val R²=0.3510 Train R²=0.4037 Gap=0.0527  
[2025-10-20 08:19:03]     Early stopped at epoch 22
[2025-10-20 08:19:03] 
======================================================================
[2025-10-20 08:19:03] Config 9/100 Complete:
[2025-10-20 08:19:03]   Best Val R²: 0.352788 (epoch 15)
[2025-10-20 08:19:03]   Best Global R²: 0.356761
[2025-10-20 08:19:03]   Overfitting Gap: 0.036899
[2025-10-20 08:19:03]   Parameters: 2,431,520
[2025-10-20 08:19:03]   Training Time: 4321.6s
[2025-10-20 08:19:03]   Not better than global best (0.356761)
[2025-10-20 08:19:03]   Results saved to models/bruteforce_search_results_20251019_203941.csv
Searching:   9%|▉         | 9/100 [11:39:21<132:38:34, 5247.42s/it][2025-10-20 08:19:03] 
======================================================================
[2025-10-20 08:19:03] Config 10/100 - Starting Training:
[2025-10-20 08:19:03]   Architecture:
[2025-10-20 08:19:03]     Lookback: 20, Hidden: 128, Layers: 2, Dropout: 0.1
[2025-10-20 08:19:03]     Bidirectional: True, GRU: True
[2025-10-20 08:19:03]   Output Head:
[2025-10-20 08:19:03]     FC Layers: 2, FC Hidden: 64, Activation: gelu
[2025-10-20 08:19:03]     FC Dropout: 0.4, Batch Norm: True
[2025-10-20 08:19:03]   Training:
[2025-10-20 08:19:03]     Batch Size: 256, LR: 0.0001, Weight Decay: 0.01
[2025-10-20 08:19:03]     Optimizer: adamw, Grad Clip: 0.5, LR Patience: 3
[2025-10-20 08:20:39]     Epoch  1/40: Val R²=0.2994 Train R²=0.2395 Gap=-0.0599 ✓
[2025-10-20 08:22:15]     Epoch  2/40: Val R²=0.3161 Train R²=0.3107 Gap=-0.0054 ✓
[2025-10-20 08:23:47]     Epoch  3/40: Val R²=0.3244 Train R²=0.3284 Gap=0.0040 ✓
[2025-10-20 08:25:20]     Epoch  4/40: Val R²=0.3276 Train R²=0.3368 Gap=0.0091 ✓
[2025-10-20 08:26:54]     Epoch  5/40: Val R²=0.3294 Train R²=0.3413 Gap=0.0119 ✓
[2025-10-20 08:28:28]     Epoch  6/40: Val R²=0.3337 Train R²=0.3442 Gap=0.0106 ✓
[2025-10-20 08:30:02]     Epoch  7/40: Val R²=0.3344 Train R²=0.3466 Gap=0.0122 ✓
[2025-10-20 08:31:36]     Epoch  8/40: Val R²=0.3355 Train R²=0.3485 Gap=0.0131 ✓
[2025-10-20 08:33:11]     Epoch  9/40: Val R²=0.3307 Train R²=0.3503 Gap=0.0196  
[2025-10-20 08:34:46]     Epoch 10/40: Val R²=0.3375 Train R²=0.3513 Gap=0.0139 ✓
[2025-10-20 08:36:19]     Epoch 11/40: Val R²=0.3399 Train R²=0.3527 Gap=0.0128 ✓
[2025-10-20 08:37:54]     Epoch 12/40: Val R²=0.3384 Train R²=0.3542 Gap=0.0157  
[2025-10-20 08:39:31]     Epoch 13/40: Val R²=0.3413 Train R²=0.3547 Gap=0.0134 ✓
[2025-10-20 08:41:05]     Epoch 14/40: Val R²=0.3419 Train R²=0.3559 Gap=0.0140 ✓
[2025-10-20 08:42:38]     Epoch 15/40: Val R²=0.3429 Train R²=0.3570 Gap=0.0140 ✓
[2025-10-20 08:44:11]     Epoch 16/40: Val R²=0.3432 Train R²=0.3577 Gap=0.0144 ✓
[2025-10-20 08:45:44]     Epoch 17/40: Val R²=0.3388 Train R²=0.3590 Gap=0.0202  
[2025-10-20 08:47:17]     Epoch 18/40: Val R²=0.3440 Train R²=0.3594 Gap=0.0154 ✓
[2025-10-20 08:48:51]     Epoch 19/40: Val R²=0.3451 Train R²=0.3603 Gap=0.0152 ✓
[2025-10-20 08:50:24]     Epoch 20/40: Val R²=0.3441 Train R²=0.3611 Gap=0.0171  
[2025-10-20 08:51:55]     Epoch 21/40: Val R²=0.3446 Train R²=0.3620 Gap=0.0173  
[2025-10-20 08:53:29]     Epoch 22/40: Val R²=0.3458 Train R²=0.3627 Gap=0.0170 ✓
[2025-10-20 08:55:03]     Epoch 23/40: Val R²=0.3458 Train R²=0.3632 Gap=0.0174 ✓
[2025-10-20 08:56:36]     Epoch 24/40: Val R²=0.3444 Train R²=0.3641 Gap=0.0196  
[2025-10-20 08:58:11]     Epoch 25/40: Val R²=0.3443 Train R²=0.3651 Gap=0.0208  
[2025-10-20 08:59:43]     Epoch 26/40: Val R²=0.3449 Train R²=0.3662 Gap=0.0212  
[2025-10-20 09:01:18]     Epoch 27/40: Val R²=0.3449 Train R²=0.3670 Gap=0.0221  
[2025-10-20 09:02:55]     Epoch 28/40: Val R²=0.3461 Train R²=0.3680 Gap=0.0219 ✓
[2025-10-20 09:04:30]     Epoch 29/40: Val R²=0.3455 Train R²=0.3682 Gap=0.0228  
[2025-10-20 09:06:06]     Epoch 30/40: Val R²=0.3447 Train R²=0.3690 Gap=0.0243  
[2025-10-20 09:07:42]     Epoch 31/40: Val R²=0.3476 Train R²=0.3691 Gap=0.0215 ✓
[2025-10-20 09:09:17]     Epoch 32/40: Val R²=0.3474 Train R²=0.3694 Gap=0.0220  
[2025-10-20 09:10:51]     Epoch 33/40: Val R²=0.3481 Train R²=0.3701 Gap=0.0220 ✓
[2025-10-20 09:12:25]     Epoch 34/40: Val R²=0.3480 Train R²=0.3707 Gap=0.0227  
[2025-10-20 09:14:01]     Epoch 35/40: Val R²=0.3464 Train R²=0.3708 Gap=0.0244  
[2025-10-20 09:15:35]     Epoch 36/40: Val R²=0.3426 Train R²=0.3717 Gap=0.0291  
[2025-10-20 09:17:12]     Epoch 37/40: Val R²=0.3473 Train R²=0.3714 Gap=0.0241  
[2025-10-20 09:18:48]     Epoch 38/40: Val R²=0.3427 Train R²=0.3729 Gap=0.0302  
[2025-10-20 09:20:23]     Epoch 39/40: Val R²=0.3478 Train R²=0.3732 Gap=0.0253  
[2025-10-20 09:21:58]     Epoch 40/40: Val R²=0.3424 Train R²=0.3740 Gap=0.0316  
[2025-10-20 09:21:58]     Early stopped at epoch 40
[2025-10-20 09:21:58] 
======================================================================
[2025-10-20 09:21:58] Config 10/100 Complete:
[2025-10-20 09:21:58]   Best Val R²: 0.348095 (epoch 33)
[2025-10-20 09:21:58]   Best Global R²: 0.356761
[2025-10-20 09:21:58]   Overfitting Gap: 0.022011
[2025-10-20 09:21:58]   Parameters: 439,520
[2025-10-20 09:21:58]   Training Time: 3775.7s
[2025-10-20 09:21:58]   Not better than global best (0.356761)
[2025-10-20 09:21:58]   Results saved to models/bruteforce_search_results_20251019_203941.csv
Searching:  10%|█         | 10/100 [12:42:17<119:49:37, 4793.08s/it][2025-10-20 09:21:58] 
======================================================================
[2025-10-20 09:21:58] Config 11/100 - Starting Training:
[2025-10-20 09:21:58]   Architecture:
[2025-10-20 09:21:58]     Lookback: 20, Hidden: 192, Layers: 4, Dropout: 0.3
[2025-10-20 09:21:58]     Bidirectional: True, GRU: True
[2025-10-20 09:21:58]   Output Head:
[2025-10-20 09:21:58]     FC Layers: 3, FC Hidden: 256, Activation: gelu
[2025-10-20 09:21:58]     FC Dropout: 0.3, Batch Norm: True
[2025-10-20 09:21:58]   Training:
[2025-10-20 09:21:58]     Batch Size: 256, LR: 0.0001, Weight Decay: 0.0001
[2025-10-20 09:21:58]     Optimizer: adam, Grad Clip: 0.5, LR Patience: 3
[2025-10-20 09:25:19]     Epoch  1/40: Val R²=0.3066 Train R²=0.2797 Gap=-0.0269 ✓
[2025-10-20 09:28:38]     Epoch  2/40: Val R²=0.3201 Train R²=0.3313 Gap=0.0112 ✓
[2025-10-20 09:31:55]     Epoch  3/40: Val R²=0.3259 Train R²=0.3454 Gap=0.0195 ✓
[2025-10-20 09:35:13]     Epoch  4/40: Val R²=0.3290 Train R²=0.3520 Gap=0.0230 ✓
[2025-10-20 09:38:29]     Epoch  5/40: Val R²=0.3305 Train R²=0.3557 Gap=0.0252 ✓
[2025-10-20 09:41:47]     Epoch  6/40: Val R²=0.3289 Train R²=0.3583 Gap=0.0294  
[2025-10-20 09:45:11]     Epoch  7/40: Val R²=0.3355 Train R²=0.3604 Gap=0.0248 ✓
[2025-10-20 09:48:28]     Epoch  8/40: Val R²=0.3363 Train R²=0.3618 Gap=0.0255 ✓
[2025-10-20 09:51:44]     Epoch  9/40: Val R²=0.3365 Train R²=0.3633 Gap=0.0268 ✓
[2025-10-20 09:55:15]     Epoch 10/40: Val R²=0.3386 Train R²=0.3646 Gap=0.0259 ✓
[2025-10-20 09:58:36]     Epoch 11/40: Val R²=0.3382 Train R²=0.3653 Gap=0.0271  
[2025-10-20 10:01:53]     Epoch 12/40: Val R²=0.3383 Train R²=0.3665 Gap=0.0282  
[2025-10-20 10:05:05]     Epoch 13/40: Val R²=0.3386 Train R²=0.3671 Gap=0.0285 ✓
/opt/homebrew/Cellar/python@3.12/3.12.11_1/Frameworks/Python.framework/Versions/3.12/lib/python3.12/multiprocessing/resource_tracker.py:279: UserWarning: resource_tracker: There appear to be 1 leaked semaphore objects to clean up at shutdown
  warnings.warn('resource_tracker: There appear to be %d '
