[2025-10-18 23:30:29] ======================================================================
[2025-10-18 23:30:29] K-FOLD BRUTE FORCE HYPERPARAMETER SEARCH WITH AUTO-SUBMISSION
[2025-10-18 23:30:29] ======================================================================
[2025-10-18 23:30:29] Started at: 2025-10-18 23:30:29
[2025-10-18 23:30:29] Mode: FULL
[2025-10-18 23:30:29] Best R² to beat: 0.340000
[2025-10-18 23:30:29] Log file: logs/bruteforce_20251018_233029.log
[2025-10-18 23:30:29] 
[2025-10-18 23:30:29] Device Detection:
[2025-10-18 23:30:29]   PyTorch version: 2.9.0
[2025-10-18 23:30:29]   Requested: mps
[2025-10-18 23:30:29]   MPS available: ✓
[2025-10-18 23:30:29]   CUDA available: ✗
[2025-10-18 23:30:29]   Using: MPS
[2025-10-18 23:30:29] 
[2025-10-18 23:30:29] Loading data...
[2025-10-18 23:30:29] Total sequences: 517
[2025-10-18 23:30:29] K-Fold sample: 51 sequences (10%)
[2025-10-18 23:30:29] Full train sequences (80%): 413
[2025-10-18 23:30:29] Final train: 413 sequences (100%), 413,000 rows
[2025-10-18 23:30:29] Final val: 104 sequences, 104,000 rows
[2025-10-18 23:30:29] Features: 32
[2025-10-18 23:30:29] Configurations to test: 100
[2025-10-18 23:30:29] K-Fold: 3 folds, max 20 epochs
[2025-10-18 23:30:29] Final: max 30 epochs
[2025-10-18 23:30:29] 
[2025-10-18 23:30:29] Starting brute force search...
[2025-10-18 23:30:29] Batch size: Evaluate 50 configs, then train best from batch
[2025-10-18 23:30:29] 
Searching:   0%|          | 0/100 [00:00<?, ?it/s][2025-10-18 23:30:29] 
======================================================================
[2025-10-18 23:30:29] Config 1/100 - Starting Training:
[2025-10-18 23:30:29]   Architecture:
[2025-10-18 23:30:29]     Lookback: 50, Hidden: 32, Layers: 1, Dropout: 0.3
[2025-10-18 23:30:29]     Bidirectional: False, GRU: False
[2025-10-18 23:30:29]   Output Head:
[2025-10-18 23:30:29]     FC Layers: 1, FC Hidden: 256, Activation: relu
[2025-10-18 23:30:29]     FC Dropout: 0.0, Batch Norm: True
[2025-10-18 23:30:29]   Training:
[2025-10-18 23:30:29]     Batch Size: 32, LR: 0.0001, Weight Decay: 0
[2025-10-18 23:30:29]     Optimizer: adam, Grad Clip: 0.5, LR Patience: 3
[2025-10-18 23:30:29] 
  Stage 1: Running 3-Fold CV on 10% sampled data...
[2025-10-18 23:30:29]   K-Fold CV: 3 folds on 51 sequences
    Epoch  1/20: Val R²=0.2555 Train R²=0.1234 Gap=-0.1321 ✓
    Epoch  2/20: Val R²=0.2816 Train R²=0.2364 Gap=-0.0451 ✓
    Epoch  3/20: Val R²=0.2938 Train R²=0.2732 Gap=-0.0205 ✓
    Epoch  4/20: Val R²=0.3004 Train R²=0.2943 Gap=-0.0060 ✓
    Epoch  5/20: Val R²=0.3046 Train R²=0.3066 Gap=0.0020 ✓
    Epoch  6/20: Val R²=0.3070 Train R²=0.3146 Gap=0.0076 ✓
    Epoch  7/20: Val R²=0.3096 Train R²=0.3205 Gap=0.0109 ✓
    Epoch  8/20: Val R²=0.3117 Train R²=0.3253 Gap=0.0136 ✓
    Epoch  9/20: Val R²=0.3136 Train R²=0.3294 Gap=0.0158 ✓
    Epoch 10/20: Val R²=0.3149 Train R²=0.3329 Gap=0.0180 ✓
    Epoch 11/20: Val R²=0.3164 Train R²=0.3356 Gap=0.0192 ✓
    Epoch 12/20: Val R²=0.3187 Train R²=0.3382 Gap=0.0195 ✓
    Epoch 13/20: Val R²=0.3186 Train R²=0.3404 Gap=0.0218  
    Epoch 14/20: Val R²=0.3196 Train R²=0.3419 Gap=0.0223 ✓
    Epoch 15/20: Val R²=0.3207 Train R²=0.3436 Gap=0.0229 ✓
    Epoch 16/20: Val R²=0.3189 Train R²=0.3451 Gap=0.0262  
    Epoch 17/20: Val R²=0.3231 Train R²=0.3465 Gap=0.0234 ✓
    Epoch 18/20: Val R²=0.3227 Train R²=0.3476 Gap=0.0249  
    Epoch 19/20: Val R²=0.3218 Train R²=0.3487 Gap=0.0270  
    Epoch 20/20: Val R²=0.3219 Train R²=0.3500 Gap=0.0280  
[2025-10-18 23:34:22]     Fold 1/3: Val R²=0.3231 Train R²=0.3465 (233.1s)
    Epoch  1/20: Val R²=0.1269 Train R²=0.1850 Gap=0.0581 ✓
    Epoch  2/20: Val R²=0.1565 Train R²=0.2997 Gap=0.1432 ✓
    Epoch  3/20: Val R²=0.1750 Train R²=0.3158 Gap=0.1408 ✓
    Epoch  4/20: Val R²=0.1906 Train R²=0.3259 Gap=0.1353 ✓
    Epoch  5/20: Val R²=0.2022 Train R²=0.3334 Gap=0.1312 ✓
    Epoch  6/20: Val R²=0.2103 Train R²=0.3388 Gap=0.1286 ✓
    Epoch  7/20: Val R²=0.2155 Train R²=0.3428 Gap=0.1273 ✓
    Epoch  8/20: Val R²=0.2198 Train R²=0.3461 Gap=0.1262 ✓
    Epoch  9/20: Val R²=0.2241 Train R²=0.3489 Gap=0.1248 ✓
    Epoch 10/20: Val R²=0.2269 Train R²=0.3514 Gap=0.1246 ✓
    Epoch 11/20: Val R²=0.2309 Train R²=0.3537 Gap=0.1227 ✓
    Epoch 12/20: Val R²=0.2354 Train R²=0.3557 Gap=0.1204 ✓
    Epoch 13/20: Val R²=0.2382 Train R²=0.3577 Gap=0.1195 ✓
    Epoch 14/20: Val R²=0.2407 Train R²=0.3593 Gap=0.1186 ✓
    Epoch 15/20: Val R²=0.2444 Train R²=0.3608 Gap=0.1164 ✓
    Epoch 16/20: Val R²=0.2478 Train R²=0.3622 Gap=0.1145 ✓
    Epoch 17/20: Val R²=0.2485 Train R²=0.3635 Gap=0.1149 ✓
    Epoch 18/20: Val R²=0.2512 Train R²=0.3648 Gap=0.1135 ✓
    Epoch 19/20: Val R²=0.2539 Train R²=0.3660 Gap=0.1121 ✓
    Epoch 20/20: Val R²=0.2558 Train R²=0.3670 Gap=0.1112 ✓
[2025-10-18 23:38:35]     Fold 2/3: Val R²=0.2558 Train R²=0.3670 (252.3s)
    Epoch  1/20: Val R²=0.2628 Train R²=0.1405 Gap=-0.1223 ✓
    Epoch  2/20: Val R²=0.2817 Train R²=0.2661 Gap=-0.0155 ✓
    Epoch  3/20: Val R²=0.2861 Train R²=0.2996 Gap=0.0135 ✓
    Epoch  4/20: Val R²=0.2900 Train R²=0.3152 Gap=0.0252 ✓
    Epoch  5/20: Val R²=0.2929 Train R²=0.3243 Gap=0.0314 ✓
    Epoch  6/20: Val R²=0.2986 Train R²=0.3310 Gap=0.0325 ✓
    Epoch  7/20: Val R²=0.3012 Train R²=0.3366 Gap=0.0353 ✓
    Epoch  8/20: Val R²=0.3041 Train R²=0.3414 Gap=0.0373 ✓
    Epoch  9/20: Val R²=0.3079 Train R²=0.3457 Gap=0.0378 ✓
    Epoch 10/20: Val R²=0.3091 Train R²=0.3495 Gap=0.0403 ✓
    Epoch 11/20: Val R²=0.3118 Train R²=0.3527 Gap=0.0409 ✓
    Epoch 12/20: Val R²=0.3128 Train R²=0.3555 Gap=0.0427 ✓
    Epoch 13/20: Val R²=0.3125 Train R²=0.3578 Gap=0.0453  
    Epoch 14/20: Val R²=0.3147 Train R²=0.3598 Gap=0.0452 ✓
    Epoch 15/20: Val R²=0.3136 Train R²=0.3616 Gap=0.0479  
    Epoch 16/20: Val R²=0.3162 Train R²=0.3631 Gap=0.0470 ✓
    Epoch 17/20: Val R²=0.3150 Train R²=0.3646 Gap=0.0496  
    Epoch 18/20: Val R²=0.3165 Train R²=0.3660 Gap=0.0494 ✓
    Epoch 19/20: Val R²=0.3175 Train R²=0.3673 Gap=0.0498 ✓
    Epoch 20/20: Val R²=0.3142 Train R²=0.3683 Gap=0.0541  
[2025-10-18 23:42:54]     Fold 3/3: Val R²=0.3175 Train R²=0.3673 (259.1s)
[2025-10-18 23:42:54]   K-Fold Results: mean=0.298792 ± 0.030497 (min=0.255784, max=0.323089)
[2025-10-18 23:42:54] 
======================================================================
[2025-10-18 23:42:54] Config 1/100 - K-Fold Complete:
[2025-10-18 23:42:54]   Mean Val R²: 0.298792 ± 0.030497
[2025-10-18 23:42:54]   Range: [0.255784, 0.323089]
[2025-10-18 23:42:54]   Best Global Mean R²: 0.340000
[2025-10-18 23:42:54]   Parameters: 9,504
[2025-10-18 23:42:54]   K-Fold mean R² not better than global best (0.340000)
[2025-10-18 23:42:54]   Skipping.
[2025-10-18 23:42:54]   Results saved to models/bruteforce_kfold_results_20251018_233029.csv
Searching:   1%|          | 1/100 [12:24<20:28:39, 744.64s/it][2025-10-18 23:42:54] 
======================================================================
[2025-10-18 23:42:54] Config 2/100 - Starting Training:
[2025-10-18 23:42:54]   Architecture:
[2025-10-18 23:42:54]     Lookback: 30, Hidden: 64, Layers: 4, Dropout: 0.2
[2025-10-18 23:42:54]     Bidirectional: True, GRU: True
[2025-10-18 23:42:54]   Output Head:
[2025-10-18 23:42:54]     FC Layers: 1, FC Hidden: 64, Activation: gelu
[2025-10-18 23:42:54]     FC Dropout: 0.4, Batch Norm: True
[2025-10-18 23:42:54]   Training:
[2025-10-18 23:42:54]     Batch Size: 128, LR: 0.0005, Weight Decay: 0.0001
[2025-10-18 23:42:54]     Optimizer: adam, Grad Clip: 1.0, LR Patience: 3
[2025-10-18 23:42:54] 
  Stage 1: Running 3-Fold CV on 10% sampled data...
[2025-10-18 23:42:54]   K-Fold CV: 3 folds on 51 sequences
    Epoch  1/20: Val R²=0.3050 Train R²=0.2485 Gap=-0.0564 ✓
    Epoch  2/20: Val R²=0.3243 Train R²=0.3172 Gap=-0.0071 ✓
    Epoch  3/20: Val R²=0.3303 Train R²=0.3289 Gap=-0.0013 ✓
    Epoch  4/20: Val R²=0.3306 Train R²=0.3361 Gap=0.0055 ✓
    Epoch  5/20: Val R²=0.3338 Train R²=0.3407 Gap=0.0068 ✓
    Epoch  6/20: Val R²=0.3314 Train R²=0.3432 Gap=0.0118  
    Epoch  7/20: Val R²=0.3364 Train R²=0.3449 Gap=0.0085 ✓
    Epoch  8/20: Val R²=0.3346 Train R²=0.3480 Gap=0.0134  
    Epoch  9/20: Val R²=0.3327 Train R²=0.3516 Gap=0.0189  
    Epoch 10/20: Val R²=0.3411 Train R²=0.3532 Gap=0.0121 ✓
    Epoch 11/20: Val R²=0.3327 Train R²=0.3551 Gap=0.0223  
    Epoch 12/20: Val R²=0.3337 Train R²=0.3574 Gap=0.0237  
    Epoch 13/20: Val R²=0.3395 Train R²=0.3592 Gap=0.0197  
    Epoch 14/20: Val R²=0.3380 Train R²=0.3607 Gap=0.0227  
    Epoch 15/20: Val R²=0.3392 Train R²=0.3665 Gap=0.0273  
[2025-10-18 23:56:14] 
ERROR in config 2: 'NoneType' object has no attribute 'info'
Traceback (most recent call last):
  File "/Users/polmolinas/Documents/nothing-to-see-here/wunderfund/exploration/tune_lstm_bruteforce_kfold.py", line 869, in main
    kfold_result = train_model_kfold(
                   ^^^^^^^^^^^^^^^^^^
  File "/Users/polmolinas/Documents/nothing-to-see-here/wunderfund/exploration/tune_lstm_bruteforce_kfold.py", line 377, in train_model_kfold
    result = train_model(
             ^^^^^^^^^^^^
  File "/Users/polmolinas/Documents/nothing-to-see-here/wunderfund/exploration/tune_lstm_bruteforce_kfold.py", line 317, in train_model
    logger.info(f"    Early stopped at epoch {epoch+1}")
    ^^^^^^^^^^^
AttributeError: 'NoneType' object has no attribute 'info'
Searching:   2%|▏         | 2/100 [25:45<21:09:55, 777.50s/it][2025-10-18 23:56:15] 
======================================================================
[2025-10-18 23:56:15] Config 3/100 - Starting Training:
[2025-10-18 23:56:15]   Architecture:
[2025-10-18 23:56:15]     Lookback: 20, Hidden: 32, Layers: 3, Dropout: 0.3
[2025-10-18 23:56:15]     Bidirectional: True, GRU: False
[2025-10-18 23:56:15]   Output Head:
[2025-10-18 23:56:15]     FC Layers: 3, FC Hidden: 128, Activation: gelu
[2025-10-18 23:56:15]     FC Dropout: 0.0, Batch Norm: True
[2025-10-18 23:56:15]   Training:
[2025-10-18 23:56:15]     Batch Size: 32, LR: 0.005, Weight Decay: 0.001
[2025-10-18 23:56:15]     Optimizer: adam, Grad Clip: 1.0, LR Patience: 3
[2025-10-18 23:56:15] 
  Stage 1: Running 3-Fold CV on 10% sampled data...
[2025-10-18 23:56:15]   K-Fold CV: 3 folds on 51 sequences
    Epoch  1/20: Val R²=0.2382 Train R²=0.2339 Gap=-0.0042 ✓
    Epoch  2/20: Val R²=0.2312 Train R²=0.2488 Gap=0.0176  
    Epoch  3/20: Val R²=0.2527 Train R²=0.2545 Gap=0.0017 ✓
    Epoch  4/20: Val R²=0.2668 Train R²=0.2576 Gap=-0.0092 ✓
    Epoch  5/20: Val R²=0.2758 Train R²=0.2613 Gap=-0.0144 ✓
    Epoch  6/20: Val R²=0.2592 Train R²=0.2618 Gap=0.0025  
    Epoch  7/20: Val R²=0.2698 Train R²=0.2624 Gap=-0.0074  
    Epoch  8/20: Val R²=0.2513 Train R²=0.2641 Gap=0.0128  
    Epoch  9/20: Val R²=0.2513 Train R²=0.2620 Gap=0.0107  
    Epoch 10/20: Val R²=0.2760 Train R²=0.2756 Gap=-0.0004 ✓
    Epoch 11/20: Val R²=0.2526 Train R²=0.2790 Gap=0.0264  
    Epoch 12/20: Val R²=0.2643 Train R²=0.2805 Gap=0.0162  
    Epoch 13/20: Val R²=0.2816 Train R²=0.2778 Gap=-0.0038 ✓
    Epoch 14/20: Val R²=0.2770 Train R²=0.2770 Gap=0.0000  
    Epoch 15/20: Val R²=0.2818 Train R²=0.2810 Gap=-0.0007 ✓
    Epoch 16/20: Val R²=0.2513 Train R²=0.2785 Gap=0.0271  
    Epoch 17/20: Val R²=0.2747 Train R²=0.2805 Gap=0.0058  
    Epoch 18/20: Val R²=0.2732 Train R²=0.2793 Gap=0.0061  
    Epoch 19/20: Val R²=0.2772 Train R²=0.2793 Gap=0.0021  
    Epoch 20/20: Val R²=0.2802 Train R²=0.2876 Gap=0.0074  
[2025-10-19 00:05:56] 
ERROR in config 3: 'NoneType' object has no attribute 'info'
Traceback (most recent call last):
  File "/Users/polmolinas/Documents/nothing-to-see-here/wunderfund/exploration/tune_lstm_bruteforce_kfold.py", line 869, in main
    kfold_result = train_model_kfold(
                   ^^^^^^^^^^^^^^^^^^
  File "/Users/polmolinas/Documents/nothing-to-see-here/wunderfund/exploration/tune_lstm_bruteforce_kfold.py", line 377, in train_model_kfold
    result = train_model(
             ^^^^^^^^^^^^
  File "/Users/polmolinas/Documents/nothing-to-see-here/wunderfund/exploration/tune_lstm_bruteforce_kfold.py", line 317, in train_model
    logger.info(f"    Early stopped at epoch {epoch+1}")
    ^^^^^^^^^^^
AttributeError: 'NoneType' object has no attribute 'info'
Searching:   3%|▎         | 3/100 [35:26<18:31:56, 687.80s/it][2025-10-19 00:05:56] 
======================================================================
[2025-10-19 00:05:56] Config 4/100 - Starting Training:
[2025-10-19 00:05:56]   Architecture:
[2025-10-19 00:05:56]     Lookback: 5, Hidden: 256, Layers: 2, Dropout: 0.3
[2025-10-19 00:05:56]     Bidirectional: False, GRU: False
[2025-10-19 00:05:56]   Output Head:
[2025-10-19 00:05:56]     FC Layers: 1, FC Hidden: 128, Activation: tanh
[2025-10-19 00:05:56]     FC Dropout: 0.4, Batch Norm: True
[2025-10-19 00:05:56]   Training:
[2025-10-19 00:05:56]     Batch Size: 64, LR: 0.001, Weight Decay: 0.001
[2025-10-19 00:05:56]     Optimizer: adamw, Grad Clip: 0.5, LR Patience: 3
[2025-10-19 00:05:56] 
  Stage 1: Running 3-Fold CV on 10% sampled data...
[2025-10-19 00:05:56]   K-Fold CV: 3 folds on 51 sequences
    Epoch  1/20: Val R²=0.2936 Train R²=0.2909 Gap=-0.0027 ✓
    Epoch  2/20: Val R²=0.3051 Train R²=0.3303 Gap=0.0252 ✓
    Epoch  3/20: Val R²=0.3064 Train R²=0.3441 Gap=0.0377 ✓
    Epoch  4/20: Val R²=0.3045 Train R²=0.3558 Gap=0.0513  
    Epoch  5/20: Val R²=0.3125 Train R²=0.3638 Gap=0.0513 ✓
    Epoch  6/20: Val R²=0.3007 Train R²=0.3754 Gap=0.0747  
    Epoch  7/20: Val R²=0.3025 Train R²=0.3879 Gap=0.0855  
    Epoch  8/20: Val R²=0.2904 Train R²=0.4059 Gap=0.1155  
    Epoch  9/20: Val R²=0.2932 Train R²=0.4241 Gap=0.1309  
    Epoch 10/20: Val R²=0.2767 Train R²=0.4660 Gap=0.1894  
[2025-10-19 00:07:31] 
ERROR in config 4: 'NoneType' object has no attribute 'info'
Traceback (most recent call last):
  File "/Users/polmolinas/Documents/nothing-to-see-here/wunderfund/exploration/tune_lstm_bruteforce_kfold.py", line 869, in main
    kfold_result = train_model_kfold(
                   ^^^^^^^^^^^^^^^^^^
  File "/Users/polmolinas/Documents/nothing-to-see-here/wunderfund/exploration/tune_lstm_bruteforce_kfold.py", line 377, in train_model_kfold
    result = train_model(
             ^^^^^^^^^^^^
  File "/Users/polmolinas/Documents/nothing-to-see-here/wunderfund/exploration/tune_lstm_bruteforce_kfold.py", line 317, in train_model
    logger.info(f"    Early stopped at epoch {epoch+1}")
    ^^^^^^^^^^^
AttributeError: 'NoneType' object has no attribute 'info'
Searching:   4%|▍         | 4/100 [37:02<12:06:32, 454.09s/it][2025-10-19 00:07:31] 
======================================================================
[2025-10-19 00:07:31] Config 5/100 - Starting Training:
[2025-10-19 00:07:31]   Architecture:
[2025-10-19 00:07:31]     Lookback: 30, Hidden: 256, Layers: 2, Dropout: 0.5
[2025-10-19 00:07:31]     Bidirectional: False, GRU: False
[2025-10-19 00:07:31]   Output Head:
[2025-10-19 00:07:31]     FC Layers: 2, FC Hidden: 128, Activation: tanh
[2025-10-19 00:07:31]     FC Dropout: 0.2, Batch Norm: True
[2025-10-19 00:07:31]   Training:
[2025-10-19 00:07:31]     Batch Size: 32, LR: 0.0005, Weight Decay: 0
[2025-10-19 00:07:31]     Optimizer: adamw, Grad Clip: 1.0, LR Patience: 7
[2025-10-19 00:07:31] 
  Stage 1: Running 3-Fold CV on 10% sampled data...
[2025-10-19 00:07:31]   K-Fold CV: 3 folds on 51 sequences
    Epoch  1/20: Val R²=0.2940 Train R²=0.2586 Gap=-0.0355 ✓
    Epoch  2/20: Val R²=0.3136 Train R²=0.3106 Gap=-0.0031 ✓
    Epoch  3/20: Val R²=0.3210 Train R²=0.3280 Gap=0.0070 ✓
    Epoch  4/20: Val R²=0.3212 Train R²=0.3389 Gap=0.0178 ✓
    Epoch  5/20: Val R²=0.3305 Train R²=0.3471 Gap=0.0166 ✓
    Epoch  6/20: Val R²=0.3247 Train R²=0.3544 Gap=0.0297  
    Epoch  7/20: Val R²=0.3277 Train R²=0.3603 Gap=0.0325  
    Epoch  8/20: Val R²=0.3150 Train R²=0.3682 Gap=0.0532  
    Epoch  9/20: Val R²=0.3253 Train R²=0.3737 Gap=0.0484  
    Epoch 10/20: Val R²=0.3243 Train R²=0.3849 Gap=0.0607  
[2025-10-19 00:13:08] 
ERROR in config 5: 'NoneType' object has no attribute 'info'
Traceback (most recent call last):
  File "/Users/polmolinas/Documents/nothing-to-see-here/wunderfund/exploration/tune_lstm_bruteforce_kfold.py", line 869, in main
    kfold_result = train_model_kfold(
                   ^^^^^^^^^^^^^^^^^^
  File "/Users/polmolinas/Documents/nothing-to-see-here/wunderfund/exploration/tune_lstm_bruteforce_kfold.py", line 377, in train_model_kfold
    result = train_model(
             ^^^^^^^^^^^^
  File "/Users/polmolinas/Documents/nothing-to-see-here/wunderfund/exploration/tune_lstm_bruteforce_kfold.py", line 317, in train_model
    logger.info(f"    Early stopped at epoch {epoch+1}")
    ^^^^^^^^^^^
AttributeError: 'NoneType' object has no attribute 'info'
Searching:   5%|▌         | 5/100 [42:38<10:52:04, 411.84s/it][2025-10-19 00:13:08] 
======================================================================
[2025-10-19 00:13:08] Config 6/100 - Starting Training:
[2025-10-19 00:13:08]   Architecture:
[2025-10-19 00:13:08]     Lookback: 5, Hidden: 64, Layers: 3, Dropout: 0.2
[2025-10-19 00:13:08]     Bidirectional: True, GRU: True
[2025-10-19 00:13:08]   Output Head:
[2025-10-19 00:13:08]     FC Layers: 3, FC Hidden: 128, Activation: relu
[2025-10-19 00:13:08]     FC Dropout: 0.3, Batch Norm: False
[2025-10-19 00:13:08]   Training:
[2025-10-19 00:13:08]     Batch Size: 64, LR: 0.005, Weight Decay: 0.001
[2025-10-19 00:13:08]     Optimizer: adamw, Grad Clip: 5.0, LR Patience: 7
[2025-10-19 00:13:08] 
  Stage 1: Running 3-Fold CV on 10% sampled data...
[2025-10-19 00:13:08]   K-Fold CV: 3 folds on 51 sequences
    Epoch  1/20: Val R²=0.2552 Train R²=0.2359 Gap=-0.0193 ✓
    Epoch  2/20: Val R²=0.2695 Train R²=0.2708 Gap=0.0013 ✓
    Epoch  3/20: Val R²=0.2549 Train R²=0.2775 Gap=0.0226  
    Epoch  4/20: Val R²=0.2634 Train R²=0.2859 Gap=0.0225  
    Epoch  5/20: Val R²=0.2994 Train R²=0.2877 Gap=-0.0117 ✓
    Epoch  6/20: Val R²=0.2566 Train R²=0.2897 Gap=0.0331  
    Epoch  7/20: Val R²=0.2768 Train R²=0.2900 Gap=0.0133  
    Epoch  8/20: Val R²=0.2667 Train R²=0.2922 Gap=0.0255  
    Epoch  9/20: Val R²=0.2557 Train R²=0.2924 Gap=0.0367  
    Epoch 10/20: Val R²=0.2728 Train R²=0.2970 Gap=0.0242  
[2025-10-19 00:16:30] 
ERROR in config 6: 'NoneType' object has no attribute 'info'
Traceback (most recent call last):
  File "/Users/polmolinas/Documents/nothing-to-see-here/wunderfund/exploration/tune_lstm_bruteforce_kfold.py", line 869, in main
    kfold_result = train_model_kfold(
                   ^^^^^^^^^^^^^^^^^^
  File "/Users/polmolinas/Documents/nothing-to-see-here/wunderfund/exploration/tune_lstm_bruteforce_kfold.py", line 377, in train_model_kfold
    result = train_model(
             ^^^^^^^^^^^^
  File "/Users/polmolinas/Documents/nothing-to-see-here/wunderfund/exploration/tune_lstm_bruteforce_kfold.py", line 317, in train_model
    logger.info(f"    Early stopped at epoch {epoch+1}")
    ^^^^^^^^^^^
AttributeError: 'NoneType' object has no attribute 'info'
Searching:   6%|▌         | 6/100 [46:01<8:53:31, 340.54s/it] [2025-10-19 00:16:30] 
======================================================================
[2025-10-19 00:16:30] Config 7/100 - Starting Training:
[2025-10-19 00:16:30]   Architecture:
[2025-10-19 00:16:30]     Lookback: 10, Hidden: 64, Layers: 4, Dropout: 0.1
[2025-10-19 00:16:30]     Bidirectional: False, GRU: False
[2025-10-19 00:16:30]   Output Head:
[2025-10-19 00:16:30]     FC Layers: 1, FC Hidden: 256, Activation: relu
[2025-10-19 00:16:30]     FC Dropout: 0.4, Batch Norm: False
[2025-10-19 00:16:30]   Training:
[2025-10-19 00:16:30]     Batch Size: 256, LR: 0.002, Weight Decay: 0.01
[2025-10-19 00:16:30]     Optimizer: adam, Grad Clip: 1.0, LR Patience: 3
[2025-10-19 00:16:30] 
  Stage 1: Running 3-Fold CV on 10% sampled data...
[2025-10-19 00:16:30]   K-Fold CV: 3 folds on 51 sequences
    Epoch  1/20: Val R²=0.0213 Train R²=0.0672 Gap=0.0459 ✓
    Epoch  2/20: Val R²=-0.0170 Train R²=0.0121 Gap=0.0291  
    Epoch  3/20: Val R²=-0.0173 Train R²=-0.0001 Gap=0.0172  
    Epoch  4/20: Val R²=-0.0176 Train R²=-0.0001 Gap=0.0175  
    Epoch  5/20: Val R²=-0.0173 Train R²=-0.0001 Gap=0.0172  
    Epoch  6/20: Val R²=-0.0180 Train R²=-0.0001 Gap=0.0179  
[2025-10-19 00:16:54] 
ERROR in config 7: 'NoneType' object has no attribute 'info'
Traceback (most recent call last):
  File "/Users/polmolinas/Documents/nothing-to-see-here/wunderfund/exploration/tune_lstm_bruteforce_kfold.py", line 869, in main
    kfold_result = train_model_kfold(
                   ^^^^^^^^^^^^^^^^^^
  File "/Users/polmolinas/Documents/nothing-to-see-here/wunderfund/exploration/tune_lstm_bruteforce_kfold.py", line 377, in train_model_kfold
    result = train_model(
             ^^^^^^^^^^^^
  File "/Users/polmolinas/Documents/nothing-to-see-here/wunderfund/exploration/tune_lstm_bruteforce_kfold.py", line 317, in train_model
    logger.info(f"    Early stopped at epoch {epoch+1}")
    ^^^^^^^^^^^
AttributeError: 'NoneType' object has no attribute 'info'
Searching:   7%|▋         | 7/100 [46:24<6:07:11, 236.89s/it][2025-10-19 00:16:54] 
======================================================================
[2025-10-19 00:16:54] Config 8/100 - Starting Training:
[2025-10-19 00:16:54]   Architecture:
[2025-10-19 00:16:54]     Lookback: 50, Hidden: 192, Layers: 3, Dropout: 0.3
[2025-10-19 00:16:54]     Bidirectional: False, GRU: True
[2025-10-19 00:16:54]   Output Head:
[2025-10-19 00:16:54]     FC Layers: 2, FC Hidden: 64, Activation: tanh
[2025-10-19 00:16:54]     FC Dropout: 0.0, Batch Norm: True
[2025-10-19 00:16:54]   Training:
[2025-10-19 00:16:54]     Batch Size: 64, LR: 0.005, Weight Decay: 0
[2025-10-19 00:16:54]     Optimizer: adam, Grad Clip: 1.0, LR Patience: 5
[2025-10-19 00:16:54] 
  Stage 1: Running 3-Fold CV on 10% sampled data...
[2025-10-19 00:16:54]   K-Fold CV: 3 folds on 51 sequences
    Epoch  1/20: Val R²=0.2899 Train R²=0.2781 Gap=-0.0118 ✓
    Epoch  2/20: Val R²=0.2856 Train R²=0.3110 Gap=0.0254  
    Epoch  3/20: Val R²=0.2957 Train R²=0.3144 Gap=0.0187 ✓
    Epoch  4/20: Val R²=0.2957 Train R²=0.3169 Gap=0.0213 ✓
    Epoch  5/20: Val R²=0.2957 Train R²=0.3138 Gap=0.0181 ✓
    Epoch  6/20: Val R²=0.2898 Train R²=0.2916 Gap=0.0019  
    Epoch  7/20: Val R²=0.2764 Train R²=0.2935 Gap=0.0171  
    Epoch  8/20: Val R²=0.2702 Train R²=0.2899 Gap=0.0197  
    Epoch  9/20: Val R²=0.2693 Train R²=0.2920 Gap=0.0227  
    Epoch 10/20: Val R²=0.2736 Train R²=0.2934 Gap=0.0198  
[2025-10-19 00:30:27] 
ERROR in config 8: 'NoneType' object has no attribute 'info'
Traceback (most recent call last):
  File "/Users/polmolinas/Documents/nothing-to-see-here/wunderfund/exploration/tune_lstm_bruteforce_kfold.py", line 869, in main
    kfold_result = train_model_kfold(
                   ^^^^^^^^^^^^^^^^^^
  File "/Users/polmolinas/Documents/nothing-to-see-here/wunderfund/exploration/tune_lstm_bruteforce_kfold.py", line 377, in train_model_kfold
    result = train_model(
             ^^^^^^^^^^^^
  File "/Users/polmolinas/Documents/nothing-to-see-here/wunderfund/exploration/tune_lstm_bruteforce_kfold.py", line 317, in train_model
    logger.info(f"    Early stopped at epoch {epoch+1}")
    ^^^^^^^^^^^
AttributeError: 'NoneType' object has no attribute 'info'
Searching:   8%|▊         | 8/100 [59:58<10:44:40, 420.44s/it][2025-10-19 00:30:27] 
======================================================================
[2025-10-19 00:30:27] Config 9/100 - Starting Training:
[2025-10-19 00:30:27]   Architecture:
[2025-10-19 00:30:27]     Lookback: 15, Hidden: 64, Layers: 1, Dropout: 0.5
[2025-10-19 00:30:27]     Bidirectional: True, GRU: True
[2025-10-19 00:30:27]   Output Head:
[2025-10-19 00:30:27]     FC Layers: 1, FC Hidden: 64, Activation: tanh
[2025-10-19 00:30:27]     FC Dropout: 0.3, Batch Norm: False
[2025-10-19 00:30:27]   Training:
[2025-10-19 00:30:27]     Batch Size: 32, LR: 0.0005, Weight Decay: 0
[2025-10-19 00:30:27]     Optimizer: adamw, Grad Clip: None, LR Patience: 3
[2025-10-19 00:30:27] 
  Stage 1: Running 3-Fold CV on 10% sampled data...
[2025-10-19 00:30:27]   K-Fold CV: 3 folds on 51 sequences
    Epoch  1/20: Val R²=0.3211 Train R²=0.2873 Gap=-0.0338 ✓
    Epoch  2/20: Val R²=0.3285 Train R²=0.3288 Gap=0.0002 ✓
/opt/homebrew/Cellar/python@3.12/3.12.11_1/Frameworks/Python.framework/Versions/3.12/lib/python3.12/multiprocessing/resource_tracker.py:279: UserWarning: resource_tracker: There appear to be 1 leaked semaphore objects to clean up at shutdown
  warnings.warn('resource_tracker: There appear to be %d '
